
> build
> cross-env NODE_ENV=development ./node_modules/.bin/webpack --progress

<s> [webpack.Progress] 0% compiling
<s> [webpack.Progress] 10% building 0/0 modules 0 active 
<s> [webpack.Progress] 10% building 0/1 modules 1 active /var/www/trexzactyl/node_modules/babel-loader/lib/index.js!/var/www/trexzactyl/resources/scripts/index.tsx
<s> [webpack.Progress] 10% building 1/1 modules 0 active 
<s> [webpack.Progress] 10% building 1/2 modules 1 active /var/www/trexzactyl/node_modules/babel-loader/lib/index.js!/var/www/trexzactyl/resources/scripts/i18n.ts
<s> [webpack.Progress] 10% building 1/3 modules 2 active /var/www/trexzactyl/node_modules/babel-loader/lib/index.js!/var/www/trexzactyl/resources/scripts/components/App.tsx
<s> [webpack.Progress] 10% building 2/3 modules 1 active /var/www/trexzactyl/node_modules/babel-loader/lib/index.js!/var/www/trexzactyl/resources/scripts/components/App.tsx
<s> [webpack.Progress] 10% building 3/3 modules 0 active 
<s> [webpack.Progress] 10% building 3/4 modules 1 active /var/www/trexzactyl/node_modules/babel-loader/lib/index.js!/var/www/trexzactyl/resources/scripts/components/history.ts
<s> [webpack.Progress] 10% building 3/5 modules 2 active /var/www/trexzactyl/node_modules/babel-loader/lib/index.js!/var/www/trexzactyl/resources/scripts/api/interceptors.ts
<s> [webpack.Progress] 10% building 3/6 modules 3 active /var/www/trexzactyl/node_modules/babel-loader/lib/index.js!/var/www/trexzactyl/resources/scripts/api/account/earnCredits.ts
<s> [webpack.Progress] 10% building 3/7 modules 4 active /var/www/trexzactyl/node_modules/babel-loader/lib/index.js!/var/www/trexzactyl/resources/scripts/assets/css/GlobalStylesheet.ts
<s> [webpack.Progress] 10% building 3/8 modules 5 active /var/www/trexzactyl/node_modules/babel-loader/lib/index.js!/var/www/trexzactyl/resources/scripts/routers/IndexRouter.tsx
<s> [webpack.Progress] 10% building 4/8 modules 4 active /var/www/trexzactyl/node_modules/babel-loader/lib/index.js!/var/www/trexzactyl/resources/scripts/routers/IndexRouter.tsx
<s> [webpack.Progress] 10% building 5/8 modules 3 active /var/www/trexzactyl/node_modules/babel-loader/lib/index.js!/var/www/trexzactyl/resources/scripts/routers/IndexRouter.tsx
<s> [webpack.Progress] 10% building 6/8 modules 2 active /var/www/trexzactyl/node_modules/babel-loader/lib/index.js!/var/www/trexzactyl/resources/scripts/routers/IndexRouter.tsx
<s> [webpack.Progress] 10% building 7/8 modules 1 active /var/www/trexzactyl/node_modules/babel-loader/lib/index.js!/var/www/trexzactyl/resources/scripts/routers/IndexRouter.tsx
<s> [webpack.Progress] 10% building 7/9 modules 2 active /var/www/trexzactyl/node_modules/babel-loader/lib/index.js!/var/www/trexzactyl/resources/scripts/state/index.ts
<s> [webpack.Progress] 10% building 8/9 modules 1 active /var/www/trexzactyl/node_modules/babel-loader/lib/index.js!/var/www/trexzactyl/resources/scripts/state/index.ts
<s> [webpack.Progress] 10% building 8/10 modules 2 active /var/www/trexzactyl/node_modules/babel-loader/lib/index.js!/var/www/trexzactyl/resources/scripts/api/http.ts
<s> [webpack.Progress] 10% building 8/11 modules 3 active /var/www/trexzactyl/node_modules/babel-loader/lib/index.js!/var/www/trexzactyl/resources/scripts/state/hooks.ts
<s> [webpack.Progress] 11% building 9/11 modules 2 active /var/www/trexzactyl/node_modules/babel-loader/lib/index.js!/var/www/trexzactyl/resources/scripts/state/hooks.ts
<s> [webpack.Progress] 11% building 9/12 modules 3 active /var/www/trexzactyl/node_modules/source-map-loader/dist/cjs.js!/var/www/trexzactyl/node_modules/react-dom/client.js
<s> [webpack.Progress] 11% building 9/13 modules 4 active /var/www/trexzactyl/node_modules/source-map-loader/dist/cjs.js!/var/www/trexzactyl/node_modules/react/index.js
<s> [webpack.Progress] 11% building 9/14 modules 5 active /var/www/trexzactyl/node_modules/source-map-loader/dist/cjs.js!/var/www/trexzactyl/node_modules/i18next-multiload-backend-adapter/index.js
<s> [webpack.Progress] 11% building 9/15 modules 6 active /var/www/trexzactyl/node_modules/source-map-loader/dist/cjs.js!/var/www/trexzactyl/node_modules/i18next-http-backend/esm/index.js
<s> [webpack.Progress] 11% building 9/16 modules 7 active /var/www/trexzactyl/node_modules/source-map-loader/dist/cjs.js!/var/www/trexzactyl/node_modules/react-i18next/dist/es/index.js
<s> [webpack.Progress] 11% building 9/17 modules 8 active /var/www/trexzactyl/node_modules/source-map-loader/dist/cjs.js!/var/www/trexzactyl/node_modules/styled-components/dist/styled-components.browser.esm.js
<s> [webpack.Progress] 11% building 9/18 modules 9 active /var/www/trexzactyl/node_modules/source-map-loader/dist/cjs.js!/var/www/trexzactyl/node_modules/easy-peasy/dist/index.js
<s> [webpack.Progress] 11% building 9/19 modules 10 active /var/www/trexzactyl/node_modules/source-map-loader/dist/cjs.js!/var/www/trexzactyl/node_modules/i18next/dist/esm/i18next.js
<s> [webpack.Progress] 11% building 9/20 modules 11 active /var/www/trexzactyl/node_modules/babel-loader/lib/index.js!/var/www/trexzactyl/resources/scripts/routers/StoreRouter.tsx
<s> [webpack.Progress] 11% building 9/21 modules 12 active /var/www/trexzactyl/node_modules/babel-loader/lib/index.js!/var/www/trexzactyl/resources/scripts/routers/TicketRouter.tsx
<s> [webpack.Progress] 11% building 9/22 modules 13 active /var/www/trexzactyl/node_modules/babel-loader/lib/index.js!/var/www/trexzactyl/resources/scripts/routers/ServerRouter.tsx
<s> [webpack.Progress] 11% building 9/23 modules 14 active /var/www/trexzactyl/node_modules/babel-loader/lib/index.js!/var/www/trexzactyl/resources/scripts/routers/DashboardRouter.tsx
<s> [webpack.Progress] 11% building 9/24 modules 15 active /var/www/trexzactyl/node_modules/babel-loader/lib/index.js!/var/www/trexzactyl/resources/scripts/routers/AuthenticationRouter.tsx
<s> [webpack.Progress] 11% building 9/25 modules 16 active /var/www/trexzactyl/node_modules/babel-loader/lib/index.js!/var/www/trexzactyl/resources/scripts/components/elements/Spinner.tsx
<s> [webpack.Progress] 11% building 9/26 modules 17 active /var/www/trexzactyl/node_modules/babel-loader/lib/index.js!/var/www/trexzactyl/resources/scripts/components/elements/ScreenBlock.tsx
<s> [webpack.Progress] 11% building 9/27 modules 18 active /var/www/trexzactyl/node_modules/babel-loader/lib/index.js!/var/www/trexzactyl/resources/scripts/components/elements/AuthenticatedRoute.tsx
<s> [webpack.Progress] 11% building 10/27 modules 17 active /var/www/trexzactyl/node_modules/babel-loader/lib/index.js!/var/www/trexzactyl/resources/scripts/components/elements/AuthenticatedRoute.tsx
<s> [webpack.Progress] 11% building 10/28 modules 18 active /var/www/trexzactyl/node_modules/babel-loader/lib/index.js!/var/www/trexzactyl/resources/scripts/state/user.ts
<s> [webpack.Progress] 11% building 10/29 modules 19 active /var/www/trexzactyl/node_modules/babel-loader/lib/index.js!/var/www/trexzactyl/resources/scripts/state/flashes.ts
<s> [webpack.Progress] 11% building 10/30 modules 20 active /var/www/trexzactyl/node_modules/babel-loader/lib/index.js!/var/www/trexzactyl/resources/scripts/state/settings.ts
<s> [webpack.Progress] 11% building 10/31 modules 21 active /var/www/trexzactyl/node_modules/babel-loader/lib/index.js!/var/www/trexzactyl/resources/scripts/state/progress.ts
<s> [webpack.Progress] 11% building 10/32 modules 22 active /var/www/trexzactyl/node_modules/babel-loader/lib/index.js!/var/www/trexzactyl/resources/scripts/state/permissions.ts
<s> [webpack.Progress] 11% building 10/33 modules 23 active /var/www/trexzactyl/node_modules/babel-loader/lib/index.js!/var/www/trexzactyl/resources/scripts/state/storefront.ts
<s> [webpack.Progress] 11% building 11/33 modules 22 active /var/www/trexzactyl/node_modules/babel-loader/lib/index.js!/var/www/trexzactyl/resources/scripts/state/storefront.ts
<s> [webpack.Progress] 11% building 11/34 modules 23 active /var/www/trexzactyl/node_modules/style-loader/dist/cjs.js!/var/www/trexzactyl/node_modules/css-loader/dist/cjs.js??ref--7-1!/var/www/trexzactyl/node_modules/postcss-loader/dist/cjs.js??ref--7-2!/var/www/trexzactyl/resources/scripts/assets/tailwind.css
<s> [webpack.Progress] 11% building 12/34 modules 22 active /var/www/trexzactyl/node_modules/babel-loader/lib/index.js!/var/www/trexzactyl/resources/scripts/state/storefront.ts
<s> [webpack.Progress] 11% building 12/35 modules 23 active /var/www/trexzactyl/node_modules/css-loader/dist/cjs.js??ref--7-1!/var/www/trexzactyl/node_modules/postcss-loader/dist/cjs.js??ref--7-2!/var/www/trexzactyl/resources/scripts/assets/tailwind.css
<s> [webpack.Progress] 11% building 13/35 modules 22 active /var/www/trexzactyl/node_modules/css-loader/dist/cjs.js??ref--7-1!/var/www/trexzactyl/node_modules/postcss-loader/dist/cjs.js??ref--7-2!/var/www/trexzactyl/resources/scripts/assets/tailwind.css
<s> [webpack.Progress] 11% building 14/35 modules 21 active /var/www/trexzactyl/node_modules/css-loader/dist/cjs.js??ref--7-1!/var/www/trexzactyl/node_modules/postcss-loader/dist/cjs.js??ref--7-2!/var/www/trexzactyl/resources/scripts/assets/tailwind.css
<s> [webpack.Progress] 11% building 15/35 modules 20 active /var/www/trexzactyl/node_modules/css-loader/dist/cjs.js??ref--7-1!/var/www/trexzactyl/node_modules/postcss-loader/dist/cjs.js??ref--7-2!/var/www/trexzactyl/resources/scripts/assets/tailwind.css
<s> [webpack.Progress] 11% building 16/35 modules 19 active /var/www/trexzactyl/node_modules/css-loader/dist/cjs.js??ref--7-1!/var/www/trexzactyl/node_modules/postcss-loader/dist/cjs.js??ref--7-2!/var/www/trexzactyl/resources/scripts/assets/tailwind.css
<s> [webpack.Progress] 12% building 17/35 modules 18 active /var/www/trexzactyl/node_modules/css-loader/dist/cjs.js??ref--7-1!/var/www/trexzactyl/node_modules/postcss-loader/dist/cjs.js??ref--7-2!/var/www/trexzactyl/resources/scripts/assets/tailwind.css
<s> [webpack.Progress] 12% building 18/35 modules 17 active /var/www/trexzactyl/node_modules/css-loader/dist/cjs.js??ref--7-1!/var/www/trexzactyl/node_modules/postcss-loader/dist/cjs.js??ref--7-2!/var/www/trexzactyl/resources/scripts/assets/tailwind.css
<s> [webpack.Progress] 12% building 19/35 modules 16 active /var/www/trexzactyl/node_modules/css-loader/dist/cjs.js??ref--7-1!/var/www/trexzactyl/node_modules/postcss-loader/dist/cjs.js??ref--7-2!/var/www/trexzactyl/resources/scripts/assets/tailwind.css
<s> [webpack.Progress] 12% building 20/35 modules 15 active /var/www/trexzactyl/node_modules/css-loader/dist/cjs.js??ref--7-1!/var/www/trexzactyl/node_modules/postcss-loader/dist/cjs.js??ref--7-2!/var/www/trexzactyl/resources/scripts/assets/tailwind.css
<s> [webpack.Progress] 12% building 21/35 modules 14 active /var/www/trexzactyl/node_modules/css-loader/dist/cjs.js??ref--7-1!/var/www/trexzactyl/node_modules/postcss-loader/dist/cjs.js??ref--7-2!/var/www/trexzactyl/resources/scripts/assets/tailwind.css
<s> [webpack.Progress] 12% building 22/35 modules 13 active /var/www/trexzactyl/node_modules/css-loader/dist/cjs.js??ref--7-1!/var/www/trexzactyl/node_modules/postcss-loader/dist/cjs.js??ref--7-2!/var/www/trexzactyl/resources/scripts/assets/tailwind.css
<s> [webpack.Progress] 12% building 23/35 modules 12 active /var/www/trexzactyl/node_modules/css-loader/dist/cjs.js??ref--7-1!/var/www/trexzactyl/node_modules/postcss-loader/dist/cjs.js??ref--7-2!/var/www/trexzactyl/resources/scripts/assets/tailwind.css
<s> [webpack.Progress] 12% building 23/36 modules 13 active /var/www/trexzactyl/node_modules/babel-loader/lib/index.js!/var/www/trexzactyl/resources/scripts/state/server/index.ts
<s> [webpack.Progress] 12% building 24/36 modules 12 active /var/www/trexzactyl/node_modules/babel-loader/lib/index.js!/var/www/trexzactyl/resources/scripts/state/server/index.ts
<s> [webpack.Progress] 13% building 25/36 modules 11 active /var/www/trexzactyl/node_modules/babel-loader/lib/index.js!/var/www/trexzactyl/resources/scripts/state/server/index.ts
<s> [webpack.Progress] 13% building 26/36 modules 10 active /var/www/trexzactyl/node_modules/babel-loader/lib/index.js!/var/www/trexzactyl/resources/scripts/state/server/index.ts
<s> [webpack.Progress] 13% building 26/37 modules 11 active /var/www/trexzactyl/node_modules/source-map-loader/dist/cjs.js!/var/www/trexzactyl/node_modules/history/esm/history.js
<s> [webpack.Progress] 13% building 26/38 modules 12 active /var/www/trexzactyl/node_modules/source-map-loader/dist/cjs.js!/var/www/trexzactyl/node_modules/i18next-http-backend/esm/utils.js
<s> [webpack.Progress] 13% building 26/39 modules 13 active /var/www/trexzactyl/node_modules/source-map-loader/dist/cjs.js!/var/www/trexzactyl/node_modules/i18next-http-backend/esm/request.js
<s> [webpack.Progress] 13% building 26/40 modules 14 active /var/www/trexzactyl/node_modules/source-map-loader/dist/cjs.js!/var/www/trexzactyl/node_modules/style-loader/dist/runtime/injectStylesIntoStyleTag.js
<s> [webpack.Progress] 13% building 27/40 modules 13 active /var/www/trexzactyl/node_modules/source-map-loader/dist/cjs.js!/var/www/trexzactyl/node_modules/style-loader/dist/runtime/injectStylesIntoStyleTag.js
<s> [webpack.Progress] 13% building 28/40 modules 12 active /var/www/trexzactyl/node_modules/source-map-loader/dist/cjs.js!/var/www/trexzactyl/node_modules/style-loader/dist/runtime/injectStylesIntoStyleTag.js
<s> [webpack.Progress] 13% building 29/40 modules 11 active /var/www/trexzactyl/node_modules/source-map-loader/dist/cjs.js!/var/www/trexzactyl/node_modules/style-loader/dist/runtime/injectStylesIntoStyleTag.js
<s> [webpack.Progress] 13% building 29/41 modules 12 active /var/www/trexzactyl/node_modules/source-map-loader/dist/cjs.js!/var/www/trexzactyl/node_modules/react/cjs/react.development.js
<s> [webpack.Progress] 13% building 30/41 modules 11 active /var/www/trexzactyl/node_modules/source-map-loader/dist/cjs.js!/var/www/trexzactyl/node_modules/react/cjs/react.development.js
<s> [webpack.Progress] 13% building 31/41 modules 10 active /var/www/trexzactyl/node_modules/source-map-loader/dist/cjs.js!/var/www/trexzactyl/node_modules/react/cjs/react.development.js
<s> [webpack.Progress] 13% building 32/41 modules 9 active /var/www/trexzactyl/node_modules/source-map-loader/dist/cjs.js!/var/www/trexzactyl/node_modules/react/cjs/react.development.js
<s> [webpack.Progress] 13% building 32/42 modules 10 active /var/www/trexzactyl/node_modules/source-map-loader/dist/cjs.js!/var/www/trexzactyl/node_modules/i18next-multiload-backend-adapter/dist/commonjs/index.js
<s> [webpack.Progress] 13% building 32/43 modules 11 active /var/www/trexzactyl/node_modules/babel-loader/lib/index.js!/var/www/trexzactyl/resources/scripts/TransitionRouter.tsx
<s> [webpack.Progress] 13% building 32/44 modules 12 active /var/www/trexzactyl/node_modules/babel-loader/lib/index.js!/var/www/trexzactyl/resources/scripts/components/elements/NavigationBar.tsx
<s> [webpack.Progress] 13% building 32/45 modules 13 active /var/www/trexzactyl/node_modules/babel-loader/lib/index.js!/var/www/trexzactyl/resources/scripts/components/elements/SubNavigation.tsx
<s> [webpack.Progress] 13% building 32/46 modules 14 active /var/www/trexzactyl/node_modules/source-map-loader/dist/cjs.js!/var/www/trexzactyl/node_modules/react-router/esm/react-router.js
<s> [webpack.Progress] 13% building 33/46 modules 13 active /var/www/trexzactyl/node_modules/source-map-loader/dist/cjs.js!/var/www/trexzactyl/node_modules/react-router/esm/react-router.js
<s> [webpack.Progress] 14% building 34/46 modules 12 active /var/www/trexzactyl/node_modules/source-map-loader/dist/cjs.js!/var/www/trexzactyl/node_modules/react-router/esm/react-router.js
<s> [webpack.Progress] 14% building 34/47 modules 13 active /var/www/trexzactyl/node_modules/babel-loader/lib/index.js!/var/www/trexzactyl/resources/scripts/components/elements/Suspended.tsx
<s> [webpack.Progress] 14% building 34/48 modules 14 active /var/www/trexzactyl/node_modules/babel-loader/lib/index.js!/var/www/trexzactyl/resources/scripts/components/elements/Can.tsx
<s> [webpack.Progress] 14% building 34/49 modules 15 active /var/www/trexzactyl/node_modules/babel-loader/lib/index.js!/var/www/trexzactyl/resources/scripts/components/elements/ErrorBoundary.tsx
<s> [webpack.Progress] 14% building 34/50 modules 16 active /var/www/trexzactyl/node_modules/source-map-loader/dist/cjs.js!/var/www/trexzactyl/node_modules/react-i18next/dist/es/Trans.js
<s> [webpack.Progress] 14% building 34/51 modules 17 active /var/www/trexzactyl/node_modules/source-map-loader/dist/cjs.js!/var/www/trexzactyl/node_modules/react-i18next/dist/es/useTranslation.js
<s> [webpack.Progress] 14% building 34/52 modules 18 active /var/www/trexzactyl/node_modules/source-map-loader/dist/cjs.js!/var/www/trexzactyl/node_modules/react-i18next/dist/es/withTranslation.js
<s> [webpack.Progress] 14% building 34/53 modules 19 active /var/www/trexzactyl/node_modules/source-map-loader/dist/cjs.js!/var/www/trexzactyl/node_modules/react-i18next/dist/es/Translation.js
<s> [webpack.Progress] 14% building 34/54 modules 20 active /var/www/trexzactyl/node_modules/source-map-loader/dist/cjs.js!/var/www/trexzactyl/node_modules/react-i18next/dist/es/I18nextProvider.js
<s> [webpack.Progress] 14% building 34/55 modules 21 active /var/www/trexzactyl/node_modules/source-map-loader/dist/cjs.js!/var/www/trexzactyl/node_modules/react-i18next/dist/es/useSSR.js
<s> [webpack.Progress] 14% building 34/56 modules 22 active /var/www/trexzactyl/node_modules/source-map-loader/dist/cjs.js!/var/www/trexzactyl/node_modules/react-i18next/dist/es/withSSR.js
<s> [webpack.Progress] 14% building 34/57 modules 23 active /var/www/trexzactyl/node_modules/source-map-loader/dist/cjs.js!/var/www/trexzactyl/node_modules/react-i18next/dist/es/context.js
<s> [webpack.Progress] 14% building 34/58 modules 24 active /var/www/trexzactyl/node_modules/babel-loader/lib/index.js!/var/www/trexzactyl/resources/scripts/components/tickets/ViewContainer.tsx
<s> [webpack.Progress] 14% building 34/59 modules 25 active /var/www/trexzactyl/node_modules/babel-loader/lib/index.js!/var/www/trexzactyl/resources/scripts/components/tickets/OverviewContainer.tsx
<s> [webpack.Progress] 14% building 34/60 modules 26 active /var/www/trexzactyl/node_modules/babel-loader/lib/index.js!/var/www/trexzactyl/resources/scripts/components/store/CreateContainer.tsx
<s> [webpack.Progress] 14% building 34/61 modules 27 active /var/www/trexzactyl/node_modules/babel-loader/lib/index.js!/var/www/trexzactyl/resources/scripts/components/store/PurchaseContainer.tsx
<s> [webpack.Progress] 14% building 34/62 modules 28 active /var/www/trexzactyl/node_modules/babel-loader/lib/index.js!/var/www/trexzactyl/resources/scripts/components/store/OverviewContainer.tsx
<s> [webpack.Progress] 14% building 35/62 modules 27 active /var/www/trexzactyl/node_modules/babel-loader/lib/index.js!/var/www/trexzactyl/resources/scripts/components/store/OverviewContainer.tsx
<s> [webpack.Progress] 14% building 35/63 modules 28 active /var/www/trexzactyl/node_modules/babel-loader/lib/index.js!/var/www/trexzactyl/resources/scripts/components/store/ResourcesContainer.tsx
<s> [webpack.Progress] 14% building 35/64 modules 29 active /var/www/trexzactyl/node_modules/babel-loader/lib/index.js!/var/www/trexzactyl/resources/scripts/components/server/ExternalConsole.tsx
<s> [webpack.Progress] 14% building 35/65 modules 30 active /var/www/trexzactyl/node_modules/babel-loader/lib/index.js!/var/www/trexzactyl/resources/scripts/components/server/InstallListener.tsx
<s> [webpack.Progress] 14% building 35/66 modules 31 active /var/www/trexzactyl/node_modules/babel-loader/lib/index.js!/var/www/trexzactyl/resources/scripts/components/server/PluginContainer.tsx
<s> [webpack.Progress] 14% building 35/67 modules 32 active /var/www/trexzactyl/node_modules/babel-loader/lib/index.js!/var/www/trexzactyl/resources/scripts/components/server/TransferListener.tsx
<s> [webpack.Progress] 14% building 35/68 modules 33 active /var/www/trexzactyl/node_modules/babel-loader/lib/index.js!/var/www/trexzactyl/resources/scripts/components/server/WebsocketHandler.tsx
<s> [webpack.Progress] 14% building 35/69 modules 34 active /var/www/trexzactyl/node_modules/babel-loader/lib/index.js!/var/www/trexzactyl/resources/scripts/components/server/ServerActivityLogContainer.tsx
<s> [webpack.Progress] 14% building 35/70 modules 35 active /var/www/trexzactyl/node_modules/babel-loader/lib/index.js!/var/www/trexzactyl/resources/scripts/components/server/edit/EditContainer.tsx
<s> [webpack.Progress] 14% building 35/71 modules 36 active /var/www/trexzactyl/node_modules/babel-loader/lib/index.js!/var/www/trexzactyl/resources/scripts/hoc/RequireServerPermission.tsx
<s> [webpack.Progress] 14% building 35/72 modules 37 active /var/www/trexzactyl/node_modules/babel-loader/lib/index.js!/var/www/trexzactyl/resources/scripts/components/server/users/UsersContainer.tsx
<s> [webpack.Progress] 14% building 35/73 modules 38 active /var/www/trexzactyl/node_modules/babel-loader/lib/index.js!/var/www/trexzactyl/resources/scripts/components/server/backups/BackupContainer.tsx
<s> [webpack.Progress] 14% building 35/74 modules 39 active /var/www/trexzactyl/node_modules/babel-loader/lib/index.js!/var/www/trexzactyl/resources/scripts/components/server/files/FileEditContainer.tsx
<s> [webpack.Progress] 14% building 35/75 modules 40 active /var/www/trexzactyl/node_modules/babel-loader/lib/index.js!/var/www/trexzactyl/resources/scripts/components/server/files/FileManagerContainer.tsx
<s> [webpack.Progress] 14% building 35/76 modules 41 active /var/www/trexzactyl/node_modules/babel-loader/lib/index.js!/var/www/trexzactyl/resources/scripts/components/server/network/NetworkContainer.tsx
<s> [webpack.Progress] 14% building 35/77 modules 42 active /var/www/trexzactyl/node_modules/babel-loader/lib/index.js!/var/www/trexzactyl/resources/scripts/components/server/startup/StartupContainer.tsx
<s> [webpack.Progress] 14% building 35/78 modules 43 active /var/www/trexzactyl/node_modules/babel-loader/lib/index.js!/var/www/trexzactyl/resources/scripts/components/server/settings/SettingsContainer.tsx
<s> [webpack.Progress] 14% building 35/79 modules 44 active /var/www/trexzactyl/node_modules/babel-loader/lib/index.js!/var/www/trexzactyl/resources/scripts/components/server/schedules/ScheduleContainer.tsx
<s> [webpack.Progress] 14% building 35/80 modules 45 active /var/www/trexzactyl/node_modules/babel-loader/lib/index.js!/var/www/trexzactyl/resources/scripts/components/server/schedules/ScheduleEditContainer.tsx
<s> [webpack.Progress] 14% building 35/81 modules 46 active /var/www/trexzactyl/node_modules/babel-loader/lib/index.js!/var/www/trexzactyl/resources/scripts/components/server/analytics/AnalyticsContainer.tsx
<s> [webpack.Progress] 14% building 35/82 modules 47 active /var/www/trexzactyl/node_modules/babel-loader/lib/index.js!/var/www/trexzactyl/resources/scripts/components/server/console/ServerConsoleContainer.tsx
<s> [webpack.Progress] 14% building 35/83 modules 48 active /var/www/trexzactyl/node_modules/babel-loader/lib/index.js!/var/www/trexzactyl/resources/scripts/components/server/databases/DatabasesContainer.tsx
<s> [webpack.Progress] 14% building 35/84 modules 49 active /var/www/trexzactyl/node_modules/babel-loader/lib/index.js!/var/www/trexzactyl/resources/scripts/components/dashboard/CouponContainer.tsx
<s> [webpack.Progress] 14% building 35/85 modules 50 active /var/www/trexzactyl/node_modules/babel-loader/lib/index.js!/var/www/trexzactyl/resources/scripts/components/dashboard/AccountSecurityContainer.tsx
<s> [webpack.Progress] 14% building 35/86 modules 51 active /var/www/trexzactyl/node_modules/babel-loader/lib/index.js!/var/www/trexzactyl/resources/scripts/components/dashboard/AccountOverviewContainer.tsx
<s> [webpack.Progress] 14% building 35/87 modules 52 active /var/www/trexzactyl/node_modules/babel-loader/lib/index.js!/var/www/trexzactyl/resources/scripts/components/dashboard/AccountApiContainer.tsx
<s> [webpack.Progress] 14% building 35/88 modules 53 active /var/www/trexzactyl/node_modules/babel-loader/lib/index.js!/var/www/trexzactyl/resources/scripts/components/dashboard/ssh/AccountSSHContainer.tsx
<s> [webpack.Progress] 14% building 35/89 modules 54 active /var/www/trexzactyl/node_modules/babel-loader/lib/index.js!/var/www/trexzactyl/resources/scripts/components/auth/LoginCheckpointContainer.tsx
<s> [webpack.Progress] 14% building 35/90 modules 55 active /var/www/trexzactyl/node_modules/babel-loader/lib/index.js!/var/www/trexzactyl/resources/scripts/components/auth/ForgotPasswordContainer.tsx
<s> [webpack.Progress] 14% building 35/91 modules 56 active /var/www/trexzactyl/node_modules/babel-loader/lib/index.js!/var/www/trexzactyl/resources/scripts/api/account/updateAccountEmail.ts
<s> [webpack.Progress] 14% building 36/91 modules 55 active /var/www/trexzactyl/node_modules/babel-loader/lib/index.js!/var/www/trexzactyl/resources/scripts/api/account/updateAccountEmail.ts
<s> [webpack.Progress] 14% building 37/91 modules 54 active /var/www/trexzactyl/node_modules/babel-loader/lib/index.js!/var/www/trexzactyl/resources/scripts/api/account/updateAccountEmail.ts
<s> [webpack.Progress] 14% building 38/91 modules 53 active /var/www/trexzactyl/node_modules/babel-loader/lib/index.js!/var/www/trexzactyl/resources/scripts/api/account/updateAccountEmail.ts
<s> [webpack.Progress] 14% building 38/92 modules 54 active /var/www/trexzactyl/node_modules/babel-loader/lib/index.js!/var/www/trexzactyl/resources/scripts/api/getSystemPermissions.ts
<s> [webpack.Progress] 14% building 39/92 modules 53 active /var/www/trexzactyl/node_modules/babel-loader/lib/index.js!/var/www/trexzactyl/resources/scripts/api/getSystemPermissions.ts
<s> [webpack.Progress] 14% building 39/93 modules 54 active /var/www/trexzactyl/node_modules/babel-loader/lib/index.js!/var/www/trexzactyl/resources/scripts/components/elements/PageContentBlock.tsx
<s> [webpack.Progress] 14% building 40/93 modules 53 active /var/www/trexzactyl/node_modules/babel-loader/lib/index.js!/var/www/trexzactyl/resources/scripts/components/elements/PageContentBlock.tsx
<s> [webpack.Progress] 14% building 40/94 modules 54 active /var/www/trexzactyl/node_modules/source-map-loader/dist/cjs.js!/var/www/trexzactyl/node_modules/@babel/runtime/helpers/defineProperty.js
<s> [webpack.Progress] 14% building 40/95 modules 55 active /var/www/trexzactyl/node_modules/source-map-loader/dist/cjs.js!/var/www/trexzactyl/node_modules/@babel/runtime/helpers/extends.js
<s> [webpack.Progress] 14% building 40/96 modules 56 active /var/www/trexzactyl/node_modules/i18next-http-backend/esm/getFetch.cjs
<s> [webpack.Progress] 14% building 40/97 modules 57 active /var/www/trexzactyl/node_modules/source-map-loader/dist/cjs.js!/var/www/trexzactyl/node_modules/react-dom/index.js
<s> [webpack.Progress] 14% building 41/97 modules 56 active /var/www/trexzactyl/node_modules/source-map-loader/dist/cjs.js!/var/www/trexzactyl/node_modules/react-dom/index.js
<s> [webpack.Progress] 14% building 41/98 modules 57 active /var/www/trexzactyl/node_modules/babel-loader/lib/index.js!/var/www/trexzactyl/resources/scripts/components/elements/button/index.ts
<s> [webpack.Progress] 15% building 42/98 modules 56 active /var/www/trexzactyl/node_modules/babel-loader/lib/index.js!/var/www/trexzactyl/resources/scripts/components/elements/button/index.ts
<s> [webpack.Progress] 15% building 43/98 modules 55 active /var/www/trexzactyl/node_modules/babel-loader/lib/index.js!/var/www/trexzactyl/resources/scripts/components/elements/button/index.ts
<s> [webpack.Progress] 15% building 43/99 modules 56 active /var/www/trexzactyl/node_modules/babel-loader/lib/index.js!/var/www/trexzactyl/resources/scripts/components/auth/RegisterContainer.tsx
<s> [webpack.Progress] 15% building 43/100 modules 57 active /var/www/trexzactyl/node_modules/babel-loader/lib/index.js!/var/www/trexzactyl/resources/scripts/components/auth/ResetPasswordContainer.tsx
<s> [webpack.Progress] 15% building 43/101 modules 58 active /var/www/trexzactyl/node_modules/babel-loader/lib/index.js!/var/www/trexzactyl/resources/scripts/components/auth/DiscordContainer.tsx
<s> [webpack.Progress] 15% building 44/101 modules 57 active /var/www/trexzactyl/node_modules/babel-loader/lib/index.js!/var/www/trexzactyl/resources/scripts/components/auth/DiscordContainer.tsx
<s> [webpack.Progress] 15% building 45/101 modules 56 active /var/www/trexzactyl/node_modules/babel-loader/lib/index.js!/var/www/trexzactyl/resources/scripts/components/auth/DiscordContainer.tsx
<s> [webpack.Progress] 15% building 46/101 modules 55 active /var/www/trexzactyl/node_modules/babel-loader/lib/index.js!/var/www/trexzactyl/resources/scripts/components/auth/DiscordContainer.tsx
<s> [webpack.Progress] 15% building 47/101 modules 54 active /var/www/trexzactyl/node_modules/babel-loader/lib/index.js!/var/www/trexzactyl/resources/scripts/components/auth/DiscordContainer.tsx
<s> [webpack.Progress] 15% building 47/102 modules 55 active /var/www/trexzactyl/node_modules/source-map-loader/dist/cjs.js!/var/www/trexzactyl/node_modules/axios/index.js
<s> [webpack.Progress] 15% building 48/102 modules 54 active /var/www/trexzactyl/node_modules/source-map-loader/dist/cjs.js!/var/www/trexzactyl/node_modules/axios/index.js
<s> [webpack.Progress] 15% building 49/102 modules 53 active /var/www/trexzactyl/node_modules/source-map-loader/dist/cjs.js!/var/www/trexzactyl/node_modules/axios/index.js
<s> [webpack.Progress] 16% building 50/102 modules 52 active /var/www/trexzactyl/node_modules/source-map-loader/dist/cjs.js!/var/www/trexzactyl/node_modules/axios/index.js
<s> [webpack.Progress] 16% building 51/102 modules 51 active /var/www/trexzactyl/node_modules/source-map-loader/dist/cjs.js!/var/www/trexzactyl/node_modules/axios/index.js
<s> [webpack.Progress] 16% building 52/102 modules 50 active /var/www/trexzactyl/node_modules/source-map-loader/dist/cjs.js!/var/www/trexzactyl/node_modules/axios/index.js
<s> [webpack.Progress] 16% building 53/102 modules 49 active /var/www/trexzactyl/node_modules/source-map-loader/dist/cjs.js!/var/www/trexzactyl/node_modules/axios/index.js
<s> [webpack.Progress] 16% building 54/102 modules 48 active /var/www/trexzactyl/node_modules/source-map-loader/dist/cjs.js!/var/www/trexzactyl/node_modules/axios/index.js
<s> [webpack.Progress] 16% building 55/102 modules 47 active /var/www/trexzactyl/node_modules/source-map-loader/dist/cjs.js!/var/www/trexzactyl/node_modules/axios/index.js
<s> [webpack.Progress] 16% building 56/102 modules 46 active /var/www/trexzactyl/node_modules/source-map-loader/dist/cjs.js!/var/www/trexzactyl/node_modules/axios/index.js
<s> [webpack.Progress] 16% building 56/103 modules 47 active /var/www/trexzactyl/node_modules/source-map-loader/dist/cjs.js!/var/www/trexzactyl/node_modules/@babel/runtime/helpers/objectWithoutProperties.js
<s> [webpack.Progress] 16% building 57/103 modules 46 active /var/www/trexzactyl/node_modules/source-map-loader/dist/cjs.js!/var/www/trexzactyl/node_modules/@babel/runtime/helpers/objectWithoutProperties.js
<s> [webpack.Progress] 16% building 58/103 modules 45 active /var/www/trexzactyl/node_modules/source-map-loader/dist/cjs.js!/var/www/trexzactyl/node_modules/@babel/runtime/helpers/objectWithoutProperties.js
<s> [webpack.Progress] 17% building 59/103 modules 44 active /var/www/trexzactyl/node_modules/source-map-loader/dist/cjs.js!/var/www/trexzactyl/node_modules/@babel/runtime/helpers/objectWithoutProperties.js
<s> [webpack.Progress] 17% building 60/103 modules 43 active /var/www/trexzactyl/node_modules/source-map-loader/dist/cjs.js!/var/www/trexzactyl/node_modules/@babel/runtime/helpers/objectWithoutProperties.js
<s> [webpack.Progress] 17% building 61/103 modules 42 active /var/www/trexzactyl/node_modules/source-map-loader/dist/cjs.js!/var/www/trexzactyl/node_modules/@babel/runtime/helpers/objectWithoutProperties.js
<s> [webpack.Progress] 17% building 61/104 modules 43 active /var/www/trexzactyl/node_modules/source-map-loader/dist/cjs.js!/var/www/trexzactyl/node_modules/@babel/runtime/helpers/esm/typeof.js
<s> [webpack.Progress] 17% building 61/105 modules 44 active /var/www/trexzactyl/node_modules/source-map-loader/dist/cjs.js!/var/www/trexzactyl/node_modules/@babel/runtime/helpers/esm/classCallCheck.js
<s> [webpack.Progress] 17% building 61/106 modules 45 active /var/www/trexzactyl/node_modules/source-map-loader/dist/cjs.js!/var/www/trexzactyl/node_modules/@babel/runtime/helpers/esm/createClass.js
<s> [webpack.Progress] 17% building 61/107 modules 46 active /var/www/trexzactyl/node_modules/source-map-loader/dist/cjs.js!/var/www/trexzactyl/node_modules/@babel/runtime/helpers/esm/inherits.js
<s> [webpack.Progress] 17% building 61/108 modules 47 active /var/www/trexzactyl/node_modules/source-map-loader/dist/cjs.js!/var/www/trexzactyl/node_modules/@babel/runtime/helpers/esm/possibleConstructorReturn.js
<s> [webpack.Progress] 17% building 61/109 modules 48 active /var/www/trexzactyl/node_modules/source-map-loader/dist/cjs.js!/var/www/trexzactyl/node_modules/@babel/runtime/helpers/esm/assertThisInitialized.js
<s> [webpack.Progress] 17% building 61/110 modules 49 active /var/www/trexzactyl/node_modules/source-map-loader/dist/cjs.js!/var/www/trexzactyl/node_modules/@babel/runtime/helpers/esm/getPrototypeOf.js
<s> [webpack.Progress] 17% building 61/111 modules 50 active /var/www/trexzactyl/node_modules/source-map-loader/dist/cjs.js!/var/www/trexzactyl/node_modules/@babel/runtime/helpers/esm/defineProperty.js
<s> [webpack.Progress] 17% building 61/112 modules 51 active /var/www/trexzactyl/node_modules/source-map-loader/dist/cjs.js!/var/www/trexzactyl/node_modules/@babel/runtime/helpers/esm/toArray.js
<s> [webpack.Progress] 17% building 62/112 modules 50 active /var/www/trexzactyl/node_modules/source-map-loader/dist/cjs.js!/var/www/trexzactyl/node_modules/@babel/runtime/helpers/esm/toArray.js
<s> [webpack.Progress] 17% building 63/112 modules 49 active /var/www/trexzactyl/node_modules/source-map-loader/dist/cjs.js!/var/www/trexzactyl/node_modules/@babel/runtime/helpers/esm/toArray.js
<s> [webpack.Progress] 17% building 64/112 modules 48 active /var/www/trexzactyl/node_modules/source-map-loader/dist/cjs.js!/var/www/trexzactyl/node_modules/@babel/runtime/helpers/esm/toArray.js
<s> [webpack.Progress] 17% building 65/112 modules 47 active /var/www/trexzactyl/node_modules/source-map-loader/dist/cjs.js!/var/www/trexzactyl/node_modules/@babel/runtime/helpers/esm/toArray.js
<s> [webpack.Progress] 17% building 66/112 modules 46 active /var/www/trexzactyl/node_modules/source-map-loader/dist/cjs.js!/var/www/trexzactyl/node_modules/@babel/runtime/helpers/esm/toArray.js
<s> [webpack.Progress] 18% building 67/112 modules 45 active /var/www/trexzactyl/node_modules/source-map-loader/dist/cjs.js!/var/www/trexzactyl/node_modules/@babel/runtime/helpers/esm/toArray.js
<s> [webpack.Progress] 18% building 68/112 modules 44 active /var/www/trexzactyl/node_modules/source-map-loader/dist/cjs.js!/var/www/trexzactyl/node_modules/@babel/runtime/helpers/esm/toArray.js
<s> [webpack.Progress] 18% building 69/112 modules 43 active /var/www/trexzactyl/node_modules/source-map-loader/dist/cjs.js!/var/www/trexzactyl/node_modules/@babel/runtime/helpers/esm/toArray.js
<s> [webpack.Progress] 18% building 70/112 modules 42 active /var/www/trexzactyl/node_modules/source-map-loader/dist/cjs.js!/var/www/trexzactyl/node_modules/@babel/runtime/helpers/esm/toArray.js
<s> [webpack.Progress] 18% building 71/112 modules 41 active /var/www/trexzactyl/node_modules/source-map-loader/dist/cjs.js!/var/www/trexzactyl/node_modules/@babel/runtime/helpers/esm/toArray.js
<s> [webpack.Progress] 18% building 72/112 modules 40 active /var/www/trexzactyl/node_modules/source-map-loader/dist/cjs.js!/var/www/trexzactyl/node_modules/@babel/runtime/helpers/esm/toArray.js
<s> [webpack.Progress] 18% building 73/112 modules 39 active /var/www/trexzactyl/node_modules/source-map-loader/dist/cjs.js!/var/www/trexzactyl/node_modules/@babel/runtime/helpers/esm/toArray.js
<s> [webpack.Progress] 18% building 74/112 modules 38 active /var/www/trexzactyl/node_modules/source-map-loader/dist/cjs.js!/var/www/trexzactyl/node_modules/@babel/runtime/helpers/esm/toArray.js
<s> [webpack.Progress] 19% building 75/112 modules 37 active /var/www/trexzactyl/node_modules/source-map-loader/dist/cjs.js!/var/www/trexzactyl/node_modules/@babel/runtime/helpers/esm/toArray.js
<s> [webpack.Progress] 19% building 76/112 modules 36 active /var/www/trexzactyl/node_modules/source-map-loader/dist/cjs.js!/var/www/trexzactyl/node_modules/@babel/runtime/helpers/esm/toArray.js
<s> [webpack.Progress] 19% building 77/112 modules 35 active /var/www/trexzactyl/node_modules/source-map-loader/dist/cjs.js!/var/www/trexzactyl/node_modules/@babel/runtime/helpers/esm/toArray.js
<s> [webpack.Progress] 19% building 78/112 modules 34 active /var/www/trexzactyl/node_modules/source-map-loader/dist/cjs.js!/var/www/trexzactyl/node_modules/@babel/runtime/helpers/esm/toArray.js
<s> [webpack.Progress] 19% building 79/112 modules 33 active /var/www/trexzactyl/node_modules/source-map-loader/dist/cjs.js!/var/www/trexzactyl/node_modules/@babel/runtime/helpers/esm/toArray.js
<s> [webpack.Progress] 19% building 80/112 modules 32 active /var/www/trexzactyl/node_modules/source-map-loader/dist/cjs.js!/var/www/trexzactyl/node_modules/@babel/runtime/helpers/esm/toArray.js
<s> [webpack.Progress] 19% building 81/112 modules 31 active /var/www/trexzactyl/node_modules/source-map-loader/dist/cjs.js!/var/www/trexzactyl/node_modules/@babel/runtime/helpers/esm/toArray.js
<s> [webpack.Progress] 19% building 82/112 modules 30 active /var/www/trexzactyl/node_modules/source-map-loader/dist/cjs.js!/var/www/trexzactyl/node_modules/@babel/runtime/helpers/esm/toArray.js
<s> [webpack.Progress] 19% building 83/112 modules 29 active /var/www/trexzactyl/node_modules/source-map-loader/dist/cjs.js!/var/www/trexzactyl/node_modules/@babel/runtime/helpers/esm/toArray.js
<s> [webpack.Progress] 20% building 84/112 modules 28 active /var/www/trexzactyl/node_modules/source-map-loader/dist/cjs.js!/var/www/trexzactyl/node_modules/@babel/runtime/helpers/esm/toArray.js
<s> [webpack.Progress] 20% building 85/112 modules 27 active /var/www/trexzactyl/node_modules/source-map-loader/dist/cjs.js!/var/www/trexzactyl/node_modules/@babel/runtime/helpers/esm/toArray.js
<s> [webpack.Progress] 20% building 86/112 modules 26 active /var/www/trexzactyl/node_modules/source-map-loader/dist/cjs.js!/var/www/trexzactyl/node_modules/@babel/runtime/helpers/esm/toArray.js
<s> [webpack.Progress] 20% building 87/112 modules 25 active /var/www/trexzactyl/node_modules/source-map-loader/dist/cjs.js!/var/www/trexzactyl/node_modules/@babel/runtime/helpers/esm/toArray.js
<s> [webpack.Progress] 20% building 88/112 modules 24 active /var/www/trexzactyl/node_modules/source-map-loader/dist/cjs.js!/var/www/trexzactyl/node_modules/@babel/runtime/helpers/esm/toArray.js
<s> [webpack.Progress] 20% building 89/112 modules 23 active /var/www/trexzactyl/node_modules/source-map-loader/dist/cjs.js!/var/www/trexzactyl/node_modules/@babel/runtime/helpers/esm/toArray.js
<s> [webpack.Progress] 20% building 89/113 modules 24 active /var/www/trexzactyl/node_modules/source-map-loader/dist/cjs.js!/var/www/trexzactyl/node_modules/i18next-multiload-backend-adapter/dist/commonjs/utils.js
<s> [webpack.Progress] 20% building 90/113 modules 23 active /var/www/trexzactyl/node_modules/source-map-loader/dist/cjs.js!/var/www/trexzactyl/node_modules/i18next-multiload-backend-adapter/dist/commonjs/utils.js
<s> [webpack.Progress] 20% building 90/114 modules 24 active /var/www/trexzactyl/node_modules/babel-loader/lib/index.js!/var/www/trexzactyl/resources/scripts/state/server/databases.ts
<s> [webpack.Progress] 20% building 90/115 modules 25 active /var/www/trexzactyl/node_modules/source-map-loader/dist/cjs.js!/var/www/trexzactyl/node_modules/process/browser.js
<s> [webpack.Progress] 20% building 90/116 modules 26 active /var/www/trexzactyl/node_modules/source-map-loader/dist/cjs.js!/var/www/trexzactyl/node_modules/@babel/runtime/helpers/esm/extends.js
<s> [webpack.Progress] 20% building 91/116 modules 25 active /var/www/trexzactyl/node_modules/source-map-loader/dist/cjs.js!/var/www/trexzactyl/node_modules/@babel/runtime/helpers/esm/extends.js
<s> [webpack.Progress] 21% building 92/116 modules 24 active /var/www/trexzactyl/node_modules/source-map-loader/dist/cjs.js!/var/www/trexzactyl/node_modules/@babel/runtime/helpers/esm/extends.js
<s> [webpack.Progress] 21% building 93/116 modules 23 active /var/www/trexzactyl/node_modules/source-map-loader/dist/cjs.js!/var/www/trexzactyl/node_modules/@babel/runtime/helpers/esm/extends.js
<s> [webpack.Progress] 21% building 94/116 modules 22 active /var/www/trexzactyl/node_modules/source-map-loader/dist/cjs.js!/var/www/trexzactyl/node_modules/@babel/runtime/helpers/esm/extends.js
<s> [webpack.Progress] 21% building 95/116 modules 21 active /var/www/trexzactyl/node_modules/source-map-loader/dist/cjs.js!/var/www/trexzactyl/node_modules/@babel/runtime/helpers/esm/extends.js
<s> [webpack.Progress] 21% building 96/116 modules 20 active /var/www/trexzactyl/node_modules/source-map-loader/dist/cjs.js!/var/www/trexzactyl/node_modules/@babel/runtime/helpers/esm/extends.js
<s> [webpack.Progress] 21% building 96/117 modules 21 active /var/www/trexzactyl/node_modules/babel-loader/lib/index.js!/var/www/trexzactyl/resources/scripts/api/account/tickets.ts
<s> [webpack.Progress] 21% building 96/118 modules 22 active /var/www/trexzactyl/node_modules/source-map-loader/dist/cjs.js!/var/www/trexzactyl/node_modules/react-router-dom/esm/react-router-dom.js
<s> [webpack.Progress] 21% building 97/118 modules 21 active /var/www/trexzactyl/node_modules/source-map-loader/dist/cjs.js!/var/www/trexzactyl/node_modules/react-router-dom/esm/react-router-dom.js
<s> [webpack.Progress] 21% building 97/119 modules 22 active /var/www/trexzactyl/node_modules/babel-loader/lib/index.js!/var/www/trexzactyl/resources/scripts/components/elements/SpinnerOverlay.tsx
<s> [webpack.Progress] 21% building 97/120 modules 23 active /var/www/trexzactyl/node_modules/source-map-loader/dist/cjs.js!/var/www/trexzactyl/node_modules/react-feather/dist/index.js
<s> [webpack.Progress] 21% building 98/120 modules 22 active /var/www/trexzactyl/node_modules/source-map-loader/dist/cjs.js!/var/www/trexzactyl/node_modules/react-feather/dist/index.js
<s> [webpack.Progress] 21% building 99/120 modules 21 active /var/www/trexzactyl/node_modules/source-map-loader/dist/cjs.js!/var/www/trexzactyl/node_modules/react-feather/dist/index.js
<s> [webpack.Progress] 21% building 99/121 modules 22 active /var/www/trexzactyl/node_modules/babel-loader/lib/index.js!/var/www/trexzactyl/resources/scripts/plugins/usePermissions.ts
<s> [webpack.Progress] 22% building 100/121 modules 21 active /var/www/trexzactyl/node_modules/babel-loader/lib/index.js!/var/www/trexzactyl/resources/scripts/plugins/usePermissions.ts
<s> [webpack.Progress] 22% building 100/122 modules 22 active /var/www/trexzactyl/node_modules/source-map-loader/dist/cjs.js!/var/www/trexzactyl/node_modules/react-transition-group/esm/index.js
<s> [webpack.Progress] 22% building 101/122 modules 21 active /var/www/trexzactyl/node_modules/source-map-loader/dist/cjs.js!/var/www/trexzactyl/node_modules/react-transition-group/esm/index.js
<s> [webpack.Progress] 22% building 101/123 modules 22 active /var/www/trexzactyl/node_modules/source-map-loader/dist/cjs.js!/var/www/trexzactyl/node_modules/webpack/buildin/global.js
<s> [webpack.Progress] 22% building 101/124 modules 23 active /var/www/trexzactyl/node_modules/source-map-loader/dist/cjs.js!/var/www/trexzactyl/node_modules/webpack/buildin/module.js
<s> [webpack.Progress] 22% building 101/125 modules 24 active /var/www/trexzactyl/node_modules/babel-loader/lib/index.js!/var/www/trexzactyl/resources/scripts/plugins/useFlash.ts
<s> [webpack.Progress] 22% building 101/126 modules 25 active /var/www/trexzactyl/node_modules/babel-loader/lib/index.js!/var/www/trexzactyl/resources/scripts/components/dashboard/search/SearchContainer.tsx
<s> [webpack.Progress] 22% building 102/126 modules 24 active /var/www/trexzactyl/node_modules/babel-loader/lib/index.js!/var/www/trexzactyl/resources/scripts/components/dashboard/search/SearchContainer.tsx
<s> [webpack.Progress] 22% building 102/127 modules 25 active /var/www/trexzactyl/node_modules/source-map-loader/dist/cjs.js!/var/www/trexzactyl/node_modules/@babel/runtime/helpers/toPropertyKey.js
<s> [webpack.Progress] 22% building 103/127 modules 24 active /var/www/trexzactyl/node_modules/source-map-loader/dist/cjs.js!/var/www/trexzactyl/node_modules/@babel/runtime/helpers/toPropertyKey.js
<s> [webpack.Progress] 22% building 104/127 modules 23 active /var/www/trexzactyl/node_modules/source-map-loader/dist/cjs.js!/var/www/trexzactyl/node_modules/@babel/runtime/helpers/toPropertyKey.js
<s> [webpack.Progress] 22% building 105/127 modules 22 active /var/www/trexzactyl/node_modules/source-map-loader/dist/cjs.js!/var/www/trexzactyl/node_modules/@babel/runtime/helpers/toPropertyKey.js
<s> [webpack.Progress] 22% building 106/127 modules 21 active /var/www/trexzactyl/node_modules/source-map-loader/dist/cjs.js!/var/www/trexzactyl/node_modules/@babel/runtime/helpers/toPropertyKey.js
<s> [webpack.Progress] 22% building 107/127 modules 20 active /var/www/trexzactyl/node_modules/source-map-loader/dist/cjs.js!/var/www/trexzactyl/node_modules/@babel/runtime/helpers/toPropertyKey.js
<s> [webpack.Progress] 22% building 108/127 modules 19 active /var/www/trexzactyl/node_modules/source-map-loader/dist/cjs.js!/var/www/trexzactyl/node_modules/@babel/runtime/helpers/toPropertyKey.js
<s> [webpack.Progress] 22% building 108/128 modules 20 active /var/www/trexzactyl/node_modules/babel-loader/lib/index.js!/var/www/trexzactyl/resources/scripts/api/account/ssh-keys.ts
<s> [webpack.Progress] 23% building 109/128 modules 19 active /var/www/trexzactyl/node_modules/babel-loader/lib/index.js!/var/www/trexzactyl/resources/scripts/api/account/ssh-keys.ts
<s> [webpack.Progress] 23% building 110/128 modules 18 active /var/www/trexzactyl/node_modules/babel-loader/lib/index.js!/var/www/trexzactyl/resources/scripts/api/account/ssh-keys.ts
<s> [webpack.Progress] 23% building 111/128 modules 17 active /var/www/trexzactyl/node_modules/babel-loader/lib/index.js!/var/www/trexzactyl/resources/scripts/api/account/ssh-keys.ts
<s> [webpack.Progress] 23% building 111/129 modules 18 active /var/www/trexzactyl/node_modules/babel-loader/lib/index.js!/var/www/trexzactyl/resources/scripts/plugins/useDeepMemoize.ts
<s> [webpack.Progress] 23% building 111/130 modules 19 active /var/www/trexzactyl/node_modules/babel-loader/lib/index.js!/var/www/trexzactyl/resources/scripts/api/account/getApiKeys.ts
<s> [webpack.Progress] 23% building 111/131 modules 20 active /var/www/trexzactyl/node_modules/babel-loader/lib/index.js!/var/www/trexzactyl/resources/scripts/api/account/deleteApiKey.ts
<s> [webpack.Progress] 23% building 111/132 modules 21 active /var/www/trexzactyl/node_modules/babel-loader/lib/index.js!/var/www/trexzactyl/resources/scripts/api/auth/requestPasswordResetEmail.ts
<s> [webpack.Progress] 23% building 111/133 modules 22 active /var/www/trexzactyl/node_modules/babel-loader/lib/index.js!/var/www/trexzactyl/resources/scripts/api/auth/loginCheckpoint.ts
<s> [webpack.Progress] 23% building 111/134 modules 23 active /var/www/trexzactyl/node_modules/babel-loader/lib/index.js!/var/www/trexzactyl/resources/scripts/components/auth/LoginFormContainer.tsx
<s> [webpack.Progress] 23% building 111/135 modules 24 active /var/www/trexzactyl/node_modules/babel-loader/lib/index.js!/var/www/trexzactyl/resources/scripts/components/elements/Field.tsx
<s> [webpack.Progress] 23% building 111/136 modules 25 active /var/www/trexzactyl/node_modules/source-map-loader/dist/cjs.js!/var/www/trexzactyl/node_modules/@babel/runtime/helpers/slicedToArray.js
<s> [webpack.Progress] 23% building 111/137 modules 26 active /var/www/trexzactyl/node_modules/source-map-loader/dist/cjs.js!/var/www/trexzactyl/node_modules/@babel/runtime/helpers/classCallCheck.js
<s> [webpack.Progress] 23% building 112/137 modules 25 active /var/www/trexzactyl/node_modules/source-map-loader/dist/cjs.js!/var/www/trexzactyl/node_modules/@babel/runtime/helpers/classCallCheck.js
<s> [webpack.Progress] 23% building 112/138 modules 26 active /var/www/trexzactyl/node_modules/babel-loader/lib/index.js!/var/www/trexzactyl/resources/scripts/components/tickets/forms/NewTicketDialog.tsx
<s> [webpack.Progress] 23% building 112/139 modules 27 active /var/www/trexzactyl/node_modules/style-loader/dist/cjs.js!/var/www/trexzactyl/node_modules/css-loader/dist/cjs.js??ref--7-1!/var/www/trexzactyl/node_modules/postcss-loader/dist/cjs.js??ref--7-2!/var/www/trexzactyl/resources/scripts/components/elements/button/style.module.css
<s> [webpack.Progress] 23% building 113/139 modules 26 active /var/www/trexzactyl/node_modules/babel-loader/lib/index.js!/var/www/trexzactyl/resources/scripts/components/tickets/forms/NewTicketDialog.tsx
<s> [webpack.Progress] 23% building 113/140 modules 27 active /var/www/trexzactyl/node_modules/css-loader/dist/cjs.js??ref--7-1!/var/www/trexzactyl/node_modules/postcss-loader/dist/cjs.js??ref--7-2!/var/www/trexzactyl/resources/scripts/components/elements/button/style.module.css
<s> [webpack.Progress] 23% building 113/141 modules 28 active /var/www/trexzactyl/node_modules/babel-loader/lib/index.js!/var/www/trexzactyl/resources/scripts/components/dashboard/ssh/DeleteSSHKeyButton.tsx
<s> [webpack.Progress] 23% building 114/141 modules 27 active /var/www/trexzactyl/node_modules/babel-loader/lib/index.js!/var/www/trexzactyl/resources/scripts/components/dashboard/ssh/DeleteSSHKeyButton.tsx
<s> [webpack.Progress] 23% building 114/142 modules 28 active /var/www/trexzactyl/node_modules/source-map-loader/dist/cjs.js!/var/www/trexzactyl/node_modules/use-sync-external-store/shim/with-selector.js
<s> [webpack.Progress] 23% building 114/143 modules 29 active /var/www/trexzactyl/node_modules/babel-loader/lib/index.js!/var/www/trexzactyl/resources/scripts/components/elements/GreyRowBox.tsx
<s> [webpack.Progress] 23% building 114/144 modules 30 active /var/www/trexzactyl/node_modules/babel-loader/lib/index.js!/var/www/trexzactyl/resources/scripts/components/elements/ContentBox.tsx
<s> [webpack.Progress] 23% building 114/145 modules 31 active /var/www/trexzactyl/node_modules/babel-loader/lib/index.js!/var/www/trexzactyl/resources/scripts/components/server/databases/CreateDatabaseButton.tsx
<s> [webpack.Progress] 23% building 114/146 modules 32 active /var/www/trexzactyl/node_modules/babel-loader/lib/index.js!/var/www/trexzactyl/resources/scripts/components/elements/ServerContentBlock.tsx
<s> [webpack.Progress] 23% building 114/147 modules 33 active /var/www/trexzactyl/node_modules/babel-loader/lib/index.js!/var/www/trexzactyl/resources/scripts/components/server/databases/DatabaseRow.tsx
<s> [webpack.Progress] 23% building 114/148 modules 34 active /var/www/trexzactyl/node_modules/babel-loader/lib/index.js!/var/www/trexzactyl/resources/scripts/components/elements/Fade.tsx
<s> [webpack.Progress] 23% building 115/148 modules 33 active /var/www/trexzactyl/node_modules/babel-loader/lib/index.js!/var/www/trexzactyl/resources/scripts/components/elements/Fade.tsx
<s> [webpack.Progress] 23% building 116/148 modules 32 active /var/www/trexzactyl/node_modules/babel-loader/lib/index.js!/var/www/trexzactyl/resources/scripts/components/elements/Fade.tsx
<s> [webpack.Progress] 23% building 116/149 modules 33 active /var/www/trexzactyl/node_modules/source-map-loader/dist/cjs.js!/var/www/trexzactyl/node_modules/react-dom/cjs/react-dom.development.js
<s> [webpack.Progress] 23% building 116/150 modules 34 active /var/www/trexzactyl/node_modules/babel-loader/lib/index.js!/var/www/trexzactyl/resources/scripts/components/elements/ContentContainer.tsx
<s> [webpack.Progress] 23% building 116/151 modules 35 active /var/www/trexzactyl/node_modules/babel-loader/lib/index.js!/var/www/trexzactyl/resources/scripts/components/dashboard/forms/CreateSSHKeyForm.tsx
<s> [webpack.Progress] 23% building 116/152 modules 36 active /var/www/trexzactyl/node_modules/babel-loader/lib/index.js!/var/www/trexzactyl/resources/scripts/components/dashboard/forms/CreateApiKeyForm.tsx
<s> [webpack.Progress] 23% building 116/153 modules 37 active /var/www/trexzactyl/node_modules/source-map-loader/dist/cjs.js!/var/www/trexzactyl/node_modules/@babel/runtime/helpers/objectWithoutPropertiesLoose.js
<s> [webpack.Progress] 23% building 116/154 modules 38 active /var/www/trexzactyl/node_modules/babel-loader/lib/index.js!/var/www/trexzactyl/resources/scripts/components/FlashMessageRender.tsx
<s> [webpack.Progress] 23% building 116/155 modules 39 active /var/www/trexzactyl/node_modules/babel-loader/lib/index.js!/var/www/trexzactyl/resources/scripts/api/auth/register.ts
<s> [webpack.Progress] 23% building 116/156 modules 40 active /var/www/trexzactyl/node_modules/source-map-loader/dist/cjs.js!/var/www/trexzactyl/node_modules/@babel/runtime/helpers/esm/toPropertyKey.js
<s> [webpack.Progress] 23% building 116/157 modules 41 active /var/www/trexzactyl/node_modules/source-map-loader/dist/cjs.js!/var/www/trexzactyl/node_modules/react-is/index.js
<s> [webpack.Progress] 23% building 116/158 modules 42 active /var/www/trexzactyl/node_modules/source-map-loader/dist/cjs.js!/var/www/trexzactyl/node_modules/@babel/runtime/helpers/esm/setPrototypeOf.js
<s> [webpack.Progress] 23% building 116/159 modules 43 active /var/www/trexzactyl/node_modules/babel-loader/lib/index.js!/var/www/trexzactyl/resources/scripts/api/server/databases/getServerDatabases.ts
<s> [webpack.Progress] 23% building 116/160 modules 44 active /var/www/trexzactyl/node_modules/source-map-loader/dist/cjs.js!/var/www/trexzactyl/node_modules/@babel/runtime/helpers/esm/arrayWithHoles.js
<s> [webpack.Progress] 23% building 116/161 modules 45 active /var/www/trexzactyl/node_modules/source-map-loader/dist/cjs.js!/var/www/trexzactyl/node_modules/@babel/runtime/helpers/esm/nonIterableRest.js
<s> [webpack.Progress] 23% building 116/162 modules 46 active /var/www/trexzactyl/node_modules/source-map-loader/dist/cjs.js!/var/www/trexzactyl/node_modules/@babel/runtime/helpers/esm/unsupportedIterableToArray.js
<s> [webpack.Progress] 23% building 116/163 modules 47 active /var/www/trexzactyl/node_modules/source-map-loader/dist/cjs.js!/var/www/trexzactyl/node_modules/@babel/runtime/helpers/esm/iterableToArray.js
<s> [webpack.Progress] 23% building 116/164 modules 48 active /var/www/trexzactyl/node_modules/babel-loader/lib/index.js!/var/www/trexzactyl/resources/scripts/components/elements/button/Button.tsx
<s> [webpack.Progress] 24% building 117/164 modules 47 active /var/www/trexzactyl/node_modules/babel-loader/lib/index.js!/var/www/trexzactyl/resources/scripts/components/elements/button/Button.tsx
<s> [webpack.Progress] 24% building 117/165 modules 48 active /var/www/trexzactyl/node_modules/babel-loader/lib/index.js!/var/www/trexzactyl/resources/scripts/components/elements/Code.tsx
<s> [webpack.Progress] 24% building 117/166 modules 49 active /var/www/trexzactyl/node_modules/source-map-loader/dist/cjs.js!/var/www/trexzactyl/node_modules/react-fast-compare/index.js
<s> [webpack.Progress] 24% building 118/166 modules 48 active /var/www/trexzactyl/node_modules/source-map-loader/dist/cjs.js!/var/www/trexzactyl/node_modules/react-fast-compare/index.js
<s> [webpack.Progress] 24% building 118/167 modules 49 active /var/www/trexzactyl/node_modules/babel-loader/lib/index.js!/var/www/trexzactyl/resources/scripts/components/dashboard/forms/UpdateEmailAddressForm.tsx
<s> [webpack.Progress] 24% building 118/168 modules 50 active /var/www/trexzactyl/node_modules/babel-loader/lib/index.js!/var/www/trexzactyl/resources/scripts/components/dashboard/forms/AddReferralCodeForm.tsx
<s> [webpack.Progress] 24% building 119/168 modules 49 active /var/www/trexzactyl/node_modules/babel-loader/lib/index.js!/var/www/trexzactyl/resources/scripts/components/dashboard/forms/AddReferralCodeForm.tsx
<s> [webpack.Progress] 24% building 119/169 modules 50 active /var/www/trexzactyl/node_modules/babel-loader/lib/index.js!/var/www/trexzactyl/resources/scripts/components/auth/DiscordFormContainer.tsx
<s> [webpack.Progress] 24% building 119/170 modules 51 active /var/www/trexzactyl/node_modules/babel-loader/lib/index.js!/var/www/trexzactyl/resources/scripts/api/auth/discord.ts
<s> [webpack.Progress] 24% building 119/171 modules 52 active /var/www/trexzactyl/node_modules/babel-loader/lib/index.js!/var/www/trexzactyl/resources/scripts/api/auth/performPasswordReset.ts
<s> [webpack.Progress] 24% building 120/171 modules 51 active /var/www/trexzactyl/node_modules/babel-loader/lib/index.js!/var/www/trexzactyl/resources/scripts/api/auth/performPasswordReset.ts
<s> [webpack.Progress] 24% building 120/172 modules 52 active /var/www/trexzactyl/node_modules/svg-url-loader/index.js!/var/www/trexzactyl/resources/scripts/assets/images/server_restore.svg
<s> [webpack.Progress] 24% building 120/173 modules 53 active /var/www/trexzactyl/node_modules/svg-url-loader/index.js!/var/www/trexzactyl/resources/scripts/assets/images/server_installing.svg
<s> [webpack.Progress] 24% building 120/174 modules 54 active /var/www/trexzactyl/node_modules/svg-url-loader/index.js!/var/www/trexzactyl/resources/scripts/assets/images/server_error.svg
<s> [webpack.Progress] 24% building 120/175 modules 55 active /var/www/trexzactyl/node_modules/svg-url-loader/index.js!/var/www/trexzactyl/resources/scripts/assets/images/not_found.svg
<s> [webpack.Progress] 24% building 121/175 modules 54 active /var/www/trexzactyl/node_modules/svg-url-loader/index.js!/var/www/trexzactyl/resources/scripts/assets/images/not_found.svg
<s> [webpack.Progress] 24% building 122/175 modules 53 active /var/www/trexzactyl/node_modules/svg-url-loader/index.js!/var/www/trexzactyl/resources/scripts/assets/images/not_found.svg
<s> [webpack.Progress] 24% building 123/175 modules 52 active /var/www/trexzactyl/node_modules/svg-url-loader/index.js!/var/www/trexzactyl/resources/scripts/assets/images/not_found.svg
<s> [webpack.Progress] 24% building 124/175 modules 51 active /var/www/trexzactyl/node_modules/svg-url-loader/index.js!/var/www/trexzactyl/resources/scripts/assets/images/not_found.svg
<s> [webpack.Progress] 25% building 125/175 modules 50 active /var/www/trexzactyl/node_modules/svg-url-loader/index.js!/var/www/trexzactyl/resources/scripts/assets/images/not_found.svg
<s> [webpack.Progress] 25% building 126/175 modules 49 active /var/www/trexzactyl/node_modules/svg-url-loader/index.js!/var/www/trexzactyl/resources/scripts/assets/images/not_found.svg
<s> [webpack.Progress] 25% building 126/176 modules 50 active /var/www/trexzactyl/node_modules/babel-loader/lib/index.js!/var/www/trexzactyl/resources/scripts/theme.ts
<s> [webpack.Progress] 25% building 126/177 modules 51 active /var/www/trexzactyl/node_modules/babel-loader/lib/index.js!/var/www/trexzactyl/resources/scripts/components/elements/Input.tsx
<s> [webpack.Progress] 25% building 126/178 modules 52 active /var/www/trexzactyl/node_modules/babel-loader/lib/index.js!/var/www/trexzactyl/resources/scripts/components/elements/Label.tsx
<s> [webpack.Progress] 25% building 126/179 modules 53 active /var/www/trexzactyl/node_modules/source-map-loader/dist/cjs.js!/var/www/trexzactyl/node_modules/@babel/runtime/helpers/esm/inheritsLoose.js
<s> [webpack.Progress] 25% building 127/179 modules 52 active /var/www/trexzactyl/node_modules/source-map-loader/dist/cjs.js!/var/www/trexzactyl/node_modules/@babel/runtime/helpers/esm/inheritsLoose.js
<s> [webpack.Progress] 25% building 127/180 modules 53 active /var/www/trexzactyl/node_modules/babel-loader/lib/index.js!/var/www/trexzactyl/resources/scripts/api/account/redeemCoupon.ts
<s> [webpack.Progress] 25% building 127/181 modules 54 active /var/www/trexzactyl/node_modules/source-map-loader/dist/cjs.js!/var/www/trexzactyl/node_modules/@babel/runtime/helpers/esm/objectWithoutPropertiesLoose.js
<s> [webpack.Progress] 25% building 128/181 modules 53 active /var/www/trexzactyl/node_modules/source-map-loader/dist/cjs.js!/var/www/trexzactyl/node_modules/@babel/runtime/helpers/esm/objectWithoutPropertiesLoose.js
<s> [webpack.Progress] 25% building 129/181 modules 52 active /var/www/trexzactyl/node_modules/source-map-loader/dist/cjs.js!/var/www/trexzactyl/node_modules/@babel/runtime/helpers/esm/objectWithoutPropertiesLoose.js
<s> [webpack.Progress] 25% building 130/181 modules 51 active /var/www/trexzactyl/node_modules/source-map-loader/dist/cjs.js!/var/www/trexzactyl/node_modules/@babel/runtime/helpers/esm/objectWithoutPropertiesLoose.js
<s> [webpack.Progress] 25% building 131/181 modules 50 active /var/www/trexzactyl/node_modules/source-map-loader/dist/cjs.js!/var/www/trexzactyl/node_modules/@babel/runtime/helpers/esm/objectWithoutPropertiesLoose.js
<s> [webpack.Progress] 25% building 132/181 modules 49 active /var/www/trexzactyl/node_modules/source-map-loader/dist/cjs.js!/var/www/trexzactyl/node_modules/@babel/runtime/helpers/esm/objectWithoutPropertiesLoose.js
<s> [webpack.Progress] 25% building 133/181 modules 48 active /var/www/trexzactyl/node_modules/source-map-loader/dist/cjs.js!/var/www/trexzactyl/node_modules/@babel/runtime/helpers/esm/objectWithoutPropertiesLoose.js
<s> [webpack.Progress] 25% building 133/182 modules 49 active /var/www/trexzactyl/node_modules/babel-loader/lib/index.js!/var/www/trexzactyl/resources/scripts/components/dashboard/forms/UpdateUsernameForm.tsx
<s> [webpack.Progress] 25% building 133/183 modules 50 active /var/www/trexzactyl/node_modules/babel-loader/lib/index.js!/var/www/trexzactyl/resources/scripts/components/dashboard/forms/DiscordAccountForm.tsx
<s> [webpack.Progress] 26% building 134/183 modules 49 active /var/www/trexzactyl/node_modules/babel-loader/lib/index.js!/var/www/trexzactyl/resources/scripts/components/dashboard/forms/DiscordAccountForm.tsx
<s> [webpack.Progress] 26% building 135/183 modules 48 active /var/www/trexzactyl/node_modules/babel-loader/lib/index.js!/var/www/trexzactyl/resources/scripts/components/dashboard/forms/DiscordAccountForm.tsx
<s> [webpack.Progress] 26% building 136/183 modules 47 active /var/www/trexzactyl/node_modules/babel-loader/lib/index.js!/var/www/trexzactyl/resources/scripts/components/dashboard/forms/DiscordAccountForm.tsx
<s> [webpack.Progress] 26% building 137/183 modules 46 active /var/www/trexzactyl/node_modules/babel-loader/lib/index.js!/var/www/trexzactyl/resources/scripts/components/dashboard/forms/DiscordAccountForm.tsx
<s> [webpack.Progress] 26% building 138/183 modules 45 active /var/www/trexzactyl/node_modules/babel-loader/lib/index.js!/var/www/trexzactyl/resources/scripts/components/dashboard/forms/DiscordAccountForm.tsx
<s> [webpack.Progress] 26% building 138/184 modules 46 active /var/www/trexzactyl/node_modules/babel-loader/lib/index.js!/var/www/trexzactyl/resources/scripts/components/elements/alert/Alert.tsx
<s> [webpack.Progress] 26% building 138/185 modules 47 active /var/www/trexzactyl/node_modules/source-map-loader/dist/cjs.js!/var/www/trexzactyl/node_modules/tiny-invariant/dist/tiny-invariant.esm.js
<s> [webpack.Progress] 26% building 139/185 modules 46 active /var/www/trexzactyl/node_modules/source-map-loader/dist/cjs.js!/var/www/trexzactyl/node_modules/tiny-invariant/dist/tiny-invariant.esm.js
<s> [webpack.Progress] 26% building 139/186 modules 47 active /var/www/trexzactyl/node_modules/babel-loader/lib/index.js!/var/www/trexzactyl/resources/scripts/components/dashboard/forms/ConfigureTwoFactorForm.tsx
<s> [webpack.Progress] 26% building 139/187 modules 48 active /var/www/trexzactyl/node_modules/babel-loader/lib/index.js!/var/www/trexzactyl/resources/scripts/components/dashboard/forms/UpdatePasswordForm.tsx
<s> [webpack.Progress] 26% building 140/187 modules 47 active /var/www/trexzactyl/node_modules/babel-loader/lib/index.js!/var/www/trexzactyl/resources/scripts/components/dashboard/forms/UpdatePasswordForm.tsx
<s> [webpack.Progress] 26% building 141/187 modules 46 active /var/www/trexzactyl/node_modules/babel-loader/lib/index.js!/var/www/trexzactyl/resources/scripts/components/dashboard/forms/UpdatePasswordForm.tsx
<s> [webpack.Progress] 27% building 142/187 modules 45 active /var/www/trexzactyl/node_modules/babel-loader/lib/index.js!/var/www/trexzactyl/resources/scripts/components/dashboard/forms/UpdatePasswordForm.tsx
<s> [webpack.Progress] 27% building 143/187 modules 44 active /var/www/trexzactyl/node_modules/babel-loader/lib/index.js!/var/www/trexzactyl/resources/scripts/components/dashboard/forms/UpdatePasswordForm.tsx
<s> [webpack.Progress] 27% building 143/188 modules 45 active /var/www/trexzactyl/node_modules/source-map-loader/dist/cjs.js!/var/www/trexzactyl/node_modules/axios/lib/axios.js
<s> [webpack.Progress] 27% building 144/188 modules 44 active /var/www/trexzactyl/node_modules/source-map-loader/dist/cjs.js!/var/www/trexzactyl/node_modules/axios/lib/axios.js
<s> [webpack.Progress] 27% building 145/188 modules 43 active /var/www/trexzactyl/node_modules/source-map-loader/dist/cjs.js!/var/www/trexzactyl/node_modules/axios/lib/axios.js
<s> [webpack.Progress] 27% building 146/188 modules 42 active /var/www/trexzactyl/node_modules/source-map-loader/dist/cjs.js!/var/www/trexzactyl/node_modules/axios/lib/axios.js
<s> [webpack.Progress] 27% building 147/188 modules 41 active /var/www/trexzactyl/node_modules/source-map-loader/dist/cjs.js!/var/www/trexzactyl/node_modules/axios/lib/axios.js
<s> [webpack.Progress] 27% building 148/188 modules 40 active /var/www/trexzactyl/node_modules/source-map-loader/dist/cjs.js!/var/www/trexzactyl/node_modules/axios/lib/axios.js
<s> [webpack.Progress] 27% building 149/188 modules 39 active /var/www/trexzactyl/node_modules/source-map-loader/dist/cjs.js!/var/www/trexzactyl/node_modules/axios/lib/axios.js
<s> [webpack.Progress] 28% building 150/188 modules 38 active /var/www/trexzactyl/node_modules/source-map-loader/dist/cjs.js!/var/www/trexzactyl/node_modules/axios/lib/axios.js
<s> [webpack.Progress] 28% building 150/189 modules 39 active /var/www/trexzactyl/node_modules/source-map-loader/dist/cjs.js!/var/www/trexzactyl/node_modules/@babel/runtime/helpers/typeof.js
<s> [webpack.Progress] 28% building 150/190 modules 40 active /var/www/trexzactyl/node_modules/source-map-loader/dist/cjs.js!/var/www/trexzactyl/node_modules/resolve-pathname/esm/resolve-pathname.js
<s> [webpack.Progress] 28% building 150/191 modules 41 active /var/www/trexzactyl/node_modules/source-map-loader/dist/cjs.js!/var/www/trexzactyl/node_modules/value-equal/esm/value-equal.js
<s> [webpack.Progress] 28% building 150/192 modules 42 active /var/www/trexzactyl/node_modules/source-map-loader/dist/cjs.js!/var/www/trexzactyl/node_modules/tiny-warning/dist/tiny-warning.esm.js
<s> [webpack.Progress] 28% building 151/192 modules 41 active /var/www/trexzactyl/node_modules/source-map-loader/dist/cjs.js!/var/www/trexzactyl/node_modules/tiny-warning/dist/tiny-warning.esm.js
<s> [webpack.Progress] 28% building 152/192 modules 40 active /var/www/trexzactyl/node_modules/source-map-loader/dist/cjs.js!/var/www/trexzactyl/node_modules/tiny-warning/dist/tiny-warning.esm.js
<s> [webpack.Progress] 28% building 152/193 modules 41 active /var/www/trexzactyl/node_modules/source-map-loader/dist/cjs.js!/var/www/trexzactyl/node_modules/@babel/runtime/helpers/toPrimitive.js
<s> [webpack.Progress] 28% building 153/193 modules 40 active /var/www/trexzactyl/node_modules/source-map-loader/dist/cjs.js!/var/www/trexzactyl/node_modules/@babel/runtime/helpers/toPrimitive.js
<s> [webpack.Progress] 28% building 153/194 modules 41 active /var/www/trexzactyl/node_modules/babel-loader/lib/index.js!/var/www/trexzactyl/resources/scripts/plugins/useDeepCompareMemo.ts
<s> [webpack.Progress] 28% building 153/195 modules 42 active /var/www/trexzactyl/node_modules/babel-loader/lib/index.js!/var/www/trexzactyl/resources/scripts/components/dashboard/activity/ActivityLogContainer.tsx
<s> [webpack.Progress] 28% building 154/195 modules 41 active /var/www/trexzactyl/node_modules/babel-loader/lib/index.js!/var/www/trexzactyl/resources/scripts/components/dashboard/activity/ActivityLogContainer.tsx
<s> [webpack.Progress] 28% building 154/196 modules 42 active /var/www/trexzactyl/node_modules/babel-loader/lib/index.js!/var/www/trexzactyl/resources/scripts/components/elements/dialog/index.ts
<s> [webpack.Progress] 28% building 155/196 modules 41 active /var/www/trexzactyl/node_modules/babel-loader/lib/index.js!/var/www/trexzactyl/resources/scripts/components/elements/dialog/index.ts
<s> [webpack.Progress] 28% building 156/196 modules 40 active /var/www/trexzactyl/node_modules/babel-loader/lib/index.js!/var/www/trexzactyl/resources/scripts/components/elements/dialog/index.ts
<s> [webpack.Progress] 28% building 157/196 modules 39 active /var/www/trexzactyl/node_modules/babel-loader/lib/index.js!/var/www/trexzactyl/resources/scripts/components/elements/dialog/index.ts
<s> [webpack.Progress] 28% building 158/196 modules 38 active /var/www/trexzactyl/node_modules/babel-loader/lib/index.js!/var/www/trexzactyl/resources/scripts/components/elements/dialog/index.ts
<s> [webpack.Progress] 29% building 159/196 modules 37 active /var/www/trexzactyl/node_modules/babel-loader/lib/index.js!/var/www/trexzactyl/resources/scripts/components/elements/dialog/index.ts
<s> [webpack.Progress] 29% building 159/197 modules 38 active /var/www/trexzactyl/node_modules/source-map-loader/dist/cjs.js!/var/www/trexzactyl/node_modules/@babel/runtime/helpers/arrayWithHoles.js
<s> [webpack.Progress] 29% building 160/197 modules 37 active /var/www/trexzactyl/node_modules/source-map-loader/dist/cjs.js!/var/www/trexzactyl/node_modules/@babel/runtime/helpers/arrayWithHoles.js
<s> [webpack.Progress] 29% building 160/198 modules 38 active /var/www/trexzactyl/node_modules/source-map-loader/dist/cjs.js!/var/www/trexzactyl/node_modules/@babel/runtime/helpers/nonIterableRest.js
<s> [webpack.Progress] 29% building 160/199 modules 39 active /var/www/trexzactyl/node_modules/source-map-loader/dist/cjs.js!/var/www/trexzactyl/node_modules/@babel/runtime/helpers/unsupportedIterableToArray.js
<s> [webpack.Progress] 29% building 160/200 modules 40 active /var/www/trexzactyl/node_modules/source-map-loader/dist/cjs.js!/var/www/trexzactyl/node_modules/@babel/runtime/helpers/iterableToArrayLimit.js
<s> [webpack.Progress] 29% building 161/200 modules 39 active /var/www/trexzactyl/node_modules/source-map-loader/dist/cjs.js!/var/www/trexzactyl/node_modules/@babel/runtime/helpers/iterableToArrayLimit.js
<s> [webpack.Progress] 29% building 161/201 modules 40 active /var/www/trexzactyl/node_modules/babel-loader/lib/index.js!/var/www/trexzactyl/resources/scripts/components/server/schedules/DeleteScheduleButton.tsx
<s> [webpack.Progress] 29% building 162/201 modules 39 active /var/www/trexzactyl/node_modules/babel-loader/lib/index.js!/var/www/trexzactyl/resources/scripts/components/server/schedules/DeleteScheduleButton.tsx
<s> [webpack.Progress] 29% building 163/201 modules 38 active /var/www/trexzactyl/node_modules/babel-loader/lib/index.js!/var/www/trexzactyl/resources/scripts/components/server/schedules/DeleteScheduleButton.tsx
<s> [webpack.Progress] 29% building 164/201 modules 37 active /var/www/trexzactyl/node_modules/babel-loader/lib/index.js!/var/www/trexzactyl/resources/scripts/components/server/schedules/DeleteScheduleButton.tsx
<s> [webpack.Progress] 29% building 164/202 modules 38 active /var/www/trexzactyl/node_modules/babel-loader/lib/index.js!/var/www/trexzactyl/resources/scripts/components/server/schedules/RunScheduleButton.tsx
<s> [webpack.Progress] 29% building 165/202 modules 37 active /var/www/trexzactyl/node_modules/babel-loader/lib/index.js!/var/www/trexzactyl/resources/scripts/components/server/schedules/RunScheduleButton.tsx
<s> [webpack.Progress] 29% building 166/202 modules 36 active /var/www/trexzactyl/node_modules/babel-loader/lib/index.js!/var/www/trexzactyl/resources/scripts/components/server/schedules/RunScheduleButton.tsx
<s> [webpack.Progress] 30% building 167/202 modules 35 active /var/www/trexzactyl/node_modules/babel-loader/lib/index.js!/var/www/trexzactyl/resources/scripts/components/server/schedules/RunScheduleButton.tsx
<s> [webpack.Progress] 30% building 168/202 modules 34 active /var/www/trexzactyl/node_modules/babel-loader/lib/index.js!/var/www/trexzactyl/resources/scripts/components/server/schedules/RunScheduleButton.tsx
<s> [webpack.Progress] 30% building 169/202 modules 33 active /var/www/trexzactyl/node_modules/babel-loader/lib/index.js!/var/www/trexzactyl/resources/scripts/components/server/schedules/RunScheduleButton.tsx
<s> [webpack.Progress] 30% building 170/202 modules 32 active /var/www/trexzactyl/node_modules/babel-loader/lib/index.js!/var/www/trexzactyl/resources/scripts/components/server/schedules/RunScheduleButton.tsx
<s> [webpack.Progress] 30% building 171/202 modules 31 active /var/www/trexzactyl/node_modules/babel-loader/lib/index.js!/var/www/trexzactyl/resources/scripts/components/server/schedules/RunScheduleButton.tsx
<s> [webpack.Progress] 30% building 172/202 modules 30 active /var/www/trexzactyl/node_modules/babel-loader/lib/index.js!/var/www/trexzactyl/resources/scripts/components/server/schedules/RunScheduleButton.tsx
<s> [webpack.Progress] 30% building 173/202 modules 29 active /var/www/trexzactyl/node_modules/babel-loader/lib/index.js!/var/www/trexzactyl/resources/scripts/components/server/schedules/RunScheduleButton.tsx
<s> [webpack.Progress] 30% building 173/203 modules 30 active /var/www/trexzactyl/node_modules/babel-loader/lib/index.js!/var/www/trexzactyl/resources/scripts/plugins/useSWRKey.ts
<s> [webpack.Progress] 30% building 173/204 modules 31 active /var/www/trexzactyl/node_modules/babel-loader/lib/index.js!/var/www/trexzactyl/resources/scripts/components/elements/alert/index.ts
<s> [webpack.Progress] 30% building 173/205 modules 32 active /var/www/trexzactyl/node_modules/source-map-loader/dist/cjs.js!/var/www/trexzactyl/node_modules/@babel/runtime/helpers/esm/toPrimitive.js
<s> [webpack.Progress] 30% building 174/205 modules 31 active /var/www/trexzactyl/node_modules/source-map-loader/dist/cjs.js!/var/www/trexzactyl/node_modules/@babel/runtime/helpers/esm/toPrimitive.js
<s> [webpack.Progress] 31% building 175/205 modules 30 active /var/www/trexzactyl/node_modules/source-map-loader/dist/cjs.js!/var/www/trexzactyl/node_modules/@babel/runtime/helpers/esm/toPrimitive.js
<s> [webpack.Progress] 31% building 176/205 modules 29 active /var/www/trexzactyl/node_modules/source-map-loader/dist/cjs.js!/var/www/trexzactyl/node_modules/@babel/runtime/helpers/esm/toPrimitive.js
<s> [webpack.Progress] 31% building 177/205 modules 28 active /var/www/trexzactyl/node_modules/source-map-loader/dist/cjs.js!/var/www/trexzactyl/node_modules/@babel/runtime/helpers/esm/toPrimitive.js
<s> [webpack.Progress] 31% building 177/206 modules 29 active /var/www/trexzactyl/node_modules/source-map-loader/dist/cjs.js!/var/www/trexzactyl/node_modules/swr/dist/index.esm.js
<s> [webpack.Progress] 31% building 177/207 modules 30 active /var/www/trexzactyl/node_modules/babel-loader/lib/index.js!/var/www/trexzactyl/resources/scripts/api/server/databases/createServerDatabase.ts
<s> [webpack.Progress] 31% building 177/208 modules 31 active /var/www/trexzactyl/node_modules/source-map-loader/dist/cjs.js!/var/www/trexzactyl/node_modules/react-transition-group/esm/CSSTransition.js
<s> [webpack.Progress] 31% building 177/209 modules 32 active /var/www/trexzactyl/node_modules/source-map-loader/dist/cjs.js!/var/www/trexzactyl/node_modules/react-transition-group/esm/config.js
<s> [webpack.Progress] 31% building 177/210 modules 33 active /var/www/trexzactyl/node_modules/source-map-loader/dist/cjs.js!/var/www/trexzactyl/node_modules/react-transition-group/esm/Transition.js
<s> [webpack.Progress] 31% building 178/210 modules 32 active /var/www/trexzactyl/node_modules/source-map-loader/dist/cjs.js!/var/www/trexzactyl/node_modules/react-transition-group/esm/Transition.js
<s> [webpack.Progress] 31% building 179/210 modules 31 active /var/www/trexzactyl/node_modules/source-map-loader/dist/cjs.js!/var/www/trexzactyl/node_modules/react-transition-group/esm/Transition.js
<s> [webpack.Progress] 31% building 179/211 modules 32 active /var/www/trexzactyl/node_modules/source-map-loader/dist/cjs.js!/var/www/trexzactyl/node_modules/@babel/runtime/helpers/esm/arrayLikeToArray.js
<s> [webpack.Progress] 31% building 179/212 modules 33 active /var/www/trexzactyl/node_modules/source-map-loader/dist/cjs.js!/var/www/trexzactyl/node_modules/yup/es/index.js
<s> [webpack.Progress] 31% building 180/212 modules 32 active /var/www/trexzactyl/node_modules/source-map-loader/dist/cjs.js!/var/www/trexzactyl/node_modules/yup/es/index.js
<s> [webpack.Progress] 31% building 181/212 modules 31 active /var/www/trexzactyl/node_modules/source-map-loader/dist/cjs.js!/var/www/trexzactyl/node_modules/yup/es/index.js
<s> [webpack.Progress] 31% building 181/213 modules 32 active /var/www/trexzactyl/node_modules/babel-loader/lib/index.js!/var/www/trexzactyl/resources/scripts/api/server/databases/deleteServerDatabase.ts
<s> [webpack.Progress] 31% building 181/214 modules 33 active /var/www/trexzactyl/node_modules/source-map-loader/dist/cjs.js!/var/www/trexzactyl/node_modules/formik/dist/formik.esm.js
<s> [webpack.Progress] 31% building 181/215 modules 34 active /var/www/trexzactyl/node_modules/source-map-loader/dist/cjs.js!/var/www/trexzactyl/node_modules/reaptcha/dist/index.esm.js
<s> [webpack.Progress] 31% building 181/216 modules 35 active /var/www/trexzactyl/node_modules/babel-loader/lib/index.js!/var/www/trexzactyl/resources/scripts/components/elements/FormikFieldWrapper.tsx
<s> [webpack.Progress] 31% building 181/217 modules 36 active /var/www/trexzactyl/node_modules/source-map-loader/dist/cjs.js!/var/www/trexzactyl/node_modules/react-feather/dist/icons/activity.js
<s> [webpack.Progress] 31% building 182/217 modules 35 active /var/www/trexzactyl/node_modules/source-map-loader/dist/cjs.js!/var/www/trexzactyl/node_modules/react-feather/dist/icons/activity.js
<s> [webpack.Progress] 31% building 183/217 modules 34 active /var/www/trexzactyl/node_modules/source-map-loader/dist/cjs.js!/var/www/trexzactyl/node_modules/react-feather/dist/icons/activity.js
<s> [webpack.Progress] 31% building 183/218 modules 35 active /var/www/trexzactyl/node_modules/source-map-loader/dist/cjs.js!/var/www/trexzactyl/node_modules/use-sync-external-store/cjs/use-sync-external-store-shim/with-selector.development.js
<s> [webpack.Progress] 31% building 183/219 modules 36 active /var/www/trexzactyl/node_modules/source-map-loader/dist/cjs.js!/var/www/trexzactyl/node_modules/react-is/cjs/react-is.development.js
<s> [webpack.Progress] 32% building 184/219 modules 35 active /var/www/trexzactyl/node_modules/source-map-loader/dist/cjs.js!/var/www/trexzactyl/node_modules/react-is/cjs/react-is.development.js
<s> [webpack.Progress] 32% building 185/219 modules 34 active /var/www/trexzactyl/node_modules/source-map-loader/dist/cjs.js!/var/www/trexzactyl/node_modules/react-is/cjs/react-is.development.js
<s> [webpack.Progress] 32% building 185/220 modules 35 active /var/www/trexzactyl/node_modules/babel-loader/lib/index.js!/var/www/trexzactyl/resources/scripts/components/server/databases/RotatePasswordButton.tsx
<s> [webpack.Progress] 32% building 185/221 modules 36 active /var/www/trexzactyl/node_modules/babel-loader/lib/index.js!/var/www/trexzactyl/resources/scripts/api/account/createApiKey.ts
<s> [webpack.Progress] 32% building 186/221 modules 35 active /var/www/trexzactyl/node_modules/babel-loader/lib/index.js!/var/www/trexzactyl/resources/scripts/api/account/createApiKey.ts
<s> [webpack.Progress] 32% building 186/222 modules 36 active /var/www/trexzactyl/node_modules/source-map-loader/dist/cjs.js!/var/www/trexzactyl/node_modules/date-fns/esm/index.js
<s> [webpack.Progress] 32% building 186/223 modules 37 active /var/www/trexzactyl/node_modules/babel-loader/lib/index.js!/var/www/trexzactyl/resources/scripts/components/elements/tooltip/Tooltip.tsx
<s> [webpack.Progress] 32% building 186/224 modules 38 active /var/www/trexzactyl/node_modules/babel-loader/lib/index.js!/var/www/trexzactyl/resources/scripts/components/elements/CopyOnClick.tsx
<s> [webpack.Progress] 32% building 186/225 modules 39 active /var/www/trexzactyl/node_modules/babel-loader/lib/index.js!/var/www/trexzactyl/resources/scripts/components/elements/Modal.tsx
<s> [webpack.Progress] 32% building 186/226 modules 40 active /var/www/trexzactyl/node_modules/babel-loader/lib/index.js!/var/www/trexzactyl/resources/scripts/components/elements/button/types.ts
<s> [webpack.Progress] 32% building 187/226 modules 39 active /var/www/trexzactyl/node_modules/babel-loader/lib/index.js!/var/www/trexzactyl/resources/scripts/components/elements/button/types.ts
<s> [webpack.Progress] 32% building 188/226 modules 38 active /var/www/trexzactyl/node_modules/babel-loader/lib/index.js!/var/www/trexzactyl/resources/scripts/components/elements/button/types.ts
<s> [webpack.Progress] 32% building 189/226 modules 37 active /var/www/trexzactyl/node_modules/babel-loader/lib/index.js!/var/www/trexzactyl/resources/scripts/components/elements/button/types.ts
<s> [webpack.Progress] 32% building 190/226 modules 36 active /var/www/trexzactyl/node_modules/babel-loader/lib/index.js!/var/www/trexzactyl/resources/scripts/components/elements/button/types.ts
<s> [webpack.Progress] 32% building 190/227 modules 37 active /var/www/trexzactyl/node_modules/babel-loader/lib/index.js!/var/www/trexzactyl/resources/scripts/api/account/useReferralCode.ts
<s> [webpack.Progress] 32% building 191/227 modules 36 active /var/www/trexzactyl/node_modules/babel-loader/lib/index.js!/var/www/trexzactyl/resources/scripts/api/account/useReferralCode.ts
<s> [webpack.Progress] 33% building 192/227 modules 35 active /var/www/trexzactyl/node_modules/babel-loader/lib/index.js!/var/www/trexzactyl/resources/scripts/api/account/useReferralCode.ts
<s> [webpack.Progress] 33% building 193/227 modules 34 active /var/www/trexzactyl/node_modules/babel-loader/lib/index.js!/var/www/trexzactyl/resources/scripts/api/account/useReferralCode.ts
<s> [webpack.Progress] 33% building 193/228 modules 35 active /var/www/trexzactyl/node_modules/babel-loader/lib/index.js!/var/www/trexzactyl/resources/scripts/components/dashboard/ApiKeyModal.tsx
<s> [webpack.Progress] 33% building 193/229 modules 36 active /var/www/trexzactyl/node_modules/source-map-loader/dist/cjs.js!/var/www/trexzactyl/node_modules/cross-fetch/dist/browser-ponyfill.js
<s> [webpack.Progress] 33% building 194/229 modules 35 active /var/www/trexzactyl/node_modules/source-map-loader/dist/cjs.js!/var/www/trexzactyl/node_modules/cross-fetch/dist/browser-ponyfill.js
<s> [webpack.Progress] 33% building 195/229 modules 34 active /var/www/trexzactyl/node_modules/source-map-loader/dist/cjs.js!/var/www/trexzactyl/node_modules/cross-fetch/dist/browser-ponyfill.js
<s> [webpack.Progress] 33% building 195/230 modules 35 active /var/www/trexzactyl/node_modules/source-map-loader/dist/cjs.js!/var/www/trexzactyl/node_modules/path-to-regexp/index.js
<s> [webpack.Progress] 33% building 196/230 modules 34 active /var/www/trexzactyl/node_modules/source-map-loader/dist/cjs.js!/var/www/trexzactyl/node_modules/path-to-regexp/index.js
<s> [webpack.Progress] 33% building 197/230 modules 33 active /var/www/trexzactyl/node_modules/source-map-loader/dist/cjs.js!/var/www/trexzactyl/node_modules/path-to-regexp/index.js
<s> [webpack.Progress] 33% building 198/230 modules 32 active /var/www/trexzactyl/node_modules/source-map-loader/dist/cjs.js!/var/www/trexzactyl/node_modules/path-to-regexp/index.js
<s> [webpack.Progress] 33% building 199/230 modules 31 active /var/www/trexzactyl/node_modules/source-map-loader/dist/cjs.js!/var/www/trexzactyl/node_modules/path-to-regexp/index.js
<s> [webpack.Progress] 33% building 199/231 modules 32 active /var/www/trexzactyl/node_modules/babel-loader/lib/index.js!/var/www/trexzactyl/resources/scripts/plugins/useEventListener.ts
<s> [webpack.Progress] 33% building 199/232 modules 33 active /var/www/trexzactyl/node_modules/source-map-loader/dist/cjs.js!/var/www/trexzactyl/node_modules/prop-types/index.js
<s> [webpack.Progress] 34% building 200/232 modules 32 active /var/www/trexzactyl/node_modules/source-map-loader/dist/cjs.js!/var/www/trexzactyl/node_modules/prop-types/index.js
<s> [webpack.Progress] 34% building 200/233 modules 33 active /var/www/trexzactyl/node_modules/source-map-loader/dist/cjs.js!/var/www/trexzactyl/node_modules/hoist-non-react-statics/dist/hoist-non-react-statics.cjs.js
<s> [webpack.Progress] 34% building 201/233 modules 32 active /var/www/trexzactyl/node_modules/source-map-loader/dist/cjs.js!/var/www/trexzactyl/node_modules/hoist-non-react-statics/dist/hoist-non-react-statics.cjs.js
<s> [webpack.Progress] 34% building 201/234 modules 33 active /var/www/trexzactyl/node_modules/babel-loader/lib/index.js!/var/www/trexzactyl/resources/scripts/api/account/updateAccountUsername.ts
<s> [webpack.Progress] 34% building 201/235 modules 34 active /var/www/trexzactyl/node_modules/babel-loader/lib/index.js!/var/www/trexzactyl/resources/scripts/api/account/discord.ts
<s> [webpack.Progress] 34% building 202/235 modules 33 active /var/www/trexzactyl/node_modules/babel-loader/lib/index.js!/var/www/trexzactyl/resources/scripts/api/account/discord.ts
<s> [webpack.Progress] 34% building 202/236 modules 34 active /var/www/trexzactyl/node_modules/babel-loader/lib/index.js!/var/www/trexzactyl/resources/scripts/components/dashboard/search/SearchModal.tsx
<s> [webpack.Progress] 34% building 203/236 modules 33 active /var/www/trexzactyl/node_modules/babel-loader/lib/index.js!/var/www/trexzactyl/resources/scripts/components/dashboard/search/SearchModal.tsx
<s> [webpack.Progress] 34% building 203/237 modules 34 active /var/www/trexzactyl/node_modules/babel-loader/lib/index.js!/var/www/trexzactyl/resources/scripts/api/account/updateAccountPassword.ts
<s> [webpack.Progress] 34% building 204/237 modules 33 active /var/www/trexzactyl/node_modules/babel-loader/lib/index.js!/var/www/trexzactyl/resources/scripts/api/account/updateAccountPassword.ts
<s> [webpack.Progress] 34% building 205/237 modules 32 active /var/www/trexzactyl/node_modules/babel-loader/lib/index.js!/var/www/trexzactyl/resources/scripts/api/account/updateAccountPassword.ts
<s> [webpack.Progress] 34% building 206/237 modules 31 active /var/www/trexzactyl/node_modules/babel-loader/lib/index.js!/var/www/trexzactyl/resources/scripts/api/account/updateAccountPassword.ts
<s> [webpack.Progress] 34% building 207/237 modules 30 active /var/www/trexzactyl/node_modules/babel-loader/lib/index.js!/var/www/trexzactyl/resources/scripts/api/account/updateAccountPassword.ts
<s> [webpack.Progress] 34% building 208/237 modules 29 active /var/www/trexzactyl/node_modules/babel-loader/lib/index.js!/var/www/trexzactyl/resources/scripts/api/account/updateAccountPassword.ts
<s> [webpack.Progress] 34% building 208/238 modules 30 active /var/www/trexzactyl/node_modules/style-loader/dist/cjs.js!/var/www/trexzactyl/node_modules/css-loader/dist/cjs.js??ref--7-1!/var/www/trexzactyl/node_modules/postcss-loader/dist/cjs.js??ref--7-2!/var/www/trexzactyl/resources/scripts/components/elements/dialog/style.module.css
<s> [webpack.Progress] 35% building 209/238 modules 29 active /var/www/trexzactyl/node_modules/babel-loader/lib/index.js!/var/www/trexzactyl/resources/scripts/api/account/updateAccountPassword.ts
<s> [webpack.Progress] 35% building 209/239 modules 30 active /var/www/trexzactyl/node_modules/css-loader/dist/cjs.js??ref--7-1!/var/www/trexzactyl/node_modules/postcss-loader/dist/cjs.js??ref--7-2!/var/www/trexzactyl/resources/scripts/components/elements/dialog/style.module.css
<s> [webpack.Progress] 35% building 210/239 modules 29 active /var/www/trexzactyl/node_modules/css-loader/dist/cjs.js??ref--7-1!/var/www/trexzactyl/node_modules/postcss-loader/dist/cjs.js??ref--7-2!/var/www/trexzactyl/resources/scripts/components/elements/dialog/style.module.css
<s> [webpack.Progress] 35% building 211/239 modules 28 active /var/www/trexzactyl/node_modules/css-loader/dist/cjs.js??ref--7-1!/var/www/trexzactyl/node_modules/postcss-loader/dist/cjs.js??ref--7-2!/var/www/trexzactyl/resources/scripts/components/elements/dialog/style.module.css
<s> [webpack.Progress] 35% building 212/239 modules 27 active /var/www/trexzactyl/node_modules/css-loader/dist/cjs.js??ref--7-1!/var/www/trexzactyl/node_modules/postcss-loader/dist/cjs.js??ref--7-2!/var/www/trexzactyl/resources/scripts/components/elements/dialog/style.module.css
<s> [webpack.Progress] 35% building 212/240 modules 28 active /var/www/trexzactyl/node_modules/source-map-loader/dist/cjs.js!/var/www/trexzactyl/node_modules/@babel/runtime/helpers/arrayLikeToArray.js
<s> [webpack.Progress] 35% building 212/241 modules 29 active /var/www/trexzactyl/node_modules/source-map-loader/dist/cjs.js!/var/www/trexzactyl/node_modules/react-transition-group/esm/TransitionGroup.js
<s> [webpack.Progress] 35% building 212/242 modules 30 active /var/www/trexzactyl/node_modules/source-map-loader/dist/cjs.js!/var/www/trexzactyl/node_modules/react-transition-group/esm/SwitchTransition.js
<s> [webpack.Progress] 35% building 213/242 modules 29 active /var/www/trexzactyl/node_modules/source-map-loader/dist/cjs.js!/var/www/trexzactyl/node_modules/react-transition-group/esm/SwitchTransition.js
<s> [webpack.Progress] 35% building 214/242 modules 28 active /var/www/trexzactyl/node_modules/source-map-loader/dist/cjs.js!/var/www/trexzactyl/node_modules/react-transition-group/esm/SwitchTransition.js
<s> [webpack.Progress] 35% building 214/243 modules 29 active /var/www/trexzactyl/node_modules/babel-loader/lib/index.js!/var/www/trexzactyl/resources/scripts/components/dashboard/forms/DisableTOTPDialog.tsx
<s> [webpack.Progress] 35% building 215/243 modules 28 active /var/www/trexzactyl/node_modules/babel-loader/lib/index.js!/var/www/trexzactyl/resources/scripts/components/dashboard/forms/DisableTOTPDialog.tsx
<s> [webpack.Progress] 35% building 216/243 modules 27 active /var/www/trexzactyl/node_modules/babel-loader/lib/index.js!/var/www/trexzactyl/resources/scripts/components/dashboard/forms/DisableTOTPDialog.tsx
<s> [webpack.Progress] 35% building 216/244 modules 28 active /var/www/trexzactyl/node_modules/source-map-loader/dist/cjs.js!/var/www/trexzactyl/node_modules/react-transition-group/esm/ReplaceTransition.js
<s> [webpack.Progress] 35% building 216/245 modules 29 active /var/www/trexzactyl/node_modules/source-map-loader/dist/cjs.js!/var/www/trexzactyl/node_modules/react-feather/dist/icons/zoom-out.js
<s> [webpack.Progress] 35% building 216/246 modules 30 active /var/www/trexzactyl/node_modules/source-map-loader/dist/cjs.js!/var/www/trexzactyl/node_modules/react-feather/dist/icons/zoom-in.js
<s> [webpack.Progress] 35% building 216/247 modules 31 active /var/www/trexzactyl/node_modules/source-map-loader/dist/cjs.js!/var/www/trexzactyl/node_modules/react-feather/dist/icons/zap.js
<s> [webpack.Progress] 35% building 216/248 modules 32 active /var/www/trexzactyl/node_modules/source-map-loader/dist/cjs.js!/var/www/trexzactyl/node_modules/react-feather/dist/icons/zap-off.js
<s> [webpack.Progress] 36% building 217/248 modules 31 active /var/www/trexzactyl/node_modules/source-map-loader/dist/cjs.js!/var/www/trexzactyl/node_modules/react-feather/dist/icons/zap-off.js
<s> [webpack.Progress] 36% building 218/248 modules 30 active /var/www/trexzactyl/node_modules/source-map-loader/dist/cjs.js!/var/www/trexzactyl/node_modules/react-feather/dist/icons/zap-off.js
<s> [webpack.Progress] 36% building 218/249 modules 31 active /var/www/trexzactyl/node_modules/source-map-loader/dist/cjs.js!/var/www/trexzactyl/node_modules/react-feather/dist/icons/youtube.js
<s> [webpack.Progress] 36% building 218/250 modules 32 active /var/www/trexzactyl/node_modules/source-map-loader/dist/cjs.js!/var/www/trexzactyl/node_modules/react-feather/dist/icons/x.js
<s> [webpack.Progress] 36% building 218/251 modules 33 active /var/www/trexzactyl/node_modules/source-map-loader/dist/cjs.js!/var/www/trexzactyl/node_modules/react-feather/dist/icons/x-square.js
<s> [webpack.Progress] 36% building 218/252 modules 34 active /var/www/trexzactyl/node_modules/source-map-loader/dist/cjs.js!/var/www/trexzactyl/node_modules/react-feather/dist/icons/x-octagon.js
<s> [webpack.Progress] 36% building 218/253 modules 35 active /var/www/trexzactyl/node_modules/source-map-loader/dist/cjs.js!/var/www/trexzactyl/node_modules/react-feather/dist/icons/x-circle.js
<s> [webpack.Progress] 36% building 218/254 modules 36 active /var/www/trexzactyl/node_modules/source-map-loader/dist/cjs.js!/var/www/trexzactyl/node_modules/react-feather/dist/icons/wind.js
<s> [webpack.Progress] 36% building 218/255 modules 37 active /var/www/trexzactyl/node_modules/source-map-loader/dist/cjs.js!/var/www/trexzactyl/node_modules/react-feather/dist/icons/wifi-off.js
<s> [webpack.Progress] 36% building 218/256 modules 38 active /var/www/trexzactyl/node_modules/source-map-loader/dist/cjs.js!/var/www/trexzactyl/node_modules/react-feather/dist/icons/watch.js
<s> [webpack.Progress] 36% building 218/257 modules 39 active /var/www/trexzactyl/node_modules/source-map-loader/dist/cjs.js!/var/www/trexzactyl/node_modules/react-feather/dist/icons/wifi.js
<s> [webpack.Progress] 36% building 218/258 modules 40 active /var/www/trexzactyl/node_modules/source-map-loader/dist/cjs.js!/var/www/trexzactyl/node_modules/react-feather/dist/icons/volume.js
<s> [webpack.Progress] 36% building 218/259 modules 41 active /var/www/trexzactyl/node_modules/source-map-loader/dist/cjs.js!/var/www/trexzactyl/node_modules/react-feather/dist/icons/volume-x.js
<s> [webpack.Progress] 36% building 219/259 modules 40 active /var/www/trexzactyl/node_modules/source-map-loader/dist/cjs.js!/var/www/trexzactyl/node_modules/react-feather/dist/icons/volume-x.js
<s> [webpack.Progress] 36% building 219/260 modules 41 active /var/www/trexzactyl/node_modules/source-map-loader/dist/cjs.js!/var/www/trexzactyl/node_modules/react-feather/dist/icons/volume-2.js
<s> [webpack.Progress] 36% building 219/261 modules 42 active /var/www/trexzactyl/node_modules/source-map-loader/dist/cjs.js!/var/www/trexzactyl/node_modules/react-feather/dist/icons/volume-1.js
<s> [webpack.Progress] 36% building 219/262 modules 43 active /var/www/trexzactyl/node_modules/source-map-loader/dist/cjs.js!/var/www/trexzactyl/node_modules/react-feather/dist/icons/voicemail.js
<s> [webpack.Progress] 36% building 219/263 modules 44 active /var/www/trexzactyl/node_modules/source-map-loader/dist/cjs.js!/var/www/trexzactyl/node_modules/react-feather/dist/icons/video.js
<s> [webpack.Progress] 36% building 219/264 modules 45 active /var/www/trexzactyl/node_modules/source-map-loader/dist/cjs.js!/var/www/trexzactyl/node_modules/react-feather/dist/icons/video-off.js
<s> [webpack.Progress] 36% building 219/265 modules 46 active /var/www/trexzactyl/node_modules/source-map-loader/dist/cjs.js!/var/www/trexzactyl/node_modules/react-feather/dist/icons/users.js
<s> [webpack.Progress] 36% building 219/266 modules 47 active /var/www/trexzactyl/node_modules/source-map-loader/dist/cjs.js!/var/www/trexzactyl/node_modules/react-feather/dist/icons/user.js
<s> [webpack.Progress] 36% building 219/267 modules 48 active /var/www/trexzactyl/node_modules/source-map-loader/dist/cjs.js!/var/www/trexzactyl/node_modules/react-feather/dist/icons/user-x.js
<s> [webpack.Progress] 36% building 219/268 modules 49 active /var/www/trexzactyl/node_modules/source-map-loader/dist/cjs.js!/var/www/trexzactyl/node_modules/react-feather/dist/icons/user-plus.js
<s> [webpack.Progress] 36% building 219/269 modules 50 active /var/www/trexzactyl/node_modules/source-map-loader/dist/cjs.js!/var/www/trexzactyl/node_modules/react-feather/dist/icons/user-minus.js
<s> [webpack.Progress] 36% building 219/270 modules 51 active /var/www/trexzactyl/node_modules/source-map-loader/dist/cjs.js!/var/www/trexzactyl/node_modules/react-feather/dist/icons/user-check.js
<s> [webpack.Progress] 36% building 219/271 modules 52 active /var/www/trexzactyl/node_modules/source-map-loader/dist/cjs.js!/var/www/trexzactyl/node_modules/react-feather/dist/icons/upload.js
<s> [webpack.Progress] 36% building 219/272 modules 53 active /var/www/trexzactyl/node_modules/source-map-loader/dist/cjs.js!/var/www/trexzactyl/node_modules/react-feather/dist/icons/upload-cloud.js
<s> [webpack.Progress] 36% building 219/273 modules 54 active /var/www/trexzactyl/node_modules/source-map-loader/dist/cjs.js!/var/www/trexzactyl/node_modules/react-feather/dist/icons/unlock.js
<s> [webpack.Progress] 36% building 219/274 modules 55 active /var/www/trexzactyl/node_modules/babel-loader/lib/index.js!/var/www/trexzactyl/resources/scripts/components/elements/dialog/context.ts
<s> [webpack.Progress] 36% building 219/275 modules 56 active /var/www/trexzactyl/node_modules/babel-loader/lib/index.js!/var/www/trexzactyl/resources/scripts/components/elements/dialog/types.d.ts
<s> [webpack.Progress] 36% building 220/275 modules 55 active /var/www/trexzactyl/node_modules/babel-loader/lib/index.js!/var/www/trexzactyl/resources/scripts/components/elements/dialog/types.d.ts
<s> [webpack.Progress] 36% building 221/275 modules 54 active /var/www/trexzactyl/node_modules/babel-loader/lib/index.js!/var/www/trexzactyl/resources/scripts/components/elements/dialog/types.d.ts
<s> [webpack.Progress] 36% building 222/275 modules 53 active /var/www/trexzactyl/node_modules/babel-loader/lib/index.js!/var/www/trexzactyl/resources/scripts/components/elements/dialog/types.d.ts
<s> [webpack.Progress] 36% building 223/275 modules 52 active /var/www/trexzactyl/node_modules/babel-loader/lib/index.js!/var/www/trexzactyl/resources/scripts/components/elements/dialog/types.d.ts
<s> [webpack.Progress] 36% building 223/276 modules 53 active /var/www/trexzactyl/node_modules/source-map-loader/dist/cjs.js!/var/www/trexzactyl/node_modules/react-feather/dist/icons/underline.js
<s> [webpack.Progress] 36% building 223/277 modules 54 active /var/www/trexzactyl/node_modules/source-map-loader/dist/cjs.js!/var/www/trexzactyl/node_modules/react-feather/dist/icons/umbrella.js
<s> [webpack.Progress] 36% building 224/277 modules 53 active /var/www/trexzactyl/node_modules/source-map-loader/dist/cjs.js!/var/www/trexzactyl/node_modules/react-feather/dist/icons/umbrella.js
<s> [webpack.Progress] 37% building 225/277 modules 52 active /var/www/trexzactyl/node_modules/source-map-loader/dist/cjs.js!/var/www/trexzactyl/node_modules/react-feather/dist/icons/umbrella.js
<s> [webpack.Progress] 37% building 225/278 modules 53 active /var/www/trexzactyl/node_modules/babel-loader/lib/index.js!/var/www/trexzactyl/resources/scripts/api/definitions/user/index.ts
<s> [webpack.Progress] 37% building 226/278 modules 52 active /var/www/trexzactyl/node_modules/babel-loader/lib/index.js!/var/www/trexzactyl/resources/scripts/api/definitions/user/index.ts
<s> [webpack.Progress] 37% building 226/279 modules 53 active /var/www/trexzactyl/node_modules/babel-loader/lib/index.js!/var/www/trexzactyl/resources/scripts/components/elements/dialog/Dialog.tsx
<s> [webpack.Progress] 37% building 226/280 modules 54 active /var/www/trexzactyl/node_modules/source-map-loader/dist/cjs.js!/var/www/trexzactyl/node_modules/axios/lib/utils.js
<s> [webpack.Progress] 37% building 227/280 modules 53 active /var/www/trexzactyl/node_modules/source-map-loader/dist/cjs.js!/var/www/trexzactyl/node_modules/axios/lib/utils.js
<s> [webpack.Progress] 37% building 227/281 modules 54 active /var/www/trexzactyl/node_modules/babel-loader/lib/index.js!/var/www/trexzactyl/resources/scripts/api/server/schedules/deleteSchedule.ts
<s> [webpack.Progress] 37% building 227/282 modules 55 active /var/www/trexzactyl/node_modules/babel-loader/lib/index.js!/var/www/trexzactyl/resources/scripts/api/server/schedules/triggerScheduleExecution.ts
<s> [webpack.Progress] 37% building 228/282 modules 54 active /var/www/trexzactyl/node_modules/babel-loader/lib/index.js!/var/www/trexzactyl/resources/scripts/api/server/schedules/triggerScheduleExecution.ts
<s> [webpack.Progress] 37% building 229/282 modules 53 active /var/www/trexzactyl/node_modules/babel-loader/lib/index.js!/var/www/trexzactyl/resources/scripts/api/server/schedules/triggerScheduleExecution.ts
<s> [webpack.Progress] 37% building 229/283 modules 54 active /var/www/trexzactyl/node_modules/babel-loader/lib/index.js!/var/www/trexzactyl/resources/scripts/components/elements/dialog/ConfirmationDialog.tsx
<s> [webpack.Progress] 37% building 229/284 modules 55 active /var/www/trexzactyl/node_modules/babel-loader/lib/index.js!/var/www/trexzactyl/resources/scripts/api/account/activity.ts
<s> [webpack.Progress] 37% building 229/285 modules 56 active /var/www/trexzactyl/node_modules/babel-loader/lib/index.js!/var/www/trexzactyl/resources/scripts/components/elements/dialog/DialogIcon.tsx
<s> [webpack.Progress] 37% building 230/285 modules 55 active /var/www/trexzactyl/node_modules/babel-loader/lib/index.js!/var/www/trexzactyl/resources/scripts/components/elements/dialog/DialogIcon.tsx
<s> [webpack.Progress] 37% building 230/286 modules 56 active /var/www/trexzactyl/node_modules/babel-loader/lib/index.js!/var/www/trexzactyl/resources/scripts/components/elements/dialog/DialogFooter.tsx
<s> [webpack.Progress] 37% building 230/287 modules 57 active /var/www/trexzactyl/node_modules/source-map-loader/dist/cjs.js!/var/www/trexzactyl/node_modules/axios/lib/helpers/isAxiosError.js
<s> [webpack.Progress] 37% building 230/288 modules 58 active /var/www/trexzactyl/node_modules/source-map-loader/dist/cjs.js!/var/www/trexzactyl/node_modules/axios/lib/helpers/toFormData.js
<s> [webpack.Progress] 37% building 230/289 modules 59 active /var/www/trexzactyl/node_modules/source-map-loader/dist/cjs.js!/var/www/trexzactyl/node_modules/axios/lib/helpers/formDataToJSON.js
<s> [webpack.Progress] 37% building 230/290 modules 60 active /var/www/trexzactyl/node_modules/source-map-loader/dist/cjs.js!/var/www/trexzactyl/node_modules/axios/lib/helpers/spread.js
<s> [webpack.Progress] 37% building 231/290 modules 59 active /var/www/trexzactyl/node_modules/source-map-loader/dist/cjs.js!/var/www/trexzactyl/node_modules/axios/lib/helpers/spread.js
<s> [webpack.Progress] 37% building 232/290 modules 58 active /var/www/trexzactyl/node_modules/source-map-loader/dist/cjs.js!/var/www/trexzactyl/node_modules/axios/lib/helpers/spread.js
<s> [webpack.Progress] 37% building 233/290 modules 57 active /var/www/trexzactyl/node_modules/source-map-loader/dist/cjs.js!/var/www/trexzactyl/node_modules/axios/lib/helpers/spread.js
<s> [webpack.Progress] 37% building 233/291 modules 58 active /var/www/trexzactyl/node_modules/source-map-loader/dist/cjs.js!/var/www/trexzactyl/node_modules/axios/lib/core/AxiosError.js
<s> [webpack.Progress] 37% building 233/292 modules 59 active /var/www/trexzactyl/node_modules/source-map-loader/dist/cjs.js!/var/www/trexzactyl/node_modules/axios/lib/env/data.js
<s> [webpack.Progress] 37% building 233/293 modules 60 active /var/www/trexzactyl/node_modules/source-map-loader/dist/cjs.js!/var/www/trexzactyl/node_modules/axios/lib/cancel/isCancel.js
<s> [webpack.Progress] 37% building 233/294 modules 61 active /var/www/trexzactyl/node_modules/source-map-loader/dist/cjs.js!/var/www/trexzactyl/node_modules/axios/lib/cancel/CancelToken.js
<s> [webpack.Progress] 37% building 233/295 modules 62 active /var/www/trexzactyl/node_modules/source-map-loader/dist/cjs.js!/var/www/trexzactyl/node_modules/axios/lib/cancel/CanceledError.js
<s> [webpack.Progress] 38% building 234/295 modules 61 active /var/www/trexzactyl/node_modules/source-map-loader/dist/cjs.js!/var/www/trexzactyl/node_modules/axios/lib/cancel/CanceledError.js
<s> [webpack.Progress] 38% building 234/296 modules 62 active /var/www/trexzactyl/node_modules/babel-loader/lib/index.js!/var/www/trexzactyl/resources/scripts/api/server/databases/rotateDatabasePassword.ts
<s> [webpack.Progress] 38% building 235/296 modules 61 active /var/www/trexzactyl/node_modules/babel-loader/lib/index.js!/var/www/trexzactyl/resources/scripts/api/server/databases/rotateDatabasePassword.ts
<s> [webpack.Progress] 38% building 235/297 modules 62 active /var/www/trexzactyl/node_modules/source-map-loader/dist/cjs.js!/var/www/trexzactyl/node_modules/date-fns/esm/constants/index.js
<s> [webpack.Progress] 38% building 236/297 modules 61 active /var/www/trexzactyl/node_modules/source-map-loader/dist/cjs.js!/var/www/trexzactyl/node_modules/date-fns/esm/constants/index.js
<s> [webpack.Progress] 38% building 237/297 modules 60 active /var/www/trexzactyl/node_modules/source-map-loader/dist/cjs.js!/var/www/trexzactyl/node_modules/date-fns/esm/constants/index.js
<s> [webpack.Progress] 38% building 237/298 modules 61 active /var/www/trexzactyl/node_modules/babel-loader/lib/index.js!/var/www/trexzactyl/resources/scripts/components/elements/activity/ActivityLogEntry.tsx
<s> [webpack.Progress] 38% building 238/298 modules 60 active /var/www/trexzactyl/node_modules/babel-loader/lib/index.js!/var/www/trexzactyl/resources/scripts/components/elements/activity/ActivityLogEntry.tsx
<s> [webpack.Progress] 38% building 239/298 modules 59 active /var/www/trexzactyl/node_modules/babel-loader/lib/index.js!/var/www/trexzactyl/resources/scripts/components/elements/activity/ActivityLogEntry.tsx
<s> [webpack.Progress] 38% building 239/299 modules 60 active /var/www/trexzactyl/node_modules/babel-loader/lib/index.js!/var/www/trexzactyl/resources/scripts/components/elements/InputError.tsx
<s> [webpack.Progress] 38% building 240/299 modules 59 active /var/www/trexzactyl/node_modules/babel-loader/lib/index.js!/var/www/trexzactyl/resources/scripts/components/elements/InputError.tsx
<s> [webpack.Progress] 38% building 241/299 modules 58 active /var/www/trexzactyl/node_modules/babel-loader/lib/index.js!/var/www/trexzactyl/resources/scripts/components/elements/InputError.tsx
<s> [webpack.Progress] 39% building 242/299 modules 57 active /var/www/trexzactyl/node_modules/babel-loader/lib/index.js!/var/www/trexzactyl/resources/scripts/components/elements/InputError.tsx
<s> [webpack.Progress] 39% building 243/299 modules 56 active /var/www/trexzactyl/node_modules/babel-loader/lib/index.js!/var/www/trexzactyl/resources/scripts/components/elements/InputError.tsx
<s> [webpack.Progress] 39% building 244/299 modules 55 active /var/www/trexzactyl/node_modules/babel-loader/lib/index.js!/var/www/trexzactyl/resources/scripts/components/elements/InputError.tsx
<s> [webpack.Progress] 39% building 245/299 modules 54 active /var/www/trexzactyl/node_modules/babel-loader/lib/index.js!/var/www/trexzactyl/resources/scripts/components/elements/InputError.tsx
<s> [webpack.Progress] 39% building 246/299 modules 53 active /var/www/trexzactyl/node_modules/babel-loader/lib/index.js!/var/www/trexzactyl/resources/scripts/components/elements/InputError.tsx
<s> [webpack.Progress] 39% building 247/299 modules 52 active /var/www/trexzactyl/node_modules/babel-loader/lib/index.js!/var/www/trexzactyl/resources/scripts/components/elements/InputError.tsx
<s> [webpack.Progress] 39% building 248/299 modules 51 active /var/www/trexzactyl/node_modules/babel-loader/lib/index.js!/var/www/trexzactyl/resources/scripts/components/elements/InputError.tsx
<s> [webpack.Progress] 39% building 249/299 modules 50 active /var/www/trexzactyl/node_modules/babel-loader/lib/index.js!/var/www/trexzactyl/resources/scripts/components/elements/InputError.tsx
<s> [webpack.Progress] 40% building 250/299 modules 49 active /var/www/trexzactyl/node_modules/babel-loader/lib/index.js!/var/www/trexzactyl/resources/scripts/components/elements/InputError.tsx
<s> [webpack.Progress] 40% building 251/299 modules 48 active /var/www/trexzactyl/node_modules/babel-loader/lib/index.js!/var/www/trexzactyl/resources/scripts/components/elements/InputError.tsx
<s> [webpack.Progress] 40% building 252/299 modules 47 active /var/www/trexzactyl/node_modules/babel-loader/lib/index.js!/var/www/trexzactyl/resources/scripts/components/elements/InputError.tsx
<s> [webpack.Progress] 40% building 253/299 modules 46 active /var/www/trexzactyl/node_modules/babel-loader/lib/index.js!/var/www/trexzactyl/resources/scripts/components/elements/InputError.tsx
<s> [webpack.Progress] 40% building 254/299 modules 45 active /var/www/trexzactyl/node_modules/babel-loader/lib/index.js!/var/www/trexzactyl/resources/scripts/components/elements/InputError.tsx
<s> [webpack.Progress] 40% building 255/299 modules 44 active /var/www/trexzactyl/node_modules/babel-loader/lib/index.js!/var/www/trexzactyl/resources/scripts/components/elements/InputError.tsx
<s> [webpack.Progress] 40% building 256/299 modules 43 active /var/www/trexzactyl/node_modules/babel-loader/lib/index.js!/var/www/trexzactyl/resources/scripts/components/elements/InputError.tsx
<s> [webpack.Progress] 40% building 257/299 modules 42 active /var/www/trexzactyl/node_modules/babel-loader/lib/index.js!/var/www/trexzactyl/resources/scripts/components/elements/InputError.tsx
<s> [webpack.Progress] 40% building 258/299 modules 41 active /var/www/trexzactyl/node_modules/babel-loader/lib/index.js!/var/www/trexzactyl/resources/scripts/components/elements/InputError.tsx
<s> [webpack.Progress] 41% building 259/299 modules 40 active /var/www/trexzactyl/node_modules/babel-loader/lib/index.js!/var/www/trexzactyl/resources/scripts/components/elements/InputError.tsx
<s> [webpack.Progress] 41% building 260/299 modules 39 active /var/www/trexzactyl/node_modules/babel-loader/lib/index.js!/var/www/trexzactyl/resources/scripts/components/elements/InputError.tsx
<s> [webpack.Progress] 41% building 261/299 modules 38 active /var/www/trexzactyl/node_modules/babel-loader/lib/index.js!/var/www/trexzactyl/resources/scripts/components/elements/InputError.tsx
<s> [webpack.Progress] 41% building 262/299 modules 37 active /var/www/trexzactyl/node_modules/babel-loader/lib/index.js!/var/www/trexzactyl/resources/scripts/components/elements/InputError.tsx
<s> [webpack.Progress] 41% building 263/299 modules 36 active /var/www/trexzactyl/node_modules/babel-loader/lib/index.js!/var/www/trexzactyl/resources/scripts/components/elements/InputError.tsx
<s> [webpack.Progress] 41% building 264/299 modules 35 active /var/www/trexzactyl/node_modules/babel-loader/lib/index.js!/var/www/trexzactyl/resources/scripts/components/elements/InputError.tsx
<s> [webpack.Progress] 41% building 265/299 modules 34 active /var/www/trexzactyl/node_modules/babel-loader/lib/index.js!/var/www/trexzactyl/resources/scripts/components/elements/InputError.tsx
<s> [webpack.Progress] 41% building 266/299 modules 33 active /var/www/trexzactyl/node_modules/babel-loader/lib/index.js!/var/www/trexzactyl/resources/scripts/components/elements/InputError.tsx
<s> [webpack.Progress] 41% building 266/300 modules 34 active /var/www/trexzactyl/node_modules/source-map-loader/dist/cjs.js!/var/www/trexzactyl/node_modules/react-transition-group/esm/TransitionGroupContext.js
<s> [webpack.Progress] 41% building 266/301 modules 35 active /var/www/trexzactyl/node_modules/source-map-loader/dist/cjs.js!/var/www/trexzactyl/node_modules/yup/es/mixed.js
<s> [webpack.Progress] 42% building 267/301 modules 34 active /var/www/trexzactyl/node_modules/source-map-loader/dist/cjs.js!/var/www/trexzactyl/node_modules/yup/es/mixed.js
<s> [webpack.Progress] 42% building 268/301 modules 33 active /var/www/trexzactyl/node_modules/source-map-loader/dist/cjs.js!/var/www/trexzactyl/node_modules/yup/es/mixed.js
<s> [webpack.Progress] 42% building 269/301 modules 32 active /var/www/trexzactyl/node_modules/source-map-loader/dist/cjs.js!/var/www/trexzactyl/node_modules/yup/es/mixed.js
<s> [webpack.Progress] 42% building 269/302 modules 33 active /var/www/trexzactyl/node_modules/source-map-loader/dist/cjs.js!/var/www/trexzactyl/node_modules/yup/es/setLocale.js
<s> [webpack.Progress] 42% building 269/303 modules 34 active /var/www/trexzactyl/node_modules/source-map-loader/dist/cjs.js!/var/www/trexzactyl/node_modules/react-dom/node_modules/scheduler/index.js
<s> [webpack.Progress] 42% building 270/303 modules 33 active /var/www/trexzactyl/node_modules/source-map-loader/dist/cjs.js!/var/www/trexzactyl/node_modules/react-dom/node_modules/scheduler/index.js
<s> [webpack.Progress] 42% building 270/304 modules 34 active /var/www/trexzactyl/node_modules/source-map-loader/dist/cjs.js!/var/www/trexzactyl/node_modules/classnames/index.js
<s> [webpack.Progress] 42% building 271/304 modules 33 active /var/www/trexzactyl/node_modules/source-map-loader/dist/cjs.js!/var/www/trexzactyl/node_modules/classnames/index.js
<s> [webpack.Progress] 42% building 272/304 modules 32 active /var/www/trexzactyl/node_modules/source-map-loader/dist/cjs.js!/var/www/trexzactyl/node_modules/classnames/index.js
<s> [webpack.Progress] 42% building 273/304 modules 31 active /var/www/trexzactyl/node_modules/source-map-loader/dist/cjs.js!/var/www/trexzactyl/node_modules/classnames/index.js
<s> [webpack.Progress] 42% building 274/304 modules 30 active /var/www/trexzactyl/node_modules/source-map-loader/dist/cjs.js!/var/www/trexzactyl/node_modules/classnames/index.js
<s> [webpack.Progress] 42% building 274/305 modules 31 active /var/www/trexzactyl/node_modules/babel-loader/lib/index.js!/var/www/trexzactyl/resources/scripts/context/ModalContext.ts
<s> [webpack.Progress] 42% building 274/306 modules 32 active /var/www/trexzactyl/node_modules/babel-loader/lib/index.js!/var/www/trexzactyl/resources/scripts/hoc/asModal.tsx
<s> [webpack.Progress] 42% building 274/307 modules 33 active /var/www/trexzactyl/node_modules/source-map-loader/dist/cjs.js!/var/www/trexzactyl/node_modules/react-transition-group/esm/utils/reflow.js
<s> [webpack.Progress] 42% building 274/308 modules 34 active /var/www/trexzactyl/node_modules/source-map-loader/dist/cjs.js!/var/www/trexzactyl/node_modules/react-transition-group/esm/utils/PropTypes.js
<s> [webpack.Progress] 43% building 275/308 modules 33 active /var/www/trexzactyl/node_modules/source-map-loader/dist/cjs.js!/var/www/trexzactyl/node_modules/react-transition-group/esm/utils/PropTypes.js
<s> [webpack.Progress] 43% building 275/309 modules 34 active /var/www/trexzactyl/node_modules/source-map-loader/dist/cjs.js!/var/www/trexzactyl/node_modules/yup/es/ValidationError.js
<s> [webpack.Progress] 43% building 276/309 modules 33 active /var/www/trexzactyl/node_modules/source-map-loader/dist/cjs.js!/var/www/trexzactyl/node_modules/yup/es/ValidationError.js
<s> [webpack.Progress] 43% building 277/309 modules 32 active /var/www/trexzactyl/node_modules/source-map-loader/dist/cjs.js!/var/www/trexzactyl/node_modules/yup/es/ValidationError.js
<s> [webpack.Progress] 43% building 278/309 modules 31 active /var/www/trexzactyl/node_modules/source-map-loader/dist/cjs.js!/var/www/trexzactyl/node_modules/yup/es/ValidationError.js
<s> [webpack.Progress] 43% building 278/310 modules 32 active /var/www/trexzactyl/node_modules/babel-loader/lib/index.js!/var/www/trexzactyl/resources/scripts/components/elements/Portal.tsx
<s> [webpack.Progress] 43% building 279/310 modules 31 active /var/www/trexzactyl/node_modules/babel-loader/lib/index.js!/var/www/trexzactyl/resources/scripts/components/elements/Portal.tsx
<s> [webpack.Progress] 43% building 279/311 modules 32 active /var/www/trexzactyl/node_modules/babel-loader/lib/index.js!/var/www/trexzactyl/resources/scripts/api/getServers.ts
<s> [webpack.Progress] 43% building 280/311 modules 31 active /var/www/trexzactyl/node_modules/babel-loader/lib/index.js!/var/www/trexzactyl/resources/scripts/api/getServers.ts
<s> [webpack.Progress] 43% building 281/311 modules 30 active /var/www/trexzactyl/node_modules/babel-loader/lib/index.js!/var/www/trexzactyl/resources/scripts/api/getServers.ts
<s> [webpack.Progress] 43% building 282/311 modules 29 active /var/www/trexzactyl/node_modules/babel-loader/lib/index.js!/var/www/trexzactyl/resources/scripts/api/getServers.ts
<s> [webpack.Progress] 43% building 282/312 modules 30 active /var/www/trexzactyl/node_modules/source-map-loader/dist/cjs.js!/var/www/trexzactyl/node_modules/yup/es/util/isSchema.js
<s> [webpack.Progress] 43% building 282/313 modules 31 active /var/www/trexzactyl/node_modules/source-map-loader/dist/cjs.js!/var/www/trexzactyl/node_modules/yup/es/util/reach.js
<s> [webpack.Progress] 43% building 283/313 modules 30 active /var/www/trexzactyl/node_modules/source-map-loader/dist/cjs.js!/var/www/trexzactyl/node_modules/yup/es/util/reach.js
<s> [webpack.Progress] 44% building 284/313 modules 29 active /var/www/trexzactyl/node_modules/source-map-loader/dist/cjs.js!/var/www/trexzactyl/node_modules/yup/es/util/reach.js
<s> [webpack.Progress] 44% building 285/313 modules 28 active /var/www/trexzactyl/node_modules/source-map-loader/dist/cjs.js!/var/www/trexzactyl/node_modules/yup/es/util/reach.js
<s> [webpack.Progress] 44% building 286/313 modules 27 active /var/www/trexzactyl/node_modules/source-map-loader/dist/cjs.js!/var/www/trexzactyl/node_modules/yup/es/util/reach.js
<s> [webpack.Progress] 44% building 287/313 modules 26 active /var/www/trexzactyl/node_modules/source-map-loader/dist/cjs.js!/var/www/trexzactyl/node_modules/yup/es/util/reach.js
<s> [webpack.Progress] 44% building 287/314 modules 27 active /var/www/trexzactyl/node_modules/source-map-loader/dist/cjs.js!/var/www/trexzactyl/node_modules/date-fns/esm/add/index.js
<s> [webpack.Progress] 44% building 287/315 modules 28 active /var/www/trexzactyl/node_modules/source-map-loader/dist/cjs.js!/var/www/trexzactyl/node_modules/date-fns/esm/yearsToQuarters/index.js
<s> [webpack.Progress] 44% building 287/316 modules 29 active /var/www/trexzactyl/node_modules/babel-loader/lib/index.js!/var/www/trexzactyl/resources/scripts/components/elements/InputSpinner.tsx
<s> [webpack.Progress] 44% building 288/316 modules 28 active /var/www/trexzactyl/node_modules/babel-loader/lib/index.js!/var/www/trexzactyl/resources/scripts/components/elements/InputSpinner.tsx
<s> [webpack.Progress] 44% building 289/316 modules 27 active /var/www/trexzactyl/node_modules/babel-loader/lib/index.js!/var/www/trexzactyl/resources/scripts/components/elements/InputSpinner.tsx
<s> [webpack.Progress] 44% building 289/317 modules 28 active /var/www/trexzactyl/node_modules/source-map-loader/dist/cjs.js!/var/www/trexzactyl/node_modules/styled-components-breakpoint/dist/index.m.js
<s> [webpack.Progress] 44% building 289/318 modules 29 active /var/www/trexzactyl/node_modules/babel-loader/lib/index.js!/var/www/trexzactyl/resources/scripts/api/account/disableAccountTwoFactor.ts
<s> [webpack.Progress] 44% building 289/319 modules 30 active /var/www/trexzactyl/node_modules/babel-loader/lib/index.js!/var/www/trexzactyl/resources/scripts/lib/formatters.ts
<s> [webpack.Progress] 44% building 290/319 modules 29 active /var/www/trexzactyl/node_modules/babel-loader/lib/index.js!/var/www/trexzactyl/resources/scripts/lib/formatters.ts
<s> [webpack.Progress] 44% building 291/319 modules 28 active /var/www/trexzactyl/node_modules/babel-loader/lib/index.js!/var/www/trexzactyl/resources/scripts/lib/formatters.ts
<s> [webpack.Progress] 45% building 292/319 modules 27 active /var/www/trexzactyl/node_modules/babel-loader/lib/index.js!/var/www/trexzactyl/resources/scripts/lib/formatters.ts
<s> [webpack.Progress] 45% building 292/320 modules 28 active /var/www/trexzactyl/node_modules/source-map-loader/dist/cjs.js!/var/www/trexzactyl/node_modules/prop-types/factoryWithTypeCheckers.js
<s> [webpack.Progress] 45% building 293/320 modules 27 active /var/www/trexzactyl/node_modules/source-map-loader/dist/cjs.js!/var/www/trexzactyl/node_modules/prop-types/factoryWithTypeCheckers.js
<s> [webpack.Progress] 45% building 294/320 modules 26 active /var/www/trexzactyl/node_modules/source-map-loader/dist/cjs.js!/var/www/trexzactyl/node_modules/prop-types/factoryWithTypeCheckers.js
<s> [webpack.Progress] 45% building 295/320 modules 25 active /var/www/trexzactyl/node_modules/source-map-loader/dist/cjs.js!/var/www/trexzactyl/node_modules/prop-types/factoryWithTypeCheckers.js
<s> [webpack.Progress] 45% building 295/321 modules 26 active /var/www/trexzactyl/node_modules/source-map-loader/dist/cjs.js!/var/www/trexzactyl/node_modules/date-fns/esm/yearsToMonths/index.js
<s> [webpack.Progress] 45% building 296/321 modules 25 active /var/www/trexzactyl/node_modules/source-map-loader/dist/cjs.js!/var/www/trexzactyl/node_modules/date-fns/esm/yearsToMonths/index.js
<s> [webpack.Progress] 45% building 296/322 modules 26 active /var/www/trexzactyl/node_modules/babel-loader/lib/index.js!/var/www/trexzactyl/resources/scripts/api/definitions/user/models.d.ts
<s> [webpack.Progress] 45% building 296/323 modules 27 active /var/www/trexzactyl/node_modules/babel-loader/lib/index.js!/var/www/trexzactyl/resources/scripts/hoc/asDialog.tsx
<s> [webpack.Progress] 45% building 297/323 modules 26 active /var/www/trexzactyl/node_modules/babel-loader/lib/index.js!/var/www/trexzactyl/resources/scripts/hoc/asDialog.tsx
<s> [webpack.Progress] 45% building 297/324 modules 27 active /var/www/trexzactyl/node_modules/source-map-loader/dist/cjs.js!/var/www/trexzactyl/node_modules/date-fns/esm/toDate/index.js
<s> [webpack.Progress] 45% building 298/324 modules 26 active /var/www/trexzactyl/node_modules/source-map-loader/dist/cjs.js!/var/www/trexzactyl/node_modules/date-fns/esm/toDate/index.js
<s> [webpack.Progress] 45% building 298/325 modules 27 active /var/www/trexzactyl/node_modules/source-map-loader/dist/cjs.js!/var/www/trexzactyl/node_modules/date-fns/esm/weeksToDays/index.js
<s> [webpack.Progress] 45% building 299/325 modules 26 active /var/www/trexzactyl/node_modules/source-map-loader/dist/cjs.js!/var/www/trexzactyl/node_modules/date-fns/esm/weeksToDays/index.js
<s> [webpack.Progress] 45% building 299/326 modules 27 active /var/www/trexzactyl/node_modules/source-map-loader/dist/cjs.js!/var/www/trexzactyl/node_modules/react-transition-group/esm/utils/ChildMapping.js
<s> [webpack.Progress] 45% building 299/327 modules 28 active /var/www/trexzactyl/node_modules/babel-loader/lib/index.js!/var/www/trexzactyl/resources/scripts/api/definitions/user/transformers.ts
<s> [webpack.Progress] 46% building 300/327 modules 27 active /var/www/trexzactyl/node_modules/babel-loader/lib/index.js!/var/www/trexzactyl/resources/scripts/api/definitions/user/transformers.ts
<s> [webpack.Progress] 46% building 301/327 modules 26 active /var/www/trexzactyl/node_modules/babel-loader/lib/index.js!/var/www/trexzactyl/resources/scripts/api/definitions/user/transformers.ts
<s> [webpack.Progress] 46% building 301/328 modules 27 active /var/www/trexzactyl/node_modules/babel-loader/lib/index.js!/var/www/trexzactyl/resources/scripts/plugins/useFilteredObject.ts
<s> [webpack.Progress] 46% building 302/328 modules 26 active /var/www/trexzactyl/node_modules/babel-loader/lib/index.js!/var/www/trexzactyl/resources/scripts/plugins/useFilteredObject.ts
<s> [webpack.Progress] 46% building 303/328 modules 25 active /var/www/trexzactyl/node_modules/babel-loader/lib/index.js!/var/www/trexzactyl/resources/scripts/plugins/useFilteredObject.ts
<s> [webpack.Progress] 46% building 304/328 modules 24 active /var/www/trexzactyl/node_modules/babel-loader/lib/index.js!/var/www/trexzactyl/resources/scripts/plugins/useFilteredObject.ts
<s> [webpack.Progress] 46% building 305/328 modules 23 active /var/www/trexzactyl/node_modules/babel-loader/lib/index.js!/var/www/trexzactyl/resources/scripts/plugins/useFilteredObject.ts
<s> [webpack.Progress] 46% building 306/328 modules 22 active /var/www/trexzactyl/node_modules/babel-loader/lib/index.js!/var/www/trexzactyl/resources/scripts/plugins/useFilteredObject.ts
<s> [webpack.Progress] 46% building 306/329 modules 23 active /var/www/trexzactyl/node_modules/babel-loader/lib/index.js!/var/www/trexzactyl/resources/scripts/plugins/useDeepCompareEffect.ts
<s> [webpack.Progress] 46% building 306/330 modules 24 active /var/www/trexzactyl/node_modules/babel-loader/lib/index.js!/var/www/trexzactyl/resources/scripts/api/definitions/helpers.ts
<s> [webpack.Progress] 46% building 306/331 modules 25 active /var/www/trexzactyl/node_modules/source-map-loader/dist/cjs.js!/var/www/trexzactyl/node_modules/@babel/runtime/helpers/objectDestructuringEmpty.js
<s> [webpack.Progress] 46% building 307/331 modules 24 active /var/www/trexzactyl/node_modules/source-map-loader/dist/cjs.js!/var/www/trexzactyl/node_modules/@babel/runtime/helpers/objectDestructuringEmpty.js
<s> [webpack.Progress] 46% building 308/331 modules 23 active /var/www/trexzactyl/node_modules/source-map-loader/dist/cjs.js!/var/www/trexzactyl/node_modules/@babel/runtime/helpers/objectDestructuringEmpty.js
<s> [webpack.Progress] 46% building 308/332 modules 24 active /var/www/trexzactyl/node_modules/source-map-loader/dist/cjs.js!/var/www/trexzactyl/node_modules/use-sync-external-store/shim/index.js
<s> [webpack.Progress] 47% building 309/332 modules 23 active /var/www/trexzactyl/node_modules/source-map-loader/dist/cjs.js!/var/www/trexzactyl/node_modules/use-sync-external-store/shim/index.js
<s> [webpack.Progress] 47% building 310/332 modules 22 active /var/www/trexzactyl/node_modules/source-map-loader/dist/cjs.js!/var/www/trexzactyl/node_modules/use-sync-external-store/shim/index.js
<s> [webpack.Progress] 47% building 310/333 modules 23 active /var/www/trexzactyl/node_modules/source-map-loader/dist/cjs.js!/var/www/trexzactyl/node_modules/axios/lib/helpers/bind.js
<s> [webpack.Progress] 47% building 310/334 modules 24 active /var/www/trexzactyl/node_modules/source-map-loader/dist/cjs.js!/var/www/trexzactyl/node_modules/date-fns/esm/subWeeks/index.js
<s> [webpack.Progress] 47% building 310/335 modules 25 active /var/www/trexzactyl/node_modules/source-map-loader/dist/cjs.js!/var/www/trexzactyl/node_modules/date-fns/esm/subYears/index.js
<s> [webpack.Progress] 47% building 310/336 modules 26 active /var/www/trexzactyl/node_modules/source-map-loader/dist/cjs.js!/var/www/trexzactyl/node_modules/date-fns/esm/subQuarters/index.js
<s> [webpack.Progress] 47% building 310/337 modules 27 active /var/www/trexzactyl/node_modules/source-map-loader/dist/cjs.js!/var/www/trexzactyl/node_modules/date-fns/esm/subSeconds/index.js
<s> [webpack.Progress] 47% building 310/338 modules 28 active /var/www/trexzactyl/node_modules/source-map-loader/dist/cjs.js!/var/www/trexzactyl/node_modules/date-fns/esm/subMinutes/index.js
<s> [webpack.Progress] 47% building 310/339 modules 29 active /var/www/trexzactyl/node_modules/source-map-loader/dist/cjs.js!/var/www/trexzactyl/node_modules/date-fns/esm/subMonths/index.js
<s> [webpack.Progress] 47% building 310/340 modules 30 active /var/www/trexzactyl/node_modules/source-map-loader/dist/cjs.js!/var/www/trexzactyl/node_modules/date-fns/esm/subISOWeekYears/index.js
<s> [webpack.Progress] 47% building 310/341 modules 31 active /var/www/trexzactyl/node_modules/source-map-loader/dist/cjs.js!/var/www/trexzactyl/node_modules/date-fns/esm/subMilliseconds/index.js
<s> [webpack.Progress] 47% building 310/342 modules 32 active /var/www/trexzactyl/node_modules/source-map-loader/dist/cjs.js!/var/www/trexzactyl/node_modules/date-fns/esm/subDays/index.js
<s> [webpack.Progress] 47% building 310/343 modules 33 active /var/www/trexzactyl/node_modules/source-map-loader/dist/cjs.js!/var/www/trexzactyl/node_modules/date-fns/esm/subHours/index.js
<s> [webpack.Progress] 47% building 310/344 modules 34 active /var/www/trexzactyl/node_modules/source-map-loader/dist/cjs.js!/var/www/trexzactyl/node_modules/date-fns/esm/sub/index.js
<s> [webpack.Progress] 47% building 310/345 modules 35 active /var/www/trexzactyl/node_modules/source-map-loader/dist/cjs.js!/var/www/trexzactyl/node_modules/date-fns/esm/subBusinessDays/index.js
<s> [webpack.Progress] 47% building 310/346 modules 36 active /var/www/trexzactyl/node_modules/source-map-loader/dist/cjs.js!/var/www/trexzactyl/node_modules/date-fns/esm/startOfYear/index.js
<s> [webpack.Progress] 47% building 310/347 modules 37 active /var/www/trexzactyl/node_modules/source-map-loader/dist/cjs.js!/var/www/trexzactyl/node_modules/date-fns/esm/startOfYesterday/index.js
<s> [webpack.Progress] 47% building 310/348 modules 38 active /var/www/trexzactyl/node_modules/source-map-loader/dist/cjs.js!/var/www/trexzactyl/node_modules/date-fns/esm/startOfWeek/index.js
<s> [webpack.Progress] 47% building 311/348 modules 37 active /var/www/trexzactyl/node_modules/source-map-loader/dist/cjs.js!/var/www/trexzactyl/node_modules/date-fns/esm/startOfWeek/index.js
<s> [webpack.Progress] 47% building 311/349 modules 38 active /var/www/trexzactyl/node_modules/source-map-loader/dist/cjs.js!/var/www/trexzactyl/node_modules/date-fns/esm/startOfWeekYear/index.js
<s> [webpack.Progress] 47% building 311/350 modules 39 active /var/www/trexzactyl/node_modules/source-map-loader/dist/cjs.js!/var/www/trexzactyl/node_modules/date-fns/esm/startOfTomorrow/index.js
<s> [webpack.Progress] 47% building 311/351 modules 40 active /var/www/trexzactyl/node_modules/source-map-loader/dist/cjs.js!/var/www/trexzactyl/node_modules/date-fns/esm/startOfSecond/index.js
<s> [webpack.Progress] 47% building 311/352 modules 41 active /var/www/trexzactyl/node_modules/source-map-loader/dist/cjs.js!/var/www/trexzactyl/node_modules/date-fns/esm/startOfToday/index.js
<s> [webpack.Progress] 47% building 311/353 modules 42 active /var/www/trexzactyl/node_modules/source-map-loader/dist/cjs.js!/var/www/trexzactyl/node_modules/date-fns/esm/startOfQuarter/index.js
<s> [webpack.Progress] 47% building 311/354 modules 43 active /var/www/trexzactyl/node_modules/source-map-loader/dist/cjs.js!/var/www/trexzactyl/node_modules/date-fns/esm/startOfMinute/index.js
<s> [webpack.Progress] 47% building 311/355 modules 44 active /var/www/trexzactyl/node_modules/source-map-loader/dist/cjs.js!/var/www/trexzactyl/node_modules/date-fns/esm/startOfMonth/index.js
<s> [webpack.Progress] 47% building 311/356 modules 45 active /var/www/trexzactyl/node_modules/source-map-loader/dist/cjs.js!/var/www/trexzactyl/node_modules/date-fns/esm/startOfISOWeekYear/index.js
<s> [webpack.Progress] 47% building 311/357 modules 46 active /var/www/trexzactyl/node_modules/source-map-loader/dist/cjs.js!/var/www/trexzactyl/node_modules/date-fns/esm/startOfHour/index.js
<s> [webpack.Progress] 47% building 311/358 modules 47 active /var/www/trexzactyl/node_modules/source-map-loader/dist/cjs.js!/var/www/trexzactyl/node_modules/date-fns/esm/startOfISOWeek/index.js
<s> [webpack.Progress] 47% building 311/359 modules 48 active /var/www/trexzactyl/node_modules/source-map-loader/dist/cjs.js!/var/www/trexzactyl/node_modules/date-fns/esm/startOfDecade/index.js
<s> [webpack.Progress] 47% building 311/360 modules 49 active /var/www/trexzactyl/node_modules/source-map-loader/dist/cjs.js!/var/www/trexzactyl/node_modules/date-fns/esm/startOfDay/index.js
<s> [webpack.Progress] 47% building 312/360 modules 48 active /var/www/trexzactyl/node_modules/source-map-loader/dist/cjs.js!/var/www/trexzactyl/node_modules/date-fns/esm/startOfDay/index.js
<s> [webpack.Progress] 47% building 312/361 modules 49 active /var/www/trexzactyl/node_modules/source-map-loader/dist/cjs.js!/var/www/trexzactyl/node_modules/date-fns/esm/setYear/index.js
<s> [webpack.Progress] 47% building 312/362 modules 50 active /var/www/trexzactyl/node_modules/source-map-loader/dist/cjs.js!/var/www/trexzactyl/node_modules/date-fns/esm/setWeekYear/index.js
<s> [webpack.Progress] 47% building 312/363 modules 51 active /var/www/trexzactyl/node_modules/babel-loader/lib/index.js!/var/www/trexzactyl/resources/scripts/lib/strings.ts
<s> [webpack.Progress] 47% building 313/363 modules 50 active /var/www/trexzactyl/node_modules/babel-loader/lib/index.js!/var/www/trexzactyl/resources/scripts/lib/strings.ts
<s> [webpack.Progress] 47% building 314/363 modules 49 active /var/www/trexzactyl/node_modules/babel-loader/lib/index.js!/var/www/trexzactyl/resources/scripts/lib/strings.ts
<s> [webpack.Progress] 47% building 315/363 modules 48 active /var/www/trexzactyl/node_modules/babel-loader/lib/index.js!/var/www/trexzactyl/resources/scripts/lib/strings.ts
<s> [webpack.Progress] 47% building 315/364 modules 49 active /var/www/trexzactyl/node_modules/source-map-loader/dist/cjs.js!/var/www/trexzactyl/node_modules/@heroicons/react/outline/esm/index.js
<s> [webpack.Progress] 47% building 316/364 modules 48 active /var/www/trexzactyl/node_modules/source-map-loader/dist/cjs.js!/var/www/trexzactyl/node_modules/@heroicons/react/outline/esm/index.js
<s> [webpack.Progress] 47% building 316/365 modules 49 active /var/www/trexzactyl/node_modules/source-map-loader/dist/cjs.js!/var/www/trexzactyl/node_modules/date-fns/esm/setWeek/index.js
<s> [webpack.Progress] 47% building 316/366 modules 50 active /var/www/trexzactyl/node_modules/source-map-loader/dist/cjs.js!/var/www/trexzactyl/node_modules/copy-to-clipboard/index.js
<s> [webpack.Progress] 47% building 316/367 modules 51 active /var/www/trexzactyl/node_modules/source-map-loader/dist/cjs.js!/var/www/trexzactyl/node_modules/react-dom/node_modules/scheduler/cjs/scheduler.development.js
<s> [webpack.Progress] 48% building 317/367 modules 50 active /var/www/trexzactyl/node_modules/source-map-loader/dist/cjs.js!/var/www/trexzactyl/node_modules/react-dom/node_modules/scheduler/cjs/scheduler.development.js
<s> [webpack.Progress] 48% building 317/368 modules 51 active /var/www/trexzactyl/node_modules/source-map-loader/dist/cjs.js!/var/www/trexzactyl/node_modules/date-fns/esm/setSeconds/index.js
<s> [webpack.Progress] 48% building 318/368 modules 50 active /var/www/trexzactyl/node_modules/source-map-loader/dist/cjs.js!/var/www/trexzactyl/node_modules/date-fns/esm/setSeconds/index.js
<s> [webpack.Progress] 48% building 318/369 modules 51 active /var/www/trexzactyl/node_modules/source-map-loader/dist/cjs.js!/var/www/trexzactyl/node_modules/buffer/index.js
<s> [webpack.Progress] 48% building 318/370 modules 52 active /var/www/trexzactyl/node_modules/source-map-loader/dist/cjs.js!/var/www/trexzactyl/node_modules/axios/lib/env/classes/FormData.js
<s> [webpack.Progress] 48% building 319/370 modules 51 active /var/www/trexzactyl/node_modules/source-map-loader/dist/cjs.js!/var/www/trexzactyl/node_modules/axios/lib/env/classes/FormData.js
<s> [webpack.Progress] 48% building 319/371 modules 52 active /var/www/trexzactyl/node_modules/source-map-loader/dist/cjs.js!/var/www/trexzactyl/node_modules/date-fns/esm/setQuarter/index.js
<s> [webpack.Progress] 48% building 319/372 modules 53 active /var/www/trexzactyl/node_modules/babel-loader/lib/index.js!/var/www/trexzactyl/resources/scripts/components/elements/activity/ActivityLogMetaButton.tsx
<s> [webpack.Progress] 48% building 320/372 modules 52 active /var/www/trexzactyl/node_modules/babel-loader/lib/index.js!/var/www/trexzactyl/resources/scripts/components/elements/activity/ActivityLogMetaButton.tsx
<s> [webpack.Progress] 48% building 321/372 modules 51 active /var/www/trexzactyl/node_modules/babel-loader/lib/index.js!/var/www/trexzactyl/resources/scripts/components/elements/activity/ActivityLogMetaButton.tsx
<s> [webpack.Progress] 48% building 321/373 modules 52 active /var/www/trexzactyl/node_modules/source-map-loader/dist/cjs.js!/var/www/trexzactyl/node_modules/lodash-es/cloneDeep.js
<s> [webpack.Progress] 48% building 321/374 modules 53 active /var/www/trexzactyl/node_modules/source-map-loader/dist/cjs.js!/var/www/trexzactyl/node_modules/lodash-es/clone.js
<s> [webpack.Progress] 48% building 321/375 modules 54 active /var/www/trexzactyl/node_modules/source-map-loader/dist/cjs.js!/var/www/trexzactyl/node_modules/lodash-es/isPlainObject.js
<s> [webpack.Progress] 48% building 321/376 modules 55 active /var/www/trexzactyl/node_modules/source-map-loader/dist/cjs.js!/var/www/trexzactyl/node_modules/lodash-es/toPath.js
<s> [webpack.Progress] 48% building 322/376 modules 54 active /var/www/trexzactyl/node_modules/source-map-loader/dist/cjs.js!/var/www/trexzactyl/node_modules/lodash-es/toPath.js
<s> [webpack.Progress] 48% building 323/376 modules 53 active /var/www/trexzactyl/node_modules/source-map-loader/dist/cjs.js!/var/www/trexzactyl/node_modules/lodash-es/toPath.js
<s> [webpack.Progress] 48% building 323/377 modules 54 active /var/www/trexzactyl/node_modules/source-map-loader/dist/cjs.js!/var/www/trexzactyl/node_modules/date-fns/esm/setMonth/index.js
<s> [webpack.Progress] 48% building 323/378 modules 55 active /var/www/trexzactyl/node_modules/source-map-loader/dist/cjs.js!/var/www/trexzactyl/node_modules/date-fns/esm/setMinutes/index.js
<s> [webpack.Progress] 48% building 323/379 modules 56 active /var/www/trexzactyl/node_modules/babel-loader/lib/index.js!/var/www/trexzactyl/resources/scripts/api/server/getServer.ts
<s> [webpack.Progress] 48% building 324/379 modules 55 active /var/www/trexzactyl/node_modules/babel-loader/lib/index.js!/var/www/trexzactyl/resources/scripts/api/server/getServer.ts
<s> [webpack.Progress] 48% building 324/380 modules 56 active /var/www/trexzactyl/node_modules/babel-loader/lib/index.js!/var/www/trexzactyl/resources/scripts/components/elements/inputs/index.ts
<s> [webpack.Progress] 48% building 324/381 modules 57 active /var/www/trexzactyl/node_modules/source-map-loader/dist/cjs.js!/var/www/trexzactyl/node_modules/@floating-ui/react-dom-interactions/dist/floating-ui.react-dom-interactions.esm.js
<s> [webpack.Progress] 48% building 324/382 modules 58 active /var/www/trexzactyl/node_modules/source-map-loader/dist/cjs.js!/var/www/trexzactyl/node_modules/date-fns/esm/setMilliseconds/index.js
<s> [webpack.Progress] 48% building 324/383 modules 59 active /var/www/trexzactyl/node_modules/source-map-loader/dist/cjs.js!/var/www/trexzactyl/node_modules/date-fns/esm/setISOWeekYear/index.js
<s> [webpack.Progress] 48% building 324/384 modules 60 active /var/www/trexzactyl/node_modules/source-map-loader/dist/cjs.js!/var/www/trexzactyl/node_modules/date-fns/esm/setISOWeek/index.js
<s> [webpack.Progress] 48% building 324/385 modules 61 active /var/www/trexzactyl/node_modules/source-map-loader/dist/cjs.js!/var/www/trexzactyl/node_modules/date-fns/esm/setISODay/index.js
<s> [webpack.Progress] 49% building 325/385 modules 60 active /var/www/trexzactyl/node_modules/source-map-loader/dist/cjs.js!/var/www/trexzactyl/node_modules/date-fns/esm/setISODay/index.js
<s> [webpack.Progress] 49% building 326/385 modules 59 active /var/www/trexzactyl/node_modules/source-map-loader/dist/cjs.js!/var/www/trexzactyl/node_modules/date-fns/esm/setISODay/index.js
<s> [webpack.Progress] 49% building 327/385 modules 58 active /var/www/trexzactyl/node_modules/source-map-loader/dist/cjs.js!/var/www/trexzactyl/node_modules/date-fns/esm/setISODay/index.js
<s> [webpack.Progress] 49% building 327/386 modules 59 active /var/www/trexzactyl/node_modules/source-map-loader/dist/cjs.js!/var/www/trexzactyl/node_modules/date-fns/esm/setHours/index.js
<s> [webpack.Progress] 49% building 327/387 modules 60 active /var/www/trexzactyl/node_modules/source-map-loader/dist/cjs.js!/var/www/trexzactyl/node_modules/yup/es/locale.js
<s> [webpack.Progress] 49% building 327/388 modules 61 active /var/www/trexzactyl/node_modules/source-map-loader/dist/cjs.js!/var/www/trexzactyl/node_modules/yup/es/Reference.js
<s> [webpack.Progress] 49% building 327/389 modules 62 active /var/www/trexzactyl/node_modules/source-map-loader/dist/cjs.js!/var/www/trexzactyl/node_modules/yup/es/util/printValue.js
<s> [webpack.Progress] 49% building 327/390 modules 63 active /var/www/trexzactyl/node_modules/framer-motion/dist/es/index.mjs
<s> [webpack.Progress] 49% building 327/391 modules 64 active /var/www/trexzactyl/node_modules/source-map-loader/dist/cjs.js!/var/www/trexzactyl/node_modules/debounce/index.js
<s> [webpack.Progress] 49% building 327/392 modules 65 active /var/www/trexzactyl/node_modules/source-map-loader/dist/cjs.js!/var/www/trexzactyl/node_modules/yup/es/util/createValidation.js
<s> [webpack.Progress] 49% building 327/393 modules 66 active /var/www/trexzactyl/node_modules/source-map-loader/dist/cjs.js!/var/www/trexzactyl/node_modules/yup/es/util/prependDeep.js
<s> [webpack.Progress] 49% building 328/393 modules 65 active /var/www/trexzactyl/node_modules/source-map-loader/dist/cjs.js!/var/www/trexzactyl/node_modules/yup/es/util/prependDeep.js
<s> [webpack.Progress] 49% building 329/393 modules 64 active /var/www/trexzactyl/node_modules/source-map-loader/dist/cjs.js!/var/www/trexzactyl/node_modules/yup/es/util/prependDeep.js
<s> [webpack.Progress] 49% building 330/393 modules 63 active /var/www/trexzactyl/node_modules/source-map-loader/dist/cjs.js!/var/www/trexzactyl/node_modules/yup/es/util/prependDeep.js
<s> [webpack.Progress] 49% building 331/393 modules 62 active /var/www/trexzactyl/node_modules/source-map-loader/dist/cjs.js!/var/www/trexzactyl/node_modules/yup/es/util/prependDeep.js
<s> [webpack.Progress] 49% building 332/393 modules 61 active /var/www/trexzactyl/node_modules/source-map-loader/dist/cjs.js!/var/www/trexzactyl/node_modules/yup/es/util/prependDeep.js
<s> [webpack.Progress] 49% building 333/393 modules 60 active /var/www/trexzactyl/node_modules/source-map-loader/dist/cjs.js!/var/www/trexzactyl/node_modules/yup/es/util/prependDeep.js
<s> [webpack.Progress] 50% building 334/393 modules 59 active /var/www/trexzactyl/node_modules/source-map-loader/dist/cjs.js!/var/www/trexzactyl/node_modules/yup/es/util/prependDeep.js
<s> [webpack.Progress] 50% building 335/393 modules 58 active /var/www/trexzactyl/node_modules/source-map-loader/dist/cjs.js!/var/www/trexzactyl/node_modules/yup/es/util/prependDeep.js
<s> [webpack.Progress] 50% building 336/393 modules 57 active /var/www/trexzactyl/node_modules/source-map-loader/dist/cjs.js!/var/www/trexzactyl/node_modules/yup/es/util/prependDeep.js
<s> [webpack.Progress] 50% building 337/393 modules 56 active /var/www/trexzactyl/node_modules/source-map-loader/dist/cjs.js!/var/www/trexzactyl/node_modules/yup/es/util/prependDeep.js
<s> [webpack.Progress] 50% building 338/393 modules 55 active /var/www/trexzactyl/node_modules/source-map-loader/dist/cjs.js!/var/www/trexzactyl/node_modules/yup/es/util/prependDeep.js
<s> [webpack.Progress] 50% building 339/393 modules 54 active /var/www/trexzactyl/node_modules/source-map-loader/dist/cjs.js!/var/www/trexzactyl/node_modules/yup/es/util/prependDeep.js
<s> [webpack.Progress] 50% building 340/393 modules 53 active /var/www/trexzactyl/node_modules/source-map-loader/dist/cjs.js!/var/www/trexzactyl/node_modules/yup/es/util/prependDeep.js
<s> [webpack.Progress] 50% building 341/393 modules 52 active /var/www/trexzactyl/node_modules/source-map-loader/dist/cjs.js!/var/www/trexzactyl/node_modules/yup/es/util/prependDeep.js
<s> [webpack.Progress] 50% building 341/394 modules 53 active /var/www/trexzactyl/node_modules/source-map-loader/dist/cjs.js!/var/www/trexzactyl/node_modules/yup/es/util/runValidations.js
<s> [webpack.Progress] 51% building 342/394 modules 52 active /var/www/trexzactyl/node_modules/source-map-loader/dist/cjs.js!/var/www/trexzactyl/node_modules/yup/es/util/runValidations.js
<s> [webpack.Progress] 51% building 343/394 modules 51 active /var/www/trexzactyl/node_modules/source-map-loader/dist/cjs.js!/var/www/trexzactyl/node_modules/yup/es/util/runValidations.js
<s> [webpack.Progress] 51% building 344/394 modules 50 active /var/www/trexzactyl/node_modules/source-map-loader/dist/cjs.js!/var/www/trexzactyl/node_modules/yup/es/util/runValidations.js
<s> [webpack.Progress] 51% building 344/395 modules 51 active /var/www/trexzactyl/node_modules/source-map-loader/dist/cjs.js!/var/www/trexzactyl/node_modules/path-to-regexp/node_modules/isarray/index.js
<s> [webpack.Progress] 51% building 345/395 modules 50 active /var/www/trexzactyl/node_modules/source-map-loader/dist/cjs.js!/var/www/trexzactyl/node_modules/path-to-regexp/node_modules/isarray/index.js
<s> [webpack.Progress] 51% building 346/395 modules 49 active /var/www/trexzactyl/node_modules/source-map-loader/dist/cjs.js!/var/www/trexzactyl/node_modules/path-to-regexp/node_modules/isarray/index.js
<s> [webpack.Progress] 51% building 347/395 modules 48 active /var/www/trexzactyl/node_modules/source-map-loader/dist/cjs.js!/var/www/trexzactyl/node_modules/path-to-regexp/node_modules/isarray/index.js
<s> [webpack.Progress] 51% building 348/395 modules 47 active /var/www/trexzactyl/node_modules/source-map-loader/dist/cjs.js!/var/www/trexzactyl/node_modules/path-to-regexp/node_modules/isarray/index.js
<s> [webpack.Progress] 51% building 348/396 modules 48 active /var/www/trexzactyl/node_modules/source-map-loader/dist/cjs.js!/var/www/trexzactyl/node_modules/yup/es/Condition.js
<s> [webpack.Progress] 51% building 349/396 modules 47 active /var/www/trexzactyl/node_modules/source-map-loader/dist/cjs.js!/var/www/trexzactyl/node_modules/yup/es/Condition.js
<s> [webpack.Progress] 52% building 350/396 modules 46 active /var/www/trexzactyl/node_modules/source-map-loader/dist/cjs.js!/var/www/trexzactyl/node_modules/yup/es/Condition.js
<s> [webpack.Progress] 52% building 351/396 modules 45 active /var/www/trexzactyl/node_modules/source-map-loader/dist/cjs.js!/var/www/trexzactyl/node_modules/yup/es/Condition.js
<s> [webpack.Progress] 52% building 352/396 modules 44 active /var/www/trexzactyl/node_modules/source-map-loader/dist/cjs.js!/var/www/trexzactyl/node_modules/yup/es/Condition.js
<s> [webpack.Progress] 52% building 353/396 modules 43 active /var/www/trexzactyl/node_modules/source-map-loader/dist/cjs.js!/var/www/trexzactyl/node_modules/yup/es/Condition.js
<s> [webpack.Progress] 52% building 354/396 modules 42 active /var/www/trexzactyl/node_modules/source-map-loader/dist/cjs.js!/var/www/trexzactyl/node_modules/yup/es/Condition.js
<s> [webpack.Progress] 52% building 355/396 modules 41 active /var/www/trexzactyl/node_modules/source-map-loader/dist/cjs.js!/var/www/trexzactyl/node_modules/yup/es/Condition.js
<s> [webpack.Progress] 52% building 356/396 modules 40 active /var/www/trexzactyl/node_modules/source-map-loader/dist/cjs.js!/var/www/trexzactyl/node_modules/yup/es/Condition.js
<s> [webpack.Progress] 52% building 356/397 modules 41 active /var/www/trexzactyl/node_modules/source-map-loader/dist/cjs.js!/var/www/trexzactyl/node_modules/date-fns/esm/_lib/requiredArgs/index.js
<s> [webpack.Progress] 52% building 356/398 modules 42 active /var/www/trexzactyl/node_modules/source-map-loader/dist/cjs.js!/var/www/trexzactyl/node_modules/date-fns/esm/_lib/toInteger/index.js
<s> [webpack.Progress] 52% building 357/398 modules 41 active /var/www/trexzactyl/node_modules/source-map-loader/dist/cjs.js!/var/www/trexzactyl/node_modules/date-fns/esm/_lib/toInteger/index.js
<s> [webpack.Progress] 52% building 358/398 modules 40 active /var/www/trexzactyl/node_modules/source-map-loader/dist/cjs.js!/var/www/trexzactyl/node_modules/date-fns/esm/_lib/toInteger/index.js
<s> [webpack.Progress] 53% building 359/398 modules 39 active /var/www/trexzactyl/node_modules/source-map-loader/dist/cjs.js!/var/www/trexzactyl/node_modules/date-fns/esm/_lib/toInteger/index.js
<s> [webpack.Progress] 53% building 359/399 modules 40 active /var/www/trexzactyl/node_modules/babel-loader/lib/index.js!/var/www/trexzactyl/resources/scripts/components/elements/Select.tsx
<s> [webpack.Progress] 53% building 359/400 modules 41 active /var/www/trexzactyl/node_modules/source-map-loader/dist/cjs.js!/var/www/trexzactyl/node_modules/lodash-es/toArray.js
<s> [webpack.Progress] 53% building 359/401 modules 42 active /var/www/trexzactyl/node_modules/source-map-loader/dist/cjs.js!/var/www/trexzactyl/node_modules/lodash-es/cloneDeepWith.js
<s> [webpack.Progress] 53% building 360/401 modules 41 active /var/www/trexzactyl/node_modules/source-map-loader/dist/cjs.js!/var/www/trexzactyl/node_modules/lodash-es/cloneDeepWith.js
<s> [webpack.Progress] 53% building 361/401 modules 40 active /var/www/trexzactyl/node_modules/source-map-loader/dist/cjs.js!/var/www/trexzactyl/node_modules/lodash-es/cloneDeepWith.js
<s> [webpack.Progress] 53% building 361/402 modules 41 active /var/www/trexzactyl/node_modules/babel-loader/lib/index.js!/var/www/trexzactyl/resources/scripts/lib/objects.ts
<s> [webpack.Progress] 53% building 362/402 modules 40 active /var/www/trexzactyl/node_modules/babel-loader/lib/index.js!/var/www/trexzactyl/resources/scripts/lib/objects.ts
<s> [webpack.Progress] 53% building 362/403 modules 41 active /var/www/trexzactyl/node_modules/style-loader/dist/cjs.js!/var/www/trexzactyl/node_modules/css-loader/dist/cjs.js??ref--7-1!/var/www/trexzactyl/node_modules/postcss-loader/dist/cjs.js??ref--7-2!/var/www/trexzactyl/resources/scripts/components/elements/activity/style.module.css
<s> [webpack.Progress] 53% building 363/403 modules 40 active /var/www/trexzactyl/node_modules/babel-loader/lib/index.js!/var/www/trexzactyl/resources/scripts/lib/objects.ts
<s> [webpack.Progress] 53% building 363/404 modules 41 active /var/www/trexzactyl/node_modules/css-loader/dist/cjs.js??ref--7-1!/var/www/trexzactyl/node_modules/postcss-loader/dist/cjs.js??ref--7-2!/var/www/trexzactyl/resources/scripts/components/elements/activity/style.module.css
<s> [webpack.Progress] 53% building 364/404 modules 40 active /var/www/trexzactyl/node_modules/css-loader/dist/cjs.js??ref--7-1!/var/www/trexzactyl/node_modules/postcss-loader/dist/cjs.js??ref--7-2!/var/www/trexzactyl/resources/scripts/components/elements/activity/style.module.css
<s> [webpack.Progress] 53% building 365/404 modules 39 active /var/www/trexzactyl/node_modules/css-loader/dist/cjs.js??ref--7-1!/var/www/trexzactyl/node_modules/postcss-loader/dist/cjs.js??ref--7-2!/var/www/trexzactyl/resources/scripts/components/elements/activity/style.module.css
<s> [webpack.Progress] 53% building 366/404 modules 38 active /var/www/trexzactyl/node_modules/css-loader/dist/cjs.js??ref--7-1!/var/www/trexzactyl/node_modules/postcss-loader/dist/cjs.js??ref--7-2!/var/www/trexzactyl/resources/scripts/components/elements/activity/style.module.css
<s> [webpack.Progress] 53% building 366/405 modules 39 active /var/www/trexzactyl/node_modules/source-map-loader/dist/cjs.js!/var/www/trexzactyl/node_modules/use-sync-external-store/cjs/use-sync-external-store-shim.development.js
<s> [webpack.Progress] 53% building 366/406 modules 40 active /var/www/trexzactyl/node_modules/source-map-loader/dist/cjs.js!/var/www/trexzactyl/node_modules/prop-types/checkPropTypes.js
<s> [webpack.Progress] 54% building 367/406 modules 39 active /var/www/trexzactyl/node_modules/source-map-loader/dist/cjs.js!/var/www/trexzactyl/node_modules/prop-types/checkPropTypes.js
<s> [webpack.Progress] 54% building 368/406 modules 38 active /var/www/trexzactyl/node_modules/source-map-loader/dist/cjs.js!/var/www/trexzactyl/node_modules/prop-types/checkPropTypes.js
<s> [webpack.Progress] 54% building 368/407 modules 39 active /var/www/trexzactyl/node_modules/source-map-loader/dist/cjs.js!/var/www/trexzactyl/node_modules/deepmerge/dist/es.js
<s> [webpack.Progress] 54% building 368/408 modules 40 active /var/www/trexzactyl/node_modules/babel-loader/lib/index.js!/var/www/trexzactyl/resources/scripts/plugins/useLocationHash.ts
<s> [webpack.Progress] 54% building 369/408 modules 39 active /var/www/trexzactyl/node_modules/babel-loader/lib/index.js!/var/www/trexzactyl/resources/scripts/plugins/useLocationHash.ts
<s> [webpack.Progress] 54% building 370/408 modules 38 active /var/www/trexzactyl/node_modules/babel-loader/lib/index.js!/var/www/trexzactyl/resources/scripts/plugins/useLocationHash.ts
<s> [webpack.Progress] 54% building 370/409 modules 39 active /var/www/trexzactyl/node_modules/source-map-loader/dist/cjs.js!/var/www/trexzactyl/node_modules/date-fns/esm/addDays/index.js
<s> [webpack.Progress] 54% building 370/410 modules 40 active /var/www/trexzactyl/node_modules/source-map-loader/dist/cjs.js!/var/www/trexzactyl/node_modules/formik/node_modules/react-fast-compare/index.js
<s> [webpack.Progress] 54% building 371/410 modules 39 active /var/www/trexzactyl/node_modules/source-map-loader/dist/cjs.js!/var/www/trexzactyl/node_modules/formik/node_modules/react-fast-compare/index.js
<s> [webpack.Progress] 54% building 372/410 modules 38 active /var/www/trexzactyl/node_modules/source-map-loader/dist/cjs.js!/var/www/trexzactyl/node_modules/formik/node_modules/react-fast-compare/index.js
<s> [webpack.Progress] 54% building 373/410 modules 37 active /var/www/trexzactyl/node_modules/source-map-loader/dist/cjs.js!/var/www/trexzactyl/node_modules/formik/node_modules/react-fast-compare/index.js
<s> [webpack.Progress] 54% building 374/410 modules 36 active /var/www/trexzactyl/node_modules/source-map-loader/dist/cjs.js!/var/www/trexzactyl/node_modules/formik/node_modules/react-fast-compare/index.js
<s> [webpack.Progress] 54% building 374/411 modules 37 active /var/www/trexzactyl/node_modules/babel-loader/lib/index.js!/var/www/trexzactyl/resources/scripts/components/elements/Translate.tsx
<s> [webpack.Progress] 54% building 375/411 modules 36 active /var/www/trexzactyl/node_modules/babel-loader/lib/index.js!/var/www/trexzactyl/resources/scripts/components/elements/Translate.tsx
<s> [webpack.Progress] 55% building 376/411 modules 35 active /var/www/trexzactyl/node_modules/babel-loader/lib/index.js!/var/www/trexzactyl/resources/scripts/components/elements/Translate.tsx
<s> [webpack.Progress] 55% building 377/411 modules 34 active /var/www/trexzactyl/node_modules/babel-loader/lib/index.js!/var/www/trexzactyl/resources/scripts/components/elements/Translate.tsx
<s> [webpack.Progress] 55% building 378/411 modules 33 active /var/www/trexzactyl/node_modules/babel-loader/lib/index.js!/var/www/trexzactyl/resources/scripts/components/elements/Translate.tsx
<s> [webpack.Progress] 55% building 378/412 modules 34 active /var/www/trexzactyl/node_modules/source-map-loader/dist/cjs.js!/var/www/trexzactyl/node_modules/date-fns/esm/addMonths/index.js
<s> [webpack.Progress] 55% building 379/412 modules 33 active /var/www/trexzactyl/node_modules/source-map-loader/dist/cjs.js!/var/www/trexzactyl/node_modules/date-fns/esm/addMonths/index.js
<s> [webpack.Progress] 55% building 380/412 modules 32 active /var/www/trexzactyl/node_modules/source-map-loader/dist/cjs.js!/var/www/trexzactyl/node_modules/date-fns/esm/addMonths/index.js
<s> [webpack.Progress] 55% building 381/412 modules 31 active /var/www/trexzactyl/node_modules/source-map-loader/dist/cjs.js!/var/www/trexzactyl/node_modules/date-fns/esm/addMonths/index.js
<s> [webpack.Progress] 55% building 381/413 modules 32 active /var/www/trexzactyl/node_modules/source-map-loader/dist/cjs.js!/var/www/trexzactyl/node_modules/lodash-es/has.js
<s> [webpack.Progress] 55% building 381/414 modules 33 active /var/www/trexzactyl/node_modules/source-map-loader/dist/cjs.js!/var/www/trexzactyl/node_modules/@heroicons/react/outline/esm/AcademicCapIcon.js
<s> [webpack.Progress] 55% building 382/414 modules 32 active /var/www/trexzactyl/node_modules/source-map-loader/dist/cjs.js!/var/www/trexzactyl/node_modules/@heroicons/react/outline/esm/AcademicCapIcon.js
<s> [webpack.Progress] 55% building 383/414 modules 31 active /var/www/trexzactyl/node_modules/source-map-loader/dist/cjs.js!/var/www/trexzactyl/node_modules/@heroicons/react/outline/esm/AcademicCapIcon.js
<s> [webpack.Progress] 55% building 383/415 modules 32 active /var/www/trexzactyl/node_modules/source-map-loader/dist/cjs.js!/var/www/trexzactyl/node_modules/@heroicons/react/outline/esm/ZoomOutIcon.js
<s> [webpack.Progress] 55% building 383/416 modules 33 active /var/www/trexzactyl/node_modules/source-map-loader/dist/cjs.js!/var/www/trexzactyl/node_modules/prop-types/lib/has.js
<s> [webpack.Progress] 55% building 383/417 modules 34 active /var/www/trexzactyl/node_modules/source-map-loader/dist/cjs.js!/var/www/trexzactyl/node_modules/prop-types/lib/ReactPropTypesSecret.js
<s> [webpack.Progress] 55% building 383/418 modules 35 active /var/www/trexzactyl/node_modules/babel-loader/lib/index.js!/var/www/trexzactyl/resources/scripts/components/Avatar.tsx
<s> [webpack.Progress] 55% building 383/419 modules 36 active /var/www/trexzactyl/node_modules/source-map-loader/dist/cjs.js!/var/www/trexzactyl/node_modules/date-fns/esm/_lib/defaultOptions/index.js
<s> [webpack.Progress] 56% building 384/419 modules 35 active /var/www/trexzactyl/node_modules/source-map-loader/dist/cjs.js!/var/www/trexzactyl/node_modules/date-fns/esm/_lib/defaultOptions/index.js
<s> [webpack.Progress] 56% building 385/419 modules 34 active /var/www/trexzactyl/node_modules/source-map-loader/dist/cjs.js!/var/www/trexzactyl/node_modules/date-fns/esm/_lib/defaultOptions/index.js
<s> [webpack.Progress] 56% building 386/419 modules 33 active /var/www/trexzactyl/node_modules/source-map-loader/dist/cjs.js!/var/www/trexzactyl/node_modules/date-fns/esm/_lib/defaultOptions/index.js
<s> [webpack.Progress] 56% building 386/420 modules 34 active /var/www/trexzactyl/node_modules/source-map-loader/dist/cjs.js!/var/www/trexzactyl/node_modules/@headlessui/react/dist/headlessui.esm.js
<s> [webpack.Progress] 56% building 387/420 modules 33 active /var/www/trexzactyl/node_modules/source-map-loader/dist/cjs.js!/var/www/trexzactyl/node_modules/@headlessui/react/dist/headlessui.esm.js
<s> [webpack.Progress] 56% building 388/420 modules 32 active /var/www/trexzactyl/node_modules/source-map-loader/dist/cjs.js!/var/www/trexzactyl/node_modules/@headlessui/react/dist/headlessui.esm.js
<s> [webpack.Progress] 56% building 389/420 modules 31 active /var/www/trexzactyl/node_modules/source-map-loader/dist/cjs.js!/var/www/trexzactyl/node_modules/@headlessui/react/dist/headlessui.esm.js
<s> [webpack.Progress] 56% building 389/421 modules 32 active /var/www/trexzactyl/node_modules/source-map-loader/dist/cjs.js!/var/www/trexzactyl/node_modules/@heroicons/react/outline/esm/ZoomInIcon.js
<s> [webpack.Progress] 56% building 389/422 modules 33 active /var/www/trexzactyl/node_modules/source-map-loader/dist/cjs.js!/var/www/trexzactyl/node_modules/@heroicons/react/outline/esm/XIcon.js
<s> [webpack.Progress] 56% building 390/422 modules 32 active /var/www/trexzactyl/node_modules/source-map-loader/dist/cjs.js!/var/www/trexzactyl/node_modules/@heroicons/react/outline/esm/XIcon.js
<s> [webpack.Progress] 56% building 391/422 modules 31 active /var/www/trexzactyl/node_modules/source-map-loader/dist/cjs.js!/var/www/trexzactyl/node_modules/@heroicons/react/outline/esm/XIcon.js
<s> [webpack.Progress] 56% building 391/423 modules 32 active /var/www/trexzactyl/node_modules/source-map-loader/dist/cjs.js!/var/www/trexzactyl/node_modules/@heroicons/react/outline/esm/XCircleIcon.js
<s> [webpack.Progress] 57% building 392/423 modules 31 active /var/www/trexzactyl/node_modules/source-map-loader/dist/cjs.js!/var/www/trexzactyl/node_modules/@heroicons/react/outline/esm/XCircleIcon.js
<s> [webpack.Progress] 57% building 393/423 modules 30 active /var/www/trexzactyl/node_modules/source-map-loader/dist/cjs.js!/var/www/trexzactyl/node_modules/@heroicons/react/outline/esm/XCircleIcon.js
<s> [webpack.Progress] 57% building 394/423 modules 29 active /var/www/trexzactyl/node_modules/source-map-loader/dist/cjs.js!/var/www/trexzactyl/node_modules/@heroicons/react/outline/esm/XCircleIcon.js
<s> [webpack.Progress] 57% building 394/424 modules 30 active /var/www/trexzactyl/node_modules/source-map-loader/dist/cjs.js!/var/www/trexzactyl/node_modules/lodash-es/_baseClone.js
<s> [webpack.Progress] 57% building 394/425 modules 31 active /var/www/trexzactyl/node_modules/source-map-loader/dist/cjs.js!/var/www/trexzactyl/node_modules/lodash-es/_baseGetTag.js
<s> [webpack.Progress] 57% building 394/426 modules 32 active /var/www/trexzactyl/node_modules/source-map-loader/dist/cjs.js!/var/www/trexzactyl/node_modules/lodash-es/_arrayMap.js
<s> [webpack.Progress] 57% building 395/426 modules 31 active /var/www/trexzactyl/node_modules/source-map-loader/dist/cjs.js!/var/www/trexzactyl/node_modules/lodash-es/_arrayMap.js
<s> [webpack.Progress] 57% building 396/426 modules 30 active /var/www/trexzactyl/node_modules/source-map-loader/dist/cjs.js!/var/www/trexzactyl/node_modules/lodash-es/_arrayMap.js
<s> [webpack.Progress] 57% building 396/427 modules 31 active /var/www/trexzactyl/node_modules/source-map-loader/dist/cjs.js!/var/www/trexzactyl/node_modules/lodash-es/toString.js
<s> [webpack.Progress] 57% building 396/428 modules 32 active /var/www/trexzactyl/node_modules/style-loader/dist/cjs.js!/var/www/trexzactyl/node_modules/css-loader/dist/cjs.js??ref--7-1!/var/www/trexzactyl/node_modules/postcss-loader/dist/cjs.js??ref--7-2!/var/www/trexzactyl/resources/scripts/components/elements/inputs/styles.module.css
<s> [webpack.Progress] 57% building 397/428 modules 31 active /var/www/trexzactyl/node_modules/source-map-loader/dist/cjs.js!/var/www/trexzactyl/node_modules/lodash-es/toString.js
<s> [webpack.Progress] 57% building 397/429 modules 32 active /var/www/trexzactyl/node_modules/css-loader/dist/cjs.js??ref--7-1!/var/www/trexzactyl/node_modules/postcss-loader/dist/cjs.js??ref--7-2!/var/www/trexzactyl/resources/scripts/components/elements/inputs/styles.module.css
<s> [webpack.Progress] 57% building 398/429 modules 31 active /var/www/trexzactyl/node_modules/css-loader/dist/cjs.js??ref--7-1!/var/www/trexzactyl/node_modules/postcss-loader/dist/cjs.js??ref--7-2!/var/www/trexzactyl/resources/scripts/components/elements/inputs/styles.module.css
<s> [webpack.Progress] 57% building 399/429 modules 30 active /var/www/trexzactyl/node_modules/css-loader/dist/cjs.js??ref--7-1!/var/www/trexzactyl/node_modules/postcss-loader/dist/cjs.js??ref--7-2!/var/www/trexzactyl/resources/scripts/components/elements/inputs/styles.module.css
<s> [webpack.Progress] 57% building 400/429 modules 29 active /var/www/trexzactyl/node_modules/css-loader/dist/cjs.js??ref--7-1!/var/www/trexzactyl/node_modules/postcss-loader/dist/cjs.js??ref--7-2!/var/www/trexzactyl/resources/scripts/components/elements/inputs/styles.module.css
<s> [webpack.Progress] 58% building 401/429 modules 28 active /var/www/trexzactyl/node_modules/css-loader/dist/cjs.js??ref--7-1!/var/www/trexzactyl/node_modules/postcss-loader/dist/cjs.js??ref--7-2!/var/www/trexzactyl/resources/scripts/components/elements/inputs/styles.module.css
<s> [webpack.Progress] 58% building 401/430 modules 29 active /var/www/trexzactyl/node_modules/source-map-loader/dist/cjs.js!/var/www/trexzactyl/node_modules/date-fns/esm/setDefaultOptions/index.js
<s> [webpack.Progress] 58% building 401/431 modules 30 active /var/www/trexzactyl/node_modules/source-map-loader/dist/cjs.js!/var/www/trexzactyl/node_modules/date-fns/esm/setDayOfYear/index.js

warn - As of Tailwind CSS v3.3, the `@tailwindcss/line-clamp` plugin is now included by default.
warn - Remove it from the `plugins` array in your configuration to eliminate this warning.
<s> [webpack.Progress] 58% building 401/432 modules 31 active /var/www/trexzactyl/node_modules/source-map-loader/dist/cjs.js!/var/www/trexzactyl/node_modules/date-fns/esm/setDay/index.js
<s> [webpack.Progress] 58% building 401/433 modules 32 active /var/www/trexzactyl/node_modules/source-map-loader/dist/cjs.js!/var/www/trexzactyl/node_modules/lodash-es/_toKey.js
<s> [webpack.Progress] 58% building 401/434 modules 33 active /var/www/trexzactyl/node_modules/source-map-loader/dist/cjs.js!/var/www/trexzactyl/node_modules/date-fns/esm/setDate/index.js
<s> [webpack.Progress] 58% building 402/434 modules 32 active /var/www/trexzactyl/node_modules/source-map-loader/dist/cjs.js!/var/www/trexzactyl/node_modules/date-fns/esm/setDate/index.js
<s> [webpack.Progress] 58% building 403/434 modules 31 active /var/www/trexzactyl/node_modules/source-map-loader/dist/cjs.js!/var/www/trexzactyl/node_modules/date-fns/esm/setDate/index.js
<s> [webpack.Progress] 58% building 403/435 modules 32 active /var/www/trexzactyl/node_modules/source-map-loader/dist/cjs.js!/var/www/trexzactyl/node_modules/date-fns/esm/set/index.js
<s> [webpack.Progress] 58% building 403/436 modules 33 active /var/www/trexzactyl/node_modules/source-map-loader/dist/cjs.js!/var/www/trexzactyl/node_modules/date-fns/esm/addMilliseconds/index.js
<s> [webpack.Progress] 58% building 404/436 modules 32 active /var/www/trexzactyl/node_modules/source-map-loader/dist/cjs.js!/var/www/trexzactyl/node_modules/date-fns/esm/addMilliseconds/index.js
<s> [webpack.Progress] 58% building 405/436 modules 31 active /var/www/trexzactyl/node_modules/source-map-loader/dist/cjs.js!/var/www/trexzactyl/node_modules/date-fns/esm/addMilliseconds/index.js
<s> [webpack.Progress] 58% building 405/437 modules 32 active /var/www/trexzactyl/node_modules/source-map-loader/dist/cjs.js!/var/www/trexzactyl/node_modules/date-fns/esm/addHours/index.js
<s> [webpack.Progress] 58% building 405/438 modules 33 active /var/www/trexzactyl/node_modules/source-map-loader/dist/cjs.js!/var/www/trexzactyl/node_modules/date-fns/esm/addMinutes/index.js
<s> [webpack.Progress] 58% building 406/438 modules 32 active /var/www/trexzactyl/node_modules/source-map-loader/dist/cjs.js!/var/www/trexzactyl/node_modules/date-fns/esm/addMinutes/index.js
<s> [webpack.Progress] 58% building 406/439 modules 33 active /var/www/trexzactyl/node_modules/source-map-loader/dist/cjs.js!/var/www/trexzactyl/node_modules/date-fns/esm/getWeekYear/index.js
<s> [webpack.Progress] 58% building 407/439 modules 32 active /var/www/trexzactyl/node_modules/source-map-loader/dist/cjs.js!/var/www/trexzactyl/node_modules/date-fns/esm/getWeekYear/index.js
<s> [webpack.Progress] 58% building 407/440 modules 33 active /var/www/trexzactyl/node_modules/source-map-loader/dist/cjs.js!/var/www/trexzactyl/node_modules/date-fns/esm/addISOWeekYears/index.js
<s> [webpack.Progress] 58% building 407/441 modules 34 active /var/www/trexzactyl/node_modules/source-map-loader/dist/cjs.js!/var/www/trexzactyl/node_modules/date-fns/esm/addBusinessDays/index.js
<s> [webpack.Progress] 58% building 407/442 modules 35 active /var/www/trexzactyl/node_modules/source-map-loader/dist/cjs.js!/var/www/trexzactyl/node_modules/date-fns/esm/addSeconds/index.js
<s> [webpack.Progress] 58% building 407/443 modules 36 active /var/www/trexzactyl/node_modules/source-map-loader/dist/cjs.js!/var/www/trexzactyl/node_modules/date-fns/esm/addYears/index.js
<s> [webpack.Progress] 58% building 407/444 modules 37 active /var/www/trexzactyl/node_modules/source-map-loader/dist/cjs.js!/var/www/trexzactyl/node_modules/date-fns/esm/addWeeks/index.js
<s> [webpack.Progress] 58% building 407/445 modules 38 active /var/www/trexzactyl/node_modules/source-map-loader/dist/cjs.js!/var/www/trexzactyl/node_modules/date-fns/esm/getISOWeekYear/index.js
<s> [webpack.Progress] 58% building 407/446 modules 39 active /var/www/trexzactyl/node_modules/source-map-loader/dist/cjs.js!/var/www/trexzactyl/node_modules/date-fns/esm/secondsToMinutes/index.js
<s> [webpack.Progress] 58% building 407/447 modules 40 active /var/www/trexzactyl/node_modules/source-map-loader/dist/cjs.js!/var/www/trexzactyl/node_modules/date-fns/esm/addQuarters/index.js
<s> [webpack.Progress] 58% building 407/448 modules 41 active /var/www/trexzactyl/node_modules/source-map-loader/dist/cjs.js!/var/www/trexzactyl/node_modules/date-fns/esm/secondsToMilliseconds/index.js
<s> [webpack.Progress] 58% building 407/449 modules 42 active /var/www/trexzactyl/node_modules/source-map-loader/dist/cjs.js!/var/www/trexzactyl/node_modules/date-fns/esm/secondsToHours/index.js
<s> [webpack.Progress] 58% building 407/450 modules 43 active /var/www/trexzactyl/node_modules/source-map-loader/dist/cjs.js!/var/www/trexzactyl/node_modules/date-fns/esm/roundToNearestMinutes/index.js
<s> [webpack.Progress] 58% building 407/451 modules 44 active /var/www/trexzactyl/node_modules/source-map-loader/dist/cjs.js!/var/www/trexzactyl/node_modules/date-fns/esm/quartersToYears/index.js
<s> [webpack.Progress] 58% building 407/452 modules 45 active /var/www/trexzactyl/node_modules/source-map-loader/dist/cjs.js!/var/www/trexzactyl/node_modules/date-fns/esm/quartersToMonths/index.js
<s> [webpack.Progress] 58% building 407/453 modules 46 active /var/www/trexzactyl/node_modules/source-map-loader/dist/cjs.js!/var/www/trexzactyl/node_modules/date-fns/esm/previousThursday/index.js
<s> [webpack.Progress] 58% building 407/454 modules 47 active /var/www/trexzactyl/node_modules/source-map-loader/dist/cjs.js!/var/www/trexzactyl/node_modules/date-fns/esm/previousWednesday/index.js
<s> [webpack.Progress] 58% building 407/455 modules 48 active /var/www/trexzactyl/node_modules/source-map-loader/dist/cjs.js!/var/www/trexzactyl/node_modules/date-fns/esm/previousTuesday/index.js
<s> [webpack.Progress] 58% building 407/456 modules 49 active /var/www/trexzactyl/node_modules/source-map-loader/dist/cjs.js!/var/www/trexzactyl/node_modules/date-fns/esm/previousSunday/index.js
<s> [webpack.Progress] 58% building 407/457 modules 50 active /var/www/trexzactyl/node_modules/source-map-loader/dist/cjs.js!/var/www/trexzactyl/node_modules/date-fns/esm/previousFriday/index.js
<s> [webpack.Progress] 58% building 407/458 modules 51 active /var/www/trexzactyl/node_modules/source-map-loader/dist/cjs.js!/var/www/trexzactyl/node_modules/date-fns/esm/previousSaturday/index.js
<s> [webpack.Progress] 58% building 407/459 modules 52 active /var/www/trexzactyl/node_modules/source-map-loader/dist/cjs.js!/var/www/trexzactyl/node_modules/date-fns/esm/previousMonday/index.js
<s> [webpack.Progress] 58% building 407/460 modules 53 active /var/www/trexzactyl/node_modules/source-map-loader/dist/cjs.js!/var/www/trexzactyl/node_modules/date-fns/esm/previousDay/index.js
<s> [webpack.Progress] 58% building 408/460 modules 52 active /var/www/trexzactyl/node_modules/source-map-loader/dist/cjs.js!/var/www/trexzactyl/node_modules/date-fns/esm/previousDay/index.js
<s> [webpack.Progress] 58% building 408/461 modules 53 active /var/www/trexzactyl/node_modules/source-map-loader/dist/cjs.js!/var/www/trexzactyl/node_modules/date-fns/esm/parseISO/index.js
<s> [webpack.Progress] 58% building 408/462 modules 54 active /var/www/trexzactyl/node_modules/babel-loader/lib/index.js!/var/www/trexzactyl/resources/scripts/api/transformers.ts
<s> [webpack.Progress] 58% building 408/463 modules 55 active /var/www/trexzactyl/node_modules/source-map-loader/dist/cjs.js!/var/www/trexzactyl/node_modules/date-fns/esm/parseJSON/index.js
<s> [webpack.Progress] 58% building 408/464 modules 56 active /var/www/trexzactyl/node_modules/source-map-loader/dist/cjs.js!/var/www/trexzactyl/node_modules/@heroicons/react/solid/esm/index.js
<s> [webpack.Progress] 58% building 408/465 modules 57 active /var/www/trexzactyl/node_modules/babel-loader/lib/index.js!/var/www/trexzactyl/resources/scripts/components/elements/inputs/Checkbox.tsx
<s> [webpack.Progress] 58% building 408/466 modules 58 active /var/www/trexzactyl/node_modules/source-map-loader/dist/cjs.js!/var/www/trexzactyl/node_modules/date-fns/esm/parse/index.js
<s> [webpack.Progress] 58% building 408/467 modules 59 active /var/www/trexzactyl/node_modules/source-map-loader/dist/cjs.js!/var/www/trexzactyl/node_modules/date-fns/esm/differenceInCalendarDays/index.js
<s> [webpack.Progress] 58% building 408/468 modules 60 active /var/www/trexzactyl/node_modules/source-map-loader/dist/cjs.js!/var/www/trexzactyl/node_modules/date-fns/esm/nextWednesday/index.js
<s> [webpack.Progress] 58% building 408/469 modules 61 active /var/www/trexzactyl/node_modules/framer-motion/dist/es/utils/use-force-update.mjs
<s> [webpack.Progress] 58% building 408/470 modules 62 active /var/www/trexzactyl/node_modules/framer-motion/dist/es/utils/use-isomorphic-effect.mjs
<s> [webpack.Progress] 58% building 408/471 modules 63 active /var/www/trexzactyl/node_modules/framer-motion/dist/es/utils/use-unmount-effect.mjs
<s> [webpack.Progress] 58% building 408/472 modules 64 active /var/www/trexzactyl/node_modules/framer-motion/dist/es/utils/is-browser.mjs
<s> [webpack.Progress] 59% building 409/472 modules 63 active /var/www/trexzactyl/node_modules/framer-motion/dist/es/utils/is-browser.mjs
<s> [webpack.Progress] 59% building 409/473 modules 64 active /var/www/trexzactyl/node_modules/source-map-loader/dist/cjs.js!/var/www/trexzactyl/node_modules/lodash-es/_Symbol.js
<s> [webpack.Progress] 59% building 409/474 modules 65 active /var/www/trexzactyl/node_modules/source-map-loader/dist/cjs.js!/var/www/trexzactyl/node_modules/property-expr/index.js
<s> [webpack.Progress] 59% building 409/475 modules 66 active /var/www/trexzactyl/node_modules/source-map-loader/dist/cjs.js!/var/www/trexzactyl/node_modules/lodash-es/values.js
<s> [webpack.Progress] 59% building 410/475 modules 65 active /var/www/trexzactyl/node_modules/source-map-loader/dist/cjs.js!/var/www/trexzactyl/node_modules/lodash-es/values.js
<s> [webpack.Progress] 59% building 411/475 modules 64 active /var/www/trexzactyl/node_modules/source-map-loader/dist/cjs.js!/var/www/trexzactyl/node_modules/lodash-es/values.js
<s> [webpack.Progress] 59% building 412/475 modules 63 active /var/www/trexzactyl/node_modules/source-map-loader/dist/cjs.js!/var/www/trexzactyl/node_modules/lodash-es/values.js
<s> [webpack.Progress] 59% building 412/476 modules 64 active /var/www/trexzactyl/node_modules/source-map-loader/dist/cjs.js!/var/www/trexzactyl/node_modules/lodash-es/_stringToArray.js
<s> [webpack.Progress] 59% building 412/477 modules 65 active /var/www/trexzactyl/node_modules/source-map-loader/dist/cjs.js!/var/www/trexzactyl/node_modules/date-fns/esm/getWeek/index.js
<s> [webpack.Progress] 59% building 413/477 modules 64 active /var/www/trexzactyl/node_modules/source-map-loader/dist/cjs.js!/var/www/trexzactyl/node_modules/date-fns/esm/getWeek/index.js
<s> [webpack.Progress] 59% building 414/477 modules 63 active /var/www/trexzactyl/node_modules/source-map-loader/dist/cjs.js!/var/www/trexzactyl/node_modules/date-fns/esm/getWeek/index.js
<s> [webpack.Progress] 59% building 414/478 modules 64 active /var/www/trexzactyl/node_modules/framer-motion/dist/es/events/event-info.mjs
<s> [webpack.Progress] 59% building 414/479 modules 65 active /var/www/trexzactyl/node_modules/framer-motion/dist/es/events/use-pointer-event.mjs
<s> [webpack.Progress] 59% building 415/479 modules 64 active /var/www/trexzactyl/node_modules/framer-motion/dist/es/events/use-pointer-event.mjs
<s> [webpack.Progress] 59% building 416/479 modules 63 active /var/www/trexzactyl/node_modules/framer-motion/dist/es/events/use-pointer-event.mjs
<s> [webpack.Progress] 59% building 416/480 modules 64 active /var/www/trexzactyl/node_modules/babel-loader/lib/index.js!/var/www/trexzactyl/resources/scripts/components/elements/inputs/InputField.tsx
<s> [webpack.Progress] 60% building 417/480 modules 63 active /var/www/trexzactyl/node_modules/babel-loader/lib/index.js!/var/www/trexzactyl/resources/scripts/components/elements/inputs/InputField.tsx
<s> [webpack.Progress] 60% building 417/481 modules 64 active /var/www/trexzactyl/node_modules/source-map-loader/dist/cjs.js!/var/www/trexzactyl/node_modules/timers-browserify/main.js
<s> [webpack.Progress] 60% building 417/482 modules 65 active /var/www/trexzactyl/node_modules/framer-motion/dist/es/render/dom/motion.mjs
<s> [webpack.Progress] 60% building 418/482 modules 64 active /var/www/trexzactyl/node_modules/framer-motion/dist/es/render/dom/motion.mjs
<s> [webpack.Progress] 60% building 418/483 modules 65 active /var/www/trexzactyl/node_modules/source-map-loader/dist/cjs.js!/var/www/trexzactyl/node_modules/lodash-es/_setToArray.js
<s> [webpack.Progress] 60% building 418/484 modules 66 active /var/www/trexzactyl/node_modules/source-map-loader/dist/cjs.js!/var/www/trexzactyl/node_modules/lodash-es/_mapToArray.js
<s> [webpack.Progress] 60% building 418/485 modules 67 active /var/www/trexzactyl/node_modules/source-map-loader/dist/cjs.js!/var/www/trexzactyl/node_modules/lodash-es/_iteratorToArray.js
<s> [webpack.Progress] 60% building 419/485 modules 66 active /var/www/trexzactyl/node_modules/source-map-loader/dist/cjs.js!/var/www/trexzactyl/node_modules/lodash-es/_iteratorToArray.js
<s> [webpack.Progress] 60% building 419/486 modules 67 active /var/www/trexzactyl/node_modules/source-map-loader/dist/cjs.js!/var/www/trexzactyl/node_modules/lodash-es/isString.js
<s> [webpack.Progress] 60% building 420/486 modules 66 active /var/www/trexzactyl/node_modules/source-map-loader/dist/cjs.js!/var/www/trexzactyl/node_modules/lodash-es/isString.js
<s> [webpack.Progress] 60% building 420/487 modules 67 active /var/www/trexzactyl/node_modules/source-map-loader/dist/cjs.js!/var/www/trexzactyl/node_modules/lodash-es/isArrayLike.js
<s> [webpack.Progress] 60% building 420/488 modules 68 active /var/www/trexzactyl/node_modules/source-map-loader/dist/cjs.js!/var/www/trexzactyl/node_modules/lodash-es/_getTag.js
<s> [webpack.Progress] 60% building 420/489 modules 69 active /var/www/trexzactyl/node_modules/framer-motion/dist/es/value/utils/is-motion-value.mjs
<s> [webpack.Progress] 60% building 421/489 modules 68 active /var/www/trexzactyl/node_modules/framer-motion/dist/es/value/utils/is-motion-value.mjs
<s> [webpack.Progress] 60% building 422/489 modules 67 active /var/www/trexzactyl/node_modules/framer-motion/dist/es/value/utils/is-motion-value.mjs
<s> [webpack.Progress] 60% building 423/489 modules 66 active /var/www/trexzactyl/node_modules/framer-motion/dist/es/value/utils/is-motion-value.mjs
<s> [webpack.Progress] 60% building 423/490 modules 67 active /var/www/trexzactyl/node_modules/source-map-loader/dist/cjs.js!/var/www/trexzactyl/node_modules/lodash-es/_copyArray.js
<s> [webpack.Progress] 60% building 424/490 modules 66 active /var/www/trexzactyl/node_modules/source-map-loader/dist/cjs.js!/var/www/trexzactyl/node_modules/lodash-es/_copyArray.js
<s> [webpack.Progress] 60% building 424/491 modules 67 active /var/www/trexzactyl/node_modules/framer-motion/dist/es/motion/utils/use-visual-state.mjs
<s> [webpack.Progress] 60% building 424/492 modules 68 active /var/www/trexzactyl/node_modules/source-map-loader/dist/cjs.js!/var/www/trexzactyl/node_modules/lodash-es/_baseHas.js
<s> [webpack.Progress] 60% building 424/493 modules 69 active /var/www/trexzactyl/node_modules/source-map-loader/dist/cjs.js!/var/www/trexzactyl/node_modules/date-fns/esm/getISOWeek/index.js
<s> [webpack.Progress] 60% building 424/494 modules 70 active /var/www/trexzactyl/node_modules/source-map-loader/dist/cjs.js!/var/www/trexzactyl/node_modules/date-fns/esm/getISODay/index.js
<s> [webpack.Progress] 60% building 424/495 modules 71 active /var/www/trexzactyl/node_modules/source-map-loader/dist/cjs.js!/var/www/trexzactyl/node_modules/date-fns/esm/getDaysInMonth/index.js
<s> [webpack.Progress] 60% building 424/496 modules 72 active /var/www/trexzactyl/node_modules/source-map-loader/dist/cjs.js!/var/www/trexzactyl/node_modules/lodash-es/mapValues.js
<s> [webpack.Progress] 60% building 424/497 modules 73 active /var/www/trexzactyl/node_modules/source-map-loader/dist/cjs.js!/var/www/trexzactyl/node_modules/lodash-es/_hasPath.js
<s> [webpack.Progress] 61% building 425/497 modules 72 active /var/www/trexzactyl/node_modules/source-map-loader/dist/cjs.js!/var/www/trexzactyl/node_modules/lodash-es/_hasPath.js
<s> [webpack.Progress] 61% building 426/497 modules 71 active /var/www/trexzactyl/node_modules/source-map-loader/dist/cjs.js!/var/www/trexzactyl/node_modules/lodash-es/_hasPath.js
<s> [webpack.Progress] 61% building 426/498 modules 72 active /var/www/trexzactyl/node_modules/framer-motion/dist/es/gestures/drag/utils/lock.mjs
<s> [webpack.Progress] 61% building 427/498 modules 71 active /var/www/trexzactyl/node_modules/framer-motion/dist/es/gestures/drag/utils/lock.mjs
<s> [webpack.Progress] 61% building 427/499 modules 72 active /var/www/trexzactyl/node_modules/framer-motion/dist/es/render/dom/utils/filter-props.mjs
<s> [webpack.Progress] 61% building 428/499 modules 71 active /var/www/trexzactyl/node_modules/framer-motion/dist/es/render/dom/utils/filter-props.mjs
<s> [webpack.Progress] 61% building 429/499 modules 70 active /var/www/trexzactyl/node_modules/framer-motion/dist/es/render/dom/utils/filter-props.mjs
<s> [webpack.Progress] 61% building 430/499 modules 69 active /var/www/trexzactyl/node_modules/framer-motion/dist/es/render/dom/utils/filter-props.mjs
<s> [webpack.Progress] 61% building 431/499 modules 68 active /var/www/trexzactyl/node_modules/framer-motion/dist/es/render/dom/utils/filter-props.mjs
<s> [webpack.Progress] 61% building 432/499 modules 67 active /var/www/trexzactyl/node_modules/framer-motion/dist/es/render/dom/utils/filter-props.mjs
<s> [webpack.Progress] 61% building 432/500 modules 68 active /var/www/trexzactyl/node_modules/framer-motion/dist/es/render/utils/setters.mjs
<s> [webpack.Progress] 61% building 432/501 modules 69 active /var/www/trexzactyl/node_modules/source-map-loader/dist/cjs.js!/var/www/trexzactyl/node_modules/lodash-es/_Stack.js
<s> [webpack.Progress] 61% building 432/502 modules 70 active /var/www/trexzactyl/node_modules/source-map-loader/dist/cjs.js!/var/www/trexzactyl/node_modules/lodash-es/_objectToString.js
<s> [webpack.Progress] 61% building 433/502 modules 69 active /var/www/trexzactyl/node_modules/source-map-loader/dist/cjs.js!/var/www/trexzactyl/node_modules/lodash-es/_objectToString.js
<s> [webpack.Progress] 61% building 433/503 modules 70 active /var/www/trexzactyl/node_modules/source-map-loader/dist/cjs.js!/var/www/trexzactyl/node_modules/lodash-es/_getRawTag.js
<s> [webpack.Progress] 61% building 434/503 modules 69 active /var/www/trexzactyl/node_modules/source-map-loader/dist/cjs.js!/var/www/trexzactyl/node_modules/lodash-es/_getRawTag.js
<s> [webpack.Progress] 61% building 435/503 modules 68 active /var/www/trexzactyl/node_modules/source-map-loader/dist/cjs.js!/var/www/trexzactyl/node_modules/lodash-es/_getRawTag.js
<s> [webpack.Progress] 62% building 436/503 modules 67 active /var/www/trexzactyl/node_modules/source-map-loader/dist/cjs.js!/var/www/trexzactyl/node_modules/lodash-es/_getRawTag.js
<s> [webpack.Progress] 62% building 437/503 modules 66 active /var/www/trexzactyl/node_modules/source-map-loader/dist/cjs.js!/var/www/trexzactyl/node_modules/lodash-es/_getRawTag.js
<s> [webpack.Progress] 62% building 438/503 modules 65 active /var/www/trexzactyl/node_modules/source-map-loader/dist/cjs.js!/var/www/trexzactyl/node_modules/lodash-es/_getRawTag.js
<s> [webpack.Progress] 62% building 438/504 modules 66 active /var/www/trexzactyl/node_modules/framer-motion/dist/es/motion/features/animations.mjs
<s> [webpack.Progress] 62% building 439/504 modules 65 active /var/www/trexzactyl/node_modules/framer-motion/dist/es/motion/features/animations.mjs
<s> [webpack.Progress] 62% building 440/504 modules 64 active /var/www/trexzactyl/node_modules/framer-motion/dist/es/motion/features/animations.mjs
<s> [webpack.Progress] 62% building 441/504 modules 63 active /var/www/trexzactyl/node_modules/framer-motion/dist/es/motion/features/animations.mjs
<s> [webpack.Progress] 62% building 442/504 modules 62 active /var/www/trexzactyl/node_modules/framer-motion/dist/es/motion/features/animations.mjs
<s> [webpack.Progress] 62% building 443/504 modules 61 active /var/www/trexzactyl/node_modules/framer-motion/dist/es/motion/features/animations.mjs
<s> [webpack.Progress] 62% building 444/504 modules 60 active /var/www/trexzactyl/node_modules/framer-motion/dist/es/motion/features/animations.mjs
<s> [webpack.Progress] 62% building 445/504 modules 59 active /var/www/trexzactyl/node_modules/framer-motion/dist/es/motion/features/animations.mjs
<s> [webpack.Progress] 63% building 446/504 modules 58 active /var/www/trexzactyl/node_modules/framer-motion/dist/es/motion/features/animations.mjs
<s> [webpack.Progress] 63% building 447/504 modules 57 active /var/www/trexzactyl/node_modules/framer-motion/dist/es/motion/features/animations.mjs
<s> [webpack.Progress] 63% building 448/504 modules 56 active /var/www/trexzactyl/node_modules/framer-motion/dist/es/motion/features/animations.mjs
<s> [webpack.Progress] 63% building 449/504 modules 55 active /var/www/trexzactyl/node_modules/framer-motion/dist/es/motion/features/animations.mjs
<s> [webpack.Progress] 63% building 450/504 modules 54 active /var/www/trexzactyl/node_modules/framer-motion/dist/es/motion/features/animations.mjs
<s> [webpack.Progress] 63% building 451/504 modules 53 active /var/www/trexzactyl/node_modules/framer-motion/dist/es/motion/features/animations.mjs
<s> [webpack.Progress] 63% building 452/504 modules 52 active /var/www/trexzactyl/node_modules/framer-motion/dist/es/motion/features/animations.mjs
<s> [webpack.Progress] 63% building 453/504 modules 51 active /var/www/trexzactyl/node_modules/framer-motion/dist/es/motion/features/animations.mjs
<s> [webpack.Progress] 64% building 454/504 modules 50 active /var/www/trexzactyl/node_modules/framer-motion/dist/es/motion/features/animations.mjs
<s> [webpack.Progress] 63% building 454/505 modules 51 active /var/www/trexzactyl/node_modules/source-map-loader/dist/cjs.js!/var/www/trexzactyl/node_modules/lodash-es/_baseToString.js
<s> [webpack.Progress] 64% building 455/505 modules 50 active /var/www/trexzactyl/node_modules/source-map-loader/dist/cjs.js!/var/www/trexzactyl/node_modules/lodash-es/_baseToString.js
<s> [webpack.Progress] 64% building 456/505 modules 49 active /var/www/trexzactyl/node_modules/source-map-loader/dist/cjs.js!/var/www/trexzactyl/node_modules/lodash-es/_baseToString.js
<s> [webpack.Progress] 64% building 457/505 modules 48 active /var/www/trexzactyl/node_modules/source-map-loader/dist/cjs.js!/var/www/trexzactyl/node_modules/lodash-es/_baseToString.js
<s> [webpack.Progress] 64% building 458/505 modules 47 active /var/www/trexzactyl/node_modules/source-map-loader/dist/cjs.js!/var/www/trexzactyl/node_modules/lodash-es/_baseToString.js
<s> [webpack.Progress] 64% building 459/505 modules 46 active /var/www/trexzactyl/node_modules/source-map-loader/dist/cjs.js!/var/www/trexzactyl/node_modules/lodash-es/_baseToString.js
<s> [webpack.Progress] 64% building 460/505 modules 45 active /var/www/trexzactyl/node_modules/source-map-loader/dist/cjs.js!/var/www/trexzactyl/node_modules/lodash-es/_baseToString.js
<s> [webpack.Progress] 64% building 461/505 modules 44 active /var/www/trexzactyl/node_modules/source-map-loader/dist/cjs.js!/var/www/trexzactyl/node_modules/lodash-es/_baseToString.js
<s> [webpack.Progress] 64% building 462/505 modules 43 active /var/www/trexzactyl/node_modules/source-map-loader/dist/cjs.js!/var/www/trexzactyl/node_modules/lodash-es/_baseToString.js
<s> [webpack.Progress] 65% building 463/505 modules 42 active /var/www/trexzactyl/node_modules/source-map-loader/dist/cjs.js!/var/www/trexzactyl/node_modules/lodash-es/_baseToString.js
<s> [webpack.Progress] 65% building 464/505 modules 41 active /var/www/trexzactyl/node_modules/source-map-loader/dist/cjs.js!/var/www/trexzactyl/node_modules/lodash-es/_baseToString.js
<s> [webpack.Progress] 65% building 465/505 modules 40 active /var/www/trexzactyl/node_modules/source-map-loader/dist/cjs.js!/var/www/trexzactyl/node_modules/lodash-es/_baseToString.js
<s> [webpack.Progress] 65% building 465/506 modules 41 active /var/www/trexzactyl/node_modules/framer-motion/dist/es/projection/geometry/delta-calc.mjs
<s> [webpack.Progress] 65% building 465/507 modules 42 active /var/www/trexzactyl/node_modules/framer-motion/dist/es/projection/geometry/models.mjs
<s> [webpack.Progress] 65% building 466/507 modules 41 active /var/www/trexzactyl/node_modules/framer-motion/dist/es/projection/geometry/models.mjs
<s> [webpack.Progress] 65% building 467/507 modules 40 active /var/www/trexzactyl/node_modules/framer-motion/dist/es/projection/geometry/models.mjs
<s> [webpack.Progress] 65% building 468/507 modules 39 active /var/www/trexzactyl/node_modules/framer-motion/dist/es/projection/geometry/models.mjs
<s> [webpack.Progress] 65% building 469/507 modules 38 active /var/www/trexzactyl/node_modules/framer-motion/dist/es/projection/geometry/models.mjs
<s> [webpack.Progress] 65% building 470/507 modules 37 active /var/www/trexzactyl/node_modules/framer-motion/dist/es/projection/geometry/models.mjs
<s> [webpack.Progress] 65% building 471/507 modules 36 active /var/www/trexzactyl/node_modules/framer-motion/dist/es/projection/geometry/models.mjs
<s> [webpack.Progress] 65% building 472/507 modules 35 active /var/www/trexzactyl/node_modules/framer-motion/dist/es/projection/geometry/models.mjs
<s> [webpack.Progress] 65% building 473/507 modules 34 active /var/www/trexzactyl/node_modules/framer-motion/dist/es/projection/geometry/models.mjs
<s> [webpack.Progress] 65% building 473/508 modules 35 active /var/www/trexzactyl/node_modules/source-map-loader/dist/cjs.js!/var/www/trexzactyl/node_modules/object-assign/index.js
<s> [webpack.Progress] 65% building 474/508 modules 34 active /var/www/trexzactyl/node_modules/source-map-loader/dist/cjs.js!/var/www/trexzactyl/node_modules/object-assign/index.js
<s> [webpack.Progress] 65% building 474/509 modules 35 active /var/www/trexzactyl/node_modules/source-map-loader/dist/cjs.js!/var/www/trexzactyl/node_modules/lodash-es/keysIn.js
<s> [webpack.Progress] 65% building 475/509 modules 34 active /var/www/trexzactyl/node_modules/source-map-loader/dist/cjs.js!/var/www/trexzactyl/node_modules/lodash-es/keysIn.js
<s> [webpack.Progress] 66% building 476/509 modules 33 active /var/www/trexzactyl/node_modules/source-map-loader/dist/cjs.js!/var/www/trexzactyl/node_modules/lodash-es/keysIn.js
<s> [webpack.Progress] 65% building 476/510 modules 34 active /var/www/trexzactyl/node_modules/source-map-loader/dist/cjs.js!/var/www/trexzactyl/node_modules/lodash-es/keys.js
<s> [webpack.Progress] 65% building 476/511 modules 35 active /var/www/trexzactyl/node_modules/source-map-loader/dist/cjs.js!/var/www/trexzactyl/node_modules/lodash-es/isSet.js
<s> [webpack.Progress] 66% building 477/511 modules 34 active /var/www/trexzactyl/node_modules/source-map-loader/dist/cjs.js!/var/www/trexzactyl/node_modules/lodash-es/isSet.js
<s> [webpack.Progress] 66% building 478/511 modules 33 active /var/www/trexzactyl/node_modules/source-map-loader/dist/cjs.js!/var/www/trexzactyl/node_modules/lodash-es/isSet.js
<s> [webpack.Progress] 66% building 478/512 modules 34 active /var/www/trexzactyl/node_modules/source-map-loader/dist/cjs.js!/var/www/trexzactyl/node_modules/lodash-es/isSymbol.js
<s> [webpack.Progress] 66% building 479/512 modules 33 active /var/www/trexzactyl/node_modules/source-map-loader/dist/cjs.js!/var/www/trexzactyl/node_modules/lodash-es/isSymbol.js
<s> [webpack.Progress] 66% building 480/512 modules 32 active /var/www/trexzactyl/node_modules/source-map-loader/dist/cjs.js!/var/www/trexzactyl/node_modules/lodash-es/isSymbol.js
<s> [webpack.Progress] 66% building 480/513 modules 33 active /var/www/trexzactyl/node_modules/source-map-loader/dist/cjs.js!/var/www/trexzactyl/node_modules/@headlessui/react/dist/components/transitions/transition.js
<s> [webpack.Progress] 66% building 480/514 modules 34 active /var/www/trexzactyl/node_modules/source-map-loader/dist/cjs.js!/var/www/trexzactyl/node_modules/@headlessui/react/dist/components/switch/switch.js
<s> [webpack.Progress] 65% building 480/515 modules 35 active /var/www/trexzactyl/node_modules/source-map-loader/dist/cjs.js!/var/www/trexzactyl/node_modules/@headlessui/react/dist/components/tabs/tabs.js
<s> [webpack.Progress] 65% building 480/516 modules 36 active /var/www/trexzactyl/node_modules/source-map-loader/dist/cjs.js!/var/www/trexzactyl/node_modules/@headlessui/react/dist/components/radio-group/radio-group.js
<s> [webpack.Progress] 65% building 480/517 modules 37 active /var/www/trexzactyl/node_modules/source-map-loader/dist/cjs.js!/var/www/trexzactyl/node_modules/@headlessui/react/dist/components/portal/portal.js
<s> [webpack.Progress] 65% building 481/517 modules 36 active /var/www/trexzactyl/node_modules/source-map-loader/dist/cjs.js!/var/www/trexzactyl/node_modules/@headlessui/react/dist/components/portal/portal.js
<s> [webpack.Progress] 65% building 481/518 modules 37 active /var/www/trexzactyl/node_modules/source-map-loader/dist/cjs.js!/var/www/trexzactyl/node_modules/lodash-es/isObject.js
<s> [webpack.Progress] 65% building 482/518 modules 36 active /var/www/trexzactyl/node_modules/source-map-loader/dist/cjs.js!/var/www/trexzactyl/node_modules/lodash-es/isObject.js
<s> [webpack.Progress] 65% building 482/519 modules 37 active /var/www/trexzactyl/node_modules/source-map-loader/dist/cjs.js!/var/www/trexzactyl/node_modules/lodash-es/isMap.js
<s> [webpack.Progress] 65% building 483/519 modules 36 active /var/www/trexzactyl/node_modules/source-map-loader/dist/cjs.js!/var/www/trexzactyl/node_modules/lodash-es/isMap.js
<s> [webpack.Progress] 65% building 484/519 modules 35 active /var/www/trexzactyl/node_modules/source-map-loader/dist/cjs.js!/var/www/trexzactyl/node_modules/lodash-es/isMap.js
<s> [webpack.Progress] 65% building 484/520 modules 36 active /var/www/trexzactyl/node_modules/source-map-loader/dist/cjs.js!/var/www/trexzactyl/node_modules/lodash-es/isBuffer.js
<s> [webpack.Progress] 65% building 485/520 modules 35 active /var/www/trexzactyl/node_modules/source-map-loader/dist/cjs.js!/var/www/trexzactyl/node_modules/lodash-es/isBuffer.js
<s> [webpack.Progress] 65% building 485/521 modules 36 active /var/www/trexzactyl/node_modules/source-map-loader/dist/cjs.js!/var/www/trexzactyl/node_modules/lodash-es/isArray.js
<s> [webpack.Progress] 65% building 485/522 modules 37 active /var/www/trexzactyl/node_modules/source-map-loader/dist/cjs.js!/var/www/trexzactyl/node_modules/lodash-es/_initCloneObject.js
<s> [webpack.Progress] 65% building 485/523 modules 38 active /var/www/trexzactyl/node_modules/source-map-loader/dist/cjs.js!/var/www/trexzactyl/node_modules/lodash-es/_initCloneByTag.js
<s> [webpack.Progress] 65% building 485/524 modules 39 active /var/www/trexzactyl/node_modules/source-map-loader/dist/cjs.js!/var/www/trexzactyl/node_modules/lodash-es/_initCloneArray.js
<s> [webpack.Progress] 65% building 485/525 modules 40 active /var/www/trexzactyl/node_modules/source-map-loader/dist/cjs.js!/var/www/trexzactyl/node_modules/lodash-es/_getAllKeysIn.js
<s> [webpack.Progress] 65% building 485/526 modules 41 active /var/www/trexzactyl/node_modules/source-map-loader/dist/cjs.js!/var/www/trexzactyl/node_modules/lodash-es/_getAllKeys.js
<s> [webpack.Progress] 65% building 485/527 modules 42 active /var/www/trexzactyl/node_modules/source-map-loader/dist/cjs.js!/var/www/trexzactyl/node_modules/lodash-es/_copySymbolsIn.js
<s> [webpack.Progress] 65% building 485/528 modules 43 active /var/www/trexzactyl/node_modules/source-map-loader/dist/cjs.js!/var/www/trexzactyl/node_modules/lodash-es/_copySymbols.js
<s> [webpack.Progress] 65% building 485/529 modules 44 active /var/www/trexzactyl/node_modules/source-map-loader/dist/cjs.js!/var/www/trexzactyl/node_modules/lodash-es/_cloneBuffer.js
<s> [webpack.Progress] 64% building 485/530 modules 45 active /var/www/trexzactyl/node_modules/source-map-loader/dist/cjs.js!/var/www/trexzactyl/node_modules/lodash-es/_baseAssignIn.js
<s> [webpack.Progress] 64% building 485/531 modules 46 active /var/www/trexzactyl/node_modules/source-map-loader/dist/cjs.js!/var/www/trexzactyl/node_modules/lodash-es/_baseAssign.js
<s> [webpack.Progress] 64% building 485/532 modules 47 active /var/www/trexzactyl/node_modules/source-map-loader/dist/cjs.js!/var/www/trexzactyl/node_modules/lodash-es/_assignValue.js
<s> [webpack.Progress] 64% building 485/533 modules 48 active /var/www/trexzactyl/node_modules/source-map-loader/dist/cjs.js!/var/www/trexzactyl/node_modules/lodash-es/_arrayEach.js
<s> [webpack.Progress] 64% building 486/533 modules 47 active /var/www/trexzactyl/node_modules/source-map-loader/dist/cjs.js!/var/www/trexzactyl/node_modules/lodash-es/_arrayEach.js
<s> [webpack.Progress] 64% building 486/534 modules 48 active /var/www/trexzactyl/node_modules/source-map-loader/dist/cjs.js!/var/www/trexzactyl/node_modules/@heroicons/react/solid/esm/AcademicCapIcon.js
<s> [webpack.Progress] 64% building 486/535 modules 49 active /var/www/trexzactyl/node_modules/source-map-loader/dist/cjs.js!/var/www/trexzactyl/node_modules/@heroicons/react/solid/esm/ZoomOutIcon.js
<s> [webpack.Progress] 64% building 486/536 modules 50 active /var/www/trexzactyl/node_modules/source-map-loader/dist/cjs.js!/var/www/trexzactyl/node_modules/toggle-selection/index.js
<s> [webpack.Progress] 64% building 487/536 modules 49 active /var/www/trexzactyl/node_modules/source-map-loader/dist/cjs.js!/var/www/trexzactyl/node_modules/toggle-selection/index.js
<s> [webpack.Progress] 64% building 487/537 modules 50 active /var/www/trexzactyl/node_modules/framer-motion/dist/es/utils/use-is-mounted.mjs
<s> [webpack.Progress] 64% building 487/538 modules 51 active /var/www/trexzactyl/node_modules/source-map-loader/dist/cjs.js!/var/www/trexzactyl/node_modules/lodash-es/_root.js
<s> [webpack.Progress] 64% building 487/539 modules 52 active /var/www/trexzactyl/node_modules/source-map-loader/dist/cjs.js!/var/www/trexzactyl/node_modules/css-loader/dist/runtime/cssWithMappingToString.js
<s> [webpack.Progress] 64% building 487/540 modules 53 active /var/www/trexzactyl/node_modules/source-map-loader/dist/cjs.js!/var/www/trexzactyl/node_modules/css-loader/dist/runtime/api.js
<s> [webpack.Progress] 64% building 488/540 modules 52 active /var/www/trexzactyl/node_modules/source-map-loader/dist/cjs.js!/var/www/trexzactyl/node_modules/css-loader/dist/runtime/api.js
<s> [webpack.Progress] 64% building 489/540 modules 51 active /var/www/trexzactyl/node_modules/source-map-loader/dist/cjs.js!/var/www/trexzactyl/node_modules/css-loader/dist/runtime/api.js
<s> [webpack.Progress] 64% building 489/541 modules 52 active /var/www/trexzactyl/node_modules/source-map-loader/dist/cjs.js!/var/www/trexzactyl/node_modules/lodash-es/_baseValues.js
<s> [webpack.Progress] 64% building 489/542 modules 53 active /var/www/trexzactyl/node_modules/source-map-loader/dist/cjs.js!/var/www/trexzactyl/node_modules/base64-js/index.js
<s> [webpack.Progress] 64% building 490/542 modules 52 active /var/www/trexzactyl/node_modules/source-map-loader/dist/cjs.js!/var/www/trexzactyl/node_modules/base64-js/index.js
<s> [webpack.Progress] 64% building 490/543 modules 53 active /var/www/trexzactyl/node_modules/source-map-loader/dist/cjs.js!/var/www/trexzactyl/node_modules/lodash-es/_asciiToArray.js
<s> [webpack.Progress] 64% building 490/544 modules 54 active /var/www/trexzactyl/node_modules/source-map-loader/dist/cjs.js!/var/www/trexzactyl/node_modules/ieee754/index.js
<s> [webpack.Progress] 64% building 491/544 modules 53 active /var/www/trexzactyl/node_modules/source-map-loader/dist/cjs.js!/var/www/trexzactyl/node_modules/ieee754/index.js
<s> [webpack.Progress] 64% building 491/545 modules 54 active /var/www/trexzactyl/node_modules/source-map-loader/dist/cjs.js!/var/www/trexzactyl/node_modules/lodash-es/_unicodeToArray.js
<s> [webpack.Progress] 64% building 492/545 modules 53 active /var/www/trexzactyl/node_modules/source-map-loader/dist/cjs.js!/var/www/trexzactyl/node_modules/lodash-es/_unicodeToArray.js
<s> [webpack.Progress] 64% building 492/546 modules 54 active /var/www/trexzactyl/node_modules/framer-motion/dist/es/events/use-dom-event.mjs
<s> [webpack.Progress] 64% building 493/546 modules 53 active /var/www/trexzactyl/node_modules/framer-motion/dist/es/events/use-dom-event.mjs
<s> [webpack.Progress] 64% building 493/547 modules 54 active /var/www/trexzactyl/node_modules/source-map-loader/dist/cjs.js!/var/www/trexzactyl/node_modules/date-fns/esm/_lib/roundingMethods/index.js
<s> [webpack.Progress] 63% building 493/548 modules 55 active /var/www/trexzactyl/node_modules/source-map-loader/dist/cjs.js!/var/www/trexzactyl/node_modules/@headlessui/react/dist/components/popover/popover.js
<s> [webpack.Progress] 63% building 493/549 modules 56 active /var/www/trexzactyl/node_modules/source-map-loader/dist/cjs.js!/var/www/trexzactyl/node_modules/@headlessui/react/dist/components/menu/menu.js
<s> [webpack.Progress] 63% building 493/550 modules 57 active /var/www/trexzactyl/node_modules/source-map-loader/dist/cjs.js!/var/www/trexzactyl/node_modules/@headlessui/react/dist/components/listbox/listbox.js
<s> [webpack.Progress] 63% building 493/551 modules 58 active /var/www/trexzactyl/node_modules/source-map-loader/dist/cjs.js!/var/www/trexzactyl/node_modules/@headlessui/react/dist/components/focus-trap/focus-trap.js
<s> [webpack.Progress] 63% building 493/552 modules 59 active /var/www/trexzactyl/node_modules/source-map-loader/dist/cjs.js!/var/www/trexzactyl/node_modules/@headlessui/react/dist/components/disclosure/disclosure.js
<s> [webpack.Progress] 63% building 493/553 modules 60 active /var/www/trexzactyl/node_modules/source-map-loader/dist/cjs.js!/var/www/trexzactyl/node_modules/@headlessui/react/dist/components/dialog/dialog.js
<s> [webpack.Progress] 63% building 493/554 modules 61 active /var/www/trexzactyl/node_modules/framer-motion/dist/es/events/utils.mjs
<s> [webpack.Progress] 63% building 493/555 modules 62 active /var/www/trexzactyl/node_modules/source-map-loader/dist/cjs.js!/var/www/trexzactyl/node_modules/lodash-es/_hasUnicode.js
<s> [webpack.Progress] 63% building 494/555 modules 61 active /var/www/trexzactyl/node_modules/source-map-loader/dist/cjs.js!/var/www/trexzactyl/node_modules/lodash-es/_hasUnicode.js
<s> [webpack.Progress] 63% building 494/556 modules 62 active /var/www/trexzactyl/node_modules/source-map-loader/dist/cjs.js!/var/www/trexzactyl/node_modules/date-fns/esm/_lib/defaultLocale/index.js
<s> [webpack.Progress] 63% building 494/557 modules 63 active /var/www/trexzactyl/node_modules/source-map-loader/dist/cjs.js!/var/www/trexzactyl/node_modules/date-fns/esm/_lib/getTimezoneOffsetInMilliseconds/index.js
<s> [webpack.Progress] 63% building 495/557 modules 62 active /var/www/trexzactyl/node_modules/source-map-loader/dist/cjs.js!/var/www/trexzactyl/node_modules/date-fns/esm/_lib/getTimezoneOffsetInMilliseconds/index.js
<s> [webpack.Progress] 63% building 495/558 modules 63 active /var/www/trexzactyl/node_modules/framer-motion/dist/es/render/dom/create-visual-element.mjs
<s> [webpack.Progress] 63% building 495/559 modules 64 active /var/www/trexzactyl/node_modules/source-map-loader/dist/cjs.js!/var/www/trexzactyl/node_modules/lodash-es/isFunction.js
<s> [webpack.Progress] 63% building 496/559 modules 63 active /var/www/trexzactyl/node_modules/source-map-loader/dist/cjs.js!/var/www/trexzactyl/node_modules/lodash-es/isFunction.js
<s> [webpack.Progress] 63% building 496/560 modules 64 active /var/www/trexzactyl/node_modules/source-map-loader/dist/cjs.js!/var/www/trexzactyl/node_modules/lodash-es/_DataView.js
<s> [webpack.Progress] 63% building 496/561 modules 65 active /var/www/trexzactyl/node_modules/source-map-loader/dist/cjs.js!/var/www/trexzactyl/node_modules/lodash-es/_toSource.js
<s> [webpack.Progress] 63% building 497/561 modules 64 active /var/www/trexzactyl/node_modules/source-map-loader/dist/cjs.js!/var/www/trexzactyl/node_modules/lodash-es/_toSource.js
<s> [webpack.Progress] 63% building 498/561 modules 63 active /var/www/trexzactyl/node_modules/source-map-loader/dist/cjs.js!/var/www/trexzactyl/node_modules/lodash-es/_toSource.js
<s> [webpack.Progress] 63% building 498/562 modules 64 active /var/www/trexzactyl/node_modules/source-map-loader/dist/cjs.js!/var/www/trexzactyl/node_modules/lodash-es/isObjectLike.js
<s> [webpack.Progress] 63% building 498/563 modules 65 active /var/www/trexzactyl/node_modules/framer-motion/dist/es/gestures/utils/event-type.mjs
<s> [webpack.Progress] 63% building 499/563 modules 64 active /var/www/trexzactyl/node_modules/framer-motion/dist/es/gestures/utils/event-type.mjs
<s> [webpack.Progress] 63% building 500/563 modules 63 active /var/www/trexzactyl/node_modules/framer-motion/dist/es/gestures/utils/event-type.mjs
<s> [webpack.Progress] 63% building 501/563 modules 62 active /var/www/trexzactyl/node_modules/framer-motion/dist/es/gestures/utils/event-type.mjs
<s> [webpack.Progress] 63% building 501/564 modules 63 active /var/www/trexzactyl/node_modules/source-map-loader/dist/cjs.js!/var/www/trexzactyl/node_modules/lodash-es/_WeakMap.js
<s> [webpack.Progress] 63% building 502/564 modules 62 active /var/www/trexzactyl/node_modules/source-map-loader/dist/cjs.js!/var/www/trexzactyl/node_modules/lodash-es/_WeakMap.js
<s> [webpack.Progress] 63% building 503/564 modules 61 active /var/www/trexzactyl/node_modules/source-map-loader/dist/cjs.js!/var/www/trexzactyl/node_modules/lodash-es/_WeakMap.js
<s> [webpack.Progress] 63% building 503/565 modules 62 active /var/www/trexzactyl/node_modules/source-map-loader/dist/cjs.js!/var/www/trexzactyl/node_modules/@floating-ui/react-dom/dist/floating-ui.react-dom.esm.js
<s> [webpack.Progress] 63% building 503/566 modules 63 active /var/www/trexzactyl/node_modules/source-map-loader/dist/cjs.js!/var/www/trexzactyl/node_modules/synchronous-promise/index.js
<s> [webpack.Progress] 63% building 503/567 modules 64 active /var/www/trexzactyl/node_modules/source-map-loader/dist/cjs.js!/var/www/trexzactyl/node_modules/buffer/node_modules/isarray/index.js
<s> [webpack.Progress] 63% building 503/568 modules 65 active /var/www/trexzactyl/node_modules/framer-motion/dist/es/motion/features/layout/index.mjs
<s> [webpack.Progress] 63% building 503/569 modules 66 active /var/www/trexzactyl/node_modules/framer-motion/dist/es/projection/node/HTMLProjectionNode.mjs
<s> [webpack.Progress] 62% building 503/570 modules 67 active /var/www/trexzactyl/node_modules/framer-motion/dist/es/value/utils/resolve-motion-value.mjs
<s> [webpack.Progress] 62% building 503/571 modules 68 active /var/www/trexzactyl/node_modules/framer-motion/dist/es/utils/use-constant.mjs
<s> [webpack.Progress] 62% building 503/572 modules 69 active /var/www/trexzactyl/node_modules/framer-motion/dist/es/render/utils/variants.mjs
<s> [webpack.Progress] 62% building 504/572 modules 68 active /var/www/trexzactyl/node_modules/framer-motion/dist/es/render/utils/variants.mjs
<s> [webpack.Progress] 62% building 504/573 modules 69 active /var/www/trexzactyl/node_modules/source-map-loader/dist/cjs.js!/var/www/trexzactyl/node_modules/lodash-es/_baseAssignValue.js
<s> [webpack.Progress] 62% building 504/574 modules 70 active /var/www/trexzactyl/node_modules/source-map-loader/dist/cjs.js!/var/www/trexzactyl/node_modules/lodash-es/_castPath.js
<s> [webpack.Progress] 62% building 505/574 modules 69 active /var/www/trexzactyl/node_modules/source-map-loader/dist/cjs.js!/var/www/trexzactyl/node_modules/lodash-es/_castPath.js
<s> [webpack.Progress] 62% building 506/574 modules 68 active /var/www/trexzactyl/node_modules/source-map-loader/dist/cjs.js!/var/www/trexzactyl/node_modules/lodash-es/_castPath.js
<s> [webpack.Progress] 62% building 506/575 modules 69 active /var/www/trexzactyl/node_modules/source-map-loader/dist/cjs.js!/var/www/trexzactyl/node_modules/lodash-es/isLength.js
<s> [webpack.Progress] 62% building 507/575 modules 68 active /var/www/trexzactyl/node_modules/source-map-loader/dist/cjs.js!/var/www/trexzactyl/node_modules/lodash-es/isLength.js
<s> [webpack.Progress] 62% building 507/576 modules 69 active /var/www/trexzactyl/node_modules/framer-motion/dist/es/motion/utils/valid-prop.mjs
<s> [webpack.Progress] 62% building 507/577 modules 70 active /var/www/trexzactyl/node_modules/source-map-loader/dist/cjs.js!/var/www/trexzactyl/node_modules/aria-hidden/dist/es2015/index.js
<s> [webpack.Progress] 62% building 508/577 modules 69 active /var/www/trexzactyl/node_modules/source-map-loader/dist/cjs.js!/var/www/trexzactyl/node_modules/aria-hidden/dist/es2015/index.js
<s> [webpack.Progress] 62% building 509/577 modules 68 active /var/www/trexzactyl/node_modules/source-map-loader/dist/cjs.js!/var/www/trexzactyl/node_modules/aria-hidden/dist/es2015/index.js
<s> [webpack.Progress] 63% building 510/577 modules 67 active /var/www/trexzactyl/node_modules/source-map-loader/dist/cjs.js!/var/www/trexzactyl/node_modules/aria-hidden/dist/es2015/index.js
<s> [webpack.Progress] 63% building 511/577 modules 66 active /var/www/trexzactyl/node_modules/source-map-loader/dist/cjs.js!/var/www/trexzactyl/node_modules/aria-hidden/dist/es2015/index.js
<s> [webpack.Progress] 63% building 512/577 modules 65 active /var/www/trexzactyl/node_modules/source-map-loader/dist/cjs.js!/var/www/trexzactyl/node_modules/aria-hidden/dist/es2015/index.js
<s> [webpack.Progress] 63% building 513/577 modules 64 active /var/www/trexzactyl/node_modules/source-map-loader/dist/cjs.js!/var/www/trexzactyl/node_modules/aria-hidden/dist/es2015/index.js
<s> [webpack.Progress] 63% building 514/577 modules 63 active /var/www/trexzactyl/node_modules/source-map-loader/dist/cjs.js!/var/www/trexzactyl/node_modules/aria-hidden/dist/es2015/index.js
<s> [webpack.Progress] 63% building 515/577 modules 62 active /var/www/trexzactyl/node_modules/source-map-loader/dist/cjs.js!/var/www/trexzactyl/node_modules/aria-hidden/dist/es2015/index.js
<s> [webpack.Progress] 63% building 515/578 modules 63 active /var/www/trexzactyl/node_modules/source-map-loader/dist/cjs.js!/var/www/trexzactyl/node_modules/lodash-es/_ListCache.js
<s> [webpack.Progress] 63% building 516/578 modules 62 active /var/www/trexzactyl/node_modules/source-map-loader/dist/cjs.js!/var/www/trexzactyl/node_modules/lodash-es/_ListCache.js
<s> [webpack.Progress] 63% building 516/579 modules 63 active /var/www/trexzactyl/node_modules/source-map-loader/dist/cjs.js!/var/www/trexzactyl/node_modules/lodash-es/_stackSet.js
<s> [webpack.Progress] 63% building 517/579 modules 62 active /var/www/trexzactyl/node_modules/source-map-loader/dist/cjs.js!/var/www/trexzactyl/node_modules/lodash-es/_stackSet.js
<s> [webpack.Progress] 63% building 517/580 modules 63 active /var/www/trexzactyl/node_modules/source-map-loader/dist/cjs.js!/var/www/trexzactyl/node_modules/lodash-es/_stackHas.js
<s> [webpack.Progress] 63% building 518/580 modules 62 active /var/www/trexzactyl/node_modules/source-map-loader/dist/cjs.js!/var/www/trexzactyl/node_modules/lodash-es/_stackHas.js
<s> [webpack.Progress] 63% building 519/580 modules 61 active /var/www/trexzactyl/node_modules/source-map-loader/dist/cjs.js!/var/www/trexzactyl/node_modules/lodash-es/_stackHas.js
<s> [webpack.Progress] 63% building 520/580 modules 60 active /var/www/trexzactyl/node_modules/source-map-loader/dist/cjs.js!/var/www/trexzactyl/node_modules/lodash-es/_stackHas.js
<s> [webpack.Progress] 63% building 521/580 modules 59 active /var/www/trexzactyl/node_modules/source-map-loader/dist/cjs.js!/var/www/trexzactyl/node_modules/lodash-es/_stackHas.js
<s> [webpack.Progress] 64% building 522/580 modules 58 active /var/www/trexzactyl/node_modules/source-map-loader/dist/cjs.js!/var/www/trexzactyl/node_modules/lodash-es/_stackHas.js
<s> [webpack.Progress] 63% building 522/581 modules 59 active /var/www/trexzactyl/node_modules/source-map-loader/dist/cjs.js!/var/www/trexzactyl/node_modules/date-fns/esm/isWeekend/index.js
<s> [webpack.Progress] 63% building 522/582 modules 60 active /var/www/trexzactyl/node_modules/source-map-loader/dist/cjs.js!/var/www/trexzactyl/node_modules/date-fns/esm/isSunday/index.js
<s> [webpack.Progress] 63% building 522/583 modules 61 active /var/www/trexzactyl/node_modules/source-map-loader/dist/cjs.js!/var/www/trexzactyl/node_modules/date-fns/esm/isSaturday/index.js
<s> [webpack.Progress] 63% building 523/583 modules 60 active /var/www/trexzactyl/node_modules/source-map-loader/dist/cjs.js!/var/www/trexzactyl/node_modules/date-fns/esm/isSaturday/index.js
<s> [webpack.Progress] 63% building 524/583 modules 59 active /var/www/trexzactyl/node_modules/source-map-loader/dist/cjs.js!/var/www/trexzactyl/node_modules/date-fns/esm/isSaturday/index.js
<s> [webpack.Progress] 64% building 525/583 modules 58 active /var/www/trexzactyl/node_modules/source-map-loader/dist/cjs.js!/var/www/trexzactyl/node_modules/date-fns/esm/isSaturday/index.js
<s> [webpack.Progress] 64% building 526/583 modules 57 active /var/www/trexzactyl/node_modules/source-map-loader/dist/cjs.js!/var/www/trexzactyl/node_modules/date-fns/esm/isSaturday/index.js
<s> [webpack.Progress] 64% building 527/583 modules 56 active /var/www/trexzactyl/node_modules/source-map-loader/dist/cjs.js!/var/www/trexzactyl/node_modules/date-fns/esm/isSaturday/index.js
<s> [webpack.Progress] 64% building 528/583 modules 55 active /var/www/trexzactyl/node_modules/source-map-loader/dist/cjs.js!/var/www/trexzactyl/node_modules/date-fns/esm/isSaturday/index.js
<s> [webpack.Progress] 64% building 529/583 modules 54 active /var/www/trexzactyl/node_modules/source-map-loader/dist/cjs.js!/var/www/trexzactyl/node_modules/date-fns/esm/isSaturday/index.js
<s> [webpack.Progress] 64% building 529/584 modules 55 active /var/www/trexzactyl/node_modules/framer-motion/dist/es/motion/utils/make-renderless-component.mjs
<s> [webpack.Progress] 64% building 529/585 modules 56 active /var/www/trexzactyl/node_modules/source-map-loader/dist/cjs.js!/var/www/trexzactyl/node_modules/date-fns/esm/getDay/index.js
<s> [webpack.Progress] 64% building 530/585 modules 55 active /var/www/trexzactyl/node_modules/source-map-loader/dist/cjs.js!/var/www/trexzactyl/node_modules/date-fns/esm/getDay/index.js
<s> [webpack.Progress] 64% building 530/586 modules 56 active /var/www/trexzactyl/node_modules/source-map-loader/dist/cjs.js!/var/www/trexzactyl/node_modules/date-fns/esm/nextDay/index.js
<s> [webpack.Progress] 64% building 531/586 modules 55 active /var/www/trexzactyl/node_modules/source-map-loader/dist/cjs.js!/var/www/trexzactyl/node_modules/date-fns/esm/nextDay/index.js
<s> [webpack.Progress] 64% building 532/586 modules 54 active /var/www/trexzactyl/node_modules/source-map-loader/dist/cjs.js!/var/www/trexzactyl/node_modules/date-fns/esm/nextDay/index.js
<s> [webpack.Progress] 64% building 532/587 modules 55 active /var/www/trexzactyl/node_modules/framer-motion/dist/es/render/utils/types.mjs
<s> [webpack.Progress] 64% building 533/587 modules 54 active /var/www/trexzactyl/node_modules/framer-motion/dist/es/render/utils/types.mjs
<s> [webpack.Progress] 64% building 533/588 modules 55 active /var/www/trexzactyl/node_modules/framer-motion/dist/es/render/utils/animation-state.mjs
<s> [webpack.Progress] 64% building 534/588 modules 54 active /var/www/trexzactyl/node_modules/framer-motion/dist/es/render/utils/animation-state.mjs
<s> [webpack.Progress] 64% building 535/588 modules 53 active /var/www/trexzactyl/node_modules/framer-motion/dist/es/render/utils/animation-state.mjs
<s> [webpack.Progress] 64% building 535/589 modules 54 active /var/www/trexzactyl/node_modules/framer-motion/dist/es/context/MotionContext/index.mjs
<s> [webpack.Progress] 64% building 535/590 modules 55 active /var/www/trexzactyl/node_modules/source-map-loader/dist/cjs.js!/var/www/trexzactyl/node_modules/form-data/lib/browser.js
<s> [webpack.Progress] 64% building 536/590 modules 54 active /var/www/trexzactyl/node_modules/source-map-loader/dist/cjs.js!/var/www/trexzactyl/node_modules/form-data/lib/browser.js
<s> [webpack.Progress] 64% building 537/590 modules 53 active /var/www/trexzactyl/node_modules/source-map-loader/dist/cjs.js!/var/www/trexzactyl/node_modules/form-data/lib/browser.js
<s> [webpack.Progress] 64% building 538/590 modules 52 active /var/www/trexzactyl/node_modules/source-map-loader/dist/cjs.js!/var/www/trexzactyl/node_modules/form-data/lib/browser.js
<s> [webpack.Progress] 64% building 539/590 modules 51 active /var/www/trexzactyl/node_modules/source-map-loader/dist/cjs.js!/var/www/trexzactyl/node_modules/form-data/lib/browser.js
<s> [webpack.Progress] 64% building 540/590 modules 50 active /var/www/trexzactyl/node_modules/source-map-loader/dist/cjs.js!/var/www/trexzactyl/node_modules/form-data/lib/browser.js
<s> [webpack.Progress] 65% building 541/590 modules 49 active /var/www/trexzactyl/node_modules/source-map-loader/dist/cjs.js!/var/www/trexzactyl/node_modules/form-data/lib/browser.js
<s> [webpack.Progress] 64% building 541/591 modules 50 active /var/www/trexzactyl/node_modules/framer-motion/dist/es/context/PresenceContext.mjs
<s> [webpack.Progress] 65% building 542/591 modules 49 active /var/www/trexzactyl/node_modules/framer-motion/dist/es/context/PresenceContext.mjs
<s> [webpack.Progress] 64% building 542/592 modules 50 active /var/www/trexzactyl/node_modules/source-map-loader/dist/cjs.js!/var/www/trexzactyl/node_modules/lodash-es/_arrayLikeKeys.js
<s> [webpack.Progress] 65% building 543/592 modules 49 active /var/www/trexzactyl/node_modules/source-map-loader/dist/cjs.js!/var/www/trexzactyl/node_modules/lodash-es/_arrayLikeKeys.js
<s> [webpack.Progress] 65% building 544/592 modules 48 active /var/www/trexzactyl/node_modules/source-map-loader/dist/cjs.js!/var/www/trexzactyl/node_modules/lodash-es/_arrayLikeKeys.js
<s> [webpack.Progress] 65% building 545/592 modules 47 active /var/www/trexzactyl/node_modules/source-map-loader/dist/cjs.js!/var/www/trexzactyl/node_modules/lodash-es/_arrayLikeKeys.js
<s> [webpack.Progress] 65% building 546/592 modules 46 active /var/www/trexzactyl/node_modules/source-map-loader/dist/cjs.js!/var/www/trexzactyl/node_modules/lodash-es/_arrayLikeKeys.js
<s> [webpack.Progress] 65% building 547/592 modules 45 active /var/www/trexzactyl/node_modules/source-map-loader/dist/cjs.js!/var/www/trexzactyl/node_modules/lodash-es/_arrayLikeKeys.js
<s> [webpack.Progress] 65% building 548/592 modules 44 active /var/www/trexzactyl/node_modules/source-map-loader/dist/cjs.js!/var/www/trexzactyl/node_modules/lodash-es/_arrayLikeKeys.js
<s> [webpack.Progress] 65% building 549/592 modules 43 active /var/www/trexzactyl/node_modules/source-map-loader/dist/cjs.js!/var/www/trexzactyl/node_modules/lodash-es/_arrayLikeKeys.js
<s> [webpack.Progress] 65% building 549/593 modules 44 active /var/www/trexzactyl/node_modules/source-map-loader/dist/cjs.js!/var/www/trexzactyl/node_modules/lodash-es/_baseIsSet.js
<s> [webpack.Progress] 65% building 550/593 modules 43 active /var/www/trexzactyl/node_modules/source-map-loader/dist/cjs.js!/var/www/trexzactyl/node_modules/lodash-es/_baseIsSet.js
<s> [webpack.Progress] 65% building 551/593 modules 42 active /var/www/trexzactyl/node_modules/source-map-loader/dist/cjs.js!/var/www/trexzactyl/node_modules/lodash-es/_baseIsSet.js
<s> [webpack.Progress] 65% building 552/593 modules 41 active /var/www/trexzactyl/node_modules/source-map-loader/dist/cjs.js!/var/www/trexzactyl/node_modules/lodash-es/_baseIsSet.js
<s> [webpack.Progress] 65% building 553/593 modules 40 active /var/www/trexzactyl/node_modules/source-map-loader/dist/cjs.js!/var/www/trexzactyl/node_modules/lodash-es/_baseIsSet.js
<s> [webpack.Progress] 65% building 553/594 modules 41 active /var/www/trexzactyl/node_modules/source-map-loader/dist/cjs.js!/var/www/trexzactyl/node_modules/lodash-es/_nodeUtil.js
<s> [webpack.Progress] 65% building 554/594 modules 40 active /var/www/trexzactyl/node_modules/source-map-loader/dist/cjs.js!/var/www/trexzactyl/node_modules/lodash-es/_nodeUtil.js
<s> [webpack.Progress] 65% building 554/595 modules 41 active /var/www/trexzactyl/node_modules/source-map-loader/dist/cjs.js!/var/www/trexzactyl/node_modules/lodash-es/_baseIsMap.js
<s> [webpack.Progress] 65% building 555/595 modules 40 active /var/www/trexzactyl/node_modules/source-map-loader/dist/cjs.js!/var/www/trexzactyl/node_modules/lodash-es/_baseIsMap.js
<s> [webpack.Progress] 66% building 556/595 modules 39 active /var/www/trexzactyl/node_modules/source-map-loader/dist/cjs.js!/var/www/trexzactyl/node_modules/lodash-es/_baseIsMap.js
<s> [webpack.Progress] 66% building 557/595 modules 38 active /var/www/trexzactyl/node_modules/source-map-loader/dist/cjs.js!/var/www/trexzactyl/node_modules/lodash-es/_baseIsMap.js
<s> [webpack.Progress] 66% building 557/596 modules 39 active /var/www/trexzactyl/node_modules/source-map-loader/dist/cjs.js!/var/www/trexzactyl/node_modules/webpack/buildin/harmony-module.js
<s> [webpack.Progress] 65% building 557/597 modules 40 active /var/www/trexzactyl/node_modules/source-map-loader/dist/cjs.js!/var/www/trexzactyl/node_modules/lodash-es/stubFalse.js
<s> [webpack.Progress] 66% building 558/597 modules 39 active /var/www/trexzactyl/node_modules/source-map-loader/dist/cjs.js!/var/www/trexzactyl/node_modules/lodash-es/stubFalse.js
<s> [webpack.Progress] 66% building 559/597 modules 38 active /var/www/trexzactyl/node_modules/source-map-loader/dist/cjs.js!/var/www/trexzactyl/node_modules/lodash-es/stubFalse.js
<s> [webpack.Progress] 66% building 559/598 modules 39 active /var/www/trexzactyl/node_modules/source-map-loader/dist/cjs.js!/var/www/trexzactyl/node_modules/lodash-es/_cloneArrayBuffer.js
<s> [webpack.Progress] 65% building 559/599 modules 40 active /var/www/trexzactyl/node_modules/source-map-loader/dist/cjs.js!/var/www/trexzactyl/node_modules/lodash-es/_baseCreate.js
<s> [webpack.Progress] 65% building 559/600 modules 41 active /var/www/trexzactyl/node_modules/source-map-loader/dist/cjs.js!/var/www/trexzactyl/node_modules/lodash-es/_isPrototype.js
<s> [webpack.Progress] 65% building 559/601 modules 42 active /var/www/trexzactyl/node_modules/source-map-loader/dist/cjs.js!/var/www/trexzactyl/node_modules/lodash-es/_baseGetAllKeys.js
<s> [webpack.Progress] 65% building 559/602 modules 43 active /var/www/trexzactyl/node_modules/source-map-loader/dist/cjs.js!/var/www/trexzactyl/node_modules/lodash-es/_copyObject.js
<s> [webpack.Progress] 65% building 559/603 modules 44 active /var/www/trexzactyl/node_modules/source-map-loader/dist/cjs.js!/var/www/trexzactyl/node_modules/client-only/index.js
<s> [webpack.Progress] 65% building 559/604 modules 45 active /var/www/trexzactyl/node_modules/source-map-loader/dist/cjs.js!/var/www/trexzactyl/node_modules/lodash-es/_getSymbolsIn.js
<s> [webpack.Progress] 65% building 559/605 modules 46 active /var/www/trexzactyl/node_modules/source-map-loader/dist/cjs.js!/var/www/trexzactyl/node_modules/lodash-es/eq.js
<s> [webpack.Progress] 65% building 560/605 modules 45 active /var/www/trexzactyl/node_modules/source-map-loader/dist/cjs.js!/var/www/trexzactyl/node_modules/lodash-es/eq.js
<s> [webpack.Progress] 65% building 560/606 modules 46 active /var/www/trexzactyl/node_modules/source-map-loader/dist/cjs.js!/var/www/trexzactyl/node_modules/lodash-es/_getSymbols.js
<s> [webpack.Progress] 65% building 561/606 modules 45 active /var/www/trexzactyl/node_modules/source-map-loader/dist/cjs.js!/var/www/trexzactyl/node_modules/lodash-es/_getSymbols.js
<s> [webpack.Progress] 65% building 562/606 modules 44 active /var/www/trexzactyl/node_modules/source-map-loader/dist/cjs.js!/var/www/trexzactyl/node_modules/lodash-es/_getSymbols.js
<s> [webpack.Progress] 65% building 563/606 modules 43 active /var/www/trexzactyl/node_modules/source-map-loader/dist/cjs.js!/var/www/trexzactyl/node_modules/lodash-es/_getSymbols.js
<s> [webpack.Progress] 65% building 563/607 modules 44 active /var/www/trexzactyl/node_modules/source-map-loader/dist/cjs.js!/var/www/trexzactyl/node_modules/lodash-es/_freeGlobal.js
<s> [webpack.Progress] 65% building 564/607 modules 43 active /var/www/trexzactyl/node_modules/source-map-loader/dist/cjs.js!/var/www/trexzactyl/node_modules/lodash-es/_freeGlobal.js
<s> [webpack.Progress] 65% building 565/607 modules 42 active /var/www/trexzactyl/node_modules/source-map-loader/dist/cjs.js!/var/www/trexzactyl/node_modules/lodash-es/_freeGlobal.js
<s> [webpack.Progress] 65% building 565/608 modules 43 active /var/www/trexzactyl/node_modules/source-map-loader/dist/cjs.js!/var/www/trexzactyl/node_modules/lodash-es/_getPrototype.js
<s> [webpack.Progress] 65% building 566/608 modules 42 active /var/www/trexzactyl/node_modules/source-map-loader/dist/cjs.js!/var/www/trexzactyl/node_modules/lodash-es/_getPrototype.js
<s> [webpack.Progress] 65% building 566/609 modules 43 active /var/www/trexzactyl/node_modules/source-map-loader/dist/cjs.js!/var/www/trexzactyl/node_modules/lodash-es/_cloneTypedArray.js
<s> [webpack.Progress] 65% building 566/610 modules 44 active /var/www/trexzactyl/node_modules/source-map-loader/dist/cjs.js!/var/www/trexzactyl/node_modules/lodash-es/_cloneSymbol.js
<s> [webpack.Progress] 65% building 566/611 modules 45 active /var/www/trexzactyl/node_modules/source-map-loader/dist/cjs.js!/var/www/trexzactyl/node_modules/lodash-es/_cloneRegExp.js
<s> [webpack.Progress] 65% building 566/612 modules 46 active /var/www/trexzactyl/node_modules/source-map-loader/dist/cjs.js!/var/www/trexzactyl/node_modules/lodash-es/_cloneDataView.js
<s> [webpack.Progress] 65% building 567/612 modules 45 active /var/www/trexzactyl/node_modules/source-map-loader/dist/cjs.js!/var/www/trexzactyl/node_modules/lodash-es/_cloneDataView.js
<s> [webpack.Progress] 65% building 567/613 modules 46 active /var/www/trexzactyl/node_modules/source-map-loader/dist/cjs.js!/var/www/trexzactyl/node_modules/lodash-es/_baseUnary.js
<s> [webpack.Progress] 65% building 567/614 modules 47 active /var/www/trexzactyl/node_modules/source-map-loader/dist/cjs.js!/var/www/trexzactyl/node_modules/@headlessui/react/dist/utils/env.js
<s> [webpack.Progress] 65% building 567/615 modules 48 active /var/www/trexzactyl/node_modules/source-map-loader/dist/cjs.js!/var/www/trexzactyl/node_modules/@headlessui/react/dist/utils/micro-task.js
<s> [webpack.Progress] 65% building 568/615 modules 47 active /var/www/trexzactyl/node_modules/source-map-loader/dist/cjs.js!/var/www/trexzactyl/node_modules/@headlessui/react/dist/utils/micro-task.js
<s> [webpack.Progress] 65% building 569/615 modules 46 active /var/www/trexzactyl/node_modules/source-map-loader/dist/cjs.js!/var/www/trexzactyl/node_modules/@headlessui/react/dist/utils/micro-task.js
<s> [webpack.Progress] 65% building 570/615 modules 45 active /var/www/trexzactyl/node_modules/source-map-loader/dist/cjs.js!/var/www/trexzactyl/node_modules/@headlessui/react/dist/utils/micro-task.js
<s> [webpack.Progress] 65% building 570/616 modules 46 active /var/www/trexzactyl/node_modules/source-map-loader/dist/cjs.js!/var/www/trexzactyl/node_modules/boring-avatars/build/index.js
<s> [webpack.Progress] 65% building 571/616 modules 45 active /var/www/trexzactyl/node_modules/source-map-loader/dist/cjs.js!/var/www/trexzactyl/node_modules/boring-avatars/build/index.js
<s> [webpack.Progress] 65% building 572/616 modules 44 active /var/www/trexzactyl/node_modules/source-map-loader/dist/cjs.js!/var/www/trexzactyl/node_modules/boring-avatars/build/index.js
<s> [webpack.Progress] 65% building 573/616 modules 43 active /var/www/trexzactyl/node_modules/source-map-loader/dist/cjs.js!/var/www/trexzactyl/node_modules/boring-avatars/build/index.js
<s> [webpack.Progress] 65% building 573/617 modules 44 active /var/www/trexzactyl/node_modules/source-map-loader/dist/cjs.js!/var/www/trexzactyl/node_modules/@headlessui/react/dist/hooks/use-owner.js
<s> [webpack.Progress] 65% building 573/618 modules 45 active /var/www/trexzactyl/node_modules/source-map-loader/dist/cjs.js!/var/www/trexzactyl/node_modules/@headlessui/react/dist/hooks/use-sync-refs.js
<s> [webpack.Progress] 65% building 573/619 modules 46 active /var/www/trexzactyl/node_modules/source-map-loader/dist/cjs.js!/var/www/trexzactyl/node_modules/@headlessui/react/dist/hooks/use-server-handoff-complete.js
<s> [webpack.Progress] 65% building 573/620 modules 47 active /var/www/trexzactyl/node_modules/source-map-loader/dist/cjs.js!/var/www/trexzactyl/node_modules/@headlessui/react/dist/hooks/use-tracked-pointer.js
<s> [webpack.Progress] 65% building 573/621 modules 48 active /var/www/trexzactyl/node_modules/source-map-loader/dist/cjs.js!/var/www/trexzactyl/node_modules/@headlessui/react/dist/hooks/use-iso-morphic-effect.js
<s> [webpack.Progress] 65% building 573/622 modules 49 active /var/www/trexzactyl/node_modules/source-map-loader/dist/cjs.js!/var/www/trexzactyl/node_modules/@headlessui/react/dist/hooks/use-event.js
<s> [webpack.Progress] 65% building 573/623 modules 50 active /var/www/trexzactyl/node_modules/source-map-loader/dist/cjs.js!/var/www/trexzactyl/node_modules/@headlessui/react/dist/hooks/use-event-listener.js
<s> [webpack.Progress] 65% building 573/624 modules 51 active /var/www/trexzactyl/node_modules/source-map-loader/dist/cjs.js!/var/www/trexzactyl/node_modules/@headlessui/react/dist/hooks/use-disposables.js
<s> [webpack.Progress] 65% building 573/625 modules 52 active /var/www/trexzactyl/node_modules/framer-motion/dist/es/render/dom/utils/is-svg-component.mjs
<s> [webpack.Progress] 65% building 574/625 modules 51 active /var/www/trexzactyl/node_modules/framer-motion/dist/es/render/dom/utils/is-svg-component.mjs
<s> [webpack.Progress] 65% building 574/626 modules 52 active /var/www/trexzactyl/node_modules/source-map-loader/dist/cjs.js!/var/www/trexzactyl/node_modules/lodash-es/_getNative.js
<s> [webpack.Progress] 64% building 574/627 modules 53 active /var/www/trexzactyl/node_modules/source-map-loader/dist/cjs.js!/var/www/trexzactyl/node_modules/@headlessui/react/dist/hooks/use-watch.js
<s> [webpack.Progress] 65% building 575/627 modules 52 active /var/www/trexzactyl/node_modules/source-map-loader/dist/cjs.js!/var/www/trexzactyl/node_modules/@headlessui/react/dist/hooks/use-watch.js
<s> [webpack.Progress] 65% building 576/627 modules 51 active /var/www/trexzactyl/node_modules/source-map-loader/dist/cjs.js!/var/www/trexzactyl/node_modules/@headlessui/react/dist/hooks/use-watch.js
<s> [webpack.Progress] 65% building 576/628 modules 52 active /var/www/trexzactyl/node_modules/source-map-loader/dist/cjs.js!/var/www/trexzactyl/node_modules/@headlessui/react/dist/hooks/use-is-mounted.js
<s> [webpack.Progress] 64% building 576/629 modules 53 active /var/www/trexzactyl/node_modules/source-map-loader/dist/cjs.js!/var/www/trexzactyl/node_modules/@headlessui/react/dist/hooks/use-tab-direction.js
<s> [webpack.Progress] 65% building 577/629 modules 52 active /var/www/trexzactyl/node_modules/source-map-loader/dist/cjs.js!/var/www/trexzactyl/node_modules/@headlessui/react/dist/hooks/use-tab-direction.js
<s> [webpack.Progress] 65% building 578/629 modules 51 active /var/www/trexzactyl/node_modules/source-map-loader/dist/cjs.js!/var/www/trexzactyl/node_modules/@headlessui/react/dist/hooks/use-tab-direction.js
<s> [webpack.Progress] 65% building 579/629 modules 50 active /var/www/trexzactyl/node_modules/source-map-loader/dist/cjs.js!/var/www/trexzactyl/node_modules/@headlessui/react/dist/hooks/use-tab-direction.js
<s> [webpack.Progress] 65% building 579/630 modules 51 active /var/www/trexzactyl/node_modules/source-map-loader/dist/cjs.js!/var/www/trexzactyl/node_modules/@headlessui/react/dist/utils/match.js
<s> [webpack.Progress] 65% building 579/631 modules 52 active /var/www/trexzactyl/node_modules/source-map-loader/dist/cjs.js!/var/www/trexzactyl/node_modules/@headlessui/react/dist/utils/focus-management.js
<s> [webpack.Progress] 65% building 580/631 modules 51 active /var/www/trexzactyl/node_modules/source-map-loader/dist/cjs.js!/var/www/trexzactyl/node_modules/@headlessui/react/dist/utils/focus-management.js
<s> [webpack.Progress] 65% building 581/631 modules 50 active /var/www/trexzactyl/node_modules/source-map-loader/dist/cjs.js!/var/www/trexzactyl/node_modules/@headlessui/react/dist/utils/focus-management.js
<s> [webpack.Progress] 65% building 581/632 modules 51 active /var/www/trexzactyl/node_modules/source-map-loader/dist/cjs.js!/var/www/trexzactyl/node_modules/@headlessui/react/dist/utils/render.js
<s> [webpack.Progress] 65% building 581/633 modules 52 active /var/www/trexzactyl/node_modules/source-map-loader/dist/cjs.js!/var/www/trexzactyl/node_modules/@headlessui/react/dist/hooks/use-outside-click.js
<s> [webpack.Progress] 64% building 581/634 modules 53 active /var/www/trexzactyl/node_modules/source-map-loader/dist/cjs.js!/var/www/trexzactyl/node_modules/@headlessui/react/dist/hooks/document-overflow/use-document-overflow.js
<s> [webpack.Progress] 64% building 581/635 modules 54 active /var/www/trexzactyl/node_modules/source-map-loader/dist/cjs.js!/var/www/trexzactyl/node_modules/@headlessui/react/dist/internal/hidden.js
<s> [webpack.Progress] 64% building 581/636 modules 55 active /var/www/trexzactyl/node_modules/source-map-loader/dist/cjs.js!/var/www/trexzactyl/node_modules/@headlessui/react/dist/internal/open-closed.js
<s> [webpack.Progress] 64% building 581/637 modules 56 active /var/www/trexzactyl/node_modules/source-map-loader/dist/cjs.js!/var/www/trexzactyl/node_modules/@headlessui/react/dist/internal/stack-context.js
<s> [webpack.Progress] 64% building 582/637 modules 55 active /var/www/trexzactyl/node_modules/source-map-loader/dist/cjs.js!/var/www/trexzactyl/node_modules/@headlessui/react/dist/internal/stack-context.js
<s> [webpack.Progress] 64% building 582/638 modules 56 active /var/www/trexzactyl/node_modules/source-map-loader/dist/cjs.js!/var/www/trexzactyl/node_modules/@headlessui/react/dist/internal/portal-force-root.js
<s> [webpack.Progress] 64% building 583/638 modules 55 active /var/www/trexzactyl/node_modules/source-map-loader/dist/cjs.js!/var/www/trexzactyl/node_modules/@headlessui/react/dist/internal/portal-force-root.js
<s> [webpack.Progress] 64% building 584/638 modules 54 active /var/www/trexzactyl/node_modules/source-map-loader/dist/cjs.js!/var/www/trexzactyl/node_modules/@headlessui/react/dist/internal/portal-force-root.js
<s> [webpack.Progress] 64% building 584/639 modules 55 active /var/www/trexzactyl/node_modules/framer-motion/dist/es/motion/features/layout/MeasureLayout.mjs
<s> [webpack.Progress] 64% building 584/640 modules 56 active /var/www/trexzactyl/node_modules/framer-motion/dist/es/projection/node/create-projection-node.mjs
<s> [webpack.Progress] 64% building 585/640 modules 55 active /var/www/trexzactyl/node_modules/framer-motion/dist/es/projection/node/create-projection-node.mjs
<s> [webpack.Progress] 64% building 585/641 modules 56 active /var/www/trexzactyl/node_modules/framer-motion/dist/es/utils/resolve-value.mjs
<s> [webpack.Progress] 64% building 586/641 modules 55 active /var/www/trexzactyl/node_modules/framer-motion/dist/es/utils/resolve-value.mjs
<s> [webpack.Progress] 64% building 586/642 modules 56 active /var/www/trexzactyl/node_modules/framer-motion/dist/es/render/html/visual-element.mjs
<s> [webpack.Progress] 64% building 586/643 modules 57 active /var/www/trexzactyl/node_modules/framer-motion/dist/es/projection/node/DocumentProjectionNode.mjs
<s> [webpack.Progress] 64% building 586/644 modules 58 active /var/www/trexzactyl/node_modules/source-map-loader/dist/cjs.js!/var/www/trexzactyl/node_modules/@headlessui/react/dist/hooks/use-inert-others.js
<s> [webpack.Progress] 64% building 586/645 modules 59 active /var/www/trexzactyl/node_modules/source-map-loader/dist/cjs.js!/var/www/trexzactyl/node_modules/@headlessui/react/dist/hooks/use-id.js
<s> [webpack.Progress] 64% building 586/646 modules 60 active /var/www/trexzactyl/node_modules/framer-motion/dist/es/render/svg/visual-element.mjs
<s> [webpack.Progress] 64% building 586/647 modules 61 active /var/www/trexzactyl/node_modules/source-map-loader/dist/cjs.js!/var/www/trexzactyl/node_modules/lodash-es/_stringToPath.js
<s> [webpack.Progress] 64% building 587/647 modules 60 active /var/www/trexzactyl/node_modules/source-map-loader/dist/cjs.js!/var/www/trexzactyl/node_modules/lodash-es/_stringToPath.js
<s> [webpack.Progress] 64% building 587/648 modules 61 active /var/www/trexzactyl/node_modules/source-map-loader/dist/cjs.js!/var/www/trexzactyl/node_modules/lodash-es/_defineProperty.js
<s> [webpack.Progress] 64% building 588/648 modules 60 active /var/www/trexzactyl/node_modules/source-map-loader/dist/cjs.js!/var/www/trexzactyl/node_modules/lodash-es/_defineProperty.js
<s> [webpack.Progress] 64% building 588/649 modules 61 active /var/www/trexzactyl/node_modules/source-map-loader/dist/cjs.js!/var/www/trexzactyl/node_modules/lodash-es/_isKey.js
<s> [webpack.Progress] 64% building 589/649 modules 60 active /var/www/trexzactyl/node_modules/source-map-loader/dist/cjs.js!/var/www/trexzactyl/node_modules/lodash-es/_isKey.js
<s> [webpack.Progress] 64% building 589/650 modules 61 active /var/www/trexzactyl/node_modules/source-map-loader/dist/cjs.js!/var/www/trexzactyl/node_modules/@headlessui/react/dist/utils/bugs.js
<s> [webpack.Progress] 64% building 589/651 modules 62 active /var/www/trexzactyl/node_modules/source-map-loader/dist/cjs.js!/var/www/trexzactyl/node_modules/@headlessui/react/dist/components/description/description.js
<s> [webpack.Progress] 64% building 589/652 modules 63 active /var/www/trexzactyl/node_modules/source-map-loader/dist/cjs.js!/var/www/trexzactyl/node_modules/@headlessui/react/dist/components/keyboard.js
<s> [webpack.Progress] 64% building 590/652 modules 62 active /var/www/trexzactyl/node_modules/source-map-loader/dist/cjs.js!/var/www/trexzactyl/node_modules/@headlessui/react/dist/components/keyboard.js
<s> [webpack.Progress] 64% building 590/653 modules 63 active /var/www/trexzactyl/node_modules/source-map-loader/dist/cjs.js!/var/www/trexzactyl/node_modules/@headlessui/react/dist/hooks/use-latest-value.js
<s> [webpack.Progress] 64% building 590/654 modules 64 active /var/www/trexzactyl/node_modules/source-map-loader/dist/cjs.js!/var/www/trexzactyl/node_modules/@headlessui/react/dist/hooks/use-controllable.js
<s> [webpack.Progress] 64% building 590/655 modules 65 active /var/www/trexzactyl/node_modules/source-map-loader/dist/cjs.js!/var/www/trexzactyl/node_modules/@headlessui/react/dist/utils/owner.js
<s> [webpack.Progress] 63% building 590/656 modules 66 active /var/www/trexzactyl/node_modules/source-map-loader/dist/cjs.js!/var/www/trexzactyl/node_modules/@headlessui/react/dist/utils/form.js
<s> [webpack.Progress] 64% building 591/656 modules 65 active /var/www/trexzactyl/node_modules/source-map-loader/dist/cjs.js!/var/www/trexzactyl/node_modules/@headlessui/react/dist/utils/form.js
<s> [webpack.Progress] 63% building 591/657 modules 66 active /var/www/trexzactyl/node_modules/source-map-loader/dist/cjs.js!/var/www/trexzactyl/node_modules/lodash-es/_listCacheClear.js
<s> [webpack.Progress] 63% building 591/658 modules 67 active /var/www/trexzactyl/node_modules/source-map-loader/dist/cjs.js!/var/www/trexzactyl/node_modules/lodash-es/_listCacheSet.js
<s> [webpack.Progress] 63% building 592/658 modules 66 active /var/www/trexzactyl/node_modules/source-map-loader/dist/cjs.js!/var/www/trexzactyl/node_modules/lodash-es/_listCacheSet.js
<s> [webpack.Progress] 64% building 593/658 modules 65 active /var/www/trexzactyl/node_modules/source-map-loader/dist/cjs.js!/var/www/trexzactyl/node_modules/lodash-es/_listCacheSet.js
<s> [webpack.Progress] 63% building 593/659 modules 66 active /var/www/trexzactyl/node_modules/source-map-loader/dist/cjs.js!/var/www/trexzactyl/node_modules/lodash-es/_MapCache.js
<s> [webpack.Progress] 64% building 594/659 modules 65 active /var/www/trexzactyl/node_modules/source-map-loader/dist/cjs.js!/var/www/trexzactyl/node_modules/lodash-es/_MapCache.js
<s> [webpack.Progress] 64% building 594/660 modules 66 active /var/www/trexzactyl/node_modules/source-map-loader/dist/cjs.js!/var/www/trexzactyl/node_modules/lodash-es/_Map.js
<s> [webpack.Progress] 64% building 595/660 modules 65 active /var/www/trexzactyl/node_modules/source-map-loader/dist/cjs.js!/var/www/trexzactyl/node_modules/lodash-es/_Map.js
<s> [webpack.Progress] 64% building 596/660 modules 64 active /var/www/trexzactyl/node_modules/source-map-loader/dist/cjs.js!/var/www/trexzactyl/node_modules/lodash-es/_Map.js
<s> [webpack.Progress] 64% building 597/660 modules 63 active /var/www/trexzactyl/node_modules/source-map-loader/dist/cjs.js!/var/www/trexzactyl/node_modules/lodash-es/_Map.js
<s> [webpack.Progress] 64% building 598/660 modules 62 active /var/www/trexzactyl/node_modules/source-map-loader/dist/cjs.js!/var/www/trexzactyl/node_modules/lodash-es/_Map.js
<s> [webpack.Progress] 64% building 598/661 modules 63 active /var/www/trexzactyl/node_modules/source-map-loader/dist/cjs.js!/var/www/trexzactyl/node_modules/lodash-es/_listCacheHas.js
<s> [webpack.Progress] 64% building 598/662 modules 64 active /var/www/trexzactyl/node_modules/source-map-loader/dist/cjs.js!/var/www/trexzactyl/node_modules/lodash-es/_listCacheGet.js
<s> [webpack.Progress] 64% building 598/663 modules 65 active /var/www/trexzactyl/node_modules/source-map-loader/dist/cjs.js!/var/www/trexzactyl/node_modules/lodash-es/_listCacheDelete.js
<s> [webpack.Progress] 64% building 599/663 modules 64 active /var/www/trexzactyl/node_modules/source-map-loader/dist/cjs.js!/var/www/trexzactyl/node_modules/lodash-es/_listCacheDelete.js
<s> [webpack.Progress] 64% building 600/663 modules 63 active /var/www/trexzactyl/node_modules/source-map-loader/dist/cjs.js!/var/www/trexzactyl/node_modules/lodash-es/_listCacheDelete.js
<s> [webpack.Progress] 64% building 601/663 modules 62 active /var/www/trexzactyl/node_modules/source-map-loader/dist/cjs.js!/var/www/trexzactyl/node_modules/lodash-es/_listCacheDelete.js
<s> [webpack.Progress] 64% building 601/664 modules 63 active /var/www/trexzactyl/node_modules/source-map-loader/dist/cjs.js!/var/www/trexzactyl/node_modules/@headlessui/react/dist/hooks/use-resolve-button-type.js
<s> [webpack.Progress] 64% building 601/665 modules 64 active /var/www/trexzactyl/node_modules/source-map-loader/dist/cjs.js!/var/www/trexzactyl/node_modules/@headlessui/react/dist/utils/calculate-active-index.js
<s> [webpack.Progress] 64% building 601/666 modules 65 active /var/www/trexzactyl/node_modules/source-map-loader/dist/cjs.js!/var/www/trexzactyl/node_modules/@headlessui/react/dist/utils/disposables.js
<s> [webpack.Progress] 64% building 601/667 modules 66 active /var/www/trexzactyl/node_modules/source-map-loader/dist/cjs.js!/var/www/trexzactyl/node_modules/@headlessui/react/dist/hooks/use-computed.js
<s> [webpack.Progress] 64% building 602/667 modules 65 active /var/www/trexzactyl/node_modules/source-map-loader/dist/cjs.js!/var/www/trexzactyl/node_modules/@headlessui/react/dist/hooks/use-computed.js
<s> [webpack.Progress] 64% building 602/668 modules 66 active /var/www/trexzactyl/node_modules/source-map-loader/dist/cjs.js!/var/www/trexzactyl/node_modules/@headlessui/react/dist/utils/start-transition.js
<s> [webpack.Progress] 63% building 602/669 modules 67 active /var/www/trexzactyl/node_modules/source-map-loader/dist/cjs.js!/var/www/trexzactyl/node_modules/setimmediate/setImmediate.js
<s> [webpack.Progress] 64% building 603/669 modules 66 active /var/www/trexzactyl/node_modules/source-map-loader/dist/cjs.js!/var/www/trexzactyl/node_modules/setimmediate/setImmediate.js
<s> [webpack.Progress] 64% building 604/669 modules 65 active /var/www/trexzactyl/node_modules/source-map-loader/dist/cjs.js!/var/www/trexzactyl/node_modules/setimmediate/setImmediate.js
<s> [webpack.Progress] 64% building 605/669 modules 64 active /var/www/trexzactyl/node_modules/source-map-loader/dist/cjs.js!/var/www/trexzactyl/node_modules/setimmediate/setImmediate.js
<s> [webpack.Progress] 64% building 606/669 modules 63 active /var/www/trexzactyl/node_modules/source-map-loader/dist/cjs.js!/var/www/trexzactyl/node_modules/setimmediate/setImmediate.js
<s> [webpack.Progress] 64% building 607/669 modules 62 active /var/www/trexzactyl/node_modules/source-map-loader/dist/cjs.js!/var/www/trexzactyl/node_modules/setimmediate/setImmediate.js
<s> [webpack.Progress] 64% building 607/670 modules 63 active /var/www/trexzactyl/node_modules/framer-motion/dist/es/render/utils/animation.mjs
<s> [webpack.Progress] 64% building 608/670 modules 62 active /var/www/trexzactyl/node_modules/framer-motion/dist/es/render/utils/animation.mjs
<s> [webpack.Progress] 64% building 609/670 modules 61 active /var/www/trexzactyl/node_modules/framer-motion/dist/es/render/utils/animation.mjs
<s> [webpack.Progress] 64% building 610/670 modules 60 active /var/www/trexzactyl/node_modules/framer-motion/dist/es/render/utils/animation.mjs
<s> [webpack.Progress] 64% building 611/670 modules 59 active /var/www/trexzactyl/node_modules/framer-motion/dist/es/render/utils/animation.mjs
<s> [webpack.Progress] 64% building 611/671 modules 60 active /var/www/trexzactyl/node_modules/framer-motion/dist/es/utils/shallow-compare.mjs
<s> [webpack.Progress] 64% building 611/672 modules 61 active /var/www/trexzactyl/node_modules/source-map-loader/dist/cjs.js!/var/www/trexzactyl/node_modules/lodash-es/_baseTimes.js
<s> [webpack.Progress] 64% building 612/672 modules 60 active /var/www/trexzactyl/node_modules/source-map-loader/dist/cjs.js!/var/www/trexzactyl/node_modules/lodash-es/_baseTimes.js
<s> [webpack.Progress] 64% building 612/673 modules 61 active /var/www/trexzactyl/node_modules/source-map-loader/dist/cjs.js!/var/www/trexzactyl/node_modules/framesync/dist/framesync.cjs.js
<s> [webpack.Progress] 64% building 612/674 modules 62 active /var/www/trexzactyl/node_modules/source-map-loader/dist/cjs.js!/var/www/trexzactyl/node_modules/framer-motion/node_modules/tslib/tslib.js
<s> [webpack.Progress] 64% building 612/675 modules 63 active /var/www/trexzactyl/node_modules/source-map-loader/dist/cjs.js!/var/www/trexzactyl/node_modules/lodash-es/isTypedArray.js
<s> [webpack.Progress] 64% building 612/676 modules 64 active /var/www/trexzactyl/node_modules/source-map-loader/dist/cjs.js!/var/www/trexzactyl/node_modules/date-fns/esm/locale/en-US/index.js
<s> [webpack.Progress] 64% building 612/677 modules 65 active /var/www/trexzactyl/node_modules/source-map-loader/dist/cjs.js!/var/www/trexzactyl/node_modules/lodash-es/_isIndex.js
<s> [webpack.Progress] 64% building 612/678 modules 66 active /var/www/trexzactyl/node_modules/source-map-loader/dist/cjs.js!/var/www/trexzactyl/node_modules/lodash-es/isArguments.js
<s> [webpack.Progress] 64% building 613/678 modules 65 active /var/www/trexzactyl/node_modules/source-map-loader/dist/cjs.js!/var/www/trexzactyl/node_modules/lodash-es/isArguments.js
<s> [webpack.Progress] 64% building 614/678 modules 64 active /var/www/trexzactyl/node_modules/source-map-loader/dist/cjs.js!/var/www/trexzactyl/node_modules/lodash-es/isArguments.js
<s> [webpack.Progress] 64% building 615/678 modules 63 active /var/www/trexzactyl/node_modules/source-map-loader/dist/cjs.js!/var/www/trexzactyl/node_modules/lodash-es/isArguments.js
<s> [webpack.Progress] 64% building 616/678 modules 62 active /var/www/trexzactyl/node_modules/source-map-loader/dist/cjs.js!/var/www/trexzactyl/node_modules/lodash-es/isArguments.js
<s> [webpack.Progress] 64% building 617/678 modules 61 active /var/www/trexzactyl/node_modules/source-map-loader/dist/cjs.js!/var/www/trexzactyl/node_modules/lodash-es/isArguments.js
<s> [webpack.Progress] 64% building 618/678 modules 60 active /var/www/trexzactyl/node_modules/source-map-loader/dist/cjs.js!/var/www/trexzactyl/node_modules/lodash-es/isArguments.js
<s> [webpack.Progress] 64% building 619/678 modules 59 active /var/www/trexzactyl/node_modules/source-map-loader/dist/cjs.js!/var/www/trexzactyl/node_modules/lodash-es/isArguments.js
<s> [webpack.Progress] 64% building 620/678 modules 58 active /var/www/trexzactyl/node_modules/source-map-loader/dist/cjs.js!/var/www/trexzactyl/node_modules/lodash-es/isArguments.js
<s> [webpack.Progress] 64% building 621/678 modules 57 active /var/www/trexzactyl/node_modules/source-map-loader/dist/cjs.js!/var/www/trexzactyl/node_modules/lodash-es/isArguments.js
<s> [webpack.Progress] 65% building 622/678 modules 56 active /var/www/trexzactyl/node_modules/source-map-loader/dist/cjs.js!/var/www/trexzactyl/node_modules/lodash-es/isArguments.js
<s> [webpack.Progress] 65% building 623/678 modules 55 active /var/www/trexzactyl/node_modules/source-map-loader/dist/cjs.js!/var/www/trexzactyl/node_modules/lodash-es/isArguments.js
<s> [webpack.Progress] 65% building 623/679 modules 56 active /var/www/trexzactyl/node_modules/source-map-loader/dist/cjs.js!/var/www/trexzactyl/node_modules/@headlessui/react/dist/hooks/use-tree-walker.js
<s> [webpack.Progress] 65% building 624/679 modules 55 active /var/www/trexzactyl/node_modules/source-map-loader/dist/cjs.js!/var/www/trexzactyl/node_modules/@headlessui/react/dist/hooks/use-tree-walker.js
<s> [webpack.Progress] 65% building 624/680 modules 56 active /var/www/trexzactyl/node_modules/source-map-loader/dist/cjs.js!/var/www/trexzactyl/node_modules/@headlessui/react/dist/utils/stable-collection.js
<s> [webpack.Progress] 64% building 624/681 modules 57 active /var/www/trexzactyl/node_modules/source-map-loader/dist/cjs.js!/var/www/trexzactyl/node_modules/lodash-es/_arrayPush.js
<s> [webpack.Progress] 65% building 625/681 modules 56 active /var/www/trexzactyl/node_modules/source-map-loader/dist/cjs.js!/var/www/trexzactyl/node_modules/lodash-es/_arrayPush.js
<s> [webpack.Progress] 64% building 625/682 modules 57 active /var/www/trexzactyl/node_modules/source-map-loader/dist/cjs.js!/var/www/trexzactyl/node_modules/lodash-es/_Uint8Array.js
<s> [webpack.Progress] 65% building 626/682 modules 56 active /var/www/trexzactyl/node_modules/source-map-loader/dist/cjs.js!/var/www/trexzactyl/node_modules/lodash-es/_Uint8Array.js
<s> [webpack.Progress] 65% building 627/682 modules 55 active /var/www/trexzactyl/node_modules/source-map-loader/dist/cjs.js!/var/www/trexzactyl/node_modules/lodash-es/_Uint8Array.js
<s> [webpack.Progress] 65% building 627/683 modules 56 active /var/www/trexzactyl/node_modules/source-map-loader/dist/cjs.js!/var/www/trexzactyl/node_modules/@headlessui/react/dist/internal/focus-sentinel.js
<s> [webpack.Progress] 64% building 627/684 modules 57 active /var/www/trexzactyl/node_modules/source-map-loader/dist/cjs.js!/var/www/trexzactyl/node_modules/lodash-es/stubArray.js
<s> [webpack.Progress] 64% building 627/685 modules 58 active /var/www/trexzactyl/node_modules/source-map-loader/dist/cjs.js!/var/www/trexzactyl/node_modules/@headlessui/react/dist/hooks/use-flags.js
<s> [webpack.Progress] 65% building 628/685 modules 57 active /var/www/trexzactyl/node_modules/source-map-loader/dist/cjs.js!/var/www/trexzactyl/node_modules/@headlessui/react/dist/hooks/use-flags.js
<s> [webpack.Progress] 65% building 629/685 modules 56 active /var/www/trexzactyl/node_modules/source-map-loader/dist/cjs.js!/var/www/trexzactyl/node_modules/@headlessui/react/dist/hooks/use-flags.js
<s> [webpack.Progress] 65% building 630/685 modules 55 active /var/www/trexzactyl/node_modules/source-map-loader/dist/cjs.js!/var/www/trexzactyl/node_modules/@headlessui/react/dist/hooks/use-flags.js
<s> [webpack.Progress] 65% building 631/685 modules 54 active /var/www/trexzactyl/node_modules/source-map-loader/dist/cjs.js!/var/www/trexzactyl/node_modules/@headlessui/react/dist/hooks/use-flags.js
<s> [webpack.Progress] 65% building 632/685 modules 53 active /var/www/trexzactyl/node_modules/source-map-loader/dist/cjs.js!/var/www/trexzactyl/node_modules/@headlessui/react/dist/hooks/use-flags.js
<s> [webpack.Progress] 65% building 633/685 modules 52 active /var/www/trexzactyl/node_modules/source-map-loader/dist/cjs.js!/var/www/trexzactyl/node_modules/@headlessui/react/dist/hooks/use-flags.js
<s> [webpack.Progress] 65% building 633/686 modules 53 active /var/www/trexzactyl/node_modules/source-map-loader/dist/cjs.js!/var/www/trexzactyl/node_modules/lodash-es/_arrayFilter.js
<s> [webpack.Progress] 65% building 634/686 modules 52 active /var/www/trexzactyl/node_modules/source-map-loader/dist/cjs.js!/var/www/trexzactyl/node_modules/lodash-es/_arrayFilter.js
<s> [webpack.Progress] 65% building 634/687 modules 53 active /var/www/trexzactyl/node_modules/source-map-loader/dist/cjs.js!/var/www/trexzactyl/node_modules/lodash-es/_overArg.js
<s> [webpack.Progress] 65% building 635/687 modules 52 active /var/www/trexzactyl/node_modules/source-map-loader/dist/cjs.js!/var/www/trexzactyl/node_modules/lodash-es/_overArg.js
<s> [webpack.Progress] 65% building 636/687 modules 51 active /var/www/trexzactyl/node_modules/source-map-loader/dist/cjs.js!/var/www/trexzactyl/node_modules/lodash-es/_overArg.js
<s> [webpack.Progress] 65% building 637/687 modules 50 active /var/www/trexzactyl/node_modules/source-map-loader/dist/cjs.js!/var/www/trexzactyl/node_modules/lodash-es/_overArg.js
<s> [webpack.Progress] 65% building 637/688 modules 51 active /var/www/trexzactyl/node_modules/source-map-loader/dist/cjs.js!/var/www/trexzactyl/node_modules/@headlessui/react/dist/utils/class-names.js
<s> [webpack.Progress] 65% building 637/689 modules 52 active /var/www/trexzactyl/node_modules/source-map-loader/dist/cjs.js!/var/www/trexzactyl/node_modules/@headlessui/react/dist/hooks/use-transition.js
<s> [webpack.Progress] 65% building 637/690 modules 53 active /var/www/trexzactyl/node_modules/source-map-loader/dist/cjs.js!/var/www/trexzactyl/node_modules/lodash-es/_baseKeys.js
<s> [webpack.Progress] 65% building 637/691 modules 54 active /var/www/trexzactyl/node_modules/source-map-loader/dist/cjs.js!/var/www/trexzactyl/node_modules/lodash-es/_baseKeysIn.js
<s> [webpack.Progress] 65% building 638/691 modules 53 active /var/www/trexzactyl/node_modules/source-map-loader/dist/cjs.js!/var/www/trexzactyl/node_modules/lodash-es/_baseKeysIn.js
<s> [webpack.Progress] 65% building 639/691 modules 52 active /var/www/trexzactyl/node_modules/source-map-loader/dist/cjs.js!/var/www/trexzactyl/node_modules/lodash-es/_baseKeysIn.js
<s> [webpack.Progress] 65% building 640/691 modules 51 active /var/www/trexzactyl/node_modules/source-map-loader/dist/cjs.js!/var/www/trexzactyl/node_modules/lodash-es/_baseKeysIn.js
<s> [webpack.Progress] 65% building 641/691 modules 50 active /var/www/trexzactyl/node_modules/source-map-loader/dist/cjs.js!/var/www/trexzactyl/node_modules/lodash-es/_baseKeysIn.js
<s> [webpack.Progress] 65% building 641/692 modules 51 active /var/www/trexzactyl/node_modules/source-map-loader/dist/cjs.js!/var/www/trexzactyl/node_modules/lodash-es/_stackGet.js
<s> [webpack.Progress] 65% building 642/692 modules 50 active /var/www/trexzactyl/node_modules/source-map-loader/dist/cjs.js!/var/www/trexzactyl/node_modules/lodash-es/_stackGet.js
<s> [webpack.Progress] 65% building 643/692 modules 49 active /var/www/trexzactyl/node_modules/source-map-loader/dist/cjs.js!/var/www/trexzactyl/node_modules/lodash-es/_stackGet.js
<s> [webpack.Progress] 65% building 644/692 modules 48 active /var/www/trexzactyl/node_modules/source-map-loader/dist/cjs.js!/var/www/trexzactyl/node_modules/lodash-es/_stackGet.js
<s> [webpack.Progress] 65% building 644/693 modules 49 active /var/www/trexzactyl/node_modules/source-map-loader/dist/cjs.js!/var/www/trexzactyl/node_modules/@headlessui/react/dist/components/label/label.js
<s> [webpack.Progress] 65% building 645/693 modules 48 active /var/www/trexzactyl/node_modules/source-map-loader/dist/cjs.js!/var/www/trexzactyl/node_modules/@headlessui/react/dist/components/label/label.js
<s> [webpack.Progress] 65% building 645/694 modules 49 active /var/www/trexzactyl/node_modules/source-map-loader/dist/cjs.js!/var/www/trexzactyl/node_modules/lodash-es/_stackDelete.js
<s> [webpack.Progress] 65% building 645/695 modules 50 active /var/www/trexzactyl/node_modules/source-map-loader/dist/cjs.js!/var/www/trexzactyl/node_modules/lodash-es/_stackClear.js
<s> [webpack.Progress] 65% building 645/696 modules 51 active /var/www/trexzactyl/node_modules/framer-motion/dist/es/value/index.mjs
<s> [webpack.Progress] 65% building 646/696 modules 50 active /var/www/trexzactyl/node_modules/framer-motion/dist/es/value/index.mjs
<s> [webpack.Progress] 65% building 646/697 modules 51 active /var/www/trexzactyl/node_modules/framer-motion/dist/es/animation/utils/is-keyframes-target.mjs
<s> [webpack.Progress] 65% building 646/698 modules 52 active /var/www/trexzactyl/node_modules/framer-motion/dist/es/animation/utils/is-animation-controls.mjs
<s> [webpack.Progress] 65% building 647/698 modules 51 active /var/www/trexzactyl/node_modules/framer-motion/dist/es/animation/utils/is-animation-controls.mjs
<s> [webpack.Progress] 65% building 648/698 modules 50 active /var/www/trexzactyl/node_modules/framer-motion/dist/es/animation/utils/is-animation-controls.mjs
<s> [webpack.Progress] 65% building 649/698 modules 49 active /var/www/trexzactyl/node_modules/framer-motion/dist/es/animation/utils/is-animation-controls.mjs
<s> [webpack.Progress] 65% building 650/698 modules 48 active /var/www/trexzactyl/node_modules/framer-motion/dist/es/animation/utils/is-animation-controls.mjs
<s> [webpack.Progress] 65% building 651/698 modules 47 active /var/www/trexzactyl/node_modules/framer-motion/dist/es/animation/utils/is-animation-controls.mjs
<s> [webpack.Progress] 65% building 651/699 modules 48 active /var/www/trexzactyl/node_modules/framer-motion/dist/es/render/svg/lowercase-elements.mjs
<s> [webpack.Progress] 65% building 652/699 modules 47 active /var/www/trexzactyl/node_modules/framer-motion/dist/es/render/svg/lowercase-elements.mjs
<s> [webpack.Progress] 65% building 652/700 modules 48 active /var/www/trexzactyl/node_modules/source-map-loader/dist/cjs.js!/var/www/trexzactyl/node_modules/lodash-es/_baseIsNative.js
<s> [webpack.Progress] 65% building 653/700 modules 47 active /var/www/trexzactyl/node_modules/source-map-loader/dist/cjs.js!/var/www/trexzactyl/node_modules/lodash-es/_baseIsNative.js
<s> [webpack.Progress] 66% building 654/700 modules 46 active /var/www/trexzactyl/node_modules/source-map-loader/dist/cjs.js!/var/www/trexzactyl/node_modules/lodash-es/_baseIsNative.js
<s> [webpack.Progress] 65% building 654/701 modules 47 active /var/www/trexzactyl/node_modules/source-map-loader/dist/cjs.js!/var/www/trexzactyl/node_modules/lodash-es/_getValue.js
<s> [webpack.Progress] 66% building 655/701 modules 46 active /var/www/trexzactyl/node_modules/source-map-loader/dist/cjs.js!/var/www/trexzactyl/node_modules/lodash-es/_getValue.js
<s> [webpack.Progress] 66% building 656/701 modules 45 active /var/www/trexzactyl/node_modules/source-map-loader/dist/cjs.js!/var/www/trexzactyl/node_modules/lodash-es/_getValue.js
<s> [webpack.Progress] 66% building 656/702 modules 46 active /var/www/trexzactyl/node_modules/framer-motion/dist/es/utils/is-zero-value-string.mjs
<s> [webpack.Progress] 66% building 657/702 modules 45 active /var/www/trexzactyl/node_modules/framer-motion/dist/es/utils/is-zero-value-string.mjs
<s> [webpack.Progress] 66% building 657/703 modules 46 active /var/www/trexzactyl/node_modules/source-map-loader/dist/cjs.js!/var/www/trexzactyl/node_modules/@headlessui/react/dist/hooks/use-window-event.js
<s> [webpack.Progress] 66% building 658/703 modules 45 active /var/www/trexzactyl/node_modules/source-map-loader/dist/cjs.js!/var/www/trexzactyl/node_modules/@headlessui/react/dist/hooks/use-window-event.js
<s> [webpack.Progress] 66% building 659/703 modules 44 active /var/www/trexzactyl/node_modules/source-map-loader/dist/cjs.js!/var/www/trexzactyl/node_modules/@headlessui/react/dist/hooks/use-window-event.js
<s> [webpack.Progress] 66% building 659/704 modules 45 active /var/www/trexzactyl/node_modules/framer-motion/dist/es/utils/is-numerical-string.mjs
<s> [webpack.Progress] 66% building 659/705 modules 46 active /var/www/trexzactyl/node_modules/source-map-loader/dist/cjs.js!/var/www/trexzactyl/node_modules/lodash-es/_baseIteratee.js
<s> [webpack.Progress] 66% building 660/705 modules 45 active /var/www/trexzactyl/node_modules/source-map-loader/dist/cjs.js!/var/www/trexzactyl/node_modules/lodash-es/_baseIteratee.js
<s> [webpack.Progress] 66% building 661/705 modules 44 active /var/www/trexzactyl/node_modules/source-map-loader/dist/cjs.js!/var/www/trexzactyl/node_modules/lodash-es/_baseIteratee.js
<s> [webpack.Progress] 66% building 661/706 modules 45 active /var/www/trexzactyl/node_modules/source-map-loader/dist/cjs.js!/var/www/trexzactyl/node_modules/@headlessui/react/dist/hooks/document-overflow/overflow-store.js
<s> [webpack.Progress] 66% building 661/707 modules 46 active /var/www/trexzactyl/node_modules/framer-motion/dist/es/render/dom/value-types/animatable-none.mjs
<s> [webpack.Progress] 66% building 661/708 modules 47 active /var/www/trexzactyl/node_modules/framer-motion/dist/es/render/dom/value-types/find.mjs
<s> [webpack.Progress] 66% building 662/708 modules 46 active /var/www/trexzactyl/node_modules/framer-motion/dist/es/render/dom/value-types/find.mjs
<s> [webpack.Progress] 66% building 663/708 modules 45 active /var/www/trexzactyl/node_modules/framer-motion/dist/es/render/dom/value-types/find.mjs
<s> [webpack.Progress] 66% building 663/709 modules 46 active /var/www/trexzactyl/node_modules/source-map-loader/dist/cjs.js!/var/www/trexzactyl/node_modules/popmotion/dist/popmotion.cjs.js
<s> [webpack.Progress] 66% building 664/709 modules 45 active /var/www/trexzactyl/node_modules/source-map-loader/dist/cjs.js!/var/www/trexzactyl/node_modules/popmotion/dist/popmotion.cjs.js
<s> [webpack.Progress] 66% building 665/709 modules 44 active /var/www/trexzactyl/node_modules/source-map-loader/dist/cjs.js!/var/www/trexzactyl/node_modules/popmotion/dist/popmotion.cjs.js
<s> [webpack.Progress] 66% building 665/710 modules 45 active /var/www/trexzactyl/node_modules/framer-motion/dist/es/projection/node/state.mjs
<s> [webpack.Progress] 66% building 666/710 modules 44 active /var/www/trexzactyl/node_modules/framer-motion/dist/es/projection/node/state.mjs
<s> [webpack.Progress] 66% building 666/711 modules 45 active /var/www/trexzactyl/node_modules/framer-motion/dist/es/render/dom/value-types/defaults.mjs
<s> [webpack.Progress] 66% building 666/712 modules 46 active /var/www/trexzactyl/node_modules/framer-motion/dist/es/render/dom/utils/parse-dom-variant.mjs
<s> [webpack.Progress] 66% building 666/713 modules 47 active /var/www/trexzactyl/node_modules/framer-motion/dist/es/render/dom/utils/is-css-variable.mjs
<s> [webpack.Progress] 65% building 666/714 modules 48 active /var/www/trexzactyl/node_modules/framer-motion/dist/es/render/index.mjs
<s> [webpack.Progress] 65% building 666/715 modules 49 active /var/www/trexzactyl/node_modules/framer-motion/dist/es/render/utils/flat-tree.mjs
<s> [webpack.Progress] 65% building 666/716 modules 50 active /var/www/trexzactyl/node_modules/framer-motion/dist/es/components/AnimatePresence/use-presence.mjs
<s> [webpack.Progress] 65% building 667/716 modules 49 active /var/www/trexzactyl/node_modules/framer-motion/dist/es/components/AnimatePresence/use-presence.mjs
<s> [webpack.Progress] 65% building 667/717 modules 50 active /var/www/trexzactyl/node_modules/source-map-loader/dist/cjs.js!/var/www/trexzactyl/node_modules/lodash-es/_memoizeCapped.js
<s> [webpack.Progress] 65% building 668/717 modules 49 active /var/www/trexzactyl/node_modules/source-map-loader/dist/cjs.js!/var/www/trexzactyl/node_modules/lodash-es/_memoizeCapped.js
<s> [webpack.Progress] 65% building 669/717 modules 48 active /var/www/trexzactyl/node_modules/source-map-loader/dist/cjs.js!/var/www/trexzactyl/node_modules/lodash-es/_memoizeCapped.js
<s> [webpack.Progress] 66% building 670/717 modules 47 active /var/www/trexzactyl/node_modules/source-map-loader/dist/cjs.js!/var/www/trexzactyl/node_modules/lodash-es/_memoizeCapped.js
<s> [webpack.Progress] 65% building 670/718 modules 48 active /var/www/trexzactyl/node_modules/framer-motion/dist/es/render/dom/utils/camel-to-dash.mjs
<s> [webpack.Progress] 66% building 671/718 modules 47 active /var/www/trexzactyl/node_modules/framer-motion/dist/es/render/dom/utils/camel-to-dash.mjs
<s> [webpack.Progress] 66% building 672/718 modules 46 active /var/www/trexzactyl/node_modules/framer-motion/dist/es/render/dom/utils/camel-to-dash.mjs
<s> [webpack.Progress] 66% building 673/718 modules 45 active /var/www/trexzactyl/node_modules/framer-motion/dist/es/render/dom/utils/camel-to-dash.mjs
<s> [webpack.Progress] 66% building 674/718 modules 44 active /var/www/trexzactyl/node_modules/framer-motion/dist/es/render/dom/utils/camel-to-dash.mjs
<s> [webpack.Progress] 66% building 674/719 modules 45 active /var/www/trexzactyl/node_modules/framer-motion/dist/es/projection/geometry/utils.mjs
<s> [webpack.Progress] 66% building 674/720 modules 46 active /var/www/trexzactyl/node_modules/framer-motion/dist/es/animation/utils/transitions.mjs
<s> [webpack.Progress] 66% building 674/721 modules 47 active /var/www/trexzactyl/node_modules/framer-motion/dist/es/projection/geometry/delta-remove.mjs
<s> [webpack.Progress] 66% building 674/722 modules 48 active /var/www/trexzactyl/node_modules/framer-motion/dist/es/projection/geometry/delta-apply.mjs
<s> [webpack.Progress] 65% building 674/723 modules 49 active /var/www/trexzactyl/node_modules/framer-motion/dist/es/projection/geometry/copy.mjs
<s> [webpack.Progress] 65% building 674/724 modules 50 active /var/www/trexzactyl/node_modules/framer-motion/dist/es/projection/utils/measure.mjs
<s> [webpack.Progress] 65% building 674/725 modules 51 active /var/www/trexzactyl/node_modules/framer-motion/dist/es/projection/utils/has-transform.mjs
<s> [webpack.Progress] 65% building 674/726 modules 52 active /var/www/trexzactyl/node_modules/framer-motion/dist/es/projection/utils/each-axis.mjs
<s> [webpack.Progress] 65% building 674/727 modules 53 active /var/www/trexzactyl/node_modules/framer-motion/dist/es/render/html/utils/render.mjs
<s> [webpack.Progress] 65% building 674/728 modules 54 active /var/www/trexzactyl/node_modules/framer-motion/dist/es/render/html/utils/scrape-motion-values.mjs
<s> [webpack.Progress] 65% building 674/729 modules 55 active /var/www/trexzactyl/node_modules/framer-motion/dist/es/render/html/utils/transform.mjs
<s> [webpack.Progress] 65% building 674/730 modules 56 active /var/www/trexzactyl/node_modules/framer-motion/dist/es/render/html/utils/build-styles.mjs
<s> [webpack.Progress] 65% building 674/731 modules 57 active /var/www/trexzactyl/node_modules/framer-motion/dist/es/utils/subscription-manager.mjs
<s> [webpack.Progress] 65% building 674/732 modules 58 active /var/www/trexzactyl/node_modules/framer-motion/dist/es/projection/styles/transform.mjs
<s> [webpack.Progress] 65% building 674/733 modules 59 active /var/www/trexzactyl/node_modules/framer-motion/dist/es/projection/styles/scale-correction.mjs
<s> [webpack.Progress] 65% building 674/734 modules 60 active /var/www/trexzactyl/node_modules/framer-motion/dist/es/animation/animate.mjs
<s> [webpack.Progress] 65% building 674/735 modules 61 active /var/www/trexzactyl/node_modules/source-map-loader/dist/cjs.js!/var/www/trexzactyl/node_modules/lodash-es/_assocIndexOf.js
<s> [webpack.Progress] 65% building 675/735 modules 60 active /var/www/trexzactyl/node_modules/source-map-loader/dist/cjs.js!/var/www/trexzactyl/node_modules/lodash-es/_assocIndexOf.js
<s> [webpack.Progress] 65% building 675/736 modules 61 active /var/www/trexzactyl/node_modules/source-map-loader/dist/cjs.js!/var/www/trexzactyl/node_modules/lodash-es/_mapCacheClear.js
<s> [webpack.Progress] 65% building 676/736 modules 60 active /var/www/trexzactyl/node_modules/source-map-loader/dist/cjs.js!/var/www/trexzactyl/node_modules/lodash-es/_mapCacheClear.js
<s> [webpack.Progress] 65% building 676/737 modules 61 active /var/www/trexzactyl/node_modules/source-map-loader/dist/cjs.js!/var/www/trexzactyl/node_modules/lodash-es/_mapCacheSet.js
<s> [webpack.Progress] 64% building 676/738 modules 62 active /var/www/trexzactyl/node_modules/framer-motion/dist/es/projection/shared/stack.mjs
<s> [webpack.Progress] 65% building 677/738 modules 61 active /var/www/trexzactyl/node_modules/framer-motion/dist/es/projection/shared/stack.mjs
<s> [webpack.Progress] 64% building 677/739 modules 62 active /var/www/trexzactyl/node_modules/source-map-loader/dist/cjs.js!/var/www/trexzactyl/node_modules/lodash-es/_mapCacheHas.js
<s> [webpack.Progress] 65% building 678/739 modules 61 active /var/www/trexzactyl/node_modules/source-map-loader/dist/cjs.js!/var/www/trexzactyl/node_modules/lodash-es/_mapCacheHas.js
<s> [webpack.Progress] 65% building 679/739 modules 60 active /var/www/trexzactyl/node_modules/source-map-loader/dist/cjs.js!/var/www/trexzactyl/node_modules/lodash-es/_mapCacheHas.js
<s> [webpack.Progress] 65% building 679/740 modules 61 active /var/www/trexzactyl/node_modules/source-map-loader/dist/cjs.js!/var/www/trexzactyl/node_modules/lodash-es/_mapCacheGet.js
<s> [webpack.Progress] 65% building 680/740 modules 60 active /var/www/trexzactyl/node_modules/source-map-loader/dist/cjs.js!/var/www/trexzactyl/node_modules/lodash-es/_mapCacheGet.js
<s> [webpack.Progress] 65% building 681/740 modules 59 active /var/www/trexzactyl/node_modules/source-map-loader/dist/cjs.js!/var/www/trexzactyl/node_modules/lodash-es/_mapCacheGet.js
<s> [webpack.Progress] 65% building 681/741 modules 60 active /var/www/trexzactyl/node_modules/source-map-loader/dist/cjs.js!/var/www/trexzactyl/node_modules/lodash-es/_mapCacheDelete.js
<s> [webpack.Progress] 65% building 681/742 modules 61 active /var/www/trexzactyl/node_modules/framer-motion/dist/es/render/svg/utils/render.mjs
<s> [webpack.Progress] 64% building 681/743 modules 62 active /var/www/trexzactyl/node_modules/framer-motion/dist/es/render/svg/utils/camel-case-attrs.mjs
<s> [webpack.Progress] 64% building 681/744 modules 63 active /var/www/trexzactyl/node_modules/framer-motion/dist/es/render/svg/utils/build-attrs.mjs
<s> [webpack.Progress] 64% building 681/745 modules 64 active /var/www/trexzactyl/node_modules/framer-motion/dist/es/render/svg/utils/scrape-motion-values.mjs
<s> [webpack.Progress] 64% building 681/746 modules 65 active /var/www/trexzactyl/node_modules/framer-motion/dist/es/projection/styles/scale-box-shadow.mjs
<s> [webpack.Progress] 64% building 681/747 modules 66 active /var/www/trexzactyl/node_modules/framer-motion/dist/es/projection/styles/scale-border-radius.mjs
<s> [webpack.Progress] 64% building 681/748 modules 67 active /var/www/trexzactyl/node_modules/framer-motion/dist/es/context/SwitchLayoutGroupContext.mjs
<s> [webpack.Progress] 64% building 682/748 modules 66 active /var/www/trexzactyl/node_modules/framer-motion/dist/es/context/SwitchLayoutGroupContext.mjs
<s> [webpack.Progress] 64% building 682/749 modules 67 active /var/www/trexzactyl/node_modules/framer-motion/dist/es/context/LayoutGroupContext.mjs
<s> [webpack.Progress] 64% building 683/749 modules 66 active /var/www/trexzactyl/node_modules/framer-motion/dist/es/context/LayoutGroupContext.mjs
<s> [webpack.Progress] 64% building 683/750 modules 67 active /var/www/trexzactyl/node_modules/source-map-loader/dist/cjs.js!/var/www/trexzactyl/node_modules/@headlessui/react/dist/hooks/use-store.js
<s> [webpack.Progress] 64% building 683/751 modules 68 active /var/www/trexzactyl/node_modules/source-map-loader/dist/cjs.js!/var/www/trexzactyl/node_modules/@headlessui/react/dist/hooks/use-document-event.js
<s> [webpack.Progress] 64% building 683/752 modules 69 active /var/www/trexzactyl/node_modules/source-map-loader/dist/cjs.js!/var/www/trexzactyl/node_modules/lodash-es/_baseForOwn.js
<s> [webpack.Progress] 64% building 684/752 modules 68 active /var/www/trexzactyl/node_modules/source-map-loader/dist/cjs.js!/var/www/trexzactyl/node_modules/lodash-es/_baseForOwn.js
<s> [webpack.Progress] 64% building 685/752 modules 67 active /var/www/trexzactyl/node_modules/source-map-loader/dist/cjs.js!/var/www/trexzactyl/node_modules/lodash-es/_baseForOwn.js
<s> [webpack.Progress] 64% building 686/752 modules 66 active /var/www/trexzactyl/node_modules/source-map-loader/dist/cjs.js!/var/www/trexzactyl/node_modules/lodash-es/_baseForOwn.js
<s> [webpack.Progress] 64% building 687/752 modules 65 active /var/www/trexzactyl/node_modules/source-map-loader/dist/cjs.js!/var/www/trexzactyl/node_modules/lodash-es/_baseForOwn.js
<s> [webpack.Progress] 64% building 687/753 modules 66 active /var/www/trexzactyl/node_modules/framer-motion/dist/es/projection/animation/mix-values.mjs
<s> [webpack.Progress] 64% building 687/754 modules 67 active /var/www/trexzactyl/node_modules/source-map-loader/dist/cjs.js!/var/www/trexzactyl/node_modules/lodash-es/_Set.js
<s> [webpack.Progress] 64% building 687/755 modules 68 active /var/www/trexzactyl/node_modules/source-map-loader/dist/cjs.js!/var/www/trexzactyl/node_modules/lodash-es/_Promise.js
<s> [webpack.Progress] 64% building 688/755 modules 67 active /var/www/trexzactyl/node_modules/source-map-loader/dist/cjs.js!/var/www/trexzactyl/node_modules/lodash-es/_Promise.js
<s> [webpack.Progress] 64% building 688/756 modules 68 active /var/www/trexzactyl/node_modules/framer-motion/dist/es/motion/features/drag.mjs
<s> [webpack.Progress] 64% building 688/757 modules 69 active /var/www/trexzactyl/node_modules/framer-motion/dist/es/motion/features/gestures.mjs
<s> [webpack.Progress] 64% building 689/757 modules 68 active /var/www/trexzactyl/node_modules/framer-motion/dist/es/motion/features/gestures.mjs
<s> [webpack.Progress] 64% building 689/758 modules 69 active /var/www/trexzactyl/node_modules/framer-motion/dist/es/render/dom/utils/create-config.mjs
<s> [webpack.Progress] 64% building 690/758 modules 68 active /var/www/trexzactyl/node_modules/framer-motion/dist/es/render/dom/utils/create-config.mjs
<s> [webpack.Progress] 64% building 691/758 modules 67 active /var/www/trexzactyl/node_modules/framer-motion/dist/es/render/dom/utils/create-config.mjs
<s> [webpack.Progress] 64% building 691/759 modules 68 active /var/www/trexzactyl/node_modules/framer-motion/dist/es/render/dom/motion-proxy.mjs
<s> [webpack.Progress] 64% building 692/759 modules 67 active /var/www/trexzactyl/node_modules/framer-motion/dist/es/render/dom/motion-proxy.mjs
<s> [webpack.Progress] 64% building 692/760 modules 68 active /var/www/trexzactyl/node_modules/source-map-loader/dist/cjs.js!/var/www/trexzactyl/node_modules/lodash-es/_baseIsTypedArray.js
<s> [webpack.Progress] 64% building 692/761 modules 69 active /var/www/trexzactyl/node_modules/source-map-loader/dist/cjs.js!/var/www/trexzactyl/node_modules/lodash-es/_baseIsArguments.js
<s> [webpack.Progress] 64% building 693/761 modules 68 active /var/www/trexzactyl/node_modules/source-map-loader/dist/cjs.js!/var/www/trexzactyl/node_modules/lodash-es/_baseIsArguments.js
<s> [webpack.Progress] 64% building 694/761 modules 67 active /var/www/trexzactyl/node_modules/source-map-loader/dist/cjs.js!/var/www/trexzactyl/node_modules/lodash-es/_baseIsArguments.js
<s> [webpack.Progress] 64% building 694/762 modules 68 active /var/www/trexzactyl/node_modules/framer-motion/dist/es/motion/index.mjs
<s> [webpack.Progress] 64% building 695/762 modules 67 active /var/www/trexzactyl/node_modules/framer-motion/dist/es/motion/index.mjs
<s> [webpack.Progress] 64% building 696/762 modules 66 active /var/www/trexzactyl/node_modules/framer-motion/dist/es/motion/index.mjs
<s> [webpack.Progress] 64% building 697/762 modules 65 active /var/www/trexzactyl/node_modules/framer-motion/dist/es/motion/index.mjs
<s> [webpack.Progress] 64% building 697/763 modules 66 active /var/www/trexzactyl/node_modules/source-map-loader/dist/cjs.js!/var/www/trexzactyl/node_modules/@heroicons/react/solid/esm/ZoomInIcon.js
<s> [webpack.Progress] 64% building 698/763 modules 65 active /var/www/trexzactyl/node_modules/source-map-loader/dist/cjs.js!/var/www/trexzactyl/node_modules/@heroicons/react/solid/esm/ZoomInIcon.js
<s> [webpack.Progress] 64% building 698/764 modules 66 active /var/www/trexzactyl/node_modules/source-map-loader/dist/cjs.js!/var/www/trexzactyl/node_modules/@heroicons/react/solid/esm/XIcon.js
<s> [webpack.Progress] 64% building 698/765 modules 67 active /var/www/trexzactyl/node_modules/source-map-loader/dist/cjs.js!/var/www/trexzactyl/node_modules/@heroicons/react/solid/esm/XCircleIcon.js
<s> [webpack.Progress] 64% building 699/765 modules 66 active /var/www/trexzactyl/node_modules/source-map-loader/dist/cjs.js!/var/www/trexzactyl/node_modules/@heroicons/react/solid/esm/XCircleIcon.js
<s> [webpack.Progress] 64% building 699/766 modules 67 active /var/www/trexzactyl/node_modules/source-map-loader/dist/cjs.js!/var/www/trexzactyl/node_modules/@heroicons/react/solid/esm/WifiIcon.js
<s> [webpack.Progress] 64% building 699/767 modules 68 active /var/www/trexzactyl/node_modules/source-map-loader/dist/cjs.js!/var/www/trexzactyl/node_modules/@heroicons/react/solid/esm/VolumeUpIcon.js
<s> [webpack.Progress] 64% building 700/767 modules 67 active /var/www/trexzactyl/node_modules/source-map-loader/dist/cjs.js!/var/www/trexzactyl/node_modules/@heroicons/react/solid/esm/VolumeUpIcon.js
<s> [webpack.Progress] 64% building 701/767 modules 66 active /var/www/trexzactyl/node_modules/source-map-loader/dist/cjs.js!/var/www/trexzactyl/node_modules/@heroicons/react/solid/esm/VolumeUpIcon.js
<s> [webpack.Progress] 64% building 701/768 modules 67 active /var/www/trexzactyl/node_modules/source-map-loader/dist/cjs.js!/var/www/trexzactyl/node_modules/@heroicons/react/solid/esm/VolumeOffIcon.js
<s> [webpack.Progress] 64% building 702/768 modules 66 active /var/www/trexzactyl/node_modules/source-map-loader/dist/cjs.js!/var/www/trexzactyl/node_modules/@heroicons/react/solid/esm/VolumeOffIcon.js
<s> [webpack.Progress] 64% building 703/768 modules 65 active /var/www/trexzactyl/node_modules/source-map-loader/dist/cjs.js!/var/www/trexzactyl/node_modules/@heroicons/react/solid/esm/VolumeOffIcon.js
<s> [webpack.Progress] 64% building 704/768 modules 64 active /var/www/trexzactyl/node_modules/source-map-loader/dist/cjs.js!/var/www/trexzactyl/node_modules/@heroicons/react/solid/esm/VolumeOffIcon.js
<s> [webpack.Progress] 64% building 704/769 modules 65 active /var/www/trexzactyl/node_modules/source-map-loader/dist/cjs.js!/var/www/trexzactyl/node_modules/@heroicons/react/solid/esm/ViewListIcon.js
<s> [webpack.Progress] 65% building 705/769 modules 64 active /var/www/trexzactyl/node_modules/source-map-loader/dist/cjs.js!/var/www/trexzactyl/node_modules/@heroicons/react/solid/esm/ViewListIcon.js
<s> [webpack.Progress] 64% building 705/770 modules 65 active /var/www/trexzactyl/node_modules/source-map-loader/dist/cjs.js!/var/www/trexzactyl/node_modules/@heroicons/react/solid/esm/ViewGridIcon.js
<s> [webpack.Progress] 64% building 705/771 modules 66 active /var/www/trexzactyl/node_modules/source-map-loader/dist/cjs.js!/var/www/trexzactyl/node_modules/@heroicons/react/solid/esm/ViewGridAddIcon.js
<s> [webpack.Progress] 64% building 706/771 modules 65 active /var/www/trexzactyl/node_modules/source-map-loader/dist/cjs.js!/var/www/trexzactyl/node_modules/@heroicons/react/solid/esm/ViewGridAddIcon.js
<s> [webpack.Progress] 64% building 706/772 modules 66 active /var/www/trexzactyl/node_modules/source-map-loader/dist/cjs.js!/var/www/trexzactyl/node_modules/lodash-es/_nativeKeysIn.js
<s> [webpack.Progress] 64% building 706/773 modules 67 active /var/www/trexzactyl/node_modules/source-map-loader/dist/cjs.js!/var/www/trexzactyl/node_modules/lodash-es/_nativeKeys.js
<s> [webpack.Progress] 64% building 707/773 modules 66 active /var/www/trexzactyl/node_modules/source-map-loader/dist/cjs.js!/var/www/trexzactyl/node_modules/lodash-es/_nativeKeys.js
<s> [webpack.Progress] 64% building 708/773 modules 65 active /var/www/trexzactyl/node_modules/source-map-loader/dist/cjs.js!/var/www/trexzactyl/node_modules/lodash-es/_nativeKeys.js
<s> [webpack.Progress] 65% building 709/773 modules 64 active /var/www/trexzactyl/node_modules/source-map-loader/dist/cjs.js!/var/www/trexzactyl/node_modules/lodash-es/_nativeKeys.js
<s> [webpack.Progress] 64% building 709/774 modules 65 active /var/www/trexzactyl/node_modules/source-map-loader/dist/cjs.js!/var/www/trexzactyl/node_modules/date-fns/esm/parse/_lib/Setter.js
<s> [webpack.Progress] 64% building 709/775 modules 66 active /var/www/trexzactyl/node_modules/source-map-loader/dist/cjs.js!/var/www/trexzactyl/node_modules/date-fns/esm/parse/_lib/parsers/index.js
<s> [webpack.Progress] 64% building 709/776 modules 67 active /var/www/trexzactyl/node_modules/source-map-loader/dist/cjs.js!/var/www/trexzactyl/node_modules/date-fns/esm/_lib/protectedTokens/index.js
<s> [webpack.Progress] 64% building 710/776 modules 66 active /var/www/trexzactyl/node_modules/source-map-loader/dist/cjs.js!/var/www/trexzactyl/node_modules/date-fns/esm/_lib/protectedTokens/index.js
<s> [webpack.Progress] 64% building 711/776 modules 65 active /var/www/trexzactyl/node_modules/source-map-loader/dist/cjs.js!/var/www/trexzactyl/node_modules/date-fns/esm/_lib/protectedTokens/index.js
<s> [webpack.Progress] 65% building 712/776 modules 64 active /var/www/trexzactyl/node_modules/source-map-loader/dist/cjs.js!/var/www/trexzactyl/node_modules/date-fns/esm/_lib/protectedTokens/index.js
<s> [webpack.Progress] 64% building 712/777 modules 65 active /var/www/trexzactyl/node_modules/source-map-loader/dist/cjs.js!/var/www/trexzactyl/node_modules/@heroicons/react/solid/esm/ViewBoardsIcon.js
<s> [webpack.Progress] 64% building 712/778 modules 66 active /var/www/trexzactyl/node_modules/source-map-loader/dist/cjs.js!/var/www/trexzactyl/node_modules/date-fns/esm/_lib/assign/index.js
<s> [webpack.Progress] 64% building 713/778 modules 65 active /var/www/trexzactyl/node_modules/source-map-loader/dist/cjs.js!/var/www/trexzactyl/node_modules/date-fns/esm/_lib/assign/index.js
<s> [webpack.Progress] 64% building 713/779 modules 66 active /var/www/trexzactyl/node_modules/source-map-loader/dist/cjs.js!/var/www/trexzactyl/node_modules/@heroicons/react/solid/esm/VideoCameraIcon.js
<s> [webpack.Progress] 64% building 713/780 modules 67 active /var/www/trexzactyl/node_modules/source-map-loader/dist/cjs.js!/var/www/trexzactyl/node_modules/@heroicons/react/solid/esm/VariableIcon.js
<s> [webpack.Progress] 64% building 714/780 modules 66 active /var/www/trexzactyl/node_modules/source-map-loader/dist/cjs.js!/var/www/trexzactyl/node_modules/@heroicons/react/solid/esm/VariableIcon.js
<s> [webpack.Progress] 64% building 714/781 modules 67 active /var/www/trexzactyl/node_modules/source-map-loader/dist/cjs.js!/var/www/trexzactyl/node_modules/date-fns/esm/locale/en-US/_lib/match/index.js
<s> [webpack.Progress] 64% building 714/782 modules 68 active /var/www/trexzactyl/node_modules/source-map-loader/dist/cjs.js!/var/www/trexzactyl/node_modules/date-fns/esm/locale/en-US/_lib/formatDistance/index.js
<s> [webpack.Progress] 64% building 714/783 modules 69 active /var/www/trexzactyl/node_modules/source-map-loader/dist/cjs.js!/var/www/trexzactyl/node_modules/date-fns/esm/locale/en-US/_lib/localize/index.js
<s> [webpack.Progress] 64% building 714/784 modules 70 active /var/www/trexzactyl/node_modules/source-map-loader/dist/cjs.js!/var/www/trexzactyl/node_modules/date-fns/esm/locale/en-US/_lib/formatRelative/index.js
<s> [webpack.Progress] 64% building 714/785 modules 71 active /var/www/trexzactyl/node_modules/source-map-loader/dist/cjs.js!/var/www/trexzactyl/node_modules/date-fns/esm/locale/en-US/_lib/formatLong/index.js
<s> [webpack.Progress] 64% building 715/785 modules 70 active /var/www/trexzactyl/node_modules/source-map-loader/dist/cjs.js!/var/www/trexzactyl/node_modules/date-fns/esm/locale/en-US/_lib/formatLong/index.js
<s> [webpack.Progress] 64% building 716/785 modules 69 active /var/www/trexzactyl/node_modules/source-map-loader/dist/cjs.js!/var/www/trexzactyl/node_modules/date-fns/esm/locale/en-US/_lib/formatLong/index.js
<s> [webpack.Progress] 64% building 716/786 modules 70 active /var/www/trexzactyl/node_modules/source-map-loader/dist/cjs.js!/var/www/trexzactyl/node_modules/@heroicons/react/solid/esm/UsersIcon.js
<s> [webpack.Progress] 64% building 716/787 modules 71 active /var/www/trexzactyl/node_modules/source-map-loader/dist/cjs.js!/var/www/trexzactyl/node_modules/@headlessui/react/dist/components/transitions/utils/transition.js
<s> [webpack.Progress] 64% building 717/787 modules 70 active /var/www/trexzactyl/node_modules/source-map-loader/dist/cjs.js!/var/www/trexzactyl/node_modules/@headlessui/react/dist/components/transitions/utils/transition.js
<s> [webpack.Progress] 64% building 718/787 modules 69 active /var/www/trexzactyl/node_modules/source-map-loader/dist/cjs.js!/var/www/trexzactyl/node_modules/@headlessui/react/dist/components/transitions/utils/transition.js
<s> [webpack.Progress] 64% building 719/787 modules 68 active /var/www/trexzactyl/node_modules/source-map-loader/dist/cjs.js!/var/www/trexzactyl/node_modules/@headlessui/react/dist/components/transitions/utils/transition.js
<s> [webpack.Progress] 64% building 720/787 modules 67 active /var/www/trexzactyl/node_modules/source-map-loader/dist/cjs.js!/var/www/trexzactyl/node_modules/@headlessui/react/dist/components/transitions/utils/transition.js
<s> [webpack.Progress] 64% building 721/787 modules 66 active /var/www/trexzactyl/node_modules/source-map-loader/dist/cjs.js!/var/www/trexzactyl/node_modules/@headlessui/react/dist/components/transitions/utils/transition.js
<s> [webpack.Progress] 65% building 722/787 modules 65 active /var/www/trexzactyl/node_modules/source-map-loader/dist/cjs.js!/var/www/trexzactyl/node_modules/@headlessui/react/dist/components/transitions/utils/transition.js
<s> [webpack.Progress] 65% building 723/787 modules 64 active /var/www/trexzactyl/node_modules/source-map-loader/dist/cjs.js!/var/www/trexzactyl/node_modules/@headlessui/react/dist/components/transitions/utils/transition.js
<s> [webpack.Progress] 65% building 724/787 modules 63 active /var/www/trexzactyl/node_modules/source-map-loader/dist/cjs.js!/var/www/trexzactyl/node_modules/@headlessui/react/dist/components/transitions/utils/transition.js
<s> [webpack.Progress] 65% building 725/787 modules 62 active /var/www/trexzactyl/node_modules/source-map-loader/dist/cjs.js!/var/www/trexzactyl/node_modules/@headlessui/react/dist/components/transitions/utils/transition.js
<s> [webpack.Progress] 65% building 726/787 modules 61 active /var/www/trexzactyl/node_modules/source-map-loader/dist/cjs.js!/var/www/trexzactyl/node_modules/@headlessui/react/dist/components/transitions/utils/transition.js
<s> [webpack.Progress] 65% building 727/787 modules 60 active /var/www/trexzactyl/node_modules/source-map-loader/dist/cjs.js!/var/www/trexzactyl/node_modules/@headlessui/react/dist/components/transitions/utils/transition.js
<s> [webpack.Progress] 65% building 728/787 modules 59 active /var/www/trexzactyl/node_modules/source-map-loader/dist/cjs.js!/var/www/trexzactyl/node_modules/@headlessui/react/dist/components/transitions/utils/transition.js
<s> [webpack.Progress] 65% building 728/788 modules 60 active /var/www/trexzactyl/node_modules/source-map-loader/dist/cjs.js!/var/www/trexzactyl/node_modules/lodash-es/_isMasked.js
<s> [webpack.Progress] 65% building 729/788 modules 59 active /var/www/trexzactyl/node_modules/source-map-loader/dist/cjs.js!/var/www/trexzactyl/node_modules/lodash-es/_isMasked.js
<s> [webpack.Progress] 65% building 730/788 modules 58 active /var/www/trexzactyl/node_modules/source-map-loader/dist/cjs.js!/var/www/trexzactyl/node_modules/lodash-es/_isMasked.js
<s> [webpack.Progress] 65% building 731/788 modules 57 active /var/www/trexzactyl/node_modules/source-map-loader/dist/cjs.js!/var/www/trexzactyl/node_modules/lodash-es/_isMasked.js
<s> [webpack.Progress] 65% building 731/789 modules 58 active /var/www/trexzactyl/node_modules/source-map-loader/dist/cjs.js!/var/www/trexzactyl/node_modules/@heroicons/react/solid/esm/UserIcon.js
<s> [webpack.Progress] 65% building 731/790 modules 59 active /var/www/trexzactyl/node_modules/source-map-loader/dist/cjs.js!/var/www/trexzactyl/node_modules/date-fns/esm/_lib/format/longFormatters/index.js
<s> [webpack.Progress] 65% building 731/791 modules 60 active /var/www/trexzactyl/node_modules/source-map-loader/dist/cjs.js!/var/www/trexzactyl/node_modules/@heroicons/react/solid/esm/UserRemoveIcon.js
<s> [webpack.Progress] 65% building 731/792 modules 61 active /var/www/trexzactyl/node_modules/source-map-loader/dist/cjs.js!/var/www/trexzactyl/node_modules/@heroicons/react/solid/esm/UserGroupIcon.js
<s> [webpack.Progress] 65% building 732/792 modules 60 active /var/www/trexzactyl/node_modules/source-map-loader/dist/cjs.js!/var/www/trexzactyl/node_modules/@heroicons/react/solid/esm/UserGroupIcon.js
<s> [webpack.Progress] 65% building 733/792 modules 59 active /var/www/trexzactyl/node_modules/source-map-loader/dist/cjs.js!/var/www/trexzactyl/node_modules/@heroicons/react/solid/esm/UserGroupIcon.js
<s> [webpack.Progress] 65% building 734/792 modules 58 active /var/www/trexzactyl/node_modules/source-map-loader/dist/cjs.js!/var/www/trexzactyl/node_modules/@heroicons/react/solid/esm/UserGroupIcon.js
<s> [webpack.Progress] 65% building 735/792 modules 57 active /var/www/trexzactyl/node_modules/source-map-loader/dist/cjs.js!/var/www/trexzactyl/node_modules/@heroicons/react/solid/esm/UserGroupIcon.js
<s> [webpack.Progress] 65% building 735/793 modules 58 active /var/www/trexzactyl/node_modules/source-map-loader/dist/cjs.js!/var/www/trexzactyl/node_modules/@heroicons/react/solid/esm/UserCircleIcon.js
<s> [webpack.Progress] 65% building 736/793 modules 57 active /var/www/trexzactyl/node_modules/source-map-loader/dist/cjs.js!/var/www/trexzactyl/node_modules/@heroicons/react/solid/esm/UserCircleIcon.js
<s> [webpack.Progress] 65% building 736/794 modules 58 active /var/www/trexzactyl/node_modules/source-map-loader/dist/cjs.js!/var/www/trexzactyl/node_modules/lodash-es/_baseMatches.js
<s> [webpack.Progress] 65% building 736/795 modules 59 active /var/www/trexzactyl/node_modules/source-map-loader/dist/cjs.js!/var/www/trexzactyl/node_modules/lodash-es/property.js
<s> [webpack.Progress] 65% building 736/796 modules 60 active /var/www/trexzactyl/node_modules/source-map-loader/dist/cjs.js!/var/www/trexzactyl/node_modules/lodash-es/identity.js
<s> [webpack.Progress] 65% building 737/796 modules 59 active /var/www/trexzactyl/node_modules/source-map-loader/dist/cjs.js!/var/www/trexzactyl/node_modules/lodash-es/identity.js
<s> [webpack.Progress] 65% building 737/797 modules 60 active /var/www/trexzactyl/node_modules/source-map-loader/dist/cjs.js!/var/www/trexzactyl/node_modules/@headlessui/react/dist/hooks/document-overflow/prevent-scroll.js
<s> [webpack.Progress] 65% building 738/797 modules 59 active /var/www/trexzactyl/node_modules/source-map-loader/dist/cjs.js!/var/www/trexzactyl/node_modules/@headlessui/react/dist/hooks/document-overflow/prevent-scroll.js
<s> [webpack.Progress] 65% building 739/797 modules 58 active /var/www/trexzactyl/node_modules/source-map-loader/dist/cjs.js!/var/www/trexzactyl/node_modules/@headlessui/react/dist/hooks/document-overflow/prevent-scroll.js
<s> [webpack.Progress] 65% building 740/797 modules 57 active /var/www/trexzactyl/node_modules/source-map-loader/dist/cjs.js!/var/www/trexzactyl/node_modules/@headlessui/react/dist/hooks/document-overflow/prevent-scroll.js
<s> [webpack.Progress] 65% building 741/797 modules 56 active /var/www/trexzactyl/node_modules/source-map-loader/dist/cjs.js!/var/www/trexzactyl/node_modules/@headlessui/react/dist/hooks/document-overflow/prevent-scroll.js
<s> [webpack.Progress] 65% building 742/797 modules 55 active /var/www/trexzactyl/node_modules/source-map-loader/dist/cjs.js!/var/www/trexzactyl/node_modules/@headlessui/react/dist/hooks/document-overflow/prevent-scroll.js
<s> [webpack.Progress] 65% building 743/797 modules 54 active /var/www/trexzactyl/node_modules/source-map-loader/dist/cjs.js!/var/www/trexzactyl/node_modules/@headlessui/react/dist/hooks/document-overflow/prevent-scroll.js
<s> [webpack.Progress] 66% building 744/797 modules 53 active /var/www/trexzactyl/node_modules/source-map-loader/dist/cjs.js!/var/www/trexzactyl/node_modules/@headlessui/react/dist/hooks/document-overflow/prevent-scroll.js
<s> [webpack.Progress] 65% building 744/798 modules 54 active /var/www/trexzactyl/node_modules/source-map-loader/dist/cjs.js!/var/www/trexzactyl/node_modules/@floating-ui/react-dom/node_modules/@floating-ui/dom/dist/floating-ui.dom.esm.js
<s> [webpack.Progress] 66% building 745/798 modules 53 active /var/www/trexzactyl/node_modules/source-map-loader/dist/cjs.js!/var/www/trexzactyl/node_modules/@floating-ui/react-dom/node_modules/@floating-ui/dom/dist/floating-ui.dom.esm.js
<s> [webpack.Progress] 66% building 746/798 modules 52 active /var/www/trexzactyl/node_modules/source-map-loader/dist/cjs.js!/var/www/trexzactyl/node_modules/@floating-ui/react-dom/node_modules/@floating-ui/dom/dist/floating-ui.dom.esm.js
<s> [webpack.Progress] 66% building 747/798 modules 51 active /var/www/trexzactyl/node_modules/source-map-loader/dist/cjs.js!/var/www/trexzactyl/node_modules/@floating-ui/react-dom/node_modules/@floating-ui/dom/dist/floating-ui.dom.esm.js
<s> [webpack.Progress] 66% building 748/798 modules 50 active /var/www/trexzactyl/node_modules/source-map-loader/dist/cjs.js!/var/www/trexzactyl/node_modules/@floating-ui/react-dom/node_modules/@floating-ui/dom/dist/floating-ui.dom.esm.js
<s> [webpack.Progress] 66% building 749/798 modules 49 active /var/www/trexzactyl/node_modules/source-map-loader/dist/cjs.js!/var/www/trexzactyl/node_modules/@floating-ui/react-dom/node_modules/@floating-ui/dom/dist/floating-ui.dom.esm.js
<s> [webpack.Progress] 66% building 749/799 modules 50 active /var/www/trexzactyl/node_modules/framer-motion/dist/es/render/dom/value-types/test.mjs
<s> [webpack.Progress] 66% building 750/799 modules 49 active /var/www/trexzactyl/node_modules/framer-motion/dist/es/render/dom/value-types/test.mjs
<s> [webpack.Progress] 66% building 750/800 modules 50 active /var/www/trexzactyl/node_modules/framer-motion/dist/es/render/dom/utils/css-variables-conversion.mjs
<s> [webpack.Progress] 66% building 751/800 modules 49 active /var/www/trexzactyl/node_modules/framer-motion/dist/es/render/dom/utils/css-variables-conversion.mjs
<s> [webpack.Progress] 66% building 751/801 modules 50 active /var/www/trexzactyl/node_modules/framer-motion/dist/es/render/utils/motion-values.mjs
<s> [webpack.Progress] 66% building 751/802 modules 51 active /var/www/trexzactyl/node_modules/framer-motion/dist/es/utils/array.mjs
<s> [webpack.Progress] 66% building 751/803 modules 52 active /var/www/trexzactyl/node_modules/source-map-loader/dist/cjs.js!/var/www/trexzactyl/node_modules/lodash-es/memoize.js
<s> [webpack.Progress] 66% building 752/803 modules 51 active /var/www/trexzactyl/node_modules/source-map-loader/dist/cjs.js!/var/www/trexzactyl/node_modules/lodash-es/memoize.js
<s> [webpack.Progress] 66% building 753/803 modules 50 active /var/www/trexzactyl/node_modules/source-map-loader/dist/cjs.js!/var/www/trexzactyl/node_modules/lodash-es/memoize.js
<s> [webpack.Progress] 66% building 754/803 modules 49 active /var/www/trexzactyl/node_modules/source-map-loader/dist/cjs.js!/var/www/trexzactyl/node_modules/lodash-es/memoize.js
<s> [webpack.Progress] 66% building 754/804 modules 50 active /var/www/trexzactyl/node_modules/framer-motion/dist/es/render/utils/compare-by-depth.mjs
<s> [webpack.Progress] 66% building 754/805 modules 51 active /var/www/trexzactyl/node_modules/framer-motion/dist/es/utils/use-id.mjs
<s> [webpack.Progress] 66% building 755/805 modules 50 active /var/www/trexzactyl/node_modules/framer-motion/dist/es/utils/use-id.mjs
<s> [webpack.Progress] 66% building 755/806 modules 51 active /var/www/trexzactyl/node_modules/framer-motion/dist/es/render/utils/lifecycles.mjs
<s> [webpack.Progress] 66% building 756/806 modules 50 active /var/www/trexzactyl/node_modules/framer-motion/dist/es/render/utils/lifecycles.mjs
<s> [webpack.Progress] 66% building 757/806 modules 49 active /var/www/trexzactyl/node_modules/framer-motion/dist/es/render/utils/lifecycles.mjs
<s> [webpack.Progress] 66% building 757/807 modules 50 active /var/www/trexzactyl/node_modules/framer-motion/dist/es/render/dom/utils/unit-conversion.mjs
<s> [webpack.Progress] 66% building 757/808 modules 51 active /var/www/trexzactyl/node_modules/framer-motion/dist/es/utils/use-instant-transition-state.mjs
<s> [webpack.Progress] 66% building 757/809 modules 52 active /var/www/trexzactyl/node_modules/framer-motion/dist/es/projection/geometry/conversion.mjs
<s> [webpack.Progress] 66% building 757/810 modules 53 active /var/www/trexzactyl/node_modules/framer-motion/dist/es/animation/utils/default-transitions.mjs
<s> [webpack.Progress] 66% building 757/811 modules 54 active /var/www/trexzactyl/node_modules/framer-motion/dist/es/animation/utils/is-animatable.mjs
<s> [webpack.Progress] 65% building 757/812 modules 55 active /var/www/trexzactyl/node_modules/framer-motion/dist/es/motion/utils/is-forced-motion-value.mjs
<s> [webpack.Progress] 66% building 758/812 modules 54 active /var/www/trexzactyl/node_modules/framer-motion/dist/es/motion/utils/is-forced-motion-value.mjs
<s> [webpack.Progress] 65% building 758/813 modules 55 active /var/www/trexzactyl/node_modules/framer-motion/dist/es/animation/utils/easing.mjs
<s> [webpack.Progress] 65% building 758/814 modules 56 active /var/www/trexzactyl/node_modules/framer-motion/dist/es/utils/time-conversion.mjs
<s> [webpack.Progress] 65% building 758/815 modules 57 active /var/www/trexzactyl/node_modules/framer-motion/dist/es/render/html/utils/build-transform.mjs
<s> [webpack.Progress] 65% building 758/816 modules 58 active /var/www/trexzactyl/node_modules/framer-motion/dist/es/render/dom/value-types/number.mjs
<s> [webpack.Progress] 65% building 758/817 modules 59 active /var/www/trexzactyl/node_modules/framer-motion/dist/es/render/dom/value-types/get-as-type.mjs
<s> [webpack.Progress] 65% building 759/817 modules 58 active /var/www/trexzactyl/node_modules/framer-motion/dist/es/render/dom/value-types/get-as-type.mjs
<s> [webpack.Progress] 65% building 759/818 modules 59 active /var/www/trexzactyl/node_modules/source-map-loader/dist/cjs.js!/var/www/trexzactyl/node_modules/lodash-es/_Hash.js
<s> [webpack.Progress] 65% building 759/819 modules 60 active /var/www/trexzactyl/node_modules/source-map-loader/dist/cjs.js!/var/www/trexzactyl/node_modules/lodash-es/_getMapData.js
<s> [webpack.Progress] 65% building 760/819 modules 59 active /var/www/trexzactyl/node_modules/source-map-loader/dist/cjs.js!/var/www/trexzactyl/node_modules/lodash-es/_getMapData.js
<s> [webpack.Progress] 65% building 761/819 modules 58 active /var/www/trexzactyl/node_modules/source-map-loader/dist/cjs.js!/var/www/trexzactyl/node_modules/lodash-es/_getMapData.js
<s> [webpack.Progress] 65% building 762/819 modules 57 active /var/www/trexzactyl/node_modules/source-map-loader/dist/cjs.js!/var/www/trexzactyl/node_modules/lodash-es/_getMapData.js
<s> [webpack.Progress] 65% building 763/819 modules 56 active /var/www/trexzactyl/node_modules/source-map-loader/dist/cjs.js!/var/www/trexzactyl/node_modules/lodash-es/_getMapData.js
<s> [webpack.Progress] 65% building 764/819 modules 55 active /var/www/trexzactyl/node_modules/source-map-loader/dist/cjs.js!/var/www/trexzactyl/node_modules/lodash-es/_getMapData.js
<s> [webpack.Progress] 65% building 764/820 modules 56 active /var/www/trexzactyl/node_modules/framer-motion/dist/es/render/dom/value-types/dimensions.mjs
<s> [webpack.Progress] 65% building 764/821 modules 57 active /var/www/trexzactyl/node_modules/source-map-loader/dist/cjs.js!/var/www/trexzactyl/node_modules/@headlessui/react/dist/hooks/document-overflow/handle-ios-locking.js
<s> [webpack.Progress] 65% building 765/821 modules 56 active /var/www/trexzactyl/node_modules/source-map-loader/dist/cjs.js!/var/www/trexzactyl/node_modules/@headlessui/react/dist/hooks/document-overflow/handle-ios-locking.js
<s> [webpack.Progress] 65% building 765/822 modules 57 active /var/www/trexzactyl/node_modules/framer-motion/dist/es/render/svg/utils/path.mjs
<s> [webpack.Progress] 65% building 766/822 modules 56 active /var/www/trexzactyl/node_modules/framer-motion/dist/es/render/svg/utils/path.mjs
<s> [webpack.Progress] 65% building 766/823 modules 57 active /var/www/trexzactyl/node_modules/framer-motion/dist/es/render/svg/utils/transform-origin.mjs
<s> [webpack.Progress] 65% building 767/823 modules 56 active /var/www/trexzactyl/node_modules/framer-motion/dist/es/render/svg/utils/transform-origin.mjs
<s> [webpack.Progress] 65% building 767/824 modules 57 active /var/www/trexzactyl/node_modules/source-map-loader/dist/cjs.js!/var/www/trexzactyl/node_modules/@headlessui/react/dist/hooks/document-overflow/adjust-scrollbar-padding.js
<s> [webpack.Progress] 65% building 767/825 modules 58 active /var/www/trexzactyl/node_modules/source-map-loader/dist/cjs.js!/var/www/trexzactyl/node_modules/lodash-es/_baseFor.js
<s> [webpack.Progress] 65% building 768/825 modules 57 active /var/www/trexzactyl/node_modules/source-map-loader/dist/cjs.js!/var/www/trexzactyl/node_modules/lodash-es/_baseFor.js
<s> [webpack.Progress] 65% building 769/825 modules 56 active /var/www/trexzactyl/node_modules/source-map-loader/dist/cjs.js!/var/www/trexzactyl/node_modules/lodash-es/_baseFor.js
<s> [webpack.Progress] 65% building 769/826 modules 57 active /var/www/trexzactyl/node_modules/source-map-loader/dist/cjs.js!/var/www/trexzactyl/node_modules/@headlessui/react/dist/utils/store.js
<s> [webpack.Progress] 65% building 769/827 modules 58 active /var/www/trexzactyl/node_modules/source-map-loader/dist/cjs.js!/var/www/trexzactyl/node_modules/lodash-es/_baseMatchesProperty.js
<s> [webpack.Progress] 65% building 769/828 modules 59 active /var/www/trexzactyl/node_modules/source-map-loader/dist/cjs.js!/var/www/trexzactyl/node_modules/@heroicons/react/solid/esm/UserAddIcon.js
<s> [webpack.Progress] 65% building 769/829 modules 60 active /var/www/trexzactyl/node_modules/source-map-loader/dist/cjs.js!/var/www/trexzactyl/node_modules/@heroicons/react/solid/esm/UploadIcon.js
<s> [webpack.Progress] 65% building 770/829 modules 59 active /var/www/trexzactyl/node_modules/source-map-loader/dist/cjs.js!/var/www/trexzactyl/node_modules/@heroicons/react/solid/esm/UploadIcon.js
<s> [webpack.Progress] 65% building 771/829 modules 58 active /var/www/trexzactyl/node_modules/source-map-loader/dist/cjs.js!/var/www/trexzactyl/node_modules/@heroicons/react/solid/esm/UploadIcon.js
<s> [webpack.Progress] 65% building 772/829 modules 57 active /var/www/trexzactyl/node_modules/source-map-loader/dist/cjs.js!/var/www/trexzactyl/node_modules/@heroicons/react/solid/esm/UploadIcon.js
<s> [webpack.Progress] 65% building 773/829 modules 56 active /var/www/trexzactyl/node_modules/source-map-loader/dist/cjs.js!/var/www/trexzactyl/node_modules/@heroicons/react/solid/esm/UploadIcon.js
<s> [webpack.Progress] 66% building 774/829 modules 55 active /var/www/trexzactyl/node_modules/source-map-loader/dist/cjs.js!/var/www/trexzactyl/node_modules/@heroicons/react/solid/esm/UploadIcon.js
<s> [webpack.Progress] 65% building 774/830 modules 56 active /var/www/trexzactyl/node_modules/framer-motion/dist/es/gestures/drag/use-drag.mjs
<s> [webpack.Progress] 65% building 774/831 modules 57 active /var/www/trexzactyl/node_modules/framer-motion/dist/es/gestures/use-focus-gesture.mjs
<s> [webpack.Progress] 65% building 774/832 modules 58 active /var/www/trexzactyl/node_modules/framer-motion/dist/es/render/html/config-motion.mjs
<s> [webpack.Progress] 65% building 774/833 modules 59 active /var/www/trexzactyl/node_modules/framer-motion/dist/es/render/svg/config-motion.mjs
<s> [webpack.Progress] 65% building 775/833 modules 58 active /var/www/trexzactyl/node_modules/framer-motion/dist/es/render/svg/config-motion.mjs
<s> [webpack.Progress] 65% building 776/833 modules 57 active /var/www/trexzactyl/node_modules/framer-motion/dist/es/render/svg/config-motion.mjs
<s> [webpack.Progress] 65% building 776/834 modules 58 active /var/www/trexzactyl/node_modules/framer-motion/dist/es/render/dom/use-render.mjs
<s> [webpack.Progress] 65% building 776/835 modules 59 active /var/www/trexzactyl/node_modules/framer-motion/dist/es/gestures/use-tap-gesture.mjs
<s> [webpack.Progress] 65% building 777/835 modules 58 active /var/www/trexzactyl/node_modules/framer-motion/dist/es/gestures/use-tap-gesture.mjs
<s> [webpack.Progress] 65% building 778/835 modules 57 active /var/www/trexzactyl/node_modules/framer-motion/dist/es/gestures/use-tap-gesture.mjs
<s> [webpack.Progress] 65% building 778/836 modules 58 active /var/www/trexzactyl/node_modules/framer-motion/dist/es/gestures/use-hover-gesture.mjs
<s> [webpack.Progress] 65% building 779/836 modules 57 active /var/www/trexzactyl/node_modules/framer-motion/dist/es/gestures/use-hover-gesture.mjs
<s> [webpack.Progress] 65% building 779/837 modules 58 active /var/www/trexzactyl/node_modules/source-map-loader/dist/cjs.js!/var/www/trexzactyl/node_modules/@headlessui/react/dist/use-sync-external-store-shim/index.js
<s> [webpack.Progress] 65% building 780/837 modules 57 active /var/www/trexzactyl/node_modules/source-map-loader/dist/cjs.js!/var/www/trexzactyl/node_modules/@headlessui/react/dist/use-sync-external-store-shim/index.js
<s> [webpack.Progress] 65% building 780/838 modules 58 active /var/www/trexzactyl/node_modules/framer-motion/dist/es/gestures/use-pan-gesture.mjs
<s> [webpack.Progress] 65% building 781/838 modules 57 active /var/www/trexzactyl/node_modules/framer-motion/dist/es/gestures/use-pan-gesture.mjs
<s> [webpack.Progress] 65% building 782/838 modules 56 active /var/www/trexzactyl/node_modules/framer-motion/dist/es/gestures/use-pan-gesture.mjs
<s> [webpack.Progress] 66% building 783/838 modules 55 active /var/www/trexzactyl/node_modules/framer-motion/dist/es/gestures/use-pan-gesture.mjs
<s> [webpack.Progress] 65% building 783/839 modules 56 active /var/www/trexzactyl/node_modules/framer-motion/dist/es/motion/utils/VisualElementHandler.mjs
<s> [webpack.Progress] 65% building 783/840 modules 57 active /var/www/trexzactyl/node_modules/framer-motion/dist/es/motion/features/use-projection.mjs
<s> [webpack.Progress] 65% building 784/840 modules 56 active /var/www/trexzactyl/node_modules/framer-motion/dist/es/motion/features/use-projection.mjs
<s> [webpack.Progress] 66% building 785/840 modules 55 active /var/www/trexzactyl/node_modules/framer-motion/dist/es/motion/features/use-projection.mjs
<s> [webpack.Progress] 66% building 786/840 modules 54 active /var/www/trexzactyl/node_modules/framer-motion/dist/es/motion/features/use-projection.mjs
<s> [webpack.Progress] 66% building 787/840 modules 53 active /var/www/trexzactyl/node_modules/framer-motion/dist/es/motion/features/use-projection.mjs
<s> [webpack.Progress] 66% building 787/841 modules 54 active /var/www/trexzactyl/node_modules/framer-motion/dist/es/projection/node/id.mjs
<s> [webpack.Progress] 66% building 787/842 modules 55 active /var/www/trexzactyl/node_modules/framer-motion/dist/es/motion/features/definitions.mjs
<s> [webpack.Progress] 66% building 787/843 modules 56 active /var/www/trexzactyl/node_modules/framer-motion/dist/es/context/MotionContext/create.mjs
<s> [webpack.Progress] 65% building 787/844 modules 57 active /var/www/trexzactyl/node_modules/framer-motion/dist/es/motion/utils/use-motion-ref.mjs
<s> [webpack.Progress] 65% building 787/845 modules 58 active /var/www/trexzactyl/node_modules/framer-motion/dist/es/motion/utils/use-visual-element.mjs
<s> [webpack.Progress] 65% building 788/845 modules 57 active /var/www/trexzactyl/node_modules/framer-motion/dist/es/motion/utils/use-visual-element.mjs
<s> [webpack.Progress] 65% building 788/846 modules 58 active /var/www/trexzactyl/node_modules/source-map-loader/dist/cjs.js!/var/www/trexzactyl/node_modules/@emotion/is-prop-valid/dist/is-prop-valid.browser.cjs.js
<s> [webpack.Progress] 65% building 789/846 modules 57 active /var/www/trexzactyl/node_modules/source-map-loader/dist/cjs.js!/var/www/trexzactyl/node_modules/@emotion/is-prop-valid/dist/is-prop-valid.browser.cjs.js
<s> [webpack.Progress] 65% building 789/847 modules 58 active /var/www/trexzactyl/node_modules/framer-motion/dist/es/context/MotionConfigContext.mjs
<s> [webpack.Progress] 65% building 789/848 modules 59 active /var/www/trexzactyl/node_modules/framer-motion/dist/es/motion/features/use-features.mjs
<s> [webpack.Progress] 65% building 789/849 modules 60 active /var/www/trexzactyl/node_modules/source-map-loader/dist/cjs.js!/var/www/trexzactyl/node_modules/style-value-types/dist/valueTypes.cjs.js
<s> [webpack.Progress] 65% building 790/849 modules 59 active /var/www/trexzactyl/node_modules/source-map-loader/dist/cjs.js!/var/www/trexzactyl/node_modules/style-value-types/dist/valueTypes.cjs.js
<s> [webpack.Progress] 65% building 790/850 modules 60 active /var/www/trexzactyl/node_modules/source-map-loader/dist/cjs.js!/var/www/trexzactyl/node_modules/@heroicons/react/solid/esm/TruckIcon.js
<s> [webpack.Progress] 65% building 790/851 modules 61 active /var/www/trexzactyl/node_modules/source-map-loader/dist/cjs.js!/var/www/trexzactyl/node_modules/@heroicons/react/solid/esm/TrendingUpIcon.js
<s> [webpack.Progress] 65% building 791/851 modules 60 active /var/www/trexzactyl/node_modules/source-map-loader/dist/cjs.js!/var/www/trexzactyl/node_modules/@heroicons/react/solid/esm/TrendingUpIcon.js
<s> [webpack.Progress] 65% building 792/851 modules 59 active /var/www/trexzactyl/node_modules/source-map-loader/dist/cjs.js!/var/www/trexzactyl/node_modules/@heroicons/react/solid/esm/TrendingUpIcon.js
<s> [webpack.Progress] 65% building 793/851 modules 58 active /var/www/trexzactyl/node_modules/source-map-loader/dist/cjs.js!/var/www/trexzactyl/node_modules/@heroicons/react/solid/esm/TrendingUpIcon.js
<s> [webpack.Progress] 65% building 793/852 modules 59 active /var/www/trexzactyl/node_modules/source-map-loader/dist/cjs.js!/var/www/trexzactyl/node_modules/@heroicons/react/solid/esm/TrendingDownIcon.js
<s> [webpack.Progress] 65% building 793/853 modules 60 active /var/www/trexzactyl/node_modules/framer-motion/dist/es/motion/features/viewport/use-viewport.mjs
<s> [webpack.Progress] 65% building 794/853 modules 59 active /var/www/trexzactyl/node_modules/framer-motion/dist/es/motion/features/viewport/use-viewport.mjs
<s> [webpack.Progress] 65% building 794/854 modules 60 active /var/www/trexzactyl/node_modules/source-map-loader/dist/cjs.js!/var/www/trexzactyl/node_modules/@heroicons/react/solid/esm/TrashIcon.js
<s> [webpack.Progress] 65% building 794/855 modules 61 active /var/www/trexzactyl/node_modules/source-map-loader/dist/cjs.js!/var/www/trexzactyl/node_modules/@heroicons/react/solid/esm/TranslateIcon.js
<s> [webpack.Progress] 65% building 794/856 modules 62 active /var/www/trexzactyl/node_modules/source-map-loader/dist/cjs.js!/var/www/trexzactyl/node_modules/@heroicons/react/solid/esm/TicketIcon.js
<s> [webpack.Progress] 65% building 794/857 modules 63 active /var/www/trexzactyl/node_modules/source-map-loader/dist/cjs.js!/var/www/trexzactyl/node_modules/@heroicons/react/solid/esm/ThumbUpIcon.js
<s> [webpack.Progress] 65% building 795/857 modules 62 active /var/www/trexzactyl/node_modules/source-map-loader/dist/cjs.js!/var/www/trexzactyl/node_modules/@heroicons/react/solid/esm/ThumbUpIcon.js
<s> [webpack.Progress] 65% building 796/857 modules 61 active /var/www/trexzactyl/node_modules/source-map-loader/dist/cjs.js!/var/www/trexzactyl/node_modules/@heroicons/react/solid/esm/ThumbUpIcon.js
<s> [webpack.Progress] 65% building 797/857 modules 60 active /var/www/trexzactyl/node_modules/source-map-loader/dist/cjs.js!/var/www/trexzactyl/node_modules/@heroicons/react/solid/esm/ThumbUpIcon.js
<s> [webpack.Progress] 65% building 798/857 modules 59 active /var/www/trexzactyl/node_modules/source-map-loader/dist/cjs.js!/var/www/trexzactyl/node_modules/@heroicons/react/solid/esm/ThumbUpIcon.js
<s> [webpack.Progress] 65% building 798/858 modules 60 active /var/www/trexzactyl/node_modules/source-map-loader/dist/cjs.js!/var/www/trexzactyl/node_modules/@heroicons/react/solid/esm/ThumbDownIcon.js
<s> [webpack.Progress] 65% building 798/859 modules 61 active /var/www/trexzactyl/node_modules/source-map-loader/dist/cjs.js!/var/www/trexzactyl/node_modules/date-fns/esm/parse/_lib/parsers/EraParser.js
<s> [webpack.Progress] 65% building 799/859 modules 60 active /var/www/trexzactyl/node_modules/source-map-loader/dist/cjs.js!/var/www/trexzactyl/node_modules/date-fns/esm/parse/_lib/parsers/EraParser.js
<s> [webpack.Progress] 65% building 799/860 modules 61 active /var/www/trexzactyl/node_modules/source-map-loader/dist/cjs.js!/var/www/trexzactyl/node_modules/date-fns/esm/parse/_lib/parsers/TimestampMillisecondsParser.js
<s> [webpack.Progress] 65% building 800/860 modules 60 active /var/www/trexzactyl/node_modules/source-map-loader/dist/cjs.js!/var/www/trexzactyl/node_modules/date-fns/esm/parse/_lib/parsers/TimestampMillisecondsParser.js
<s> [webpack.Progress] 65% building 800/861 modules 61 active /var/www/trexzactyl/node_modules/source-map-loader/dist/cjs.js!/var/www/trexzactyl/node_modules/date-fns/esm/parse/_lib/parsers/ISOTimezoneParser.js
<s> [webpack.Progress] 65% building 800/862 modules 62 active /var/www/trexzactyl/node_modules/source-map-loader/dist/cjs.js!/var/www/trexzactyl/node_modules/date-fns/esm/parse/_lib/parsers/TimestampSecondsParser.js
<s> [webpack.Progress] 65% building 800/863 modules 63 active /var/www/trexzactyl/node_modules/source-map-loader/dist/cjs.js!/var/www/trexzactyl/node_modules/date-fns/esm/parse/_lib/parsers/ISOTimezoneWithZParser.js
<s> [webpack.Progress] 65% building 801/863 modules 62 active /var/www/trexzactyl/node_modules/source-map-loader/dist/cjs.js!/var/www/trexzactyl/node_modules/date-fns/esm/parse/_lib/parsers/ISOTimezoneWithZParser.js
<s> [webpack.Progress] 65% building 802/863 modules 61 active /var/www/trexzactyl/node_modules/source-map-loader/dist/cjs.js!/var/www/trexzactyl/node_modules/date-fns/esm/parse/_lib/parsers/ISOTimezoneWithZParser.js
<s> [webpack.Progress] 65% building 802/864 modules 62 active /var/www/trexzactyl/node_modules/source-map-loader/dist/cjs.js!/var/www/trexzactyl/node_modules/date-fns/esm/parse/_lib/parsers/FractionOfSecondParser.js
<s> [webpack.Progress] 65% building 803/864 modules 61 active /var/www/trexzactyl/node_modules/source-map-loader/dist/cjs.js!/var/www/trexzactyl/node_modules/date-fns/esm/parse/_lib/parsers/FractionOfSecondParser.js
<s> [webpack.Progress] 65% building 803/865 modules 62 active /var/www/trexzactyl/node_modules/source-map-loader/dist/cjs.js!/var/www/trexzactyl/node_modules/date-fns/esm/parse/_lib/parsers/SecondParser.js
<s> [webpack.Progress] 65% building 804/865 modules 61 active /var/www/trexzactyl/node_modules/source-map-loader/dist/cjs.js!/var/www/trexzactyl/node_modules/date-fns/esm/parse/_lib/parsers/SecondParser.js
<s> [webpack.Progress] 65% building 805/865 modules 60 active /var/www/trexzactyl/node_modules/source-map-loader/dist/cjs.js!/var/www/trexzactyl/node_modules/date-fns/esm/parse/_lib/parsers/SecondParser.js
<s> [webpack.Progress] 65% building 805/866 modules 61 active /var/www/trexzactyl/node_modules/source-map-loader/dist/cjs.js!/var/www/trexzactyl/node_modules/date-fns/esm/parse/_lib/parsers/MinuteParser.js
<s> [webpack.Progress] 65% building 805/867 modules 62 active /var/www/trexzactyl/node_modules/source-map-loader/dist/cjs.js!/var/www/trexzactyl/node_modules/@headlessui/react/dist/utils/once.js
<s> [webpack.Progress] 65% building 806/867 modules 61 active /var/www/trexzactyl/node_modules/source-map-loader/dist/cjs.js!/var/www/trexzactyl/node_modules/@headlessui/react/dist/utils/once.js
<s> [webpack.Progress] 65% building 807/867 modules 60 active /var/www/trexzactyl/node_modules/source-map-loader/dist/cjs.js!/var/www/trexzactyl/node_modules/@headlessui/react/dist/utils/once.js
<s> [webpack.Progress] 65% building 808/867 modules 59 active /var/www/trexzactyl/node_modules/source-map-loader/dist/cjs.js!/var/www/trexzactyl/node_modules/@headlessui/react/dist/utils/once.js
<s> [webpack.Progress] 65% building 809/867 modules 58 active /var/www/trexzactyl/node_modules/source-map-loader/dist/cjs.js!/var/www/trexzactyl/node_modules/@headlessui/react/dist/utils/once.js
<s> [webpack.Progress] 66% building 810/867 modules 57 active /var/www/trexzactyl/node_modules/source-map-loader/dist/cjs.js!/var/www/trexzactyl/node_modules/@headlessui/react/dist/utils/once.js
<s> [webpack.Progress] 66% building 811/867 modules 56 active /var/www/trexzactyl/node_modules/source-map-loader/dist/cjs.js!/var/www/trexzactyl/node_modules/@headlessui/react/dist/utils/once.js
<s> [webpack.Progress] 66% building 812/867 modules 55 active /var/www/trexzactyl/node_modules/source-map-loader/dist/cjs.js!/var/www/trexzactyl/node_modules/@headlessui/react/dist/utils/once.js
<s> [webpack.Progress] 66% building 813/867 modules 54 active /var/www/trexzactyl/node_modules/source-map-loader/dist/cjs.js!/var/www/trexzactyl/node_modules/@headlessui/react/dist/utils/once.js
<s> [webpack.Progress] 66% building 814/867 modules 53 active /var/www/trexzactyl/node_modules/source-map-loader/dist/cjs.js!/var/www/trexzactyl/node_modules/@headlessui/react/dist/utils/once.js
<s> [webpack.Progress] 66% building 814/868 modules 54 active /var/www/trexzactyl/node_modules/source-map-loader/dist/cjs.js!/var/www/trexzactyl/node_modules/date-fns/esm/parse/_lib/parsers/Hour1To24Parser.js
<s> [webpack.Progress] 66% building 814/869 modules 55 active /var/www/trexzactyl/node_modules/source-map-loader/dist/cjs.js!/var/www/trexzactyl/node_modules/lodash-es/_coreJsData.js
<s> [webpack.Progress] 66% building 814/870 modules 56 active /var/www/trexzactyl/node_modules/source-map-loader/dist/cjs.js!/var/www/trexzactyl/node_modules/date-fns/esm/parse/_lib/parsers/Hour0To11Parser.js
<s> [webpack.Progress] 66% building 814/871 modules 57 active /var/www/trexzactyl/node_modules/source-map-loader/dist/cjs.js!/var/www/trexzactyl/node_modules/date-fns/esm/parse/_lib/parsers/Hour0to23Parser.js
<s> [webpack.Progress] 66% building 815/871 modules 56 active /var/www/trexzactyl/node_modules/source-map-loader/dist/cjs.js!/var/www/trexzactyl/node_modules/date-fns/esm/parse/_lib/parsers/Hour0to23Parser.js
<s> [webpack.Progress] 66% building 816/871 modules 55 active /var/www/trexzactyl/node_modules/source-map-loader/dist/cjs.js!/var/www/trexzactyl/node_modules/date-fns/esm/parse/_lib/parsers/Hour0to23Parser.js
<s> [webpack.Progress] 66% building 816/872 modules 56 active /var/www/trexzactyl/node_modules/source-map-loader/dist/cjs.js!/var/www/trexzactyl/node_modules/date-fns/esm/parse/_lib/parsers/Hour1to12Parser.js
<s> [webpack.Progress] 66% building 816/873 modules 57 active /var/www/trexzactyl/node_modules/source-map-loader/dist/cjs.js!/var/www/trexzactyl/node_modules/date-fns/esm/parse/_lib/parsers/DayPeriodParser.js
<s> [webpack.Progress] 66% building 816/874 modules 58 active /var/www/trexzactyl/node_modules/source-map-loader/dist/cjs.js!/var/www/trexzactyl/node_modules/date-fns/esm/parse/_lib/parsers/AMPMMidnightParser.js
<s> [webpack.Progress] 65% building 816/875 modules 59 active /var/www/trexzactyl/node_modules/source-map-loader/dist/cjs.js!/var/www/trexzactyl/node_modules/date-fns/esm/parse/_lib/parsers/AMPMParser.js
<s> [webpack.Progress] 65% building 816/876 modules 60 active /var/www/trexzactyl/node_modules/source-map-loader/dist/cjs.js!/var/www/trexzactyl/node_modules/date-fns/esm/parse/_lib/parsers/ISODayParser.js
<s> [webpack.Progress] 65% building 816/877 modules 61 active /var/www/trexzactyl/node_modules/source-map-loader/dist/cjs.js!/var/www/trexzactyl/node_modules/date-fns/esm/parse/_lib/parsers/StandAloneLocalDayParser.js
<s> [webpack.Progress] 65% building 816/878 modules 62 active /var/www/trexzactyl/node_modules/source-map-loader/dist/cjs.js!/var/www/trexzactyl/node_modules/date-fns/esm/parse/_lib/parsers/LocalDayParser.js
<s> [webpack.Progress] 65% building 816/879 modules 63 active /var/www/trexzactyl/node_modules/source-map-loader/dist/cjs.js!/var/www/trexzactyl/node_modules/date-fns/esm/parse/_lib/parsers/DayParser.js
<s> [webpack.Progress] 65% building 816/880 modules 64 active /var/www/trexzactyl/node_modules/source-map-loader/dist/cjs.js!/var/www/trexzactyl/node_modules/date-fns/esm/parse/_lib/parsers/DayOfYearParser.js
<s> [webpack.Progress] 65% building 816/881 modules 65 active /var/www/trexzactyl/node_modules/source-map-loader/dist/cjs.js!/var/www/trexzactyl/node_modules/lodash-es/_baseIsMatch.js
<s> [webpack.Progress] 65% building 816/882 modules 66 active /var/www/trexzactyl/node_modules/source-map-loader/dist/cjs.js!/var/www/trexzactyl/node_modules/lodash-es/_matchesStrictComparable.js
<s> [webpack.Progress] 65% building 817/882 modules 65 active /var/www/trexzactyl/node_modules/source-map-loader/dist/cjs.js!/var/www/trexzactyl/node_modules/lodash-es/_matchesStrictComparable.js
<s> [webpack.Progress] 65% building 818/882 modules 64 active /var/www/trexzactyl/node_modules/source-map-loader/dist/cjs.js!/var/www/trexzactyl/node_modules/lodash-es/_matchesStrictComparable.js
<s> [webpack.Progress] 65% building 818/883 modules 65 active /var/www/trexzactyl/node_modules/source-map-loader/dist/cjs.js!/var/www/trexzactyl/node_modules/lodash-es/_getMatchData.js
<s> [webpack.Progress] 65% building 818/884 modules 66 active /var/www/trexzactyl/node_modules/framesync/dist/es/index.mjs
<s> [webpack.Progress] 65% building 818/885 modules 67 active /var/www/trexzactyl/node_modules/style-value-types/dist/es/index.mjs
<s> [webpack.Progress] 65% building 818/886 modules 68 active /var/www/trexzactyl/node_modules/source-map-loader/dist/cjs.js!/var/www/trexzactyl/node_modules/lodash-es/_baseProperty.js
<s> [webpack.Progress] 65% building 819/886 modules 67 active /var/www/trexzactyl/node_modules/source-map-loader/dist/cjs.js!/var/www/trexzactyl/node_modules/lodash-es/_baseProperty.js
<s> [webpack.Progress] 65% building 820/886 modules 66 active /var/www/trexzactyl/node_modules/source-map-loader/dist/cjs.js!/var/www/trexzactyl/node_modules/lodash-es/_baseProperty.js
<s> [webpack.Progress] 65% building 821/886 modules 65 active /var/www/trexzactyl/node_modules/source-map-loader/dist/cjs.js!/var/www/trexzactyl/node_modules/lodash-es/_baseProperty.js
<s> [webpack.Progress] 65% building 822/886 modules 64 active /var/www/trexzactyl/node_modules/source-map-loader/dist/cjs.js!/var/www/trexzactyl/node_modules/lodash-es/_baseProperty.js
<s> [webpack.Progress] 65% building 822/887 modules 65 active /var/www/trexzactyl/node_modules/source-map-loader/dist/cjs.js!/var/www/trexzactyl/node_modules/lodash-es/_basePropertyDeep.js
<s> [webpack.Progress] 65% building 823/887 modules 64 active /var/www/trexzactyl/node_modules/source-map-loader/dist/cjs.js!/var/www/trexzactyl/node_modules/lodash-es/_basePropertyDeep.js
<s> [webpack.Progress] 65% building 824/887 modules 63 active /var/www/trexzactyl/node_modules/source-map-loader/dist/cjs.js!/var/www/trexzactyl/node_modules/lodash-es/_basePropertyDeep.js
<s> [webpack.Progress] 65% building 825/887 modules 62 active /var/www/trexzactyl/node_modules/source-map-loader/dist/cjs.js!/var/www/trexzactyl/node_modules/lodash-es/_basePropertyDeep.js
<s> [webpack.Progress] 65% building 826/887 modules 61 active /var/www/trexzactyl/node_modules/source-map-loader/dist/cjs.js!/var/www/trexzactyl/node_modules/lodash-es/_basePropertyDeep.js
<s> [webpack.Progress] 65% building 826/888 modules 62 active /var/www/trexzactyl/node_modules/framer-motion/dist/es/utils/warn-once.mjs
<s> [webpack.Progress] 65% building 826/889 modules 63 active /var/www/trexzactyl/node_modules/source-map-loader/dist/cjs.js!/var/www/trexzactyl/node_modules/date-fns/esm/parse/_lib/parsers/DateParser.js
<s> [webpack.Progress] 65% building 826/890 modules 64 active /var/www/trexzactyl/node_modules/source-map-loader/dist/cjs.js!/var/www/trexzactyl/node_modules/date-fns/esm/parse/_lib/parsers/ISOWeekParser.js
<s> [webpack.Progress] 65% building 826/891 modules 65 active /var/www/trexzactyl/node_modules/source-map-loader/dist/cjs.js!/var/www/trexzactyl/node_modules/date-fns/esm/parse/_lib/parsers/LocalWeekParser.js
<s> [webpack.Progress] 65% building 827/891 modules 64 active /var/www/trexzactyl/node_modules/source-map-loader/dist/cjs.js!/var/www/trexzactyl/node_modules/date-fns/esm/parse/_lib/parsers/LocalWeekParser.js
<s> [webpack.Progress] 65% building 828/891 modules 63 active /var/www/trexzactyl/node_modules/source-map-loader/dist/cjs.js!/var/www/trexzactyl/node_modules/date-fns/esm/parse/_lib/parsers/LocalWeekParser.js
<s> [webpack.Progress] 65% building 829/891 modules 62 active /var/www/trexzactyl/node_modules/source-map-loader/dist/cjs.js!/var/www/trexzactyl/node_modules/date-fns/esm/parse/_lib/parsers/LocalWeekParser.js
<s> [webpack.Progress] 65% building 830/891 modules 61 active /var/www/trexzactyl/node_modules/source-map-loader/dist/cjs.js!/var/www/trexzactyl/node_modules/date-fns/esm/parse/_lib/parsers/LocalWeekParser.js
<s> [webpack.Progress] 65% building 830/892 modules 62 active /var/www/trexzactyl/node_modules/source-map-loader/dist/cjs.js!/var/www/trexzactyl/node_modules/date-fns/esm/parse/_lib/parsers/StandAloneMonthParser.js
<s> [webpack.Progress] 65% building 830/893 modules 63 active /var/www/trexzactyl/node_modules/source-map-loader/dist/cjs.js!/var/www/trexzactyl/node_modules/date-fns/esm/parse/_lib/parsers/MonthParser.js
<s> [webpack.Progress] 65% building 831/893 modules 62 active /var/www/trexzactyl/node_modules/source-map-loader/dist/cjs.js!/var/www/trexzactyl/node_modules/date-fns/esm/parse/_lib/parsers/MonthParser.js
<s> [webpack.Progress] 65% building 832/893 modules 61 active /var/www/trexzactyl/node_modules/source-map-loader/dist/cjs.js!/var/www/trexzactyl/node_modules/date-fns/esm/parse/_lib/parsers/MonthParser.js
<s> [webpack.Progress] 65% building 832/894 modules 62 active /var/www/trexzactyl/node_modules/source-map-loader/dist/cjs.js!/var/www/trexzactyl/node_modules/date-fns/esm/parse/_lib/parsers/StandAloneQuarterParser.js
<s> [webpack.Progress] 65% building 833/894 modules 61 active /var/www/trexzactyl/node_modules/source-map-loader/dist/cjs.js!/var/www/trexzactyl/node_modules/date-fns/esm/parse/_lib/parsers/StandAloneQuarterParser.js
<s> [webpack.Progress] 65% building 834/894 modules 60 active /var/www/trexzactyl/node_modules/source-map-loader/dist/cjs.js!/var/www/trexzactyl/node_modules/date-fns/esm/parse/_lib/parsers/StandAloneQuarterParser.js
<s> [webpack.Progress] 66% building 835/894 modules 59 active /var/www/trexzactyl/node_modules/source-map-loader/dist/cjs.js!/var/www/trexzactyl/node_modules/date-fns/esm/parse/_lib/parsers/StandAloneQuarterParser.js
<s> [webpack.Progress] 65% building 835/895 modules 60 active /var/www/trexzactyl/node_modules/source-map-loader/dist/cjs.js!/var/www/trexzactyl/node_modules/date-fns/esm/parse/_lib/parsers/QuarterParser.js
<s> [webpack.Progress] 65% building 835/896 modules 61 active /var/www/trexzactyl/node_modules/source-map-loader/dist/cjs.js!/var/www/trexzactyl/node_modules/date-fns/esm/parse/_lib/parsers/ExtendedYearParser.js
<s> [webpack.Progress] 65% building 835/897 modules 62 active /var/www/trexzactyl/node_modules/source-map-loader/dist/cjs.js!/var/www/trexzactyl/node_modules/date-fns/esm/parse/_lib/parsers/ISOWeekYearParser.js
<s> [webpack.Progress] 65% building 835/898 modules 63 active /var/www/trexzactyl/node_modules/source-map-loader/dist/cjs.js!/var/www/trexzactyl/node_modules/date-fns/esm/parse/_lib/parsers/LocalWeekYearParser.js
<s> [webpack.Progress] 65% building 835/899 modules 64 active /var/www/trexzactyl/node_modules/source-map-loader/dist/cjs.js!/var/www/trexzactyl/node_modules/date-fns/esm/parse/_lib/parsers/YearParser.js
<s> [webpack.Progress] 65% building 835/900 modules 65 active /var/www/trexzactyl/node_modules/source-map-loader/dist/cjs.js!/var/www/trexzactyl/node_modules/@heroicons/react/solid/esm/TerminalIcon.js
<s> [webpack.Progress] 65% building 836/900 modules 64 active /var/www/trexzactyl/node_modules/source-map-loader/dist/cjs.js!/var/www/trexzactyl/node_modules/@heroicons/react/solid/esm/TerminalIcon.js
<s> [webpack.Progress] 65% building 836/901 modules 65 active /var/www/trexzactyl/node_modules/source-map-loader/dist/cjs.js!/var/www/trexzactyl/node_modules/@heroicons/react/solid/esm/TemplateIcon.js
<s> [webpack.Progress] 65% building 837/901 modules 64 active /var/www/trexzactyl/node_modules/source-map-loader/dist/cjs.js!/var/www/trexzactyl/node_modules/@heroicons/react/solid/esm/TemplateIcon.js
<s> [webpack.Progress] 65% building 837/902 modules 65 active /var/www/trexzactyl/node_modules/framer-motion/dist/es/render/dom/value-types/type-int.mjs
<s> [webpack.Progress] 65% building 837/903 modules 66 active /var/www/trexzactyl/node_modules/source-map-loader/dist/cjs.js!/var/www/trexzactyl/node_modules/@heroicons/react/solid/esm/TagIcon.js
<s> [webpack.Progress] 65% building 837/904 modules 67 active /var/www/trexzactyl/node_modules/source-map-loader/dist/cjs.js!/var/www/trexzactyl/node_modules/lodash-es/_hashClear.js
<s> [webpack.Progress] 65% building 837/905 modules 68 active /var/www/trexzactyl/node_modules/source-map-loader/dist/cjs.js!/var/www/trexzactyl/node_modules/lodash-es/_isKeyable.js
<s> [webpack.Progress] 65% building 838/905 modules 67 active /var/www/trexzactyl/node_modules/source-map-loader/dist/cjs.js!/var/www/trexzactyl/node_modules/lodash-es/_isKeyable.js
<s> [webpack.Progress] 65% building 839/905 modules 66 active /var/www/trexzactyl/node_modules/source-map-loader/dist/cjs.js!/var/www/trexzactyl/node_modules/lodash-es/_isKeyable.js
<s> [webpack.Progress] 65% building 840/905 modules 65 active /var/www/trexzactyl/node_modules/source-map-loader/dist/cjs.js!/var/www/trexzactyl/node_modules/lodash-es/_isKeyable.js
<s> [webpack.Progress] 65% building 841/905 modules 64 active /var/www/trexzactyl/node_modules/source-map-loader/dist/cjs.js!/var/www/trexzactyl/node_modules/lodash-es/_isKeyable.js
<s> [webpack.Progress] 65% building 842/905 modules 63 active /var/www/trexzactyl/node_modules/source-map-loader/dist/cjs.js!/var/www/trexzactyl/node_modules/lodash-es/_isKeyable.js
<s> [webpack.Progress] 65% building 843/905 modules 62 active /var/www/trexzactyl/node_modules/source-map-loader/dist/cjs.js!/var/www/trexzactyl/node_modules/lodash-es/_isKeyable.js
<s> [webpack.Progress] 65% building 844/905 modules 61 active /var/www/trexzactyl/node_modules/source-map-loader/dist/cjs.js!/var/www/trexzactyl/node_modules/lodash-es/_isKeyable.js
<s> [webpack.Progress] 66% building 845/905 modules 60 active /var/www/trexzactyl/node_modules/source-map-loader/dist/cjs.js!/var/www/trexzactyl/node_modules/lodash-es/_isKeyable.js
<s> [webpack.Progress] 66% building 846/905 modules 59 active /var/www/trexzactyl/node_modules/source-map-loader/dist/cjs.js!/var/www/trexzactyl/node_modules/lodash-es/_isKeyable.js
<s> [webpack.Progress] 66% building 847/905 modules 58 active /var/www/trexzactyl/node_modules/source-map-loader/dist/cjs.js!/var/www/trexzactyl/node_modules/lodash-es/_isKeyable.js
<s> [webpack.Progress] 66% building 848/905 modules 57 active /var/www/trexzactyl/node_modules/source-map-loader/dist/cjs.js!/var/www/trexzactyl/node_modules/lodash-es/_isKeyable.js
<s> [webpack.Progress] 66% building 848/906 modules 58 active /var/www/trexzactyl/node_modules/framer-motion/dist/es/render/dom/value-types/type-auto.mjs
<s> [webpack.Progress] 66% building 848/907 modules 59 active /var/www/trexzactyl/node_modules/source-map-loader/dist/cjs.js!/var/www/trexzactyl/node_modules/@headlessui/react/dist/utils/platform.js
<s> [webpack.Progress] 66% building 849/907 modules 58 active /var/www/trexzactyl/node_modules/source-map-loader/dist/cjs.js!/var/www/trexzactyl/node_modules/@headlessui/react/dist/utils/platform.js
<s> [webpack.Progress] 66% building 850/907 modules 57 active /var/www/trexzactyl/node_modules/source-map-loader/dist/cjs.js!/var/www/trexzactyl/node_modules/@headlessui/react/dist/utils/platform.js
<s> [webpack.Progress] 66% building 851/907 modules 56 active /var/www/trexzactyl/node_modules/source-map-loader/dist/cjs.js!/var/www/trexzactyl/node_modules/@headlessui/react/dist/utils/platform.js
<s> [webpack.Progress] 66% building 852/907 modules 55 active /var/www/trexzactyl/node_modules/source-map-loader/dist/cjs.js!/var/www/trexzactyl/node_modules/@headlessui/react/dist/utils/platform.js
<s> [webpack.Progress] 66% building 852/908 modules 56 active /var/www/trexzactyl/node_modules/source-map-loader/dist/cjs.js!/var/www/trexzactyl/node_modules/lodash-es/_hashSet.js
<s> [webpack.Progress] 66% building 852/909 modules 57 active /var/www/trexzactyl/node_modules/source-map-loader/dist/cjs.js!/var/www/trexzactyl/node_modules/lodash-es/_hashHas.js
<s> [webpack.Progress] 66% building 852/910 modules 58 active /var/www/trexzactyl/node_modules/source-map-loader/dist/cjs.js!/var/www/trexzactyl/node_modules/lodash-es/_createBaseFor.js
<s> [webpack.Progress] 66% building 852/911 modules 59 active /var/www/trexzactyl/node_modules/source-map-loader/dist/cjs.js!/var/www/trexzactyl/node_modules/lodash-es/_hashGet.js
<s> [webpack.Progress] 66% building 853/911 modules 58 active /var/www/trexzactyl/node_modules/source-map-loader/dist/cjs.js!/var/www/trexzactyl/node_modules/lodash-es/_hashGet.js
<s> [webpack.Progress] 66% building 854/911 modules 57 active /var/www/trexzactyl/node_modules/source-map-loader/dist/cjs.js!/var/www/trexzactyl/node_modules/lodash-es/_hashGet.js
<s> [webpack.Progress] 66% building 854/912 modules 58 active /var/www/trexzactyl/node_modules/source-map-loader/dist/cjs.js!/var/www/trexzactyl/node_modules/lodash-es/_hashDelete.js
<s> [webpack.Progress] 66% building 854/913 modules 59 active /var/www/trexzactyl/node_modules/source-map-loader/dist/cjs.js!/var/www/trexzactyl/node_modules/lodash-es/_baseIsEqual.js
<s> [webpack.Progress] 66% building 854/914 modules 60 active /var/www/trexzactyl/node_modules/source-map-loader/dist/cjs.js!/var/www/trexzactyl/node_modules/lodash-es/_isStrictComparable.js
<s> [webpack.Progress] 65% building 854/915 modules 61 active /var/www/trexzactyl/node_modules/source-map-loader/dist/cjs.js!/var/www/trexzactyl/node_modules/lodash-es/hasIn.js
<s> [webpack.Progress] 66% building 855/915 modules 60 active /var/www/trexzactyl/node_modules/source-map-loader/dist/cjs.js!/var/www/trexzactyl/node_modules/lodash-es/hasIn.js
<s> [webpack.Progress] 66% building 856/915 modules 59 active /var/www/trexzactyl/node_modules/source-map-loader/dist/cjs.js!/var/www/trexzactyl/node_modules/lodash-es/hasIn.js
<s> [webpack.Progress] 66% building 857/915 modules 58 active /var/www/trexzactyl/node_modules/source-map-loader/dist/cjs.js!/var/www/trexzactyl/node_modules/lodash-es/hasIn.js
<s> [webpack.Progress] 66% building 858/915 modules 57 active /var/www/trexzactyl/node_modules/source-map-loader/dist/cjs.js!/var/www/trexzactyl/node_modules/lodash-es/hasIn.js
<s> [webpack.Progress] 66% building 859/915 modules 56 active /var/www/trexzactyl/node_modules/source-map-loader/dist/cjs.js!/var/www/trexzactyl/node_modules/lodash-es/hasIn.js
<s> [webpack.Progress] 66% building 860/915 modules 55 active /var/www/trexzactyl/node_modules/source-map-loader/dist/cjs.js!/var/www/trexzactyl/node_modules/lodash-es/hasIn.js
<s> [webpack.Progress] 66% building 860/916 modules 56 active /var/www/trexzactyl/node_modules/framer-motion/dist/es/gestures/drag/VisualElementDragControls.mjs
<s> [webpack.Progress] 66% building 860/917 modules 57 active /var/www/trexzactyl/node_modules/framer-motion/dist/es/render/html/utils/create-render-state.mjs
<s> [webpack.Progress] 66% building 860/918 modules 58 active /var/www/trexzactyl/node_modules/framer-motion/dist/es/render/svg/utils/create-render-state.mjs
<s> [webpack.Progress] 66% building 861/918 modules 57 active /var/www/trexzactyl/node_modules/framer-motion/dist/es/render/svg/utils/create-render-state.mjs
<s> [webpack.Progress] 66% building 861/919 modules 58 active /var/www/trexzactyl/node_modules/framer-motion/dist/es/render/svg/use-props.mjs
<s> [webpack.Progress] 66% building 862/919 modules 57 active /var/www/trexzactyl/node_modules/framer-motion/dist/es/render/svg/use-props.mjs
<s> [webpack.Progress] 66% building 863/919 modules 56 active /var/www/trexzactyl/node_modules/framer-motion/dist/es/render/svg/use-props.mjs
<s> [webpack.Progress] 66% building 864/919 modules 55 active /var/www/trexzactyl/node_modules/framer-motion/dist/es/render/svg/use-props.mjs
<s> [webpack.Progress] 66% building 864/920 modules 56 active /var/www/trexzactyl/node_modules/source-map-loader/dist/cjs.js!/var/www/trexzactyl/node_modules/@headlessui/react/dist/use-sync-external-store-shim/useSyncExternalStoreShimServer.js
<s> [webpack.Progress] 66% building 864/921 modules 57 active /var/www/trexzactyl/node_modules/framer-motion/dist/es/utils/is-ref-object.mjs
<s> [webpack.Progress] 66% building 865/921 modules 56 active /var/www/trexzactyl/node_modules/framer-motion/dist/es/utils/is-ref-object.mjs
<s> [webpack.Progress] 66% building 866/921 modules 55 active /var/www/trexzactyl/node_modules/framer-motion/dist/es/utils/is-ref-object.mjs
<s> [webpack.Progress] 66% building 866/922 modules 56 active /var/www/trexzactyl/node_modules/source-map-loader/dist/cjs.js!/var/www/trexzactyl/node_modules/@headlessui/react/dist/use-sync-external-store-shim/useSyncExternalStoreShimClient.js
<s> [webpack.Progress] 66% building 867/922 modules 55 active /var/www/trexzactyl/node_modules/source-map-loader/dist/cjs.js!/var/www/trexzactyl/node_modules/@headlessui/react/dist/use-sync-external-store-shim/useSyncExternalStoreShimClient.js
<s> [webpack.Progress] 66% building 868/922 modules 54 active /var/www/trexzactyl/node_modules/source-map-loader/dist/cjs.js!/var/www/trexzactyl/node_modules/@headlessui/react/dist/use-sync-external-store-shim/useSyncExternalStoreShimClient.js
<s> [webpack.Progress] 66% building 869/922 modules 53 active /var/www/trexzactyl/node_modules/source-map-loader/dist/cjs.js!/var/www/trexzactyl/node_modules/@headlessui/react/dist/use-sync-external-store-shim/useSyncExternalStoreShimClient.js
<s> [webpack.Progress] 66% building 869/923 modules 54 active /var/www/trexzactyl/node_modules/framer-motion/dist/es/gestures/PanSession.mjs
<s> [webpack.Progress] 66% building 869/924 modules 55 active /var/www/trexzactyl/node_modules/framer-motion/dist/es/context/MotionContext/utils.mjs
<s> [webpack.Progress] 66% building 870/924 modules 54 active /var/www/trexzactyl/node_modules/framer-motion/dist/es/context/MotionContext/utils.mjs
<s> [webpack.Progress] 66% building 870/925 modules 55 active /var/www/trexzactyl/node_modules/framer-motion/dist/es/utils/use-reduced-motion.mjs
<s> [webpack.Progress] 66% building 870/926 modules 56 active /var/www/trexzactyl/node_modules/framer-motion/dist/es/context/LazyContext.mjs
<s> [webpack.Progress] 66% building 871/926 modules 55 active /var/www/trexzactyl/node_modules/framer-motion/dist/es/context/LazyContext.mjs
<s> [webpack.Progress] 66% building 871/927 modules 56 active /var/www/trexzactyl/node_modules/framer-motion/dist/es/gestures/utils/is-node-or-child.mjs
<s> [webpack.Progress] 66% building 871/928 modules 57 active /var/www/trexzactyl/node_modules/framer-motion/dist/es/render/html/use-props.mjs
<s> [webpack.Progress] 66% building 871/929 modules 58 active /var/www/trexzactyl/node_modules/source-map-loader/dist/cjs.js!/var/www/trexzactyl/node_modules/lodash-es/get.js
<s> [webpack.Progress] 66% building 871/930 modules 59 active /var/www/trexzactyl/node_modules/source-map-loader/dist/cjs.js!/var/www/trexzactyl/node_modules/@heroicons/react/solid/esm/TableIcon.js
<s> [webpack.Progress] 66% building 872/930 modules 58 active /var/www/trexzactyl/node_modules/source-map-loader/dist/cjs.js!/var/www/trexzactyl/node_modules/@heroicons/react/solid/esm/TableIcon.js
<s> [webpack.Progress] 66% building 873/930 modules 57 active /var/www/trexzactyl/node_modules/source-map-loader/dist/cjs.js!/var/www/trexzactyl/node_modules/@heroicons/react/solid/esm/TableIcon.js
<s> [webpack.Progress] 66% building 874/930 modules 56 active /var/www/trexzactyl/node_modules/source-map-loader/dist/cjs.js!/var/www/trexzactyl/node_modules/@heroicons/react/solid/esm/TableIcon.js
<s> [webpack.Progress] 66% building 874/931 modules 57 active /var/www/trexzactyl/node_modules/source-map-loader/dist/cjs.js!/var/www/trexzactyl/node_modules/@heroicons/react/solid/esm/SwitchVerticalIcon.js
<s> [webpack.Progress] 66% building 875/931 modules 56 active /var/www/trexzactyl/node_modules/source-map-loader/dist/cjs.js!/var/www/trexzactyl/node_modules/@heroicons/react/solid/esm/SwitchVerticalIcon.js
<s> [webpack.Progress] 66% building 876/931 modules 55 active /var/www/trexzactyl/node_modules/source-map-loader/dist/cjs.js!/var/www/trexzactyl/node_modules/@heroicons/react/solid/esm/SwitchVerticalIcon.js
<s> [webpack.Progress] 66% building 877/931 modules 54 active /var/www/trexzactyl/node_modules/source-map-loader/dist/cjs.js!/var/www/trexzactyl/node_modules/@heroicons/react/solid/esm/SwitchVerticalIcon.js
<s> [webpack.Progress] 66% building 878/931 modules 53 active /var/www/trexzactyl/node_modules/source-map-loader/dist/cjs.js!/var/www/trexzactyl/node_modules/@heroicons/react/solid/esm/SwitchVerticalIcon.js
<s> [webpack.Progress] 66% building 879/931 modules 52 active /var/www/trexzactyl/node_modules/source-map-loader/dist/cjs.js!/var/www/trexzactyl/node_modules/@heroicons/react/solid/esm/SwitchVerticalIcon.js
<s> [webpack.Progress] 66% building 879/932 modules 53 active /var/www/trexzactyl/node_modules/framer-motion/dist/es/utils/process.mjs
<s> [webpack.Progress] 66% building 880/932 modules 52 active /var/www/trexzactyl/node_modules/framer-motion/dist/es/utils/process.mjs
<s> [webpack.Progress] 66% building 881/932 modules 51 active /var/www/trexzactyl/node_modules/framer-motion/dist/es/utils/process.mjs
<s> [webpack.Progress] 66% building 882/932 modules 50 active /var/www/trexzactyl/node_modules/framer-motion/dist/es/utils/process.mjs
<s> [webpack.Progress] 66% building 883/932 modules 49 active /var/www/trexzactyl/node_modules/framer-motion/dist/es/utils/process.mjs
<s> [webpack.Progress] 66% building 883/933 modules 50 active /var/www/trexzactyl/node_modules/framer-motion/dist/es/motion/features/viewport/observers.mjs
<s> [webpack.Progress] 66% building 883/934 modules 51 active /var/www/trexzactyl/node_modules/source-map-loader/dist/cjs.js!/var/www/trexzactyl/node_modules/@heroicons/react/solid/esm/SwitchHorizontalIcon.js
<s> [webpack.Progress] 66% building 883/935 modules 52 active /var/www/trexzactyl/node_modules/source-map-loader/dist/cjs.js!/var/www/trexzactyl/node_modules/hey-listen/dist/hey-listen.es.js
<s> [webpack.Progress] 66% building 883/936 modules 53 active /var/www/trexzactyl/node_modules/source-map-loader/dist/cjs.js!/var/www/trexzactyl/node_modules/hey-listen/dist/index.js
<s> [webpack.Progress] 66% building 883/937 modules 54 active /var/www/trexzactyl/node_modules/source-map-loader/dist/cjs.js!/var/www/trexzactyl/node_modules/@heroicons/react/solid/esm/SupportIcon.js
<s> [webpack.Progress] 66% building 883/938 modules 55 active /var/www/trexzactyl/node_modules/source-map-loader/dist/cjs.js!/var/www/trexzactyl/node_modules/@heroicons/react/solid/esm/SunIcon.js
<s> [webpack.Progress] 66% building 883/939 modules 56 active /var/www/trexzactyl/node_modules/source-map-loader/dist/cjs.js!/var/www/trexzactyl/node_modules/@heroicons/react/solid/esm/StopIcon.js
<s> [webpack.Progress] 66% building 884/939 modules 55 active /var/www/trexzactyl/node_modules/source-map-loader/dist/cjs.js!/var/www/trexzactyl/node_modules/@heroicons/react/solid/esm/StopIcon.js
<s> [webpack.Progress] 66% building 885/939 modules 54 active /var/www/trexzactyl/node_modules/source-map-loader/dist/cjs.js!/var/www/trexzactyl/node_modules/@heroicons/react/solid/esm/StopIcon.js
<s> [webpack.Progress] 66% building 886/939 modules 53 active /var/www/trexzactyl/node_modules/source-map-loader/dist/cjs.js!/var/www/trexzactyl/node_modules/@heroicons/react/solid/esm/StopIcon.js
<s> [webpack.Progress] 66% building 886/940 modules 54 active /var/www/trexzactyl/node_modules/source-map-loader/dist/cjs.js!/var/www/trexzactyl/node_modules/date-fns/esm/parse/_lib/Parser.js
<s> [webpack.Progress] 66% building 886/941 modules 55 active /var/www/trexzactyl/node_modules/source-map-loader/dist/cjs.js!/var/www/trexzactyl/node_modules/@heroicons/react/solid/esm/StatusOnlineIcon.js
<s> [webpack.Progress] 66% building 887/941 modules 54 active /var/www/trexzactyl/node_modules/source-map-loader/dist/cjs.js!/var/www/trexzactyl/node_modules/@heroicons/react/solid/esm/StatusOnlineIcon.js
<s> [webpack.Progress] 66% building 888/941 modules 53 active /var/www/trexzactyl/node_modules/source-map-loader/dist/cjs.js!/var/www/trexzactyl/node_modules/@heroicons/react/solid/esm/StatusOnlineIcon.js
<s> [webpack.Progress] 66% building 889/941 modules 52 active /var/www/trexzactyl/node_modules/source-map-loader/dist/cjs.js!/var/www/trexzactyl/node_modules/@heroicons/react/solid/esm/StatusOnlineIcon.js
<s> [webpack.Progress] 66% building 890/941 modules 51 active /var/www/trexzactyl/node_modules/source-map-loader/dist/cjs.js!/var/www/trexzactyl/node_modules/@heroicons/react/solid/esm/StatusOnlineIcon.js
<s> [webpack.Progress] 66% building 890/942 modules 52 active /var/www/trexzactyl/node_modules/source-map-loader/dist/cjs.js!/var/www/trexzactyl/node_modules/popmotion/node_modules/tslib/tslib.es6.js
<s> [webpack.Progress] 66% building 891/942 modules 51 active /var/www/trexzactyl/node_modules/source-map-loader/dist/cjs.js!/var/www/trexzactyl/node_modules/popmotion/node_modules/tslib/tslib.es6.js
<s> [webpack.Progress] 66% building 891/943 modules 52 active /var/www/trexzactyl/node_modules/source-map-loader/dist/cjs.js!/var/www/trexzactyl/node_modules/date-fns/esm/locale/_lib/buildMatchFn/index.js
<s> [webpack.Progress] 66% building 891/944 modules 53 active /var/www/trexzactyl/node_modules/source-map-loader/dist/cjs.js!/var/www/trexzactyl/node_modules/date-fns/esm/locale/_lib/buildMatchPatternFn/index.js
<s> [webpack.Progress] 66% building 891/945 modules 54 active /var/www/trexzactyl/node_modules/source-map-loader/dist/cjs.js!/var/www/trexzactyl/node_modules/date-fns/esm/locale/_lib/buildLocalizeFn/index.js
<s> [webpack.Progress] 66% building 891/946 modules 55 active /var/www/trexzactyl/node_modules/source-map-loader/dist/cjs.js!/var/www/trexzactyl/node_modules/date-fns/esm/locale/_lib/buildFormatLongFn/index.js
<s> [webpack.Progress] 66% building 891/947 modules 56 active /var/www/trexzactyl/node_modules/source-map-loader/dist/cjs.js!/var/www/trexzactyl/node_modules/date-fns/esm/parse/_lib/utils.js
<s> [webpack.Progress] 66% building 891/948 modules 57 active /var/www/trexzactyl/node_modules/source-map-loader/dist/cjs.js!/var/www/trexzactyl/node_modules/date-fns/esm/parse/_lib/constants.js
<s> [webpack.Progress] 66% building 892/948 modules 56 active /var/www/trexzactyl/node_modules/source-map-loader/dist/cjs.js!/var/www/trexzactyl/node_modules/date-fns/esm/parse/_lib/constants.js
<s> [webpack.Progress] 66% building 893/948 modules 55 active /var/www/trexzactyl/node_modules/source-map-loader/dist/cjs.js!/var/www/trexzactyl/node_modules/date-fns/esm/parse/_lib/constants.js
<s> [webpack.Progress] 66% building 894/948 modules 54 active /var/www/trexzactyl/node_modules/source-map-loader/dist/cjs.js!/var/www/trexzactyl/node_modules/date-fns/esm/parse/_lib/constants.js
<s> [webpack.Progress] 66% building 895/948 modules 53 active /var/www/trexzactyl/node_modules/source-map-loader/dist/cjs.js!/var/www/trexzactyl/node_modules/date-fns/esm/parse/_lib/constants.js
<s> [webpack.Progress] 66% building 896/948 modules 52 active /var/www/trexzactyl/node_modules/source-map-loader/dist/cjs.js!/var/www/trexzactyl/node_modules/date-fns/esm/parse/_lib/constants.js
<s> [webpack.Progress] 66% building 897/948 modules 51 active /var/www/trexzactyl/node_modules/source-map-loader/dist/cjs.js!/var/www/trexzactyl/node_modules/date-fns/esm/parse/_lib/constants.js
<s> [webpack.Progress] 66% building 898/948 modules 50 active /var/www/trexzactyl/node_modules/source-map-loader/dist/cjs.js!/var/www/trexzactyl/node_modules/date-fns/esm/parse/_lib/constants.js
<s> [webpack.Progress] 66% building 899/948 modules 49 active /var/www/trexzactyl/node_modules/source-map-loader/dist/cjs.js!/var/www/trexzactyl/node_modules/date-fns/esm/parse/_lib/constants.js
<s> [webpack.Progress] 66% building 900/948 modules 48 active /var/www/trexzactyl/node_modules/source-map-loader/dist/cjs.js!/var/www/trexzactyl/node_modules/date-fns/esm/parse/_lib/constants.js
<s> [webpack.Progress] 67% building 901/948 modules 47 active /var/www/trexzactyl/node_modules/source-map-loader/dist/cjs.js!/var/www/trexzactyl/node_modules/date-fns/esm/parse/_lib/constants.js
<s> [webpack.Progress] 67% building 902/948 modules 46 active /var/www/trexzactyl/node_modules/source-map-loader/dist/cjs.js!/var/www/trexzactyl/node_modules/date-fns/esm/parse/_lib/constants.js
<s> [webpack.Progress] 67% building 903/948 modules 45 active /var/www/trexzactyl/node_modules/source-map-loader/dist/cjs.js!/var/www/trexzactyl/node_modules/date-fns/esm/parse/_lib/constants.js
<s> [webpack.Progress] 67% building 904/948 modules 44 active /var/www/trexzactyl/node_modules/source-map-loader/dist/cjs.js!/var/www/trexzactyl/node_modules/date-fns/esm/parse/_lib/constants.js
<s> [webpack.Progress] 67% building 904/949 modules 45 active /var/www/trexzactyl/node_modules/framesync/dist/es/on-next-frame.mjs
<s> [webpack.Progress] 67% building 904/950 modules 46 active /var/www/trexzactyl/node_modules/framesync/dist/es/create-render-step.mjs
<s> [webpack.Progress] 67% building 905/950 modules 45 active /var/www/trexzactyl/node_modules/framesync/dist/es/create-render-step.mjs
<s> [webpack.Progress] 67% building 906/950 modules 44 active /var/www/trexzactyl/node_modules/framesync/dist/es/create-render-step.mjs
<s> [webpack.Progress] 67% building 907/950 modules 43 active /var/www/trexzactyl/node_modules/framesync/dist/es/create-render-step.mjs
<s> [webpack.Progress] 67% building 908/950 modules 42 active /var/www/trexzactyl/node_modules/framesync/dist/es/create-render-step.mjs
<s> [webpack.Progress] 67% building 909/950 modules 41 active /var/www/trexzactyl/node_modules/framesync/dist/es/create-render-step.mjs
<s> [webpack.Progress] 67% building 910/950 modules 40 active /var/www/trexzactyl/node_modules/framesync/dist/es/create-render-step.mjs
<s> [webpack.Progress] 67% building 911/950 modules 39 active /var/www/trexzactyl/node_modules/framesync/dist/es/create-render-step.mjs
<s> [webpack.Progress] 67% building 911/951 modules 40 active /var/www/trexzactyl/node_modules/source-map-loader/dist/cjs.js!/var/www/trexzactyl/node_modules/lodash-es/_baseGet.js
<s> [webpack.Progress] 67% building 912/951 modules 39 active /var/www/trexzactyl/node_modules/source-map-loader/dist/cjs.js!/var/www/trexzactyl/node_modules/lodash-es/_baseGet.js
<s> [webpack.Progress] 67% building 912/952 modules 40 active /var/www/trexzactyl/node_modules/source-map-loader/dist/cjs.js!/var/www/trexzactyl/node_modules/date-fns/esm/_lib/setUTCDay/index.js
<s> [webpack.Progress] 67% building 913/952 modules 39 active /var/www/trexzactyl/node_modules/source-map-loader/dist/cjs.js!/var/www/trexzactyl/node_modules/date-fns/esm/_lib/setUTCDay/index.js
<s> [webpack.Progress] 67% building 914/952 modules 38 active /var/www/trexzactyl/node_modules/source-map-loader/dist/cjs.js!/var/www/trexzactyl/node_modules/date-fns/esm/_lib/setUTCDay/index.js
<s> [webpack.Progress] 67% building 915/952 modules 37 active /var/www/trexzactyl/node_modules/source-map-loader/dist/cjs.js!/var/www/trexzactyl/node_modules/date-fns/esm/_lib/setUTCDay/index.js
<s> [webpack.Progress] 67% building 916/952 modules 36 active /var/www/trexzactyl/node_modules/source-map-loader/dist/cjs.js!/var/www/trexzactyl/node_modules/date-fns/esm/_lib/setUTCDay/index.js
<s> [webpack.Progress] 67% building 916/953 modules 37 active /var/www/trexzactyl/node_modules/style-value-types/dist/es/numbers/index.mjs
<s> [webpack.Progress] 67% building 916/954 modules 38 active /var/www/trexzactyl/node_modules/style-value-types/dist/es/numbers/units.mjs
<s> [webpack.Progress] 67% building 916/955 modules 39 active /var/www/trexzactyl/node_modules/style-value-types/dist/es/complex/filter.mjs
<s> [webpack.Progress] 67% building 916/956 modules 40 active /var/www/trexzactyl/node_modules/style-value-types/dist/es/complex/index.mjs
<s> [webpack.Progress] 67% building 916/957 modules 41 active /var/www/trexzactyl/node_modules/source-map-loader/dist/cjs.js!/var/www/trexzactyl/node_modules/@heroicons/react/solid/esm/StatusOfflineIcon.js
<s> [webpack.Progress] 67% building 916/958 modules 42 active /var/www/trexzactyl/node_modules/source-map-loader/dist/cjs.js!/var/www/trexzactyl/node_modules/@heroicons/react/solid/esm/SpeakerphoneIcon.js
<s> [webpack.Progress] 67% building 916/959 modules 43 active /var/www/trexzactyl/node_modules/source-map-loader/dist/cjs.js!/var/www/trexzactyl/node_modules/@heroicons/react/solid/esm/StarIcon.js
<s> [webpack.Progress] 67% building 916/960 modules 44 active /var/www/trexzactyl/node_modules/source-map-loader/dist/cjs.js!/var/www/trexzactyl/node_modules/@heroicons/react/solid/esm/SparklesIcon.js
<s> [webpack.Progress] 67% building 916/961 modules 45 active /var/www/trexzactyl/node_modules/source-map-loader/dist/cjs.js!/var/www/trexzactyl/node_modules/@heroicons/react/solid/esm/SortDescendingIcon.js
<s> [webpack.Progress] 67% building 916/962 modules 46 active /var/www/trexzactyl/node_modules/source-map-loader/dist/cjs.js!/var/www/trexzactyl/node_modules/@heroicons/react/solid/esm/SortAscendingIcon.js
<s> [webpack.Progress] 67% building 916/963 modules 47 active /var/www/trexzactyl/node_modules/source-map-loader/dist/cjs.js!/var/www/trexzactyl/node_modules/@heroicons/react/solid/esm/ShoppingCartIcon.js
<s> [webpack.Progress] 67% building 916/964 modules 48 active /var/www/trexzactyl/node_modules/source-map-loader/dist/cjs.js!/var/www/trexzactyl/node_modules/@heroicons/react/solid/esm/ShoppingBagIcon.js
<s> [webpack.Progress] 66% building 916/965 modules 49 active /var/www/trexzactyl/node_modules/source-map-loader/dist/cjs.js!/var/www/trexzactyl/node_modules/@heroicons/react/solid/esm/ShieldExclamationIcon.js
<s> [webpack.Progress] 66% building 916/966 modules 50 active /var/www/trexzactyl/node_modules/style-value-types/dist/es/color/index.mjs
<s> [webpack.Progress] 66% building 916/967 modules 51 active /var/www/trexzactyl/node_modules/style-value-types/dist/es/color/hex.mjs
<s> [webpack.Progress] 66% building 916/968 modules 52 active /var/www/trexzactyl/node_modules/style-value-types/dist/es/color/rgba.mjs
<s> [webpack.Progress] 66% building 916/969 modules 53 active /var/www/trexzactyl/node_modules/style-value-types/dist/es/color/hsla.mjs
<s> [webpack.Progress] 66% building 916/970 modules 54 active /var/www/trexzactyl/node_modules/source-map-loader/dist/cjs.js!/var/www/trexzactyl/node_modules/@heroicons/react/solid/esm/ShieldCheckIcon.js
<s> [webpack.Progress] 66% building 916/971 modules 55 active /var/www/trexzactyl/node_modules/source-map-loader/dist/cjs.js!/var/www/trexzactyl/node_modules/@heroicons/react/solid/esm/ServerIcon.js
<s> [webpack.Progress] 66% building 916/972 modules 56 active /var/www/trexzactyl/node_modules/source-map-loader/dist/cjs.js!/var/www/trexzactyl/node_modules/@heroicons/react/solid/esm/ShareIcon.js
<s> [webpack.Progress] 66% building 916/973 modules 57 active /var/www/trexzactyl/node_modules/source-map-loader/dist/cjs.js!/var/www/trexzactyl/node_modules/@heroicons/react/solid/esm/SelectorIcon.js
<s> [webpack.Progress] 66% building 916/974 modules 58 active /var/www/trexzactyl/node_modules/source-map-loader/dist/cjs.js!/var/www/trexzactyl/node_modules/@heroicons/react/solid/esm/SearchIcon.js
<s> [webpack.Progress] 66% building 916/975 modules 59 active /var/www/trexzactyl/node_modules/source-map-loader/dist/cjs.js!/var/www/trexzactyl/node_modules/@heroicons/react/solid/esm/SearchCircleIcon.js
<s> [webpack.Progress] 66% building 916/976 modules 60 active /var/www/trexzactyl/node_modules/source-map-loader/dist/cjs.js!/var/www/trexzactyl/node_modules/@heroicons/react/solid/esm/ScaleIcon.js
<s> [webpack.Progress] 66% building 916/977 modules 61 active /var/www/trexzactyl/node_modules/source-map-loader/dist/cjs.js!/var/www/trexzactyl/node_modules/@heroicons/react/solid/esm/ScissorsIcon.js
<s> [webpack.Progress] 66% building 916/978 modules 62 active /var/www/trexzactyl/node_modules/source-map-loader/dist/cjs.js!/var/www/trexzactyl/node_modules/@heroicons/react/solid/esm/SaveIcon.js
<s> [webpack.Progress] 66% building 916/979 modules 63 active /var/www/trexzactyl/node_modules/source-map-loader/dist/cjs.js!/var/www/trexzactyl/node_modules/@heroicons/react/solid/esm/SaveAsIcon.js
<s> [webpack.Progress] 66% building 916/980 modules 64 active /var/www/trexzactyl/node_modules/source-map-loader/dist/cjs.js!/var/www/trexzactyl/node_modules/@heroicons/react/solid/esm/RssIcon.js
<s> [webpack.Progress] 66% building 916/981 modules 65 active /var/www/trexzactyl/node_modules/source-map-loader/dist/cjs.js!/var/www/trexzactyl/node_modules/@heroicons/react/solid/esm/RewindIcon.js
<s> [webpack.Progress] 65% building 916/982 modules 66 active /var/www/trexzactyl/node_modules/source-map-loader/dist/cjs.js!/var/www/trexzactyl/node_modules/@heroicons/react/solid/esm/ReplyIcon.js
<s> [webpack.Progress] 65% building 916/983 modules 67 active /var/www/trexzactyl/node_modules/source-map-loader/dist/cjs.js!/var/www/trexzactyl/node_modules/@heroicons/react/solid/esm/RefreshIcon.js
<s> [webpack.Progress] 65% building 916/984 modules 68 active /var/www/trexzactyl/node_modules/source-map-loader/dist/cjs.js!/var/www/trexzactyl/node_modules/@heroicons/react/solid/esm/ReceiptTaxIcon.js
<s> [webpack.Progress] 65% building 916/985 modules 69 active /var/www/trexzactyl/node_modules/source-map-loader/dist/cjs.js!/var/www/trexzactyl/node_modules/@heroicons/react/solid/esm/ReceiptRefundIcon.js
<s> [webpack.Progress] 65% building 917/985 modules 68 active /var/www/trexzactyl/node_modules/source-map-loader/dist/cjs.js!/var/www/trexzactyl/node_modules/@heroicons/react/solid/esm/ReceiptRefundIcon.js
<s> [webpack.Progress] 65% building 918/985 modules 67 active /var/www/trexzactyl/node_modules/source-map-loader/dist/cjs.js!/var/www/trexzactyl/node_modules/@heroicons/react/solid/esm/ReceiptRefundIcon.js
<s> [webpack.Progress] 65% building 918/986 modules 68 active /var/www/trexzactyl/node_modules/source-map-loader/dist/cjs.js!/var/www/trexzactyl/node_modules/@heroicons/react/solid/esm/QuestionMarkCircleIcon.js
<s> [webpack.Progress] 65% building 918/987 modules 69 active /var/www/trexzactyl/node_modules/source-map-loader/dist/cjs.js!/var/www/trexzactyl/node_modules/@heroicons/react/solid/esm/QrcodeIcon.js
<s> [webpack.Progress] 65% building 918/988 modules 70 active /var/www/trexzactyl/node_modules/source-map-loader/dist/cjs.js!/var/www/trexzactyl/node_modules/@heroicons/react/solid/esm/PuzzleIcon.js
<s> [webpack.Progress] 65% building 918/989 modules 71 active /var/www/trexzactyl/node_modules/source-map-loader/dist/cjs.js!/var/www/trexzactyl/node_modules/date-fns/esm/_lib/setUTCISODay/index.js
<s> [webpack.Progress] 65% building 918/990 modules 72 active /var/www/trexzactyl/node_modules/source-map-loader/dist/cjs.js!/var/www/trexzactyl/node_modules/date-fns/esm/_lib/startOfUTCISOWeek/index.js
<s> [webpack.Progress] 65% building 918/991 modules 73 active /var/www/trexzactyl/node_modules/source-map-loader/dist/cjs.js!/var/www/trexzactyl/node_modules/date-fns/esm/_lib/startOfUTCWeek/index.js
<s> [webpack.Progress] 65% building 918/992 modules 74 active /var/www/trexzactyl/node_modules/source-map-loader/dist/cjs.js!/var/www/trexzactyl/node_modules/lodash-es/_nativeCreate.js
<s> [webpack.Progress] 65% building 919/992 modules 73 active /var/www/trexzactyl/node_modules/source-map-loader/dist/cjs.js!/var/www/trexzactyl/node_modules/lodash-es/_nativeCreate.js
<s> [webpack.Progress] 65% building 919/993 modules 74 active /var/www/trexzactyl/node_modules/source-map-loader/dist/cjs.js!/var/www/trexzactyl/node_modules/@heroicons/react/solid/esm/PrinterIcon.js
<s> [webpack.Progress] 65% building 920/993 modules 73 active /var/www/trexzactyl/node_modules/source-map-loader/dist/cjs.js!/var/www/trexzactyl/node_modules/@heroicons/react/solid/esm/PrinterIcon.js
<s> [webpack.Progress] 65% building 921/993 modules 72 active /var/www/trexzactyl/node_modules/source-map-loader/dist/cjs.js!/var/www/trexzactyl/node_modules/@heroicons/react/solid/esm/PrinterIcon.js
<s> [webpack.Progress] 65% building 922/993 modules 71 active /var/www/trexzactyl/node_modules/source-map-loader/dist/cjs.js!/var/www/trexzactyl/node_modules/@heroicons/react/solid/esm/PrinterIcon.js
<s> [webpack.Progress] 65% building 923/993 modules 70 active /var/www/trexzactyl/node_modules/source-map-loader/dist/cjs.js!/var/www/trexzactyl/node_modules/@heroicons/react/solid/esm/PrinterIcon.js
<s> [webpack.Progress] 65% building 924/993 modules 69 active /var/www/trexzactyl/node_modules/source-map-loader/dist/cjs.js!/var/www/trexzactyl/node_modules/@heroicons/react/solid/esm/PrinterIcon.js
<s> [webpack.Progress] 65% building 925/993 modules 68 active /var/www/trexzactyl/node_modules/source-map-loader/dist/cjs.js!/var/www/trexzactyl/node_modules/@heroicons/react/solid/esm/PrinterIcon.js
<s> [webpack.Progress] 65% building 926/993 modules 67 active /var/www/trexzactyl/node_modules/source-map-loader/dist/cjs.js!/var/www/trexzactyl/node_modules/@heroicons/react/solid/esm/PrinterIcon.js
<s> [webpack.Progress] 65% building 926/994 modules 68 active /var/www/trexzactyl/node_modules/source-map-loader/dist/cjs.js!/var/www/trexzactyl/node_modules/@heroicons/react/solid/esm/PresentationChartLineIcon.js
<s> [webpack.Progress] 65% building 927/994 modules 67 active /var/www/trexzactyl/node_modules/source-map-loader/dist/cjs.js!/var/www/trexzactyl/node_modules/@heroicons/react/solid/esm/PresentationChartLineIcon.js
<s> [webpack.Progress] 65% building 927/995 modules 68 active /var/www/trexzactyl/node_modules/source-map-loader/dist/cjs.js!/var/www/trexzactyl/node_modules/@heroicons/react/solid/esm/PresentationChartBarIcon.js
<s> [webpack.Progress] 65% building 928/995 modules 67 active /var/www/trexzactyl/node_modules/source-map-loader/dist/cjs.js!/var/www/trexzactyl/node_modules/@heroicons/react/solid/esm/PresentationChartBarIcon.js
<s> [webpack.Progress] 66% building 929/995 modules 66 active /var/www/trexzactyl/node_modules/source-map-loader/dist/cjs.js!/var/www/trexzactyl/node_modules/@heroicons/react/solid/esm/PresentationChartBarIcon.js
<s> [webpack.Progress] 66% building 930/995 modules 65 active /var/www/trexzactyl/node_modules/source-map-loader/dist/cjs.js!/var/www/trexzactyl/node_modules/@heroicons/react/solid/esm/PresentationChartBarIcon.js
<s> [webpack.Progress] 66% building 930/996 modules 66 active /var/www/trexzactyl/node_modules/source-map-loader/dist/cjs.js!/var/www/trexzactyl/node_modules/date-fns/esm/_lib/setUTCWeek/index.js
<s> [webpack.Progress] 65% building 930/997 modules 67 active /var/www/trexzactyl/node_modules/source-map-loader/dist/cjs.js!/var/www/trexzactyl/node_modules/date-fns/esm/_lib/setUTCISOWeek/index.js
<s> [webpack.Progress] 66% building 931/997 modules 66 active /var/www/trexzactyl/node_modules/source-map-loader/dist/cjs.js!/var/www/trexzactyl/node_modules/date-fns/esm/_lib/setUTCISOWeek/index.js
<s> [webpack.Progress] 66% building 932/997 modules 65 active /var/www/trexzactyl/node_modules/source-map-loader/dist/cjs.js!/var/www/trexzactyl/node_modules/date-fns/esm/_lib/setUTCISOWeek/index.js
<s> [webpack.Progress] 66% building 933/997 modules 64 active /var/www/trexzactyl/node_modules/source-map-loader/dist/cjs.js!/var/www/trexzactyl/node_modules/date-fns/esm/_lib/setUTCISOWeek/index.js
<s> [webpack.Progress] 66% building 934/997 modules 63 active /var/www/trexzactyl/node_modules/source-map-loader/dist/cjs.js!/var/www/trexzactyl/node_modules/date-fns/esm/_lib/setUTCISOWeek/index.js
<s> [webpack.Progress] 66% building 934/998 modules 64 active /var/www/trexzactyl/node_modules/source-map-loader/dist/cjs.js!/var/www/trexzactyl/node_modules/@heroicons/react/solid/esm/PlusIcon.js
<s> [webpack.Progress] 66% building 934/999 modules 65 active /var/www/trexzactyl/node_modules/source-map-loader/dist/cjs.js!/var/www/trexzactyl/node_modules/date-fns/esm/_lib/getUTCWeekYear/index.js
<s> [webpack.Progress] 66% building 935/999 modules 64 active /var/www/trexzactyl/node_modules/source-map-loader/dist/cjs.js!/var/www/trexzactyl/node_modules/date-fns/esm/_lib/getUTCWeekYear/index.js
<s> [webpack.Progress] 66% building 936/999 modules 63 active /var/www/trexzactyl/node_modules/source-map-loader/dist/cjs.js!/var/www/trexzactyl/node_modules/date-fns/esm/_lib/getUTCWeekYear/index.js
<s> [webpack.Progress] 66% building 936/1000 modules 64 active /var/www/trexzactyl/node_modules/source-map-loader/dist/cjs.js!/var/www/trexzactyl/node_modules/@heroicons/react/solid/esm/PlusSmIcon.js
<s> [webpack.Progress] 66% building 936/1001 modules 65 active /var/www/trexzactyl/node_modules/source-map-loader/dist/cjs.js!/var/www/trexzactyl/node_modules/@heroicons/react/solid/esm/PlusCircleIcon.js
<s> [webpack.Progress] 66% building 936/1002 modules 66 active /var/www/trexzactyl/node_modules/source-map-loader/dist/cjs.js!/var/www/trexzactyl/node_modules/lodash-es/_baseIsEqualDeep.js
<s> [webpack.Progress] 65% building 936/1003 modules 67 active /var/www/trexzactyl/node_modules/source-map-loader/dist/cjs.js!/var/www/trexzactyl/node_modules/lodash-es/_baseHasIn.js
<s> [webpack.Progress] 66% building 937/1003 modules 66 active /var/www/trexzactyl/node_modules/source-map-loader/dist/cjs.js!/var/www/trexzactyl/node_modules/lodash-es/_baseHasIn.js
<s> [webpack.Progress] 66% building 938/1003 modules 65 active /var/www/trexzactyl/node_modules/source-map-loader/dist/cjs.js!/var/www/trexzactyl/node_modules/lodash-es/_baseHasIn.js
<s> [webpack.Progress] 66% building 938/1004 modules 66 active /var/www/trexzactyl/node_modules/source-map-loader/dist/cjs.js!/var/www/trexzactyl/node_modules/@heroicons/react/solid/esm/PhotographIcon.js
<s> [webpack.Progress] 65% building 938/1005 modules 67 active /var/www/trexzactyl/node_modules/source-map-loader/dist/cjs.js!/var/www/trexzactyl/node_modules/@heroicons/react/solid/esm/PlayIcon.js
<s> [webpack.Progress] 65% building 938/1006 modules 68 active /var/www/trexzactyl/node_modules/source-map-loader/dist/cjs.js!/var/www/trexzactyl/node_modules/@heroicons/react/solid/esm/PhoneIcon.js
<s> [webpack.Progress] 65% building 938/1007 modules 69 active /var/www/trexzactyl/node_modules/source-map-loader/dist/cjs.js!/var/www/trexzactyl/node_modules/@heroicons/react/solid/esm/PhoneOutgoingIcon.js
<s> [webpack.Progress] 65% building 938/1008 modules 70 active /var/www/trexzactyl/node_modules/source-map-loader/dist/cjs.js!/var/www/trexzactyl/node_modules/@heroicons/react/solid/esm/PhoneMissedCallIcon.js
<s> [webpack.Progress] 65% building 938/1009 modules 71 active /var/www/trexzactyl/node_modules/framer-motion/dist/es/gestures/drag/utils/constraints.mjs
<s> [webpack.Progress] 65% building 939/1009 modules 70 active /var/www/trexzactyl/node_modules/framer-motion/dist/es/gestures/drag/utils/constraints.mjs
<s> [webpack.Progress] 65% building 940/1009 modules 69 active /var/www/trexzactyl/node_modules/framer-motion/dist/es/gestures/drag/utils/constraints.mjs
<s> [webpack.Progress] 65% building 941/1009 modules 68 active /var/www/trexzactyl/node_modules/framer-motion/dist/es/gestures/drag/utils/constraints.mjs
<s> [webpack.Progress] 66% building 942/1009 modules 67 active /var/www/trexzactyl/node_modules/framer-motion/dist/es/gestures/drag/utils/constraints.mjs
<s> [webpack.Progress] 66% building 943/1009 modules 66 active /var/www/trexzactyl/node_modules/framer-motion/dist/es/gestures/drag/utils/constraints.mjs
<s> [webpack.Progress] 66% building 944/1009 modules 65 active /var/www/trexzactyl/node_modules/framer-motion/dist/es/gestures/drag/utils/constraints.mjs
<s> [webpack.Progress] 66% building 945/1009 modules 64 active /var/www/trexzactyl/node_modules/framer-motion/dist/es/gestures/drag/utils/constraints.mjs
<s> [webpack.Progress] 66% building 945/1010 modules 65 active /var/www/trexzactyl/node_modules/source-map-loader/dist/cjs.js!/var/www/trexzactyl/node_modules/@heroicons/react/solid/esm/PhoneIncomingIcon.js
<s> [webpack.Progress] 66% building 945/1011 modules 66 active /var/www/trexzactyl/node_modules/source-map-loader/dist/cjs.js!/var/www/trexzactyl/node_modules/@heroicons/react/solid/esm/PencilIcon.js
<s> [webpack.Progress] 66% building 945/1012 modules 67 active /var/www/trexzactyl/node_modules/source-map-loader/dist/cjs.js!/var/www/trexzactyl/node_modules/@heroicons/react/solid/esm/PencilAltIcon.js
<s> [webpack.Progress] 65% building 945/1013 modules 68 active /var/www/trexzactyl/node_modules/source-map-loader/dist/cjs.js!/var/www/trexzactyl/node_modules/@heroicons/react/solid/esm/PauseIcon.js
<s> [webpack.Progress] 65% building 945/1014 modules 69 active /var/www/trexzactyl/node_modules/source-map-loader/dist/cjs.js!/var/www/trexzactyl/node_modules/@heroicons/react/solid/esm/PaperClipIcon.js
<s> [webpack.Progress] 65% building 945/1015 modules 70 active /var/www/trexzactyl/node_modules/source-map-loader/dist/cjs.js!/var/www/trexzactyl/node_modules/@heroicons/react/solid/esm/PaperAirplaneIcon.js
<s> [webpack.Progress] 65% building 945/1016 modules 71 active /var/www/trexzactyl/node_modules/source-map-loader/dist/cjs.js!/var/www/trexzactyl/node_modules/@heroicons/react/solid/esm/OfficeBuildingIcon.js
<s> [webpack.Progress] 65% building 945/1017 modules 72 active /var/www/trexzactyl/node_modules/source-map-loader/dist/cjs.js!/var/www/trexzactyl/node_modules/@heroicons/react/solid/esm/NewspaperIcon.js
<s> [webpack.Progress] 65% building 945/1018 modules 73 active /var/www/trexzactyl/node_modules/source-map-loader/dist/cjs.js!/var/www/trexzactyl/node_modules/@heroicons/react/solid/esm/MusicNoteIcon.js
<s> [webpack.Progress] 65% building 945/1019 modules 74 active /var/www/trexzactyl/node_modules/source-map-loader/dist/cjs.js!/var/www/trexzactyl/node_modules/@heroicons/react/solid/esm/MoonIcon.js
<s> [webpack.Progress] 65% building 945/1020 modules 75 active /var/www/trexzactyl/node_modules/source-map-loader/dist/cjs.js!/var/www/trexzactyl/node_modules/@heroicons/react/solid/esm/MinusIcon.js
<s> [webpack.Progress] 65% building 945/1021 modules 76 active /var/www/trexzactyl/node_modules/source-map-loader/dist/cjs.js!/var/www/trexzactyl/node_modules/@heroicons/react/solid/esm/MinusSmIcon.js
<s> [webpack.Progress] 65% building 945/1022 modules 77 active /var/www/trexzactyl/node_modules/source-map-loader/dist/cjs.js!/var/www/trexzactyl/node_modules/@heroicons/react/solid/esm/MinusCircleIcon.js
<s> [webpack.Progress] 65% building 945/1023 modules 78 active /var/www/trexzactyl/node_modules/source-map-loader/dist/cjs.js!/var/www/trexzactyl/node_modules/@heroicons/react/solid/esm/MicrophoneIcon.js
<s> [webpack.Progress] 65% building 945/1024 modules 79 active /var/www/trexzactyl/node_modules/source-map-loader/dist/cjs.js!/var/www/trexzactyl/node_modules/@heroicons/react/solid/esm/MenuIcon.js
<s> [webpack.Progress] 65% building 945/1025 modules 80 active /var/www/trexzactyl/node_modules/source-map-loader/dist/cjs.js!/var/www/trexzactyl/node_modules/@heroicons/react/solid/esm/MenuAlt4Icon.js
<s> [webpack.Progress] 65% building 945/1026 modules 81 active /var/www/trexzactyl/node_modules/source-map-loader/dist/cjs.js!/var/www/trexzactyl/node_modules/@heroicons/react/solid/esm/MenuAlt3Icon.js
<s> [webpack.Progress] 65% building 945/1027 modules 82 active /var/www/trexzactyl/node_modules/source-map-loader/dist/cjs.js!/var/www/trexzactyl/node_modules/@heroicons/react/solid/esm/MenuAlt2Icon.js
<s> [webpack.Progress] 65% building 946/1027 modules 81 active /var/www/trexzactyl/node_modules/source-map-loader/dist/cjs.js!/var/www/trexzactyl/node_modules/@heroicons/react/solid/esm/MenuAlt2Icon.js
<s> [webpack.Progress] 65% building 946/1028 modules 82 active /var/www/trexzactyl/node_modules/source-map-loader/dist/cjs.js!/var/www/trexzactyl/node_modules/@floating-ui/react-dom/node_modules/@floating-ui/core/dist/floating-ui.core.esm.js
<s> [webpack.Progress] 65% building 947/1028 modules 81 active /var/www/trexzactyl/node_modules/source-map-loader/dist/cjs.js!/var/www/trexzactyl/node_modules/@floating-ui/react-dom/node_modules/@floating-ui/core/dist/floating-ui.core.esm.js
<s> [webpack.Progress] 65% building 948/1028 modules 80 active /var/www/trexzactyl/node_modules/source-map-loader/dist/cjs.js!/var/www/trexzactyl/node_modules/@floating-ui/react-dom/node_modules/@floating-ui/core/dist/floating-ui.core.esm.js
<s> [webpack.Progress] 65% building 948/1029 modules 81 active /var/www/trexzactyl/node_modules/source-map-loader/dist/cjs.js!/var/www/trexzactyl/node_modules/@heroicons/react/solid/esm/MenuAlt1Icon.js
<s> [webpack.Progress] 65% building 948/1030 modules 82 active /var/www/trexzactyl/node_modules/source-map-loader/dist/cjs.js!/var/www/trexzactyl/node_modules/@heroicons/react/solid/esm/MapIcon.js
<s> [webpack.Progress] 65% building 948/1031 modules 83 active /var/www/trexzactyl/node_modules/source-map-loader/dist/cjs.js!/var/www/trexzactyl/node_modules/@heroicons/react/solid/esm/MailIcon.js
<s> [webpack.Progress] 65% building 948/1032 modules 84 active /var/www/trexzactyl/node_modules/source-map-loader/dist/cjs.js!/var/www/trexzactyl/node_modules/@heroicons/react/solid/esm/MailOpenIcon.js
<s> [webpack.Progress] 65% building 948/1033 modules 85 active /var/www/trexzactyl/node_modules/source-map-loader/dist/cjs.js!/var/www/trexzactyl/node_modules/@heroicons/react/solid/esm/LogoutIcon.js
<s> [webpack.Progress] 65% building 948/1034 modules 86 active /var/www/trexzactyl/node_modules/source-map-loader/dist/cjs.js!/var/www/trexzactyl/node_modules/@heroicons/react/solid/esm/LoginIcon.js
<s> [webpack.Progress] 64% building 948/1035 modules 87 active /var/www/trexzactyl/node_modules/source-map-loader/dist/cjs.js!/var/www/trexzactyl/node_modules/@heroicons/react/solid/esm/LockOpenIcon.js
<s> [webpack.Progress] 64% building 948/1036 modules 88 active /var/www/trexzactyl/node_modules/source-map-loader/dist/cjs.js!/var/www/trexzactyl/node_modules/@heroicons/react/solid/esm/LockClosedIcon.js
<s> [webpack.Progress] 64% building 949/1036 modules 87 active /var/www/trexzactyl/node_modules/source-map-loader/dist/cjs.js!/var/www/trexzactyl/node_modules/@heroicons/react/solid/esm/LockClosedIcon.js
<s> [webpack.Progress] 64% building 949/1037 modules 88 active /var/www/trexzactyl/node_modules/source-map-loader/dist/cjs.js!/var/www/trexzactyl/node_modules/@heroicons/react/solid/esm/LocationMarkerIcon.js
<s> [webpack.Progress] 64% building 950/1037 modules 87 active /var/www/trexzactyl/node_modules/source-map-loader/dist/cjs.js!/var/www/trexzactyl/node_modules/@heroicons/react/solid/esm/LocationMarkerIcon.js
<s> [webpack.Progress] 65% building 951/1037 modules 86 active /var/www/trexzactyl/node_modules/source-map-loader/dist/cjs.js!/var/www/trexzactyl/node_modules/@heroicons/react/solid/esm/LocationMarkerIcon.js
<s> [webpack.Progress] 65% building 952/1037 modules 85 active /var/www/trexzactyl/node_modules/source-map-loader/dist/cjs.js!/var/www/trexzactyl/node_modules/@heroicons/react/solid/esm/LocationMarkerIcon.js
<s> [webpack.Progress] 65% building 953/1037 modules 84 active /var/www/trexzactyl/node_modules/source-map-loader/dist/cjs.js!/var/www/trexzactyl/node_modules/@heroicons/react/solid/esm/LocationMarkerIcon.js
<s> [webpack.Progress] 65% building 954/1037 modules 83 active /var/www/trexzactyl/node_modules/source-map-loader/dist/cjs.js!/var/www/trexzactyl/node_modules/@heroicons/react/solid/esm/LocationMarkerIcon.js
<s> [webpack.Progress] 65% building 954/1038 modules 84 active /var/www/trexzactyl/node_modules/source-map-loader/dist/cjs.js!/var/www/trexzactyl/node_modules/@heroicons/react/solid/esm/LinkIcon.js
<s> [webpack.Progress] 65% building 954/1039 modules 85 active /var/www/trexzactyl/node_modules/source-map-loader/dist/cjs.js!/var/www/trexzactyl/node_modules/@heroicons/react/solid/esm/LightningBoltIcon.js
<s> [webpack.Progress] 65% building 954/1040 modules 86 active /var/www/trexzactyl/node_modules/source-map-loader/dist/cjs.js!/var/www/trexzactyl/node_modules/@heroicons/react/solid/esm/LightBulbIcon.js
<s> [webpack.Progress] 64% building 954/1041 modules 87 active /var/www/trexzactyl/node_modules/source-map-loader/dist/cjs.js!/var/www/trexzactyl/node_modules/@heroicons/react/solid/esm/LibraryIcon.js
<s> [webpack.Progress] 64% building 954/1042 modules 88 active /var/www/trexzactyl/node_modules/source-map-loader/dist/cjs.js!/var/www/trexzactyl/node_modules/@heroicons/react/solid/esm/KeyIcon.js
<s> [webpack.Progress] 64% building 955/1042 modules 87 active /var/www/trexzactyl/node_modules/source-map-loader/dist/cjs.js!/var/www/trexzactyl/node_modules/@heroicons/react/solid/esm/KeyIcon.js
<s> [webpack.Progress] 64% building 955/1043 modules 88 active /var/www/trexzactyl/node_modules/source-map-loader/dist/cjs.js!/var/www/trexzactyl/node_modules/@heroicons/react/solid/esm/InformationCircleIcon.js
<s> [webpack.Progress] 64% building 956/1043 modules 87 active /var/www/trexzactyl/node_modules/source-map-loader/dist/cjs.js!/var/www/trexzactyl/node_modules/@heroicons/react/solid/esm/InformationCircleIcon.js
<s> [webpack.Progress] 65% building 957/1043 modules 86 active /var/www/trexzactyl/node_modules/source-map-loader/dist/cjs.js!/var/www/trexzactyl/node_modules/@heroicons/react/solid/esm/InformationCircleIcon.js
<s> [webpack.Progress] 65% building 958/1043 modules 85 active /var/www/trexzactyl/node_modules/source-map-loader/dist/cjs.js!/var/www/trexzactyl/node_modules/@heroicons/react/solid/esm/InformationCircleIcon.js
<s> [webpack.Progress] 65% building 959/1043 modules 84 active /var/www/trexzactyl/node_modules/source-map-loader/dist/cjs.js!/var/www/trexzactyl/node_modules/@heroicons/react/solid/esm/InformationCircleIcon.js
<s> [webpack.Progress] 65% building 960/1043 modules 83 active /var/www/trexzactyl/node_modules/source-map-loader/dist/cjs.js!/var/www/trexzactyl/node_modules/@heroicons/react/solid/esm/InformationCircleIcon.js
<s> [webpack.Progress] 65% building 961/1043 modules 82 active /var/www/trexzactyl/node_modules/source-map-loader/dist/cjs.js!/var/www/trexzactyl/node_modules/@heroicons/react/solid/esm/InformationCircleIcon.js
<s> [webpack.Progress] 65% building 962/1043 modules 81 active /var/www/trexzactyl/node_modules/source-map-loader/dist/cjs.js!/var/www/trexzactyl/node_modules/@heroicons/react/solid/esm/InformationCircleIcon.js
<s> [webpack.Progress] 65% building 963/1043 modules 80 active /var/www/trexzactyl/node_modules/source-map-loader/dist/cjs.js!/var/www/trexzactyl/node_modules/@heroicons/react/solid/esm/InformationCircleIcon.js
<s> [webpack.Progress] 65% building 964/1043 modules 79 active /var/www/trexzactyl/node_modules/source-map-loader/dist/cjs.js!/var/www/trexzactyl/node_modules/@heroicons/react/solid/esm/InformationCircleIcon.js
<s> [webpack.Progress] 65% building 965/1043 modules 78 active /var/www/trexzactyl/node_modules/source-map-loader/dist/cjs.js!/var/www/trexzactyl/node_modules/@heroicons/react/solid/esm/InformationCircleIcon.js
<s> [webpack.Progress] 65% building 966/1043 modules 77 active /var/www/trexzactyl/node_modules/source-map-loader/dist/cjs.js!/var/www/trexzactyl/node_modules/@heroicons/react/solid/esm/InformationCircleIcon.js
<s> [webpack.Progress] 65% building 966/1044 modules 78 active /var/www/trexzactyl/node_modules/source-map-loader/dist/cjs.js!/var/www/trexzactyl/node_modules/@heroicons/react/solid/esm/InboxIcon.js
<s> [webpack.Progress] 65% building 967/1044 modules 77 active /var/www/trexzactyl/node_modules/source-map-loader/dist/cjs.js!/var/www/trexzactyl/node_modules/@heroicons/react/solid/esm/InboxIcon.js
<s> [webpack.Progress] 65% building 968/1044 modules 76 active /var/www/trexzactyl/node_modules/source-map-loader/dist/cjs.js!/var/www/trexzactyl/node_modules/@heroicons/react/solid/esm/InboxIcon.js
<s> [webpack.Progress] 65% building 969/1044 modules 75 active /var/www/trexzactyl/node_modules/source-map-loader/dist/cjs.js!/var/www/trexzactyl/node_modules/@heroicons/react/solid/esm/InboxIcon.js
<s> [webpack.Progress] 65% building 970/1044 modules 74 active /var/www/trexzactyl/node_modules/source-map-loader/dist/cjs.js!/var/www/trexzactyl/node_modules/@heroicons/react/solid/esm/InboxIcon.js
<s> [webpack.Progress] 65% building 971/1044 modules 73 active /var/www/trexzactyl/node_modules/source-map-loader/dist/cjs.js!/var/www/trexzactyl/node_modules/@heroicons/react/solid/esm/InboxIcon.js
<s> [webpack.Progress] 65% building 972/1044 modules 72 active /var/www/trexzactyl/node_modules/source-map-loader/dist/cjs.js!/var/www/trexzactyl/node_modules/@heroicons/react/solid/esm/InboxIcon.js
<s> [webpack.Progress] 65% building 973/1044 modules 71 active /var/www/trexzactyl/node_modules/source-map-loader/dist/cjs.js!/var/www/trexzactyl/node_modules/@heroicons/react/solid/esm/InboxIcon.js
<s> [webpack.Progress] 65% building 974/1044 modules 70 active /var/www/trexzactyl/node_modules/source-map-loader/dist/cjs.js!/var/www/trexzactyl/node_modules/@heroicons/react/solid/esm/InboxIcon.js
<s> [webpack.Progress] 66% building 975/1044 modules 69 active /var/www/trexzactyl/node_modules/source-map-loader/dist/cjs.js!/var/www/trexzactyl/node_modules/@heroicons/react/solid/esm/InboxIcon.js
<s> [webpack.Progress] 66% building 976/1044 modules 68 active /var/www/trexzactyl/node_modules/source-map-loader/dist/cjs.js!/var/www/trexzactyl/node_modules/@heroicons/react/solid/esm/InboxIcon.js
<s> [webpack.Progress] 66% building 977/1044 modules 67 active /var/www/trexzactyl/node_modules/source-map-loader/dist/cjs.js!/var/www/trexzactyl/node_modules/@heroicons/react/solid/esm/InboxIcon.js
<s> [webpack.Progress] 66% building 978/1044 modules 66 active /var/www/trexzactyl/node_modules/source-map-loader/dist/cjs.js!/var/www/trexzactyl/node_modules/@heroicons/react/solid/esm/InboxIcon.js
<s> [webpack.Progress] 66% building 979/1044 modules 65 active /var/www/trexzactyl/node_modules/source-map-loader/dist/cjs.js!/var/www/trexzactyl/node_modules/@heroicons/react/solid/esm/InboxIcon.js
<s> [webpack.Progress] 66% building 980/1044 modules 64 active /var/www/trexzactyl/node_modules/source-map-loader/dist/cjs.js!/var/www/trexzactyl/node_modules/@heroicons/react/solid/esm/InboxIcon.js
<s> [webpack.Progress] 66% building 981/1044 modules 63 active /var/www/trexzactyl/node_modules/source-map-loader/dist/cjs.js!/var/www/trexzactyl/node_modules/@heroicons/react/solid/esm/InboxIcon.js
<s> [webpack.Progress] 66% building 982/1044 modules 62 active /var/www/trexzactyl/node_modules/source-map-loader/dist/cjs.js!/var/www/trexzactyl/node_modules/@heroicons/react/solid/esm/InboxIcon.js
<s> [webpack.Progress] 66% building 983/1044 modules 61 active /var/www/trexzactyl/node_modules/source-map-loader/dist/cjs.js!/var/www/trexzactyl/node_modules/@heroicons/react/solid/esm/InboxIcon.js
<s> [webpack.Progress] 66% building 984/1044 modules 60 active /var/www/trexzactyl/node_modules/source-map-loader/dist/cjs.js!/var/www/trexzactyl/node_modules/@heroicons/react/solid/esm/InboxIcon.js
<s> [webpack.Progress] 66% building 985/1044 modules 59 active /var/www/trexzactyl/node_modules/source-map-loader/dist/cjs.js!/var/www/trexzactyl/node_modules/@heroicons/react/solid/esm/InboxIcon.js
<s> [webpack.Progress] 66% building 986/1044 modules 58 active /var/www/trexzactyl/node_modules/source-map-loader/dist/cjs.js!/var/www/trexzactyl/node_modules/@heroicons/react/solid/esm/InboxIcon.js
<s> [webpack.Progress] 66% building 987/1044 modules 57 active /var/www/trexzactyl/node_modules/source-map-loader/dist/cjs.js!/var/www/trexzactyl/node_modules/@heroicons/react/solid/esm/InboxIcon.js
<s> [webpack.Progress] 66% building 988/1044 modules 56 active /var/www/trexzactyl/node_modules/source-map-loader/dist/cjs.js!/var/www/trexzactyl/node_modules/@heroicons/react/solid/esm/InboxIcon.js
<s> [webpack.Progress] 66% building 989/1044 modules 55 active /var/www/trexzactyl/node_modules/source-map-loader/dist/cjs.js!/var/www/trexzactyl/node_modules/@heroicons/react/solid/esm/InboxIcon.js
<s> [webpack.Progress] 66% building 990/1044 modules 54 active /var/www/trexzactyl/node_modules/source-map-loader/dist/cjs.js!/var/www/trexzactyl/node_modules/@heroicons/react/solid/esm/InboxIcon.js
<s> [webpack.Progress] 66% building 991/1044 modules 53 active /var/www/trexzactyl/node_modules/source-map-loader/dist/cjs.js!/var/www/trexzactyl/node_modules/@heroicons/react/solid/esm/InboxIcon.js
<s> [webpack.Progress] 67% building 992/1044 modules 52 active /var/www/trexzactyl/node_modules/source-map-loader/dist/cjs.js!/var/www/trexzactyl/node_modules/@heroicons/react/solid/esm/InboxIcon.js
<s> [webpack.Progress] 67% building 993/1044 modules 51 active /var/www/trexzactyl/node_modules/source-map-loader/dist/cjs.js!/var/www/trexzactyl/node_modules/@heroicons/react/solid/esm/InboxIcon.js
<s> [webpack.Progress] 67% building 993/1045 modules 52 active /var/www/trexzactyl/node_modules/source-map-loader/dist/cjs.js!/var/www/trexzactyl/node_modules/@heroicons/react/solid/esm/InboxInIcon.js
<s> [webpack.Progress] 66% building 993/1046 modules 53 active /var/www/trexzactyl/node_modules/source-map-loader/dist/cjs.js!/var/www/trexzactyl/node_modules/@heroicons/react/solid/esm/IdentificationIcon.js
<s> [webpack.Progress] 66% building 993/1047 modules 54 active /var/www/trexzactyl/node_modules/source-map-loader/dist/cjs.js!/var/www/trexzactyl/node_modules/@heroicons/react/solid/esm/HomeIcon.js
<s> [webpack.Progress] 66% building 994/1047 modules 53 active /var/www/trexzactyl/node_modules/source-map-loader/dist/cjs.js!/var/www/trexzactyl/node_modules/@heroicons/react/solid/esm/HomeIcon.js
<s> [webpack.Progress] 67% building 995/1047 modules 52 active /var/www/trexzactyl/node_modules/source-map-loader/dist/cjs.js!/var/www/trexzactyl/node_modules/@heroicons/react/solid/esm/HomeIcon.js
<s> [webpack.Progress] 67% building 996/1047 modules 51 active /var/www/trexzactyl/node_modules/source-map-loader/dist/cjs.js!/var/www/trexzactyl/node_modules/@heroicons/react/solid/esm/HomeIcon.js
<s> [webpack.Progress] 67% building 997/1047 modules 50 active /var/www/trexzactyl/node_modules/source-map-loader/dist/cjs.js!/var/www/trexzactyl/node_modules/@heroicons/react/solid/esm/HomeIcon.js
<s> [webpack.Progress] 67% building 998/1047 modules 49 active /var/www/trexzactyl/node_modules/source-map-loader/dist/cjs.js!/var/www/trexzactyl/node_modules/@heroicons/react/solid/esm/HomeIcon.js
<s> [webpack.Progress] 67% building 999/1047 modules 48 active /var/www/trexzactyl/node_modules/source-map-loader/dist/cjs.js!/var/www/trexzactyl/node_modules/@heroicons/react/solid/esm/HomeIcon.js
<s> [webpack.Progress] 67% building 1000/1047 modules 47 active /var/www/trexzactyl/node_modules/source-map-loader/dist/cjs.js!/var/www/trexzactyl/node_modules/@heroicons/react/solid/esm/HomeIcon.js
<s> [webpack.Progress] 67% building 1001/1047 modules 46 active /var/www/trexzactyl/node_modules/source-map-loader/dist/cjs.js!/var/www/trexzactyl/node_modules/@heroicons/react/solid/esm/HomeIcon.js
<s> [webpack.Progress] 67% building 1001/1048 modules 47 active /var/www/trexzactyl/node_modules/source-map-loader/dist/cjs.js!/var/www/trexzactyl/node_modules/@heroicons/react/solid/esm/HeartIcon.js
<s> [webpack.Progress] 67% building 1002/1048 modules 46 active /var/www/trexzactyl/node_modules/source-map-loader/dist/cjs.js!/var/www/trexzactyl/node_modules/@heroicons/react/solid/esm/HeartIcon.js
<s> [webpack.Progress] 67% building 1003/1048 modules 45 active /var/www/trexzactyl/node_modules/source-map-loader/dist/cjs.js!/var/www/trexzactyl/node_modules/@heroicons/react/solid/esm/HeartIcon.js
<s> [webpack.Progress] 67% building 1003/1049 modules 46 active /var/www/trexzactyl/node_modules/source-map-loader/dist/cjs.js!/var/www/trexzactyl/node_modules/@heroicons/react/solid/esm/HashtagIcon.js
<s> [webpack.Progress] 67% building 1004/1049 modules 45 active /var/www/trexzactyl/node_modules/source-map-loader/dist/cjs.js!/var/www/trexzactyl/node_modules/@heroicons/react/solid/esm/HashtagIcon.js
<s> [webpack.Progress] 67% building 1005/1049 modules 44 active /var/www/trexzactyl/node_modules/source-map-loader/dist/cjs.js!/var/www/trexzactyl/node_modules/@heroicons/react/solid/esm/HashtagIcon.js
<s> [webpack.Progress] 67% building 1005/1050 modules 45 active /var/www/trexzactyl/node_modules/style-value-types/dist/es/utils.mjs
<s> [webpack.Progress] 67% building 1006/1050 modules 44 active /var/www/trexzactyl/node_modules/style-value-types/dist/es/utils.mjs
<s> [webpack.Progress] 67% building 1007/1050 modules 43 active /var/www/trexzactyl/node_modules/style-value-types/dist/es/utils.mjs
<s> [webpack.Progress] 67% building 1007/1051 modules 44 active /var/www/trexzactyl/node_modules/source-map-loader/dist/cjs.js!/var/www/trexzactyl/node_modules/@heroicons/react/solid/esm/HandIcon.js
<s> [webpack.Progress] 67% building 1007/1052 modules 45 active /var/www/trexzactyl/node_modules/source-map-loader/dist/cjs.js!/var/www/trexzactyl/node_modules/@heroicons/react/solid/esm/GlobeIcon.js
<s> [webpack.Progress] 67% building 1007/1053 modules 46 active /var/www/trexzactyl/node_modules/source-map-loader/dist/cjs.js!/var/www/trexzactyl/node_modules/@heroicons/react/solid/esm/GlobeAltIcon.js
<s> [webpack.Progress] 67% building 1007/1054 modules 47 active /var/www/trexzactyl/node_modules/source-map-loader/dist/cjs.js!/var/www/trexzactyl/node_modules/@heroicons/react/solid/esm/GiftIcon.js
<s> [webpack.Progress] 67% building 1007/1055 modules 48 active /var/www/trexzactyl/node_modules/source-map-loader/dist/cjs.js!/var/www/trexzactyl/node_modules/@heroicons/react/solid/esm/FolderIcon.js
<s> [webpack.Progress] 67% building 1007/1056 modules 49 active /var/www/trexzactyl/node_modules/source-map-loader/dist/cjs.js!/var/www/trexzactyl/node_modules/@heroicons/react/solid/esm/FolderRemoveIcon.js
<s> [webpack.Progress] 67% building 1007/1057 modules 50 active /var/www/trexzactyl/node_modules/source-map-loader/dist/cjs.js!/var/www/trexzactyl/node_modules/@heroicons/react/solid/esm/FolderOpenIcon.js
<s> [webpack.Progress] 67% building 1007/1058 modules 51 active /var/www/trexzactyl/node_modules/source-map-loader/dist/cjs.js!/var/www/trexzactyl/node_modules/@heroicons/react/solid/esm/FolderDownloadIcon.js
<s> [webpack.Progress] 67% building 1007/1059 modules 52 active /var/www/trexzactyl/node_modules/source-map-loader/dist/cjs.js!/var/www/trexzactyl/node_modules/@heroicons/react/solid/esm/FolderAddIcon.js
<s> [webpack.Progress] 67% building 1007/1060 modules 53 active /var/www/trexzactyl/node_modules/style-value-types/dist/es/color/utils.mjs
<s> [webpack.Progress] 66% building 1007/1061 modules 54 active /var/www/trexzactyl/node_modules/source-map-loader/dist/cjs.js!/var/www/trexzactyl/node_modules/@heroicons/react/solid/esm/FlagIcon.js
<s> [webpack.Progress] 66% building 1007/1062 modules 55 active /var/www/trexzactyl/node_modules/source-map-loader/dist/cjs.js!/var/www/trexzactyl/node_modules/@heroicons/react/solid/esm/FireIcon.js
<s> [webpack.Progress] 66% building 1007/1063 modules 56 active /var/www/trexzactyl/node_modules/source-map-loader/dist/cjs.js!/var/www/trexzactyl/node_modules/@heroicons/react/solid/esm/FingerPrintIcon.js
<s> [webpack.Progress] 66% building 1007/1064 modules 57 active /var/www/trexzactyl/node_modules/source-map-loader/dist/cjs.js!/var/www/trexzactyl/node_modules/@heroicons/react/solid/esm/FilterIcon.js
<s> [webpack.Progress] 66% building 1007/1065 modules 58 active /var/www/trexzactyl/node_modules/source-map-loader/dist/cjs.js!/var/www/trexzactyl/node_modules/@heroicons/react/solid/esm/FilmIcon.js
<s> [webpack.Progress] 66% building 1007/1066 modules 59 active /var/www/trexzactyl/node_modules/source-map-loader/dist/cjs.js!/var/www/trexzactyl/node_modules/@heroicons/react/solid/esm/FastForwardIcon.js
<s> [webpack.Progress] 66% building 1007/1067 modules 60 active /var/www/trexzactyl/node_modules/source-map-loader/dist/cjs.js!/var/www/trexzactyl/node_modules/@heroicons/react/solid/esm/EyeIcon.js
<s> [webpack.Progress] 66% building 1007/1068 modules 61 active /var/www/trexzactyl/node_modules/source-map-loader/dist/cjs.js!/var/www/trexzactyl/node_modules/@heroicons/react/solid/esm/EyeOffIcon.js
<s> [webpack.Progress] 66% building 1007/1069 modules 62 active /var/www/trexzactyl/node_modules/source-map-loader/dist/cjs.js!/var/www/trexzactyl/node_modules/@heroicons/react/solid/esm/ExternalLinkIcon.js
<s> [webpack.Progress] 66% building 1007/1070 modules 63 active /var/www/trexzactyl/node_modules/source-map-loader/dist/cjs.js!/var/www/trexzactyl/node_modules/@heroicons/react/solid/esm/ExclamationIcon.js
<s> [webpack.Progress] 66% building 1007/1071 modules 64 active /var/www/trexzactyl/node_modules/source-map-loader/dist/cjs.js!/var/www/trexzactyl/node_modules/@heroicons/react/solid/esm/ExclamationCircleIcon.js
<s> [webpack.Progress] 66% building 1007/1072 modules 65 active /var/www/trexzactyl/node_modules/source-map-loader/dist/cjs.js!/var/www/trexzactyl/node_modules/@heroicons/react/solid/esm/EmojiSadIcon.js
<s> [webpack.Progress] 66% building 1008/1072 modules 64 active /var/www/trexzactyl/node_modules/source-map-loader/dist/cjs.js!/var/www/trexzactyl/node_modules/@heroicons/react/solid/esm/EmojiSadIcon.js
<s> [webpack.Progress] 66% building 1009/1072 modules 63 active /var/www/trexzactyl/node_modules/source-map-loader/dist/cjs.js!/var/www/trexzactyl/node_modules/@heroicons/react/solid/esm/EmojiSadIcon.js
<s> [webpack.Progress] 66% building 1009/1073 modules 64 active /var/www/trexzactyl/node_modules/source-map-loader/dist/cjs.js!/var/www/trexzactyl/node_modules/@heroicons/react/solid/esm/EmojiHappyIcon.js
<s> [webpack.Progress] 66% building 1009/1074 modules 65 active /var/www/trexzactyl/node_modules/source-map-loader/dist/cjs.js!/var/www/trexzactyl/node_modules/@heroicons/react/solid/esm/DuplicateIcon.js
<s> [webpack.Progress] 66% building 1009/1075 modules 66 active /var/www/trexzactyl/node_modules/source-map-loader/dist/cjs.js!/var/www/trexzactyl/node_modules/@heroicons/react/solid/esm/DownloadIcon.js
<s> [webpack.Progress] 66% building 1009/1076 modules 67 active /var/www/trexzactyl/node_modules/source-map-loader/dist/cjs.js!/var/www/trexzactyl/node_modules/@heroicons/react/solid/esm/DotsVerticalIcon.js
<s> [webpack.Progress] 66% building 1009/1077 modules 68 active /var/www/trexzactyl/node_modules/source-map-loader/dist/cjs.js!/var/www/trexzactyl/node_modules/@heroicons/react/solid/esm/DotsHorizontalIcon.js
<s> [webpack.Progress] 66% building 1010/1077 modules 67 active /var/www/trexzactyl/node_modules/source-map-loader/dist/cjs.js!/var/www/trexzactyl/node_modules/@heroicons/react/solid/esm/DotsHorizontalIcon.js
<s> [webpack.Progress] 66% building 1010/1078 modules 68 active /var/www/trexzactyl/node_modules/source-map-loader/dist/cjs.js!/var/www/trexzactyl/node_modules/@heroicons/react/solid/esm/DotsCircleHorizontalIcon.js
<s> [webpack.Progress] 66% building 1011/1078 modules 67 active /var/www/trexzactyl/node_modules/source-map-loader/dist/cjs.js!/var/www/trexzactyl/node_modules/@heroicons/react/solid/esm/DotsCircleHorizontalIcon.js
<s> [webpack.Progress] 66% building 1012/1078 modules 66 active /var/www/trexzactyl/node_modules/source-map-loader/dist/cjs.js!/var/www/trexzactyl/node_modules/@heroicons/react/solid/esm/DotsCircleHorizontalIcon.js
<s> [webpack.Progress] 66% building 1013/1078 modules 65 active /var/www/trexzactyl/node_modules/source-map-loader/dist/cjs.js!/var/www/trexzactyl/node_modules/@heroicons/react/solid/esm/DotsCircleHorizontalIcon.js
<s> [webpack.Progress] 66% building 1014/1078 modules 64 active /var/www/trexzactyl/node_modules/source-map-loader/dist/cjs.js!/var/www/trexzactyl/node_modules/@heroicons/react/solid/esm/DotsCircleHorizontalIcon.js
<s> [webpack.Progress] 66% building 1015/1078 modules 63 active /var/www/trexzactyl/node_modules/source-map-loader/dist/cjs.js!/var/www/trexzactyl/node_modules/@heroicons/react/solid/esm/DotsCircleHorizontalIcon.js
<s> [webpack.Progress] 66% building 1015/1079 modules 64 active /var/www/trexzactyl/node_modules/source-map-loader/dist/cjs.js!/var/www/trexzactyl/node_modules/@heroicons/react/solid/esm/DocumentIcon.js
<s> [webpack.Progress] 66% building 1015/1080 modules 65 active /var/www/trexzactyl/node_modules/source-map-loader/dist/cjs.js!/var/www/trexzactyl/node_modules/@heroicons/react/solid/esm/DocumentTextIcon.js
<s> [webpack.Progress] 66% building 1015/1081 modules 66 active /var/www/trexzactyl/node_modules/source-map-loader/dist/cjs.js!/var/www/trexzactyl/node_modules/@heroicons/react/solid/esm/DocumentSearchIcon.js
<s> [webpack.Progress] 66% building 1015/1082 modules 67 active /var/www/trexzactyl/node_modules/source-map-loader/dist/cjs.js!/var/www/trexzactyl/node_modules/@heroicons/react/solid/esm/DocumentReportIcon.js
<s> [webpack.Progress] 66% building 1016/1082 modules 66 active /var/www/trexzactyl/node_modules/source-map-loader/dist/cjs.js!/var/www/trexzactyl/node_modules/@heroicons/react/solid/esm/DocumentReportIcon.js
<s> [webpack.Progress] 66% building 1017/1082 modules 65 active /var/www/trexzactyl/node_modules/source-map-loader/dist/cjs.js!/var/www/trexzactyl/node_modules/@heroicons/react/solid/esm/DocumentReportIcon.js
<s> [webpack.Progress] 66% building 1018/1082 modules 64 active /var/www/trexzactyl/node_modules/source-map-loader/dist/cjs.js!/var/www/trexzactyl/node_modules/@heroicons/react/solid/esm/DocumentReportIcon.js
<s> [webpack.Progress] 66% building 1018/1083 modules 65 active /var/www/trexzactyl/node_modules/source-map-loader/dist/cjs.js!/var/www/trexzactyl/node_modules/@emotion/memoize/dist/memoize.browser.esm.js
<s> [webpack.Progress] 66% building 1019/1083 modules 64 active /var/www/trexzactyl/node_modules/source-map-loader/dist/cjs.js!/var/www/trexzactyl/node_modules/@emotion/memoize/dist/memoize.browser.esm.js
<s> [webpack.Progress] 66% building 1020/1083 modules 63 active /var/www/trexzactyl/node_modules/source-map-loader/dist/cjs.js!/var/www/trexzactyl/node_modules/@emotion/memoize/dist/memoize.browser.esm.js
<s> [webpack.Progress] 66% building 1020/1084 modules 64 active /var/www/trexzactyl/node_modules/source-map-loader/dist/cjs.js!/var/www/trexzactyl/node_modules/@heroicons/react/solid/esm/DocumentRemoveIcon.js
<s> [webpack.Progress] 66% building 1021/1084 modules 63 active /var/www/trexzactyl/node_modules/source-map-loader/dist/cjs.js!/var/www/trexzactyl/node_modules/@heroicons/react/solid/esm/DocumentRemoveIcon.js
<s> [webpack.Progress] 66% building 1022/1084 modules 62 active /var/www/trexzactyl/node_modules/source-map-loader/dist/cjs.js!/var/www/trexzactyl/node_modules/@heroicons/react/solid/esm/DocumentRemoveIcon.js
<s> [webpack.Progress] 66% building 1023/1084 modules 61 active /var/www/trexzactyl/node_modules/source-map-loader/dist/cjs.js!/var/www/trexzactyl/node_modules/@heroicons/react/solid/esm/DocumentRemoveIcon.js
<s> [webpack.Progress] 66% building 1024/1084 modules 60 active /var/www/trexzactyl/node_modules/source-map-loader/dist/cjs.js!/var/www/trexzactyl/node_modules/@heroicons/react/solid/esm/DocumentRemoveIcon.js
<s> [webpack.Progress] 66% building 1024/1085 modules 61 active /var/www/trexzactyl/node_modules/source-map-loader/dist/cjs.js!/var/www/trexzactyl/node_modules/@heroicons/react/solid/esm/DocumentDuplicateIcon.js
<s> [webpack.Progress] 66% building 1025/1085 modules 60 active /var/www/trexzactyl/node_modules/source-map-loader/dist/cjs.js!/var/www/trexzactyl/node_modules/@heroicons/react/solid/esm/DocumentDuplicateIcon.js
<s> [webpack.Progress] 66% building 1026/1085 modules 59 active /var/www/trexzactyl/node_modules/source-map-loader/dist/cjs.js!/var/www/trexzactyl/node_modules/@heroicons/react/solid/esm/DocumentDuplicateIcon.js
<s> [webpack.Progress] 66% building 1027/1085 modules 58 active /var/www/trexzactyl/node_modules/source-map-loader/dist/cjs.js!/var/www/trexzactyl/node_modules/@heroicons/react/solid/esm/DocumentDuplicateIcon.js
<s> [webpack.Progress] 66% building 1028/1085 modules 57 active /var/www/trexzactyl/node_modules/source-map-loader/dist/cjs.js!/var/www/trexzactyl/node_modules/@heroicons/react/solid/esm/DocumentDuplicateIcon.js
<s> [webpack.Progress] 66% building 1029/1085 modules 56 active /var/www/trexzactyl/node_modules/source-map-loader/dist/cjs.js!/var/www/trexzactyl/node_modules/@heroicons/react/solid/esm/DocumentDuplicateIcon.js
<s> [webpack.Progress] 66% building 1030/1085 modules 55 active /var/www/trexzactyl/node_modules/source-map-loader/dist/cjs.js!/var/www/trexzactyl/node_modules/@heroicons/react/solid/esm/DocumentDuplicateIcon.js
<s> [webpack.Progress] 67% building 1031/1085 modules 54 active /var/www/trexzactyl/node_modules/source-map-loader/dist/cjs.js!/var/www/trexzactyl/node_modules/@heroicons/react/solid/esm/DocumentDuplicateIcon.js
<s> [webpack.Progress] 66% building 1031/1086 modules 55 active /var/www/trexzactyl/node_modules/source-map-loader/dist/cjs.js!/var/www/trexzactyl/node_modules/@heroicons/react/solid/esm/DocumentDownloadIcon.js
<s> [webpack.Progress] 67% building 1032/1086 modules 54 active /var/www/trexzactyl/node_modules/source-map-loader/dist/cjs.js!/var/www/trexzactyl/node_modules/@heroicons/react/solid/esm/DocumentDownloadIcon.js
<s> [webpack.Progress] 67% building 1033/1086 modules 53 active /var/www/trexzactyl/node_modules/source-map-loader/dist/cjs.js!/var/www/trexzactyl/node_modules/@heroicons/react/solid/esm/DocumentDownloadIcon.js
<s> [webpack.Progress] 67% building 1033/1087 modules 54 active /var/www/trexzactyl/node_modules/source-map-loader/dist/cjs.js!/var/www/trexzactyl/node_modules/@heroicons/react/solid/esm/DocumentAddIcon.js
<s> [webpack.Progress] 66% building 1033/1088 modules 55 active /var/www/trexzactyl/node_modules/source-map-loader/dist/cjs.js!/var/www/trexzactyl/node_modules/@heroicons/react/solid/esm/DeviceTabletIcon.js
<s> [webpack.Progress] 66% building 1033/1089 modules 56 active /var/www/trexzactyl/node_modules/source-map-loader/dist/cjs.js!/var/www/trexzactyl/node_modules/@heroicons/react/solid/esm/DeviceMobileIcon.js
<s> [webpack.Progress] 66% building 1034/1089 modules 55 active /var/www/trexzactyl/node_modules/source-map-loader/dist/cjs.js!/var/www/trexzactyl/node_modules/@heroicons/react/solid/esm/DeviceMobileIcon.js
<s> [webpack.Progress] 66% building 1034/1090 modules 56 active /var/www/trexzactyl/node_modules/source-map-loader/dist/cjs.js!/var/www/trexzactyl/node_modules/lodash-es/_equalObjects.js
<s> [webpack.Progress] 66% building 1034/1091 modules 57 active /var/www/trexzactyl/node_modules/source-map-loader/dist/cjs.js!/var/www/trexzactyl/node_modules/lodash-es/_equalByTag.js
<s> [webpack.Progress] 66% building 1035/1091 modules 56 active /var/www/trexzactyl/node_modules/source-map-loader/dist/cjs.js!/var/www/trexzactyl/node_modules/lodash-es/_equalByTag.js
<s> [webpack.Progress] 66% building 1035/1092 modules 57 active /var/www/trexzactyl/node_modules/source-map-loader/dist/cjs.js!/var/www/trexzactyl/node_modules/lodash-es/_equalArrays.js
<s> [webpack.Progress] 66% building 1035/1093 modules 58 active /var/www/trexzactyl/node_modules/source-map-loader/dist/cjs.js!/var/www/trexzactyl/node_modules/@heroicons/react/solid/esm/DesktopComputerIcon.js
<s> [webpack.Progress] 66% building 1035/1094 modules 59 active /var/www/trexzactyl/node_modules/source-map-loader/dist/cjs.js!/var/www/trexzactyl/node_modules/@heroicons/react/solid/esm/DatabaseIcon.js
<s> [webpack.Progress] 66% building 1035/1095 modules 60 active /var/www/trexzactyl/node_modules/source-map-loader/dist/cjs.js!/var/www/trexzactyl/node_modules/@heroicons/react/solid/esm/CursorClickIcon.js
<s> [webpack.Progress] 66% building 1035/1096 modules 61 active /var/www/trexzactyl/node_modules/source-map-loader/dist/cjs.js!/var/www/trexzactyl/node_modules/@heroicons/react/solid/esm/CurrencyYenIcon.js
<s> [webpack.Progress] 66% building 1035/1097 modules 62 active /var/www/trexzactyl/node_modules/source-map-loader/dist/cjs.js!/var/www/trexzactyl/node_modules/@heroicons/react/solid/esm/CurrencyRupeeIcon.js
<s> [webpack.Progress] 66% building 1035/1098 modules 63 active /var/www/trexzactyl/node_modules/source-map-loader/dist/cjs.js!/var/www/trexzactyl/node_modules/@heroicons/react/solid/esm/CurrencyPoundIcon.js
<s> [webpack.Progress] 66% building 1035/1099 modules 64 active /var/www/trexzactyl/node_modules/source-map-loader/dist/cjs.js!/var/www/trexzactyl/node_modules/@heroicons/react/solid/esm/CurrencyEuroIcon.js
<s> [webpack.Progress] 66% building 1035/1100 modules 65 active /var/www/trexzactyl/node_modules/source-map-loader/dist/cjs.js!/var/www/trexzactyl/node_modules/@heroicons/react/solid/esm/CurrencyDollarIcon.js
<s> [webpack.Progress] 66% building 1035/1101 modules 66 active /var/www/trexzactyl/node_modules/source-map-loader/dist/cjs.js!/var/www/trexzactyl/node_modules/@heroicons/react/solid/esm/CurrencyBangladeshiIcon.js
<s> [webpack.Progress] 66% building 1036/1101 modules 65 active /var/www/trexzactyl/node_modules/source-map-loader/dist/cjs.js!/var/www/trexzactyl/node_modules/@heroicons/react/solid/esm/CurrencyBangladeshiIcon.js
<s> [webpack.Progress] 66% building 1037/1101 modules 64 active /var/www/trexzactyl/node_modules/source-map-loader/dist/cjs.js!/var/www/trexzactyl/node_modules/@heroicons/react/solid/esm/CurrencyBangladeshiIcon.js
<s> [webpack.Progress] 66% building 1038/1101 modules 63 active /var/www/trexzactyl/node_modules/source-map-loader/dist/cjs.js!/var/www/trexzactyl/node_modules/@heroicons/react/solid/esm/CurrencyBangladeshiIcon.js
<s> [webpack.Progress] 66% building 1039/1101 modules 62 active /var/www/trexzactyl/node_modules/source-map-loader/dist/cjs.js!/var/www/trexzactyl/node_modules/@heroicons/react/solid/esm/CurrencyBangladeshiIcon.js
<s> [webpack.Progress] 66% building 1040/1101 modules 61 active /var/www/trexzactyl/node_modules/source-map-loader/dist/cjs.js!/var/www/trexzactyl/node_modules/@heroicons/react/solid/esm/CurrencyBangladeshiIcon.js
<s> [webpack.Progress] 66% building 1041/1101 modules 60 active /var/www/trexzactyl/node_modules/source-map-loader/dist/cjs.js!/var/www/trexzactyl/node_modules/@heroicons/react/solid/esm/CurrencyBangladeshiIcon.js
<s> [webpack.Progress] 66% building 1041/1102 modules 61 active /var/www/trexzactyl/node_modules/source-map-loader/dist/cjs.js!/var/www/trexzactyl/node_modules/date-fns/esm/_lib/getUTCISOWeek/index.js
<s> [webpack.Progress] 66% building 1041/1103 modules 62 active /var/www/trexzactyl/node_modules/source-map-loader/dist/cjs.js!/var/www/trexzactyl/node_modules/date-fns/esm/_lib/getUTCWeek/index.js
<s> [webpack.Progress] 66% building 1041/1104 modules 63 active /var/www/trexzactyl/node_modules/source-map-loader/dist/cjs.js!/var/www/trexzactyl/node_modules/@heroicons/react/solid/esm/CubeIcon.js
<s> [webpack.Progress] 66% building 1041/1105 modules 64 active /var/www/trexzactyl/node_modules/source-map-loader/dist/cjs.js!/var/www/trexzactyl/node_modules/@heroicons/react/solid/esm/CubeTransparentIcon.js
<s> [webpack.Progress] 66% building 1042/1105 modules 63 active /var/www/trexzactyl/node_modules/source-map-loader/dist/cjs.js!/var/www/trexzactyl/node_modules/@heroicons/react/solid/esm/CubeTransparentIcon.js
<s> [webpack.Progress] 66% building 1042/1106 modules 64 active /var/www/trexzactyl/node_modules/source-map-loader/dist/cjs.js!/var/www/trexzactyl/node_modules/@heroicons/react/solid/esm/CreditCardIcon.js
<s> [webpack.Progress] 66% building 1042/1107 modules 65 active /var/www/trexzactyl/node_modules/source-map-loader/dist/cjs.js!/var/www/trexzactyl/node_modules/@heroicons/react/solid/esm/ColorSwatchIcon.js
<s> [webpack.Progress] 66% building 1042/1108 modules 66 active /var/www/trexzactyl/node_modules/source-map-loader/dist/cjs.js!/var/www/trexzactyl/node_modules/@heroicons/react/solid/esm/CollectionIcon.js
<s> [webpack.Progress] 66% building 1042/1109 modules 67 active /var/www/trexzactyl/node_modules/source-map-loader/dist/cjs.js!/var/www/trexzactyl/node_modules/@heroicons/react/solid/esm/CogIcon.js
<s> [webpack.Progress] 66% building 1042/1110 modules 68 active /var/www/trexzactyl/node_modules/source-map-loader/dist/cjs.js!/var/www/trexzactyl/node_modules/@heroicons/react/solid/esm/CodeIcon.js
<s> [webpack.Progress] 66% building 1042/1111 modules 69 active /var/www/trexzactyl/node_modules/source-map-loader/dist/cjs.js!/var/www/trexzactyl/node_modules/@heroicons/react/solid/esm/CloudIcon.js
<s> [webpack.Progress] 66% building 1042/1112 modules 70 active /var/www/trexzactyl/node_modules/source-map-loader/dist/cjs.js!/var/www/trexzactyl/node_modules/@heroicons/react/solid/esm/CloudUploadIcon.js
<s> [webpack.Progress] 66% building 1042/1113 modules 71 active /var/www/trexzactyl/node_modules/source-map-loader/dist/cjs.js!/var/www/trexzactyl/node_modules/@heroicons/react/solid/esm/CloudDownloadIcon.js
<s> [webpack.Progress] 66% building 1042/1114 modules 72 active /var/www/trexzactyl/node_modules/source-map-loader/dist/cjs.js!/var/www/trexzactyl/node_modules/@heroicons/react/solid/esm/ClockIcon.js
<s> [webpack.Progress] 66% building 1042/1115 modules 73 active /var/www/trexzactyl/node_modules/source-map-loader/dist/cjs.js!/var/www/trexzactyl/node_modules/@heroicons/react/solid/esm/ClipboardIcon.js
<s> [webpack.Progress] 66% building 1042/1116 modules 74 active /var/www/trexzactyl/node_modules/source-map-loader/dist/cjs.js!/var/www/trexzactyl/node_modules/@heroicons/react/solid/esm/ClipboardListIcon.js
<s> [webpack.Progress] 65% building 1042/1117 modules 75 active /var/www/trexzactyl/node_modules/source-map-loader/dist/cjs.js!/var/www/trexzactyl/node_modules/@heroicons/react/solid/esm/ClipboardCopyIcon.js
<s> [webpack.Progress] 65% building 1042/1118 modules 76 active /var/www/trexzactyl/node_modules/source-map-loader/dist/cjs.js!/var/www/trexzactyl/node_modules/@heroicons/react/solid/esm/ClipboardCheckIcon.js
<s> [webpack.Progress] 65% building 1042/1119 modules 77 active /var/www/trexzactyl/node_modules/source-map-loader/dist/cjs.js!/var/www/trexzactyl/node_modules/@heroicons/react/solid/esm/ChipIcon.js
<s> [webpack.Progress] 65% building 1042/1120 modules 78 active /var/www/trexzactyl/node_modules/source-map-loader/dist/cjs.js!/var/www/trexzactyl/node_modules/@heroicons/react/solid/esm/ChevronUpIcon.js
<s> [webpack.Progress] 65% building 1042/1121 modules 79 active /var/www/trexzactyl/node_modules/source-map-loader/dist/cjs.js!/var/www/trexzactyl/node_modules/@heroicons/react/solid/esm/ChevronRightIcon.js
<s> [webpack.Progress] 65% building 1042/1122 modules 80 active /var/www/trexzactyl/node_modules/source-map-loader/dist/cjs.js!/var/www/trexzactyl/node_modules/@heroicons/react/solid/esm/ChevronLeftIcon.js
<s> [webpack.Progress] 65% building 1042/1123 modules 81 active /var/www/trexzactyl/node_modules/source-map-loader/dist/cjs.js!/var/www/trexzactyl/node_modules/@heroicons/react/solid/esm/ChevronDownIcon.js
<s> [webpack.Progress] 65% building 1042/1124 modules 82 active /var/www/trexzactyl/node_modules/source-map-loader/dist/cjs.js!/var/www/trexzactyl/node_modules/@heroicons/react/solid/esm/ChevronDoubleUpIcon.js
<s> [webpack.Progress] 65% building 1042/1125 modules 83 active /var/www/trexzactyl/node_modules/source-map-loader/dist/cjs.js!/var/www/trexzactyl/node_modules/@heroicons/react/solid/esm/ChevronDoubleRightIcon.js
<s> [webpack.Progress] 65% building 1043/1125 modules 82 active /var/www/trexzactyl/node_modules/source-map-loader/dist/cjs.js!/var/www/trexzactyl/node_modules/@heroicons/react/solid/esm/ChevronDoubleRightIcon.js
<s> [webpack.Progress] 65% building 1044/1125 modules 81 active /var/www/trexzactyl/node_modules/source-map-loader/dist/cjs.js!/var/www/trexzactyl/node_modules/@heroicons/react/solid/esm/ChevronDoubleRightIcon.js
<s> [webpack.Progress] 65% building 1044/1126 modules 82 active /var/www/trexzactyl/node_modules/source-map-loader/dist/cjs.js!/var/www/trexzactyl/node_modules/@heroicons/react/solid/esm/ChevronDoubleLeftIcon.js
<s> [webpack.Progress] 65% building 1045/1126 modules 81 active /var/www/trexzactyl/node_modules/source-map-loader/dist/cjs.js!/var/www/trexzactyl/node_modules/@heroicons/react/solid/esm/ChevronDoubleLeftIcon.js
<s> [webpack.Progress] 65% building 1045/1127 modules 82 active /var/www/trexzactyl/node_modules/source-map-loader/dist/cjs.js!/var/www/trexzactyl/node_modules/@heroicons/react/solid/esm/ChevronDoubleDownIcon.js
<s> [webpack.Progress] 65% building 1045/1128 modules 83 active /var/www/trexzactyl/node_modules/source-map-loader/dist/cjs.js!/var/www/trexzactyl/node_modules/@heroicons/react/solid/esm/CheckIcon.js
<s> [webpack.Progress] 65% building 1045/1129 modules 84 active /var/www/trexzactyl/node_modules/source-map-loader/dist/cjs.js!/var/www/trexzactyl/node_modules/@heroicons/react/solid/esm/CheckCircleIcon.js
<s> [webpack.Progress] 65% building 1045/1130 modules 85 active /var/www/trexzactyl/node_modules/source-map-loader/dist/cjs.js!/var/www/trexzactyl/node_modules/@heroicons/react/solid/esm/ChatIcon.js
<s> [webpack.Progress] 65% building 1045/1131 modules 86 active /var/www/trexzactyl/node_modules/source-map-loader/dist/cjs.js!/var/www/trexzactyl/node_modules/@heroicons/react/solid/esm/ChatAltIcon.js
<s> [webpack.Progress] 65% building 1045/1132 modules 87 active /var/www/trexzactyl/node_modules/source-map-loader/dist/cjs.js!/var/www/trexzactyl/node_modules/@heroicons/react/solid/esm/ChatAlt2Icon.js
<s> [webpack.Progress] 65% building 1045/1133 modules 88 active /var/www/trexzactyl/node_modules/source-map-loader/dist/cjs.js!/var/www/trexzactyl/node_modules/@heroicons/react/solid/esm/ChartSquareBarIcon.js
<s> [webpack.Progress] 65% building 1045/1134 modules 89 active /var/www/trexzactyl/node_modules/source-map-loader/dist/cjs.js!/var/www/trexzactyl/node_modules/@heroicons/react/solid/esm/ChartPieIcon.js
<s> [webpack.Progress] 65% building 1046/1134 modules 88 active /var/www/trexzactyl/node_modules/source-map-loader/dist/cjs.js!/var/www/trexzactyl/node_modules/@heroicons/react/solid/esm/ChartPieIcon.js
<s> [webpack.Progress] 65% building 1046/1135 modules 89 active /var/www/trexzactyl/node_modules/source-map-loader/dist/cjs.js!/var/www/trexzactyl/node_modules/@heroicons/react/solid/esm/ChartBarIcon.js
<s> [webpack.Progress] 65% building 1047/1135 modules 88 active /var/www/trexzactyl/node_modules/source-map-loader/dist/cjs.js!/var/www/trexzactyl/node_modules/@heroicons/react/solid/esm/ChartBarIcon.js
<s> [webpack.Progress] 65% building 1048/1135 modules 87 active /var/www/trexzactyl/node_modules/source-map-loader/dist/cjs.js!/var/www/trexzactyl/node_modules/@heroicons/react/solid/esm/ChartBarIcon.js
<s> [webpack.Progress] 65% building 1048/1136 modules 88 active /var/www/trexzactyl/node_modules/source-map-loader/dist/cjs.js!/var/www/trexzactyl/node_modules/@heroicons/react/solid/esm/CashIcon.js
<s> [webpack.Progress] 65% building 1048/1137 modules 89 active /var/www/trexzactyl/node_modules/source-map-loader/dist/cjs.js!/var/www/trexzactyl/node_modules/@heroicons/react/solid/esm/CameraIcon.js
<s> [webpack.Progress] 65% building 1048/1138 modules 90 active /var/www/trexzactyl/node_modules/source-map-loader/dist/cjs.js!/var/www/trexzactyl/node_modules/@heroicons/react/solid/esm/CalendarIcon.js
<s> [webpack.Progress] 65% building 1049/1138 modules 89 active /var/www/trexzactyl/node_modules/source-map-loader/dist/cjs.js!/var/www/trexzactyl/node_modules/@heroicons/react/solid/esm/CalendarIcon.js
<s> [webpack.Progress] 65% building 1049/1139 modules 90 active /var/www/trexzactyl/node_modules/source-map-loader/dist/cjs.js!/var/www/trexzactyl/node_modules/@heroicons/react/solid/esm/CalculatorIcon.js
<s> [webpack.Progress] 65% building 1050/1139 modules 89 active /var/www/trexzactyl/node_modules/source-map-loader/dist/cjs.js!/var/www/trexzactyl/node_modules/@heroicons/react/solid/esm/CalculatorIcon.js
<s> [webpack.Progress] 65% building 1050/1140 modules 90 active /var/www/trexzactyl/node_modules/source-map-loader/dist/cjs.js!/var/www/trexzactyl/node_modules/@heroicons/react/solid/esm/CakeIcon.js
<s> [webpack.Progress] 65% building 1050/1141 modules 91 active /var/www/trexzactyl/node_modules/source-map-loader/dist/cjs.js!/var/www/trexzactyl/node_modules/@heroicons/react/solid/esm/BriefcaseIcon.js
<s> [webpack.Progress] 65% building 1051/1141 modules 90 active /var/www/trexzactyl/node_modules/source-map-loader/dist/cjs.js!/var/www/trexzactyl/node_modules/@heroicons/react/solid/esm/BriefcaseIcon.js
<s> [webpack.Progress] 65% building 1052/1141 modules 89 active /var/www/trexzactyl/node_modules/source-map-loader/dist/cjs.js!/var/www/trexzactyl/node_modules/@heroicons/react/solid/esm/BriefcaseIcon.js
<s> [webpack.Progress] 65% building 1053/1141 modules 88 active /var/www/trexzactyl/node_modules/source-map-loader/dist/cjs.js!/var/www/trexzactyl/node_modules/@heroicons/react/solid/esm/BriefcaseIcon.js
<s> [webpack.Progress] 65% building 1054/1141 modules 87 active /var/www/trexzactyl/node_modules/source-map-loader/dist/cjs.js!/var/www/trexzactyl/node_modules/@heroicons/react/solid/esm/BriefcaseIcon.js
<s> [webpack.Progress] 65% building 1055/1141 modules 86 active /var/www/trexzactyl/node_modules/source-map-loader/dist/cjs.js!/var/www/trexzactyl/node_modules/@heroicons/react/solid/esm/BriefcaseIcon.js
<s> [webpack.Progress] 65% building 1056/1141 modules 85 active /var/www/trexzactyl/node_modules/source-map-loader/dist/cjs.js!/var/www/trexzactyl/node_modules/@heroicons/react/solid/esm/BriefcaseIcon.js
<s> [webpack.Progress] 65% building 1057/1141 modules 84 active /var/www/trexzactyl/node_modules/source-map-loader/dist/cjs.js!/var/www/trexzactyl/node_modules/@heroicons/react/solid/esm/BriefcaseIcon.js
<s> [webpack.Progress] 65% building 1058/1141 modules 83 active /var/www/trexzactyl/node_modules/source-map-loader/dist/cjs.js!/var/www/trexzactyl/node_modules/@heroicons/react/solid/esm/BriefcaseIcon.js
<s> [webpack.Progress] 65% building 1058/1142 modules 84 active /var/www/trexzactyl/node_modules/source-map-loader/dist/cjs.js!/var/www/trexzactyl/node_modules/@heroicons/react/solid/esm/BookmarkIcon.js
<s> [webpack.Progress] 65% building 1059/1142 modules 83 active /var/www/trexzactyl/node_modules/source-map-loader/dist/cjs.js!/var/www/trexzactyl/node_modules/@heroicons/react/solid/esm/BookmarkIcon.js
<s> [webpack.Progress] 65% building 1060/1142 modules 82 active /var/www/trexzactyl/node_modules/source-map-loader/dist/cjs.js!/var/www/trexzactyl/node_modules/@heroicons/react/solid/esm/BookmarkIcon.js
<s> [webpack.Progress] 65% building 1061/1142 modules 81 active /var/www/trexzactyl/node_modules/source-map-loader/dist/cjs.js!/var/www/trexzactyl/node_modules/@heroicons/react/solid/esm/BookmarkIcon.js
<s> [webpack.Progress] 65% building 1062/1142 modules 80 active /var/www/trexzactyl/node_modules/source-map-loader/dist/cjs.js!/var/www/trexzactyl/node_modules/@heroicons/react/solid/esm/BookmarkIcon.js
<s> [webpack.Progress] 65% building 1063/1142 modules 79 active /var/www/trexzactyl/node_modules/source-map-loader/dist/cjs.js!/var/www/trexzactyl/node_modules/@heroicons/react/solid/esm/BookmarkIcon.js
<s> [webpack.Progress] 65% building 1064/1142 modules 78 active /var/www/trexzactyl/node_modules/source-map-loader/dist/cjs.js!/var/www/trexzactyl/node_modules/@heroicons/react/solid/esm/BookmarkIcon.js
<s> [webpack.Progress] 65% building 1065/1142 modules 77 active /var/www/trexzactyl/node_modules/source-map-loader/dist/cjs.js!/var/www/trexzactyl/node_modules/@heroicons/react/solid/esm/BookmarkIcon.js
<s> [webpack.Progress] 66% building 1066/1142 modules 76 active /var/www/trexzactyl/node_modules/source-map-loader/dist/cjs.js!/var/www/trexzactyl/node_modules/@heroicons/react/solid/esm/BookmarkIcon.js
<s> [webpack.Progress] 66% building 1067/1142 modules 75 active /var/www/trexzactyl/node_modules/source-map-loader/dist/cjs.js!/var/www/trexzactyl/node_modules/@heroicons/react/solid/esm/BookmarkIcon.js
<s> [webpack.Progress] 66% building 1068/1142 modules 74 active /var/www/trexzactyl/node_modules/source-map-loader/dist/cjs.js!/var/www/trexzactyl/node_modules/@heroicons/react/solid/esm/BookmarkIcon.js
<s> [webpack.Progress] 66% building 1069/1142 modules 73 active /var/www/trexzactyl/node_modules/source-map-loader/dist/cjs.js!/var/www/trexzactyl/node_modules/@heroicons/react/solid/esm/BookmarkIcon.js
<s> [webpack.Progress] 66% building 1070/1142 modules 72 active /var/www/trexzactyl/node_modules/source-map-loader/dist/cjs.js!/var/www/trexzactyl/node_modules/@heroicons/react/solid/esm/BookmarkIcon.js
<s> [webpack.Progress] 66% building 1071/1142 modules 71 active /var/www/trexzactyl/node_modules/source-map-loader/dist/cjs.js!/var/www/trexzactyl/node_modules/@heroicons/react/solid/esm/BookmarkIcon.js
<s> [webpack.Progress] 66% building 1072/1142 modules 70 active /var/www/trexzactyl/node_modules/source-map-loader/dist/cjs.js!/var/www/trexzactyl/node_modules/@heroicons/react/solid/esm/BookmarkIcon.js
<s> [webpack.Progress] 66% building 1073/1142 modules 69 active /var/www/trexzactyl/node_modules/source-map-loader/dist/cjs.js!/var/www/trexzactyl/node_modules/@heroicons/react/solid/esm/BookmarkIcon.js
<s> [webpack.Progress] 66% building 1074/1142 modules 68 active /var/www/trexzactyl/node_modules/source-map-loader/dist/cjs.js!/var/www/trexzactyl/node_modules/@heroicons/react/solid/esm/BookmarkIcon.js
<s> [webpack.Progress] 66% building 1075/1142 modules 67 active /var/www/trexzactyl/node_modules/source-map-loader/dist/cjs.js!/var/www/trexzactyl/node_modules/@heroicons/react/solid/esm/BookmarkIcon.js
<s> [webpack.Progress] 66% building 1076/1142 modules 66 active /var/www/trexzactyl/node_modules/source-map-loader/dist/cjs.js!/var/www/trexzactyl/node_modules/@heroicons/react/solid/esm/BookmarkIcon.js
<s> [webpack.Progress] 66% building 1077/1142 modules 65 active /var/www/trexzactyl/node_modules/source-map-loader/dist/cjs.js!/var/www/trexzactyl/node_modules/@heroicons/react/solid/esm/BookmarkIcon.js
<s> [webpack.Progress] 66% building 1078/1142 modules 64 active /var/www/trexzactyl/node_modules/source-map-loader/dist/cjs.js!/var/www/trexzactyl/node_modules/@heroicons/react/solid/esm/BookmarkIcon.js
<s> [webpack.Progress] 66% building 1079/1142 modules 63 active /var/www/trexzactyl/node_modules/source-map-loader/dist/cjs.js!/var/www/trexzactyl/node_modules/@heroicons/react/solid/esm/BookmarkIcon.js
<s> [webpack.Progress] 66% building 1080/1142 modules 62 active /var/www/trexzactyl/node_modules/source-map-loader/dist/cjs.js!/var/www/trexzactyl/node_modules/@heroicons/react/solid/esm/BookmarkIcon.js
<s> [webpack.Progress] 66% building 1081/1142 modules 61 active /var/www/trexzactyl/node_modules/source-map-loader/dist/cjs.js!/var/www/trexzactyl/node_modules/@heroicons/react/solid/esm/BookmarkIcon.js
<s> [webpack.Progress] 66% building 1082/1142 modules 60 active /var/www/trexzactyl/node_modules/source-map-loader/dist/cjs.js!/var/www/trexzactyl/node_modules/@heroicons/react/solid/esm/BookmarkIcon.js
<s> [webpack.Progress] 66% building 1083/1142 modules 59 active /var/www/trexzactyl/node_modules/source-map-loader/dist/cjs.js!/var/www/trexzactyl/node_modules/@heroicons/react/solid/esm/BookmarkIcon.js
<s> [webpack.Progress] 66% building 1083/1143 modules 60 active /var/www/trexzactyl/node_modules/source-map-loader/dist/cjs.js!/var/www/trexzactyl/node_modules/@heroicons/react/solid/esm/BookmarkAltIcon.js
<s> [webpack.Progress] 66% building 1083/1144 modules 61 active /var/www/trexzactyl/node_modules/source-map-loader/dist/cjs.js!/var/www/trexzactyl/node_modules/@heroicons/react/solid/esm/BookOpenIcon.js
<s> [webpack.Progress] 66% building 1083/1145 modules 62 active /var/www/trexzactyl/node_modules/source-map-loader/dist/cjs.js!/var/www/trexzactyl/node_modules/@heroicons/react/solid/esm/BellIcon.js
<s> [webpack.Progress] 66% building 1084/1145 modules 61 active /var/www/trexzactyl/node_modules/source-map-loader/dist/cjs.js!/var/www/trexzactyl/node_modules/@heroicons/react/solid/esm/BellIcon.js
<s> [webpack.Progress] 66% building 1085/1145 modules 60 active /var/www/trexzactyl/node_modules/source-map-loader/dist/cjs.js!/var/www/trexzactyl/node_modules/@heroicons/react/solid/esm/BellIcon.js
<s> [webpack.Progress] 66% building 1086/1145 modules 59 active /var/www/trexzactyl/node_modules/source-map-loader/dist/cjs.js!/var/www/trexzactyl/node_modules/@heroicons/react/solid/esm/BellIcon.js
<s> [webpack.Progress] 66% building 1087/1145 modules 58 active /var/www/trexzactyl/node_modules/source-map-loader/dist/cjs.js!/var/www/trexzactyl/node_modules/@heroicons/react/solid/esm/BellIcon.js
<s> [webpack.Progress] 67% building 1088/1145 modules 57 active /var/www/trexzactyl/node_modules/source-map-loader/dist/cjs.js!/var/www/trexzactyl/node_modules/@heroicons/react/solid/esm/BellIcon.js
<s> [webpack.Progress] 67% building 1089/1145 modules 56 active /var/www/trexzactyl/node_modules/source-map-loader/dist/cjs.js!/var/www/trexzactyl/node_modules/@heroicons/react/solid/esm/BellIcon.js
<s> [webpack.Progress] 67% building 1089/1146 modules 57 active /var/www/trexzactyl/node_modules/source-map-loader/dist/cjs.js!/var/www/trexzactyl/node_modules/@heroicons/react/solid/esm/BeakerIcon.js
<s> [webpack.Progress] 67% building 1090/1146 modules 56 active /var/www/trexzactyl/node_modules/source-map-loader/dist/cjs.js!/var/www/trexzactyl/node_modules/@heroicons/react/solid/esm/BeakerIcon.js
<s> [webpack.Progress] 67% building 1091/1146 modules 55 active /var/www/trexzactyl/node_modules/source-map-loader/dist/cjs.js!/var/www/trexzactyl/node_modules/@heroicons/react/solid/esm/BeakerIcon.js
<s> [webpack.Progress] 67% building 1091/1147 modules 56 active /var/www/trexzactyl/node_modules/source-map-loader/dist/cjs.js!/var/www/trexzactyl/node_modules/@heroicons/react/solid/esm/BanIcon.js
<s> [webpack.Progress] 67% building 1092/1147 modules 55 active /var/www/trexzactyl/node_modules/source-map-loader/dist/cjs.js!/var/www/trexzactyl/node_modules/@heroicons/react/solid/esm/BanIcon.js
<s> [webpack.Progress] 67% building 1093/1147 modules 54 active /var/www/trexzactyl/node_modules/source-map-loader/dist/cjs.js!/var/www/trexzactyl/node_modules/@heroicons/react/solid/esm/BanIcon.js
<s> [webpack.Progress] 67% building 1094/1147 modules 53 active /var/www/trexzactyl/node_modules/source-map-loader/dist/cjs.js!/var/www/trexzactyl/node_modules/@heroicons/react/solid/esm/BanIcon.js
<s> [webpack.Progress] 67% building 1095/1147 modules 52 active /var/www/trexzactyl/node_modules/source-map-loader/dist/cjs.js!/var/www/trexzactyl/node_modules/@heroicons/react/solid/esm/BanIcon.js
<s> [webpack.Progress] 67% building 1096/1147 modules 51 active /var/www/trexzactyl/node_modules/source-map-loader/dist/cjs.js!/var/www/trexzactyl/node_modules/@heroicons/react/solid/esm/BanIcon.js
<s> [webpack.Progress] 67% building 1096/1148 modules 52 active /var/www/trexzactyl/node_modules/source-map-loader/dist/cjs.js!/var/www/trexzactyl/node_modules/@heroicons/react/solid/esm/BadgeCheckIcon.js
<s> [webpack.Progress] 67% building 1097/1148 modules 51 active /var/www/trexzactyl/node_modules/source-map-loader/dist/cjs.js!/var/www/trexzactyl/node_modules/@heroicons/react/solid/esm/BadgeCheckIcon.js
<s> [webpack.Progress] 67% building 1098/1148 modules 50 active /var/www/trexzactyl/node_modules/source-map-loader/dist/cjs.js!/var/www/trexzactyl/node_modules/@heroicons/react/solid/esm/BadgeCheckIcon.js
<s> [webpack.Progress] 67% building 1099/1148 modules 49 active /var/www/trexzactyl/node_modules/source-map-loader/dist/cjs.js!/var/www/trexzactyl/node_modules/@heroicons/react/solid/esm/BadgeCheckIcon.js
<s> [webpack.Progress] 67% building 1099/1149 modules 50 active /var/www/trexzactyl/node_modules/source-map-loader/dist/cjs.js!/var/www/trexzactyl/node_modules/@heroicons/react/solid/esm/BackspaceIcon.js
<s> [webpack.Progress] 67% building 1099/1150 modules 51 active /var/www/trexzactyl/node_modules/source-map-loader/dist/cjs.js!/var/www/trexzactyl/node_modules/@heroicons/react/solid/esm/AtSymbolIcon.js
<s> [webpack.Progress] 67% building 1099/1151 modules 52 active /var/www/trexzactyl/node_modules/source-map-loader/dist/cjs.js!/var/www/trexzactyl/node_modules/@heroicons/react/solid/esm/ArrowsExpandIcon.js
<s> [webpack.Progress] 67% building 1099/1152 modules 53 active /var/www/trexzactyl/node_modules/source-map-loader/dist/cjs.js!/var/www/trexzactyl/node_modules/@heroicons/react/solid/esm/ArrowUpIcon.js
<s> [webpack.Progress] 67% building 1099/1153 modules 54 active /var/www/trexzactyl/node_modules/source-map-loader/dist/cjs.js!/var/www/trexzactyl/node_modules/@heroicons/react/solid/esm/ArrowSmUpIcon.js
<s> [webpack.Progress] 67% building 1099/1154 modules 55 active /var/www/trexzactyl/node_modules/source-map-loader/dist/cjs.js!/var/www/trexzactyl/node_modules/@heroicons/react/solid/esm/ArrowSmRightIcon.js
<s> [webpack.Progress] 67% building 1099/1155 modules 56 active /var/www/trexzactyl/node_modules/source-map-loader/dist/cjs.js!/var/www/trexzactyl/node_modules/@heroicons/react/solid/esm/ArrowSmLeftIcon.js
<s> [webpack.Progress] 67% building 1100/1155 modules 55 active /var/www/trexzactyl/node_modules/source-map-loader/dist/cjs.js!/var/www/trexzactyl/node_modules/@heroicons/react/solid/esm/ArrowSmLeftIcon.js
<s> [webpack.Progress] 67% building 1100/1156 modules 56 active /var/www/trexzactyl/node_modules/source-map-loader/dist/cjs.js!/var/www/trexzactyl/node_modules/@heroicons/react/solid/esm/ArrowSmDownIcon.js
<s> [webpack.Progress] 67% building 1101/1156 modules 55 active /var/www/trexzactyl/node_modules/source-map-loader/dist/cjs.js!/var/www/trexzactyl/node_modules/@heroicons/react/solid/esm/ArrowSmDownIcon.js
<s> [webpack.Progress] 67% building 1101/1157 modules 56 active /var/www/trexzactyl/node_modules/source-map-loader/dist/cjs.js!/var/www/trexzactyl/node_modules/@heroicons/react/solid/esm/ArrowRightIcon.js
<s> [webpack.Progress] 67% building 1102/1157 modules 55 active /var/www/trexzactyl/node_modules/source-map-loader/dist/cjs.js!/var/www/trexzactyl/node_modules/@heroicons/react/solid/esm/ArrowRightIcon.js
<s> [webpack.Progress] 67% building 1102/1158 modules 56 active /var/www/trexzactyl/node_modules/source-map-loader/dist/cjs.js!/var/www/trexzactyl/node_modules/@heroicons/react/solid/esm/ArrowNarrowUpIcon.js
<s> [webpack.Progress] 67% building 1103/1158 modules 55 active /var/www/trexzactyl/node_modules/source-map-loader/dist/cjs.js!/var/www/trexzactyl/node_modules/@heroicons/react/solid/esm/ArrowNarrowUpIcon.js
<s> [webpack.Progress] 67% building 1103/1159 modules 56 active /var/www/trexzactyl/node_modules/source-map-loader/dist/cjs.js!/var/www/trexzactyl/node_modules/@heroicons/react/solid/esm/ArrowNarrowRightIcon.js
<s> [webpack.Progress] 67% building 1103/1160 modules 57 active /var/www/trexzactyl/node_modules/source-map-loader/dist/cjs.js!/var/www/trexzactyl/node_modules/@heroicons/react/solid/esm/ArrowNarrowLeftIcon.js
<s> [webpack.Progress] 67% building 1103/1161 modules 58 active /var/www/trexzactyl/node_modules/source-map-loader/dist/cjs.js!/var/www/trexzactyl/node_modules/@heroicons/react/solid/esm/ArrowNarrowDownIcon.js
<s> [webpack.Progress] 66% building 1103/1162 modules 59 active /var/www/trexzactyl/node_modules/source-map-loader/dist/cjs.js!/var/www/trexzactyl/node_modules/@heroicons/react/solid/esm/ArrowLeftIcon.js
<s> [webpack.Progress] 66% building 1103/1163 modules 60 active /var/www/trexzactyl/node_modules/source-map-loader/dist/cjs.js!/var/www/trexzactyl/node_modules/@heroicons/react/solid/esm/ArrowDownIcon.js
<s> [webpack.Progress] 66% building 1103/1164 modules 61 active /var/www/trexzactyl/node_modules/source-map-loader/dist/cjs.js!/var/www/trexzactyl/node_modules/@heroicons/react/solid/esm/ArrowCircleUpIcon.js
<s> [webpack.Progress] 66% building 1103/1165 modules 62 active /var/www/trexzactyl/node_modules/source-map-loader/dist/cjs.js!/var/www/trexzactyl/node_modules/@heroicons/react/solid/esm/ArrowCircleRightIcon.js
<s> [webpack.Progress] 66% building 1103/1166 modules 63 active /var/www/trexzactyl/node_modules/source-map-loader/dist/cjs.js!/var/www/trexzactyl/node_modules/@heroicons/react/solid/esm/ArrowCircleLeftIcon.js
<s> [webpack.Progress] 66% building 1103/1167 modules 64 active /var/www/trexzactyl/node_modules/source-map-loader/dist/cjs.js!/var/www/trexzactyl/node_modules/@heroicons/react/solid/esm/ArrowCircleDownIcon.js
<s> [webpack.Progress] 66% building 1103/1168 modules 65 active /var/www/trexzactyl/node_modules/source-map-loader/dist/cjs.js!/var/www/trexzactyl/node_modules/@heroicons/react/solid/esm/ArchiveIcon.js
<s> [webpack.Progress] 66% building 1104/1168 modules 64 active /var/www/trexzactyl/node_modules/source-map-loader/dist/cjs.js!/var/www/trexzactyl/node_modules/@heroicons/react/solid/esm/ArchiveIcon.js
<s> [webpack.Progress] 66% building 1105/1168 modules 63 active /var/www/trexzactyl/node_modules/source-map-loader/dist/cjs.js!/var/www/trexzactyl/node_modules/@heroicons/react/solid/esm/ArchiveIcon.js
<s> [webpack.Progress] 66% building 1105/1169 modules 64 active /var/www/trexzactyl/node_modules/source-map-loader/dist/cjs.js!/var/www/trexzactyl/node_modules/@heroicons/react/solid/esm/AdjustmentsIcon.js
<s> [webpack.Progress] 66% building 1105/1170 modules 65 active /var/www/trexzactyl/node_modules/source-map-loader/dist/cjs.js!/var/www/trexzactyl/node_modules/@heroicons/react/solid/esm/AnnotationIcon.js
<s> [webpack.Progress] 66% building 1105/1171 modules 66 active /var/www/trexzactyl/node_modules/framer-motion/dist/es/value/use-inverted-scale.mjs
<s> [webpack.Progress] 66% building 1105/1172 modules 67 active /var/www/trexzactyl/node_modules/framer-motion/dist/es/animation/use-animated-state.mjs
<s> [webpack.Progress] 66% building 1106/1172 modules 66 active /var/www/trexzactyl/node_modules/framer-motion/dist/es/animation/use-animated-state.mjs
<s> [webpack.Progress] 66% building 1107/1172 modules 65 active /var/www/trexzactyl/node_modules/framer-motion/dist/es/animation/use-animated-state.mjs
<s> [webpack.Progress] 66% building 1108/1172 modules 64 active /var/www/trexzactyl/node_modules/framer-motion/dist/es/animation/use-animated-state.mjs
<s> [webpack.Progress] 66% building 1108/1173 modules 65 active /var/www/trexzactyl/node_modules/framer-motion/dist/es/context/DeprecatedLayoutGroupContext.mjs
<s> [webpack.Progress] 66% building 1109/1173 modules 64 active /var/www/trexzactyl/node_modules/framer-motion/dist/es/context/DeprecatedLayoutGroupContext.mjs
<s> [webpack.Progress] 66% building 1110/1173 modules 63 active /var/www/trexzactyl/node_modules/framer-motion/dist/es/context/DeprecatedLayoutGroupContext.mjs
<s> [webpack.Progress] 66% building 1110/1174 modules 64 active /var/www/trexzactyl/node_modules/framer-motion/dist/es/projection/use-reset-projection.mjs
<s> [webpack.Progress] 66% building 1110/1175 modules 65 active /var/www/trexzactyl/node_modules/framer-motion/dist/es/projection/use-instant-layout-transition.mjs
<s> [webpack.Progress] 66% building 1110/1176 modules 66 active /var/www/trexzactyl/node_modules/framer-motion/dist/es/utils/use-instant-transition.mjs
<s> [webpack.Progress] 66% building 1111/1176 modules 65 active /var/www/trexzactyl/node_modules/framer-motion/dist/es/utils/use-instant-transition.mjs
<s> [webpack.Progress] 66% building 1112/1176 modules 64 active /var/www/trexzactyl/node_modules/framer-motion/dist/es/utils/use-instant-transition.mjs
<s> [webpack.Progress] 66% building 1113/1176 modules 63 active /var/www/trexzactyl/node_modules/framer-motion/dist/es/utils/use-instant-transition.mjs
<s> [webpack.Progress] 66% building 1114/1176 modules 62 active /var/www/trexzactyl/node_modules/framer-motion/dist/es/utils/use-instant-transition.mjs
<s> [webpack.Progress] 66% building 1114/1177 modules 63 active /var/www/trexzactyl/node_modules/framer-motion/dist/es/gestures/drag/use-drag-controls.mjs
<s> [webpack.Progress] 66% building 1114/1178 modules 64 active /var/www/trexzactyl/node_modules/framer-motion/dist/es/utils/use-in-view.mjs
<s> [webpack.Progress] 66% building 1114/1179 modules 65 active /var/www/trexzactyl/node_modules/framer-motion/dist/es/utils/transform.mjs
<s> [webpack.Progress] 66% building 1114/1180 modules 66 active /var/www/trexzactyl/node_modules/framer-motion/dist/es/utils/use-cycle.mjs
<s> [webpack.Progress] 66% building 1115/1180 modules 65 active /var/www/trexzactyl/node_modules/framer-motion/dist/es/utils/use-cycle.mjs
<s> [webpack.Progress] 66% building 1116/1180 modules 64 active /var/www/trexzactyl/node_modules/framer-motion/dist/es/utils/use-cycle.mjs
<s> [webpack.Progress] 66% building 1117/1180 modules 63 active /var/www/trexzactyl/node_modules/framer-motion/dist/es/utils/use-cycle.mjs
<s> [webpack.Progress] 66% building 1118/1180 modules 62 active /var/www/trexzactyl/node_modules/framer-motion/dist/es/utils/use-cycle.mjs
<s> [webpack.Progress] 66% building 1119/1180 modules 61 active /var/www/trexzactyl/node_modules/framer-motion/dist/es/utils/use-cycle.mjs
<s> [webpack.Progress] 66% building 1120/1180 modules 60 active /var/www/trexzactyl/node_modules/framer-motion/dist/es/utils/use-cycle.mjs
<s> [webpack.Progress] 67% building 1121/1180 modules 59 active /var/www/trexzactyl/node_modules/framer-motion/dist/es/utils/use-cycle.mjs
<s> [webpack.Progress] 66% building 1121/1181 modules 60 active /var/www/trexzactyl/node_modules/framer-motion/dist/es/utils/use-animation-frame.mjs
<s> [webpack.Progress] 67% building 1122/1181 modules 59 active /var/www/trexzactyl/node_modules/framer-motion/dist/es/utils/use-animation-frame.mjs
<s> [webpack.Progress] 66% building 1122/1182 modules 60 active /var/www/trexzactyl/node_modules/framer-motion/dist/es/animation/use-animation.mjs
<s> [webpack.Progress] 67% building 1123/1182 modules 59 active /var/www/trexzactyl/node_modules/framer-motion/dist/es/animation/use-animation.mjs
<s> [webpack.Progress] 67% building 1124/1182 modules 58 active /var/www/trexzactyl/node_modules/framer-motion/dist/es/animation/use-animation.mjs
<s> [webpack.Progress] 67% building 1125/1182 modules 57 active /var/www/trexzactyl/node_modules/framer-motion/dist/es/animation/use-animation.mjs
<s> [webpack.Progress] 67% building 1126/1182 modules 56 active /var/www/trexzactyl/node_modules/framer-motion/dist/es/animation/use-animation.mjs
<s> [webpack.Progress] 67% building 1127/1182 modules 55 active /var/www/trexzactyl/node_modules/framer-motion/dist/es/animation/use-animation.mjs
<s> [webpack.Progress] 67% building 1128/1182 modules 54 active /var/www/trexzactyl/node_modules/framer-motion/dist/es/animation/use-animation.mjs
<s> [webpack.Progress] 67% building 1129/1182 modules 53 active /var/www/trexzactyl/node_modules/framer-motion/dist/es/animation/use-animation.mjs
<s> [webpack.Progress] 67% building 1130/1182 modules 52 active /var/www/trexzactyl/node_modules/framer-motion/dist/es/animation/use-animation.mjs
<s> [webpack.Progress] 67% building 1131/1182 modules 51 active /var/www/trexzactyl/node_modules/framer-motion/dist/es/animation/use-animation.mjs
<s> [webpack.Progress] 67% building 1131/1183 modules 52 active /var/www/trexzactyl/node_modules/framer-motion/dist/es/animation/animation-controls.mjs
<s> [webpack.Progress] 67% building 1131/1184 modules 53 active /var/www/trexzactyl/node_modules/source-map-loader/dist/cjs.js!/var/www/trexzactyl/node_modules/@headlessui/react/dist/components/combobox/combobox.js
<s> [webpack.Progress] 67% building 1131/1185 modules 54 active /var/www/trexzactyl/node_modules/framer-motion/dist/es/value/use-time.mjs
<s> [webpack.Progress] 67% building 1132/1185 modules 53 active /var/www/trexzactyl/node_modules/framer-motion/dist/es/value/use-time.mjs
<s> [webpack.Progress] 67% building 1132/1186 modules 54 active /var/www/trexzactyl/node_modules/framer-motion/dist/es/value/use-scroll.mjs
<s> [webpack.Progress] 67% building 1132/1187 modules 55 active /var/www/trexzactyl/node_modules/framer-motion/dist/es/value/use-velocity.mjs
<s> [webpack.Progress] 67% building 1133/1187 modules 54 active /var/www/trexzactyl/node_modules/framer-motion/dist/es/value/use-velocity.mjs
<s> [webpack.Progress] 67% building 1133/1188 modules 55 active /var/www/trexzactyl/node_modules/source-map-loader/dist/cjs.js!/var/www/trexzactyl/node_modules/lodash-es/_SetCache.js
<s> [webpack.Progress] 67% building 1133/1189 modules 56 active /var/www/trexzactyl/node_modules/source-map-loader/dist/cjs.js!/var/www/trexzactyl/node_modules/lodash-es/_cacheHas.js
<s> [webpack.Progress] 67% building 1133/1190 modules 57 active /var/www/trexzactyl/node_modules/source-map-loader/dist/cjs.js!/var/www/trexzactyl/node_modules/lodash-es/_arraySome.js
<s> [webpack.Progress] 67% building 1133/1191 modules 58 active /var/www/trexzactyl/node_modules/framer-motion/dist/es/value/use-spring.mjs
<s> [webpack.Progress] 67% building 1133/1192 modules 59 active /var/www/trexzactyl/node_modules/framer-motion/dist/es/value/use-transform.mjs
<s> [webpack.Progress] 66% building 1133/1193 modules 60 active /var/www/trexzactyl/node_modules/framer-motion/dist/es/value/use-motion-template.mjs
<s> [webpack.Progress] 66% building 1133/1194 modules 61 active /var/www/trexzactyl/node_modules/framer-motion/dist/es/value/use-motion-value.mjs
<s> [webpack.Progress] 66% building 1133/1195 modules 62 active /var/www/trexzactyl/node_modules/framer-motion/dist/es/render/dom/features-max.mjs
<s> [webpack.Progress] 66% building 1133/1196 modules 63 active /var/www/trexzactyl/node_modules/framer-motion/dist/es/render/dom/features-animation.mjs
<s> [webpack.Progress] 66% building 1134/1196 modules 62 active /var/www/trexzactyl/node_modules/framer-motion/dist/es/render/dom/features-animation.mjs
<s> [webpack.Progress] 66% building 1135/1196 modules 61 active /var/www/trexzactyl/node_modules/framer-motion/dist/es/render/dom/features-animation.mjs
<s> [webpack.Progress] 66% building 1136/1196 modules 60 active /var/www/trexzactyl/node_modules/framer-motion/dist/es/render/dom/features-animation.mjs
<s> [webpack.Progress] 67% building 1137/1196 modules 59 active /var/www/trexzactyl/node_modules/framer-motion/dist/es/render/dom/features-animation.mjs
<s> [webpack.Progress] 67% building 1138/1196 modules 58 active /var/www/trexzactyl/node_modules/framer-motion/dist/es/render/dom/features-animation.mjs
<s> [webpack.Progress] 67% building 1139/1196 modules 57 active /var/www/trexzactyl/node_modules/framer-motion/dist/es/render/dom/features-animation.mjs
<s> [webpack.Progress] 67% building 1140/1196 modules 56 active /var/www/trexzactyl/node_modules/framer-motion/dist/es/render/dom/features-animation.mjs
<s> [webpack.Progress] 67% building 1140/1197 modules 57 active /var/www/trexzactyl/node_modules/framer-motion/dist/es/components/AnimateSharedLayout.mjs
<s> [webpack.Progress] 67% building 1140/1198 modules 58 active /var/www/trexzactyl/node_modules/framer-motion/dist/es/components/AnimatePresence/index.mjs
<s> [webpack.Progress] 67% building 1140/1199 modules 59 active /var/www/trexzactyl/node_modules/framer-motion/dist/es/render/dom/motion-minimal.mjs
<s> [webpack.Progress] 67% building 1140/1200 modules 60 active /var/www/trexzactyl/node_modules/source-map-loader/dist/cjs.js!/var/www/trexzactyl/node_modules/@heroicons/react/outline/esm/WifiIcon.js
<s> [webpack.Progress] 66% building 1140/1201 modules 61 active /var/www/trexzactyl/node_modules/source-map-loader/dist/cjs.js!/var/www/trexzactyl/node_modules/@heroicons/react/outline/esm/VolumeUpIcon.js
<s> [webpack.Progress] 66% building 1140/1202 modules 62 active /var/www/trexzactyl/node_modules/source-map-loader/dist/cjs.js!/var/www/trexzactyl/node_modules/@heroicons/react/outline/esm/VolumeOffIcon.js
<s> [webpack.Progress] 66% building 1140/1203 modules 63 active /var/www/trexzactyl/node_modules/source-map-loader/dist/cjs.js!/var/www/trexzactyl/node_modules/@heroicons/react/outline/esm/ViewListIcon.js
<s> [webpack.Progress] 66% building 1140/1204 modules 64 active /var/www/trexzactyl/node_modules/source-map-loader/dist/cjs.js!/var/www/trexzactyl/node_modules/@heroicons/react/outline/esm/ViewGridIcon.js
<s> [webpack.Progress] 66% building 1140/1205 modules 65 active /var/www/trexzactyl/node_modules/source-map-loader/dist/cjs.js!/var/www/trexzactyl/node_modules/@heroicons/react/outline/esm/ViewGridAddIcon.js
<s> [webpack.Progress] 66% building 1140/1206 modules 66 active /var/www/trexzactyl/node_modules/source-map-loader/dist/cjs.js!/var/www/trexzactyl/node_modules/@heroicons/react/outline/esm/ViewBoardsIcon.js
<s> [webpack.Progress] 66% building 1140/1207 modules 67 active /var/www/trexzactyl/node_modules/framer-motion/dist/es/value/scroll/use-viewport-scroll.mjs
<s> [webpack.Progress] 66% building 1140/1208 modules 68 active /var/www/trexzactyl/node_modules/framer-motion/dist/es/value/scroll/use-element-scroll.mjs
<s> [webpack.Progress] 66% building 1140/1209 modules 69 active /var/www/trexzactyl/node_modules/source-map-loader/dist/cjs.js!/var/www/trexzactyl/node_modules/@heroicons/react/outline/esm/VideoCameraIcon.js
<s> [webpack.Progress] 66% building 1140/1210 modules 70 active /var/www/trexzactyl/node_modules/source-map-loader/dist/cjs.js!/var/www/trexzactyl/node_modules/@heroicons/react/outline/esm/VariableIcon.js
<s> [webpack.Progress] 66% building 1140/1211 modules 71 active /var/www/trexzactyl/node_modules/source-map-loader/dist/cjs.js!/var/www/trexzactyl/node_modules/@heroicons/react/outline/esm/UsersIcon.js
<s> [webpack.Progress] 66% building 1140/1212 modules 72 active /var/www/trexzactyl/node_modules/source-map-loader/dist/cjs.js!/var/www/trexzactyl/node_modules/@heroicons/react/outline/esm/UserIcon.js
<s> [webpack.Progress] 66% building 1140/1213 modules 73 active /var/www/trexzactyl/node_modules/source-map-loader/dist/cjs.js!/var/www/trexzactyl/node_modules/@heroicons/react/outline/esm/UserRemoveIcon.js
<s> [webpack.Progress] 66% building 1140/1214 modules 74 active /var/www/trexzactyl/node_modules/source-map-loader/dist/cjs.js!/var/www/trexzactyl/node_modules/@heroicons/react/outline/esm/UserGroupIcon.js
<s> [webpack.Progress] 66% building 1140/1215 modules 75 active /var/www/trexzactyl/node_modules/source-map-loader/dist/cjs.js!/var/www/trexzactyl/node_modules/@heroicons/react/outline/esm/UserCircleIcon.js
<s> [webpack.Progress] 66% building 1140/1216 modules 76 active /var/www/trexzactyl/node_modules/source-map-loader/dist/cjs.js!/var/www/trexzactyl/node_modules/@heroicons/react/outline/esm/UserAddIcon.js
<s> [webpack.Progress] 66% building 1140/1217 modules 77 active /var/www/trexzactyl/node_modules/source-map-loader/dist/cjs.js!/var/www/trexzactyl/node_modules/@heroicons/react/outline/esm/UploadIcon.js
<s> [webpack.Progress] 66% building 1140/1218 modules 78 active /var/www/trexzactyl/node_modules/framer-motion/dist/es/components/Reorder/index.mjs
<s> [webpack.Progress] 66% building 1140/1219 modules 79 active /var/www/trexzactyl/node_modules/source-map-loader/dist/cjs.js!/var/www/trexzactyl/node_modules/@heroicons/react/outline/esm/TruckIcon.js
<s> [webpack.Progress] 66% building 1141/1219 modules 78 active /var/www/trexzactyl/node_modules/source-map-loader/dist/cjs.js!/var/www/trexzactyl/node_modules/@heroicons/react/outline/esm/TruckIcon.js
<s> [webpack.Progress] 66% building 1141/1220 modules 79 active /var/www/trexzactyl/node_modules/source-map-loader/dist/cjs.js!/var/www/trexzactyl/node_modules/date-fns/esm/_lib/startOfUTCISOWeekYear/index.js
<s> [webpack.Progress] 66% building 1142/1220 modules 78 active /var/www/trexzactyl/node_modules/source-map-loader/dist/cjs.js!/var/www/trexzactyl/node_modules/date-fns/esm/_lib/startOfUTCISOWeekYear/index.js
<s> [webpack.Progress] 66% building 1142/1221 modules 79 active /var/www/trexzactyl/node_modules/source-map-loader/dist/cjs.js!/var/www/trexzactyl/node_modules/date-fns/esm/_lib/startOfUTCWeekYear/index.js
<s> [webpack.Progress] 66% building 1142/1222 modules 80 active /var/www/trexzactyl/node_modules/source-map-loader/dist/cjs.js!/var/www/trexzactyl/node_modules/@heroicons/react/outline/esm/TrendingUpIcon.js
<s> [webpack.Progress] 66% building 1142/1223 modules 81 active /var/www/trexzactyl/node_modules/framer-motion/dist/es/components/LayoutGroup/index.mjs
<s> [webpack.Progress] 65% building 1142/1224 modules 82 active /var/www/trexzactyl/node_modules/source-map-loader/dist/cjs.js!/var/www/trexzactyl/node_modules/@heroicons/react/outline/esm/TrendingDownIcon.js
<s> [webpack.Progress] 66% building 1143/1224 modules 81 active /var/www/trexzactyl/node_modules/source-map-loader/dist/cjs.js!/var/www/trexzactyl/node_modules/@heroicons/react/outline/esm/TrendingDownIcon.js
<s> [webpack.Progress] 65% building 1143/1225 modules 82 active /var/www/trexzactyl/node_modules/framer-motion/dist/es/components/LazyMotion/index.mjs
<s> [webpack.Progress] 65% building 1143/1226 modules 83 active /var/www/trexzactyl/node_modules/source-map-loader/dist/cjs.js!/var/www/trexzactyl/node_modules/@heroicons/react/outline/esm/TrashIcon.js
<s> [webpack.Progress] 65% building 1143/1227 modules 84 active /var/www/trexzactyl/node_modules/source-map-loader/dist/cjs.js!/var/www/trexzactyl/node_modules/@heroicons/react/outline/esm/TranslateIcon.js
<s> [webpack.Progress] 65% building 1143/1228 modules 85 active /var/www/trexzactyl/node_modules/source-map-loader/dist/cjs.js!/var/www/trexzactyl/node_modules/@heroicons/react/outline/esm/TicketIcon.js
<s> [webpack.Progress] 65% building 1143/1229 modules 86 active /var/www/trexzactyl/node_modules/source-map-loader/dist/cjs.js!/var/www/trexzactyl/node_modules/@heroicons/react/outline/esm/ThumbUpIcon.js
<s> [webpack.Progress] 65% building 1143/1230 modules 87 active /var/www/trexzactyl/node_modules/source-map-loader/dist/cjs.js!/var/www/trexzactyl/node_modules/@heroicons/react/outline/esm/ThumbDownIcon.js
<s> [webpack.Progress] 65% building 1143/1231 modules 88 active /var/www/trexzactyl/node_modules/framer-motion/dist/es/components/MotionConfig/index.mjs
<s> [webpack.Progress] 65% building 1143/1232 modules 89 active /var/www/trexzactyl/node_modules/source-map-loader/dist/cjs.js!/var/www/trexzactyl/node_modules/@heroicons/react/outline/esm/TerminalIcon.js
<s> [webpack.Progress] 65% building 1144/1232 modules 88 active /var/www/trexzactyl/node_modules/source-map-loader/dist/cjs.js!/var/www/trexzactyl/node_modules/@heroicons/react/outline/esm/TerminalIcon.js
<s> [webpack.Progress] 65% building 1144/1233 modules 89 active /var/www/trexzactyl/node_modules/source-map-loader/dist/cjs.js!/var/www/trexzactyl/node_modules/@heroicons/react/outline/esm/TemplateIcon.js
<s> [webpack.Progress] 65% building 1145/1233 modules 88 active /var/www/trexzactyl/node_modules/source-map-loader/dist/cjs.js!/var/www/trexzactyl/node_modules/@heroicons/react/outline/esm/TemplateIcon.js
<s> [webpack.Progress] 65% building 1146/1233 modules 87 active /var/www/trexzactyl/node_modules/source-map-loader/dist/cjs.js!/var/www/trexzactyl/node_modules/@heroicons/react/outline/esm/TemplateIcon.js
<s> [webpack.Progress] 65% building 1146/1234 modules 88 active /var/www/trexzactyl/node_modules/source-map-loader/dist/cjs.js!/var/www/trexzactyl/node_modules/@heroicons/react/outline/esm/TagIcon.js
<s> [webpack.Progress] 65% building 1146/1235 modules 89 active /var/www/trexzactyl/node_modules/source-map-loader/dist/cjs.js!/var/www/trexzactyl/node_modules/@heroicons/react/outline/esm/TableIcon.js
<s> [webpack.Progress] 65% building 1147/1235 modules 88 active /var/www/trexzactyl/node_modules/source-map-loader/dist/cjs.js!/var/www/trexzactyl/node_modules/@heroicons/react/outline/esm/TableIcon.js
<s> [webpack.Progress] 65% building 1147/1236 modules 89 active /var/www/trexzactyl/node_modules/source-map-loader/dist/cjs.js!/var/www/trexzactyl/node_modules/@heroicons/react/outline/esm/SwitchVerticalIcon.js
<s> [webpack.Progress] 65% building 1148/1236 modules 88 active /var/www/trexzactyl/node_modules/source-map-loader/dist/cjs.js!/var/www/trexzactyl/node_modules/@heroicons/react/outline/esm/SwitchVerticalIcon.js
<s> [webpack.Progress] 65% building 1148/1237 modules 89 active /var/www/trexzactyl/node_modules/source-map-loader/dist/cjs.js!/var/www/trexzactyl/node_modules/@heroicons/react/outline/esm/SwitchHorizontalIcon.js
<s> [webpack.Progress] 65% building 1149/1237 modules 88 active /var/www/trexzactyl/node_modules/source-map-loader/dist/cjs.js!/var/www/trexzactyl/node_modules/@heroicons/react/outline/esm/SwitchHorizontalIcon.js
<s> [webpack.Progress] 65% building 1149/1238 modules 89 active /var/www/trexzactyl/node_modules/source-map-loader/dist/cjs.js!/var/www/trexzactyl/node_modules/@heroicons/react/outline/esm/SupportIcon.js
<s> [webpack.Progress] 65% building 1149/1239 modules 90 active /var/www/trexzactyl/node_modules/source-map-loader/dist/cjs.js!/var/www/trexzactyl/node_modules/@heroicons/react/outline/esm/SunIcon.js
<s> [webpack.Progress] 65% building 1150/1239 modules 89 active /var/www/trexzactyl/node_modules/source-map-loader/dist/cjs.js!/var/www/trexzactyl/node_modules/@heroicons/react/outline/esm/SunIcon.js
<s> [webpack.Progress] 65% building 1151/1239 modules 88 active /var/www/trexzactyl/node_modules/source-map-loader/dist/cjs.js!/var/www/trexzactyl/node_modules/@heroicons/react/outline/esm/SunIcon.js
<s> [webpack.Progress] 65% building 1152/1239 modules 87 active /var/www/trexzactyl/node_modules/source-map-loader/dist/cjs.js!/var/www/trexzactyl/node_modules/@heroicons/react/outline/esm/SunIcon.js
<s> [webpack.Progress] 65% building 1153/1239 modules 86 active /var/www/trexzactyl/node_modules/source-map-loader/dist/cjs.js!/var/www/trexzactyl/node_modules/@heroicons/react/outline/esm/SunIcon.js
<s> [webpack.Progress] 65% building 1154/1239 modules 85 active /var/www/trexzactyl/node_modules/source-map-loader/dist/cjs.js!/var/www/trexzactyl/node_modules/@heroicons/react/outline/esm/SunIcon.js
<s> [webpack.Progress] 65% building 1155/1239 modules 84 active /var/www/trexzactyl/node_modules/source-map-loader/dist/cjs.js!/var/www/trexzactyl/node_modules/@heroicons/react/outline/esm/SunIcon.js
<s> [webpack.Progress] 65% building 1155/1240 modules 85 active /var/www/trexzactyl/node_modules/source-map-loader/dist/cjs.js!/var/www/trexzactyl/node_modules/@heroicons/react/outline/esm/StopIcon.js
<s> [webpack.Progress] 65% building 1156/1240 modules 84 active /var/www/trexzactyl/node_modules/source-map-loader/dist/cjs.js!/var/www/trexzactyl/node_modules/@heroicons/react/outline/esm/StopIcon.js
<s> [webpack.Progress] 65% building 1157/1240 modules 83 active /var/www/trexzactyl/node_modules/source-map-loader/dist/cjs.js!/var/www/trexzactyl/node_modules/@heroicons/react/outline/esm/StopIcon.js
<s> [webpack.Progress] 66% building 1158/1240 modules 82 active /var/www/trexzactyl/node_modules/source-map-loader/dist/cjs.js!/var/www/trexzactyl/node_modules/@heroicons/react/outline/esm/StopIcon.js
<s> [webpack.Progress] 66% building 1159/1240 modules 81 active /var/www/trexzactyl/node_modules/source-map-loader/dist/cjs.js!/var/www/trexzactyl/node_modules/@heroicons/react/outline/esm/StopIcon.js
<s> [webpack.Progress] 66% building 1160/1240 modules 80 active /var/www/trexzactyl/node_modules/source-map-loader/dist/cjs.js!/var/www/trexzactyl/node_modules/@heroicons/react/outline/esm/StopIcon.js
<s> [webpack.Progress] 66% building 1161/1240 modules 79 active /var/www/trexzactyl/node_modules/source-map-loader/dist/cjs.js!/var/www/trexzactyl/node_modules/@heroicons/react/outline/esm/StopIcon.js
<s> [webpack.Progress] 66% building 1162/1240 modules 78 active /var/www/trexzactyl/node_modules/source-map-loader/dist/cjs.js!/var/www/trexzactyl/node_modules/@heroicons/react/outline/esm/StopIcon.js
<s> [webpack.Progress] 66% building 1163/1240 modules 77 active /var/www/trexzactyl/node_modules/source-map-loader/dist/cjs.js!/var/www/trexzactyl/node_modules/@heroicons/react/outline/esm/StopIcon.js
<s> [webpack.Progress] 66% building 1164/1240 modules 76 active /var/www/trexzactyl/node_modules/source-map-loader/dist/cjs.js!/var/www/trexzactyl/node_modules/@heroicons/react/outline/esm/StopIcon.js
<s> [webpack.Progress] 66% building 1165/1240 modules 75 active /var/www/trexzactyl/node_modules/source-map-loader/dist/cjs.js!/var/www/trexzactyl/node_modules/@heroicons/react/outline/esm/StopIcon.js
<s> [webpack.Progress] 66% building 1166/1240 modules 74 active /var/www/trexzactyl/node_modules/source-map-loader/dist/cjs.js!/var/www/trexzactyl/node_modules/@heroicons/react/outline/esm/StopIcon.js
<s> [webpack.Progress] 66% building 1167/1240 modules 73 active /var/www/trexzactyl/node_modules/source-map-loader/dist/cjs.js!/var/www/trexzactyl/node_modules/@heroicons/react/outline/esm/StopIcon.js
<s> [webpack.Progress] 66% building 1168/1240 modules 72 active /var/www/trexzactyl/node_modules/source-map-loader/dist/cjs.js!/var/www/trexzactyl/node_modules/@heroicons/react/outline/esm/StopIcon.js
<s> [webpack.Progress] 66% building 1169/1240 modules 71 active /var/www/trexzactyl/node_modules/source-map-loader/dist/cjs.js!/var/www/trexzactyl/node_modules/@heroicons/react/outline/esm/StopIcon.js
<s> [webpack.Progress] 66% building 1170/1240 modules 70 active /var/www/trexzactyl/node_modules/source-map-loader/dist/cjs.js!/var/www/trexzactyl/node_modules/@heroicons/react/outline/esm/StopIcon.js
<s> [webpack.Progress] 66% building 1171/1240 modules 69 active /var/www/trexzactyl/node_modules/source-map-loader/dist/cjs.js!/var/www/trexzactyl/node_modules/@heroicons/react/outline/esm/StopIcon.js
<s> [webpack.Progress] 66% building 1172/1240 modules 68 active /var/www/trexzactyl/node_modules/source-map-loader/dist/cjs.js!/var/www/trexzactyl/node_modules/@heroicons/react/outline/esm/StopIcon.js
<s> [webpack.Progress] 66% building 1173/1240 modules 67 active /var/www/trexzactyl/node_modules/source-map-loader/dist/cjs.js!/var/www/trexzactyl/node_modules/@heroicons/react/outline/esm/StopIcon.js
<s> [webpack.Progress] 66% building 1174/1240 modules 66 active /var/www/trexzactyl/node_modules/source-map-loader/dist/cjs.js!/var/www/trexzactyl/node_modules/@heroicons/react/outline/esm/StopIcon.js
<s> [webpack.Progress] 66% building 1175/1240 modules 65 active /var/www/trexzactyl/node_modules/source-map-loader/dist/cjs.js!/var/www/trexzactyl/node_modules/@heroicons/react/outline/esm/StopIcon.js
<s> [webpack.Progress] 66% building 1176/1240 modules 64 active /var/www/trexzactyl/node_modules/source-map-loader/dist/cjs.js!/var/www/trexzactyl/node_modules/@heroicons/react/outline/esm/StopIcon.js
<s> [webpack.Progress] 66% building 1177/1240 modules 63 active /var/www/trexzactyl/node_modules/source-map-loader/dist/cjs.js!/var/www/trexzactyl/node_modules/@heroicons/react/outline/esm/StopIcon.js
<s> [webpack.Progress] 67% building 1178/1240 modules 62 active /var/www/trexzactyl/node_modules/source-map-loader/dist/cjs.js!/var/www/trexzactyl/node_modules/@heroicons/react/outline/esm/StopIcon.js
<s> [webpack.Progress] 67% building 1179/1240 modules 61 active /var/www/trexzactyl/node_modules/source-map-loader/dist/cjs.js!/var/www/trexzactyl/node_modules/@heroicons/react/outline/esm/StopIcon.js
<s> [webpack.Progress] 67% building 1180/1240 modules 60 active /var/www/trexzactyl/node_modules/source-map-loader/dist/cjs.js!/var/www/trexzactyl/node_modules/@heroicons/react/outline/esm/StopIcon.js
<s> [webpack.Progress] 67% building 1180/1241 modules 61 active /var/www/trexzactyl/node_modules/source-map-loader/dist/cjs.js!/var/www/trexzactyl/node_modules/@heroicons/react/outline/esm/StatusOnlineIcon.js
<s> [webpack.Progress] 67% building 1180/1242 modules 62 active /var/www/trexzactyl/node_modules/source-map-loader/dist/cjs.js!/var/www/trexzactyl/node_modules/@heroicons/react/outline/esm/StatusOfflineIcon.js
<s> [webpack.Progress] 66% building 1180/1243 modules 63 active /var/www/trexzactyl/node_modules/source-map-loader/dist/cjs.js!/var/www/trexzactyl/node_modules/@heroicons/react/outline/esm/StarIcon.js
<s> [webpack.Progress] 67% building 1181/1243 modules 62 active /var/www/trexzactyl/node_modules/source-map-loader/dist/cjs.js!/var/www/trexzactyl/node_modules/@heroicons/react/outline/esm/StarIcon.js
<s> [webpack.Progress] 67% building 1182/1243 modules 61 active /var/www/trexzactyl/node_modules/source-map-loader/dist/cjs.js!/var/www/trexzactyl/node_modules/@heroicons/react/outline/esm/StarIcon.js
<s> [webpack.Progress] 67% building 1183/1243 modules 60 active /var/www/trexzactyl/node_modules/source-map-loader/dist/cjs.js!/var/www/trexzactyl/node_modules/@heroicons/react/outline/esm/StarIcon.js
<s> [webpack.Progress] 67% building 1184/1243 modules 59 active /var/www/trexzactyl/node_modules/source-map-loader/dist/cjs.js!/var/www/trexzactyl/node_modules/@heroicons/react/outline/esm/StarIcon.js
<s> [webpack.Progress] 67% building 1184/1244 modules 60 active /var/www/trexzactyl/node_modules/source-map-loader/dist/cjs.js!/var/www/trexzactyl/node_modules/@heroicons/react/outline/esm/SpeakerphoneIcon.js
<s> [webpack.Progress] 67% building 1185/1244 modules 59 active /var/www/trexzactyl/node_modules/source-map-loader/dist/cjs.js!/var/www/trexzactyl/node_modules/@heroicons/react/outline/esm/SpeakerphoneIcon.js
<s> [webpack.Progress] 67% building 1185/1245 modules 60 active /var/www/trexzactyl/node_modules/source-map-loader/dist/cjs.js!/var/www/trexzactyl/node_modules/@heroicons/react/outline/esm/SparklesIcon.js
<s> [webpack.Progress] 67% building 1186/1245 modules 59 active /var/www/trexzactyl/node_modules/source-map-loader/dist/cjs.js!/var/www/trexzactyl/node_modules/@heroicons/react/outline/esm/SparklesIcon.js
<s> [webpack.Progress] 67% building 1187/1245 modules 58 active /var/www/trexzactyl/node_modules/source-map-loader/dist/cjs.js!/var/www/trexzactyl/node_modules/@heroicons/react/outline/esm/SparklesIcon.js
<s> [webpack.Progress] 67% building 1188/1245 modules 57 active /var/www/trexzactyl/node_modules/source-map-loader/dist/cjs.js!/var/www/trexzactyl/node_modules/@heroicons/react/outline/esm/SparklesIcon.js
<s> [webpack.Progress] 67% building 1189/1245 modules 56 active /var/www/trexzactyl/node_modules/source-map-loader/dist/cjs.js!/var/www/trexzactyl/node_modules/@heroicons/react/outline/esm/SparklesIcon.js
<s> [webpack.Progress] 67% building 1190/1245 modules 55 active /var/www/trexzactyl/node_modules/source-map-loader/dist/cjs.js!/var/www/trexzactyl/node_modules/@heroicons/react/outline/esm/SparklesIcon.js
<s> [webpack.Progress] 67% building 1191/1245 modules 54 active /var/www/trexzactyl/node_modules/source-map-loader/dist/cjs.js!/var/www/trexzactyl/node_modules/@heroicons/react/outline/esm/SparklesIcon.js
<s> [webpack.Progress] 67% building 1192/1245 modules 53 active /var/www/trexzactyl/node_modules/source-map-loader/dist/cjs.js!/var/www/trexzactyl/node_modules/@heroicons/react/outline/esm/SparklesIcon.js
<s> [webpack.Progress] 67% building 1193/1245 modules 52 active /var/www/trexzactyl/node_modules/source-map-loader/dist/cjs.js!/var/www/trexzactyl/node_modules/@heroicons/react/outline/esm/SparklesIcon.js
<s> [webpack.Progress] 67% building 1193/1246 modules 53 active /var/www/trexzactyl/node_modules/source-map-loader/dist/cjs.js!/var/www/trexzactyl/node_modules/@heroicons/react/outline/esm/SortDescendingIcon.js
<s> [webpack.Progress] 67% building 1194/1246 modules 52 active /var/www/trexzactyl/node_modules/source-map-loader/dist/cjs.js!/var/www/trexzactyl/node_modules/@heroicons/react/outline/esm/SortDescendingIcon.js
<s> [webpack.Progress] 67% building 1194/1247 modules 53 active /var/www/trexzactyl/node_modules/source-map-loader/dist/cjs.js!/var/www/trexzactyl/node_modules/@heroicons/react/outline/esm/SortAscendingIcon.js
<s> [webpack.Progress] 67% building 1194/1248 modules 54 active /var/www/trexzactyl/node_modules/source-map-loader/dist/cjs.js!/var/www/trexzactyl/node_modules/@heroicons/react/outline/esm/ShoppingCartIcon.js
<s> [webpack.Progress] 67% building 1194/1249 modules 55 active /var/www/trexzactyl/node_modules/source-map-loader/dist/cjs.js!/var/www/trexzactyl/node_modules/@heroicons/react/outline/esm/ShoppingBagIcon.js
<s> [webpack.Progress] 67% building 1194/1250 modules 56 active /var/www/trexzactyl/node_modules/source-map-loader/dist/cjs.js!/var/www/trexzactyl/node_modules/@heroicons/react/outline/esm/ShieldExclamationIcon.js
<s> [webpack.Progress] 67% building 1194/1251 modules 57 active /var/www/trexzactyl/node_modules/source-map-loader/dist/cjs.js!/var/www/trexzactyl/node_modules/@heroicons/react/outline/esm/ShieldCheckIcon.js
<s> [webpack.Progress] 67% building 1194/1252 modules 58 active /var/www/trexzactyl/node_modules/source-map-loader/dist/cjs.js!/var/www/trexzactyl/node_modules/@heroicons/react/outline/esm/ShareIcon.js
<s> [webpack.Progress] 67% building 1194/1253 modules 59 active /var/www/trexzactyl/node_modules/source-map-loader/dist/cjs.js!/var/www/trexzactyl/node_modules/@heroicons/react/outline/esm/ServerIcon.js
<s> [webpack.Progress] 67% building 1194/1254 modules 60 active /var/www/trexzactyl/node_modules/source-map-loader/dist/cjs.js!/var/www/trexzactyl/node_modules/@heroicons/react/outline/esm/SelectorIcon.js
<s> [webpack.Progress] 67% building 1194/1255 modules 61 active /var/www/trexzactyl/node_modules/source-map-loader/dist/cjs.js!/var/www/trexzactyl/node_modules/@heroicons/react/outline/esm/SearchIcon.js
<s> [webpack.Progress] 67% building 1194/1256 modules 62 active /var/www/trexzactyl/node_modules/source-map-loader/dist/cjs.js!/var/www/trexzactyl/node_modules/@heroicons/react/outline/esm/SearchCircleIcon.js
<s> [webpack.Progress] 66% building 1194/1257 modules 63 active /var/www/trexzactyl/node_modules/source-map-loader/dist/cjs.js!/var/www/trexzactyl/node_modules/@heroicons/react/outline/esm/ScissorsIcon.js
<s> [webpack.Progress] 66% building 1194/1258 modules 64 active /var/www/trexzactyl/node_modules/source-map-loader/dist/cjs.js!/var/www/trexzactyl/node_modules/@heroicons/react/outline/esm/ScaleIcon.js
<s> [webpack.Progress] 66% building 1194/1259 modules 65 active /var/www/trexzactyl/node_modules/source-map-loader/dist/cjs.js!/var/www/trexzactyl/node_modules/@heroicons/react/outline/esm/SaveIcon.js
<s> [webpack.Progress] 66% building 1194/1260 modules 66 active /var/www/trexzactyl/node_modules/source-map-loader/dist/cjs.js!/var/www/trexzactyl/node_modules/@heroicons/react/outline/esm/SaveAsIcon.js
<s> [webpack.Progress] 66% building 1194/1261 modules 67 active /var/www/trexzactyl/node_modules/source-map-loader/dist/cjs.js!/var/www/trexzactyl/node_modules/@heroicons/react/outline/esm/RssIcon.js
<s> [webpack.Progress] 66% building 1194/1262 modules 68 active /var/www/trexzactyl/node_modules/source-map-loader/dist/cjs.js!/var/www/trexzactyl/node_modules/@heroicons/react/outline/esm/RewindIcon.js
<s> [webpack.Progress] 66% building 1194/1263 modules 69 active /var/www/trexzactyl/node_modules/source-map-loader/dist/cjs.js!/var/www/trexzactyl/node_modules/@heroicons/react/outline/esm/ReplyIcon.js
<s> [webpack.Progress] 66% building 1194/1264 modules 70 active /var/www/trexzactyl/node_modules/source-map-loader/dist/cjs.js!/var/www/trexzactyl/node_modules/@heroicons/react/outline/esm/RefreshIcon.js
<s> [webpack.Progress] 66% building 1195/1264 modules 69 active /var/www/trexzactyl/node_modules/source-map-loader/dist/cjs.js!/var/www/trexzactyl/node_modules/@heroicons/react/outline/esm/RefreshIcon.js
<s> [webpack.Progress] 66% building 1195/1265 modules 70 active /var/www/trexzactyl/node_modules/source-map-loader/dist/cjs.js!/var/www/trexzactyl/node_modules/@heroicons/react/outline/esm/ReceiptTaxIcon.js
<s> [webpack.Progress] 66% building 1195/1266 modules 71 active /var/www/trexzactyl/node_modules/source-map-loader/dist/cjs.js!/var/www/trexzactyl/node_modules/@heroicons/react/outline/esm/ReceiptRefundIcon.js
<s> [webpack.Progress] 66% building 1195/1267 modules 72 active /var/www/trexzactyl/node_modules/source-map-loader/dist/cjs.js!/var/www/trexzactyl/node_modules/@heroicons/react/outline/esm/QrcodeIcon.js
<s> [webpack.Progress] 66% building 1195/1268 modules 73 active /var/www/trexzactyl/node_modules/source-map-loader/dist/cjs.js!/var/www/trexzactyl/node_modules/@heroicons/react/outline/esm/QuestionMarkCircleIcon.js
<s> [webpack.Progress] 66% building 1196/1268 modules 72 active /var/www/trexzactyl/node_modules/source-map-loader/dist/cjs.js!/var/www/trexzactyl/node_modules/@heroicons/react/outline/esm/QuestionMarkCircleIcon.js
<s> [webpack.Progress] 66% building 1197/1268 modules 71 active /var/www/trexzactyl/node_modules/source-map-loader/dist/cjs.js!/var/www/trexzactyl/node_modules/@heroicons/react/outline/esm/QuestionMarkCircleIcon.js
<s> [webpack.Progress] 66% building 1198/1268 modules 70 active /var/www/trexzactyl/node_modules/source-map-loader/dist/cjs.js!/var/www/trexzactyl/node_modules/@heroicons/react/outline/esm/QuestionMarkCircleIcon.js
<s> [webpack.Progress] 66% building 1198/1269 modules 71 active /var/www/trexzactyl/node_modules/source-map-loader/dist/cjs.js!/var/www/trexzactyl/node_modules/@heroicons/react/outline/esm/PuzzleIcon.js
<s> [webpack.Progress] 66% building 1198/1270 modules 72 active /var/www/trexzactyl/node_modules/source-map-loader/dist/cjs.js!/var/www/trexzactyl/node_modules/@heroicons/react/outline/esm/PrinterIcon.js
<s> [webpack.Progress] 66% building 1199/1270 modules 71 active /var/www/trexzactyl/node_modules/source-map-loader/dist/cjs.js!/var/www/trexzactyl/node_modules/@heroicons/react/outline/esm/PrinterIcon.js
<s> [webpack.Progress] 66% building 1200/1270 modules 70 active /var/www/trexzactyl/node_modules/source-map-loader/dist/cjs.js!/var/www/trexzactyl/node_modules/@heroicons/react/outline/esm/PrinterIcon.js
<s> [webpack.Progress] 66% building 1200/1271 modules 71 active /var/www/trexzactyl/node_modules/source-map-loader/dist/cjs.js!/var/www/trexzactyl/node_modules/@heroicons/react/outline/esm/PresentationChartLineIcon.js
<s> [webpack.Progress] 66% building 1200/1272 modules 72 active /var/www/trexzactyl/node_modules/source-map-loader/dist/cjs.js!/var/www/trexzactyl/node_modules/@heroicons/react/outline/esm/PresentationChartBarIcon.js
<s> [webpack.Progress] 66% building 1200/1273 modules 73 active /var/www/trexzactyl/node_modules/source-map-loader/dist/cjs.js!/var/www/trexzactyl/node_modules/@heroicons/react/outline/esm/PlusIcon.js
<s> [webpack.Progress] 66% building 1201/1273 modules 72 active /var/www/trexzactyl/node_modules/source-map-loader/dist/cjs.js!/var/www/trexzactyl/node_modules/@heroicons/react/outline/esm/PlusIcon.js
<s> [webpack.Progress] 66% building 1202/1273 modules 71 active /var/www/trexzactyl/node_modules/source-map-loader/dist/cjs.js!/var/www/trexzactyl/node_modules/@heroicons/react/outline/esm/PlusIcon.js
<s> [webpack.Progress] 66% building 1202/1274 modules 72 active /var/www/trexzactyl/node_modules/source-map-loader/dist/cjs.js!/var/www/trexzactyl/node_modules/@heroicons/react/outline/esm/PlusSmIcon.js
<s> [webpack.Progress] 66% building 1203/1274 modules 71 active /var/www/trexzactyl/node_modules/source-map-loader/dist/cjs.js!/var/www/trexzactyl/node_modules/@heroicons/react/outline/esm/PlusSmIcon.js
<s> [webpack.Progress] 66% building 1204/1274 modules 70 active /var/www/trexzactyl/node_modules/source-map-loader/dist/cjs.js!/var/www/trexzactyl/node_modules/@heroicons/react/outline/esm/PlusSmIcon.js
<s> [webpack.Progress] 66% building 1205/1274 modules 69 active /var/www/trexzactyl/node_modules/source-map-loader/dist/cjs.js!/var/www/trexzactyl/node_modules/@heroicons/react/outline/esm/PlusSmIcon.js
<s> [webpack.Progress] 66% building 1205/1275 modules 70 active /var/www/trexzactyl/node_modules/source-map-loader/dist/cjs.js!/var/www/trexzactyl/node_modules/@heroicons/react/outline/esm/PlusCircleIcon.js
<s> [webpack.Progress] 66% building 1206/1275 modules 69 active /var/www/trexzactyl/node_modules/source-map-loader/dist/cjs.js!/var/www/trexzactyl/node_modules/@heroicons/react/outline/esm/PlusCircleIcon.js
<s> [webpack.Progress] 66% building 1206/1276 modules 70 active /var/www/trexzactyl/node_modules/source-map-loader/dist/cjs.js!/var/www/trexzactyl/node_modules/@heroicons/react/outline/esm/PlayIcon.js
<s> [webpack.Progress] 66% building 1207/1276 modules 69 active /var/www/trexzactyl/node_modules/source-map-loader/dist/cjs.js!/var/www/trexzactyl/node_modules/@heroicons/react/outline/esm/PlayIcon.js
<s> [webpack.Progress] 66% building 1207/1277 modules 70 active /var/www/trexzactyl/node_modules/source-map-loader/dist/cjs.js!/var/www/trexzactyl/node_modules/@heroicons/react/outline/esm/PhotographIcon.js
<s> [webpack.Progress] 66% building 1208/1277 modules 69 active /var/www/trexzactyl/node_modules/source-map-loader/dist/cjs.js!/var/www/trexzactyl/node_modules/@heroicons/react/outline/esm/PhotographIcon.js
<s> [webpack.Progress] 66% building 1209/1277 modules 68 active /var/www/trexzactyl/node_modules/source-map-loader/dist/cjs.js!/var/www/trexzactyl/node_modules/@heroicons/react/outline/esm/PhotographIcon.js
<s> [webpack.Progress] 66% building 1210/1277 modules 67 active /var/www/trexzactyl/node_modules/source-map-loader/dist/cjs.js!/var/www/trexzactyl/node_modules/@heroicons/react/outline/esm/PhotographIcon.js
<s> [webpack.Progress] 66% building 1211/1277 modules 66 active /var/www/trexzactyl/node_modules/source-map-loader/dist/cjs.js!/var/www/trexzactyl/node_modules/@heroicons/react/outline/esm/PhotographIcon.js
<s> [webpack.Progress] 66% building 1212/1277 modules 65 active /var/www/trexzactyl/node_modules/source-map-loader/dist/cjs.js!/var/www/trexzactyl/node_modules/@heroicons/react/outline/esm/PhotographIcon.js
<s> [webpack.Progress] 66% building 1212/1278 modules 66 active /var/www/trexzactyl/node_modules/source-map-loader/dist/cjs.js!/var/www/trexzactyl/node_modules/@heroicons/react/outline/esm/PhoneIcon.js
<s> [webpack.Progress] 66% building 1213/1278 modules 65 active /var/www/trexzactyl/node_modules/source-map-loader/dist/cjs.js!/var/www/trexzactyl/node_modules/@heroicons/react/outline/esm/PhoneIcon.js
<s> [webpack.Progress] 66% building 1214/1278 modules 64 active /var/www/trexzactyl/node_modules/source-map-loader/dist/cjs.js!/var/www/trexzactyl/node_modules/@heroicons/react/outline/esm/PhoneIcon.js
<s> [webpack.Progress] 67% building 1215/1278 modules 63 active /var/www/trexzactyl/node_modules/source-map-loader/dist/cjs.js!/var/www/trexzactyl/node_modules/@heroicons/react/outline/esm/PhoneIcon.js
<s> [webpack.Progress] 66% building 1215/1279 modules 64 active /var/www/trexzactyl/node_modules/source-map-loader/dist/cjs.js!/var/www/trexzactyl/node_modules/@heroicons/react/outline/esm/PhoneOutgoingIcon.js
<s> [webpack.Progress] 67% building 1216/1279 modules 63 active /var/www/trexzactyl/node_modules/source-map-loader/dist/cjs.js!/var/www/trexzactyl/node_modules/@heroicons/react/outline/esm/PhoneOutgoingIcon.js
<s> [webpack.Progress] 67% building 1217/1279 modules 62 active /var/www/trexzactyl/node_modules/source-map-loader/dist/cjs.js!/var/www/trexzactyl/node_modules/@heroicons/react/outline/esm/PhoneOutgoingIcon.js
<s> [webpack.Progress] 67% building 1218/1279 modules 61 active /var/www/trexzactyl/node_modules/source-map-loader/dist/cjs.js!/var/www/trexzactyl/node_modules/@heroicons/react/outline/esm/PhoneOutgoingIcon.js
<s> [webpack.Progress] 67% building 1219/1279 modules 60 active /var/www/trexzactyl/node_modules/source-map-loader/dist/cjs.js!/var/www/trexzactyl/node_modules/@heroicons/react/outline/esm/PhoneOutgoingIcon.js
<s> [webpack.Progress] 67% building 1220/1279 modules 59 active /var/www/trexzactyl/node_modules/source-map-loader/dist/cjs.js!/var/www/trexzactyl/node_modules/@heroicons/react/outline/esm/PhoneOutgoingIcon.js
<s> [webpack.Progress] 67% building 1221/1279 modules 58 active /var/www/trexzactyl/node_modules/source-map-loader/dist/cjs.js!/var/www/trexzactyl/node_modules/@heroicons/react/outline/esm/PhoneOutgoingIcon.js
<s> [webpack.Progress] 67% building 1222/1279 modules 57 active /var/www/trexzactyl/node_modules/source-map-loader/dist/cjs.js!/var/www/trexzactyl/node_modules/@heroicons/react/outline/esm/PhoneOutgoingIcon.js
<s> [webpack.Progress] 67% building 1223/1279 modules 56 active /var/www/trexzactyl/node_modules/source-map-loader/dist/cjs.js!/var/www/trexzactyl/node_modules/@heroicons/react/outline/esm/PhoneOutgoingIcon.js
<s> [webpack.Progress] 67% building 1224/1279 modules 55 active /var/www/trexzactyl/node_modules/source-map-loader/dist/cjs.js!/var/www/trexzactyl/node_modules/@heroicons/react/outline/esm/PhoneOutgoingIcon.js
<s> [webpack.Progress] 67% building 1225/1279 modules 54 active /var/www/trexzactyl/node_modules/source-map-loader/dist/cjs.js!/var/www/trexzactyl/node_modules/@heroicons/react/outline/esm/PhoneOutgoingIcon.js
<s> [webpack.Progress] 67% building 1226/1279 modules 53 active /var/www/trexzactyl/node_modules/source-map-loader/dist/cjs.js!/var/www/trexzactyl/node_modules/@heroicons/react/outline/esm/PhoneOutgoingIcon.js
<s> [webpack.Progress] 67% building 1227/1279 modules 52 active /var/www/trexzactyl/node_modules/source-map-loader/dist/cjs.js!/var/www/trexzactyl/node_modules/@heroicons/react/outline/esm/PhoneOutgoingIcon.js
<s> [webpack.Progress] 67% building 1228/1279 modules 51 active /var/www/trexzactyl/node_modules/source-map-loader/dist/cjs.js!/var/www/trexzactyl/node_modules/@heroicons/react/outline/esm/PhoneOutgoingIcon.js
<s> [webpack.Progress] 67% building 1229/1279 modules 50 active /var/www/trexzactyl/node_modules/source-map-loader/dist/cjs.js!/var/www/trexzactyl/node_modules/@heroicons/react/outline/esm/PhoneOutgoingIcon.js
<s> [webpack.Progress] 67% building 1229/1280 modules 51 active /var/www/trexzactyl/node_modules/source-map-loader/dist/cjs.js!/var/www/trexzactyl/node_modules/@heroicons/react/outline/esm/PhoneMissedCallIcon.js
<s> [webpack.Progress] 67% building 1230/1280 modules 50 active /var/www/trexzactyl/node_modules/source-map-loader/dist/cjs.js!/var/www/trexzactyl/node_modules/@heroicons/react/outline/esm/PhoneMissedCallIcon.js
<s> [webpack.Progress] 67% building 1230/1281 modules 51 active /var/www/trexzactyl/node_modules/source-map-loader/dist/cjs.js!/var/www/trexzactyl/node_modules/@heroicons/react/outline/esm/PhoneIncomingIcon.js
<s> [webpack.Progress] 67% building 1230/1282 modules 52 active /var/www/trexzactyl/node_modules/source-map-loader/dist/cjs.js!/var/www/trexzactyl/node_modules/@heroicons/react/outline/esm/PencilIcon.js
<s> [webpack.Progress] 67% building 1230/1283 modules 53 active /var/www/trexzactyl/node_modules/source-map-loader/dist/cjs.js!/var/www/trexzactyl/node_modules/lodash-es/_setCacheHas.js
<s> [webpack.Progress] 67% building 1230/1284 modules 54 active /var/www/trexzactyl/node_modules/source-map-loader/dist/cjs.js!/var/www/trexzactyl/node_modules/lodash-es/_setCacheAdd.js
<s> [webpack.Progress] 67% building 1231/1284 modules 53 active /var/www/trexzactyl/node_modules/source-map-loader/dist/cjs.js!/var/www/trexzactyl/node_modules/lodash-es/_setCacheAdd.js
<s> [webpack.Progress] 67% building 1231/1285 modules 54 active /var/www/trexzactyl/node_modules/source-map-loader/dist/cjs.js!/var/www/trexzactyl/node_modules/@heroicons/react/outline/esm/PencilAltIcon.js
<s> [webpack.Progress] 67% building 1231/1286 modules 55 active /var/www/trexzactyl/node_modules/framer-motion/dist/es/value/use-on-change.mjs
<s> [webpack.Progress] 67% building 1231/1287 modules 56 active /var/www/trexzactyl/node_modules/framer-motion/dist/es/value/use-combine-values.mjs
<s> [webpack.Progress] 67% building 1231/1288 modules 57 active /var/www/trexzactyl/node_modules/source-map-loader/dist/cjs.js!/var/www/trexzactyl/node_modules/@heroicons/react/outline/esm/PauseIcon.js
<s> [webpack.Progress] 67% building 1231/1289 modules 58 active /var/www/trexzactyl/node_modules/source-map-loader/dist/cjs.js!/var/www/trexzactyl/node_modules/@heroicons/react/outline/esm/PaperClipIcon.js
<s> [webpack.Progress] 67% building 1231/1290 modules 59 active /var/www/trexzactyl/node_modules/source-map-loader/dist/cjs.js!/var/www/trexzactyl/node_modules/@heroicons/react/outline/esm/PaperAirplaneIcon.js
<s> [webpack.Progress] 67% building 1232/1290 modules 58 active /var/www/trexzactyl/node_modules/source-map-loader/dist/cjs.js!/var/www/trexzactyl/node_modules/@heroicons/react/outline/esm/PaperAirplaneIcon.js
<s> [webpack.Progress] 67% building 1233/1290 modules 57 active /var/www/trexzactyl/node_modules/source-map-loader/dist/cjs.js!/var/www/trexzactyl/node_modules/@heroicons/react/outline/esm/PaperAirplaneIcon.js
<s> [webpack.Progress] 67% building 1234/1290 modules 56 active /var/www/trexzactyl/node_modules/source-map-loader/dist/cjs.js!/var/www/trexzactyl/node_modules/@heroicons/react/outline/esm/PaperAirplaneIcon.js
<s> [webpack.Progress] 67% building 1235/1290 modules 55 active /var/www/trexzactyl/node_modules/source-map-loader/dist/cjs.js!/var/www/trexzactyl/node_modules/@heroicons/react/outline/esm/PaperAirplaneIcon.js
<s> [webpack.Progress] 67% building 1236/1290 modules 54 active /var/www/trexzactyl/node_modules/source-map-loader/dist/cjs.js!/var/www/trexzactyl/node_modules/@heroicons/react/outline/esm/PaperAirplaneIcon.js
<s> [webpack.Progress] 67% building 1237/1290 modules 53 active /var/www/trexzactyl/node_modules/source-map-loader/dist/cjs.js!/var/www/trexzactyl/node_modules/@heroicons/react/outline/esm/PaperAirplaneIcon.js
<s> [webpack.Progress] 67% building 1238/1290 modules 52 active /var/www/trexzactyl/node_modules/source-map-loader/dist/cjs.js!/var/www/trexzactyl/node_modules/@heroicons/react/outline/esm/PaperAirplaneIcon.js
<s> [webpack.Progress] 67% building 1239/1290 modules 51 active /var/www/trexzactyl/node_modules/source-map-loader/dist/cjs.js!/var/www/trexzactyl/node_modules/@heroicons/react/outline/esm/PaperAirplaneIcon.js
<s> [webpack.Progress] 67% building 1239/1291 modules 52 active /var/www/trexzactyl/node_modules/source-map-loader/dist/cjs.js!/var/www/trexzactyl/node_modules/@heroicons/react/outline/esm/OfficeBuildingIcon.js
<s> [webpack.Progress] 67% building 1239/1292 modules 53 active /var/www/trexzactyl/node_modules/framer-motion/dist/es/components/AnimatePresence/PresenceChild.mjs
<s> [webpack.Progress] 67% building 1239/1293 modules 54 active /var/www/trexzactyl/node_modules/source-map-loader/dist/cjs.js!/var/www/trexzactyl/node_modules/@heroicons/react/outline/esm/NewspaperIcon.js
<s> [webpack.Progress] 67% building 1239/1294 modules 55 active /var/www/trexzactyl/node_modules/source-map-loader/dist/cjs.js!/var/www/trexzactyl/node_modules/@heroicons/react/outline/esm/MusicNoteIcon.js
<s> [webpack.Progress] 67% building 1239/1295 modules 56 active /var/www/trexzactyl/node_modules/source-map-loader/dist/cjs.js!/var/www/trexzactyl/node_modules/@heroicons/react/outline/esm/MoonIcon.js
<s> [webpack.Progress] 67% building 1239/1296 modules 57 active /var/www/trexzactyl/node_modules/source-map-loader/dist/cjs.js!/var/www/trexzactyl/node_modules/@heroicons/react/outline/esm/MinusIcon.js
<s> [webpack.Progress] 67% building 1239/1297 modules 58 active /var/www/trexzactyl/node_modules/source-map-loader/dist/cjs.js!/var/www/trexzactyl/node_modules/@heroicons/react/outline/esm/MinusSmIcon.js
<s> [webpack.Progress] 67% building 1239/1298 modules 59 active /var/www/trexzactyl/node_modules/source-map-loader/dist/cjs.js!/var/www/trexzactyl/node_modules/@heroicons/react/outline/esm/MinusCircleIcon.js
<s> [webpack.Progress] 67% building 1239/1299 modules 60 active /var/www/trexzactyl/node_modules/source-map-loader/dist/cjs.js!/var/www/trexzactyl/node_modules/@heroicons/react/outline/esm/MicrophoneIcon.js
<s> [webpack.Progress] 67% building 1239/1300 modules 61 active /var/www/trexzactyl/node_modules/source-map-loader/dist/cjs.js!/var/www/trexzactyl/node_modules/@heroicons/react/outline/esm/MenuIcon.js
<s> [webpack.Progress] 67% building 1239/1301 modules 62 active /var/www/trexzactyl/node_modules/source-map-loader/dist/cjs.js!/var/www/trexzactyl/node_modules/@heroicons/react/outline/esm/MenuAlt4Icon.js
<s> [webpack.Progress] 67% building 1239/1302 modules 63 active /var/www/trexzactyl/node_modules/source-map-loader/dist/cjs.js!/var/www/trexzactyl/node_modules/@heroicons/react/outline/esm/MenuAlt2Icon.js
<s> [webpack.Progress] 67% building 1239/1303 modules 64 active /var/www/trexzactyl/node_modules/source-map-loader/dist/cjs.js!/var/www/trexzactyl/node_modules/@heroicons/react/outline/esm/MenuAlt3Icon.js
<s> [webpack.Progress] 67% building 1239/1304 modules 65 active /var/www/trexzactyl/node_modules/source-map-loader/dist/cjs.js!/var/www/trexzactyl/node_modules/@heroicons/react/outline/esm/MenuAlt1Icon.js
<s> [webpack.Progress] 66% building 1239/1305 modules 66 active /var/www/trexzactyl/node_modules/source-map-loader/dist/cjs.js!/var/www/trexzactyl/node_modules/@heroicons/react/outline/esm/MapIcon.js
<s> [webpack.Progress] 66% building 1239/1306 modules 67 active /var/www/trexzactyl/node_modules/source-map-loader/dist/cjs.js!/var/www/trexzactyl/node_modules/@heroicons/react/outline/esm/MailIcon.js
<s> [webpack.Progress] 66% building 1239/1307 modules 68 active /var/www/trexzactyl/node_modules/source-map-loader/dist/cjs.js!/var/www/trexzactyl/node_modules/@heroicons/react/outline/esm/MailOpenIcon.js
<s> [webpack.Progress] 66% building 1239/1308 modules 69 active /var/www/trexzactyl/node_modules/source-map-loader/dist/cjs.js!/var/www/trexzactyl/node_modules/@heroicons/react/outline/esm/LogoutIcon.js
<s> [webpack.Progress] 66% building 1239/1309 modules 70 active /var/www/trexzactyl/node_modules/source-map-loader/dist/cjs.js!/var/www/trexzactyl/node_modules/@heroicons/react/outline/esm/LoginIcon.js
<s> [webpack.Progress] 66% building 1239/1310 modules 71 active /var/www/trexzactyl/node_modules/source-map-loader/dist/cjs.js!/var/www/trexzactyl/node_modules/@heroicons/react/outline/esm/LockOpenIcon.js
<s> [webpack.Progress] 66% building 1239/1311 modules 72 active /var/www/trexzactyl/node_modules/source-map-loader/dist/cjs.js!/var/www/trexzactyl/node_modules/@heroicons/react/outline/esm/LockClosedIcon.js
<s> [webpack.Progress] 66% building 1239/1312 modules 73 active /var/www/trexzactyl/node_modules/source-map-loader/dist/cjs.js!/var/www/trexzactyl/node_modules/@heroicons/react/outline/esm/LocationMarkerIcon.js
<s> [webpack.Progress] 66% building 1239/1313 modules 74 active /var/www/trexzactyl/node_modules/framer-motion/dist/es/components/Reorder/Group.mjs
<s> [webpack.Progress] 66% building 1239/1314 modules 75 active /var/www/trexzactyl/node_modules/framer-motion/dist/es/components/Reorder/Item.mjs
<s> [webpack.Progress] 66% building 1240/1314 modules 74 active /var/www/trexzactyl/node_modules/framer-motion/dist/es/components/Reorder/Item.mjs
<s> [webpack.Progress] 66% building 1241/1314 modules 73 active /var/www/trexzactyl/node_modules/framer-motion/dist/es/components/Reorder/Item.mjs
<s> [webpack.Progress] 66% building 1241/1315 modules 74 active /var/www/trexzactyl/node_modules/source-map-loader/dist/cjs.js!/var/www/trexzactyl/node_modules/@heroicons/react/outline/esm/LinkIcon.js
<s> [webpack.Progress] 66% building 1241/1316 modules 75 active /var/www/trexzactyl/node_modules/source-map-loader/dist/cjs.js!/var/www/trexzactyl/node_modules/@heroicons/react/outline/esm/LightningBoltIcon.js
<s> [webpack.Progress] 66% building 1242/1316 modules 74 active /var/www/trexzactyl/node_modules/source-map-loader/dist/cjs.js!/var/www/trexzactyl/node_modules/@heroicons/react/outline/esm/LightningBoltIcon.js
<s> [webpack.Progress] 66% building 1242/1317 modules 75 active /var/www/trexzactyl/node_modules/framer-motion/dist/es/projection/node/group.mjs
<s> [webpack.Progress] 66% building 1242/1318 modules 76 active /var/www/trexzactyl/node_modules/source-map-loader/dist/cjs.js!/var/www/trexzactyl/node_modules/@heroicons/react/outline/esm/LightBulbIcon.js
<s> [webpack.Progress] 66% building 1242/1319 modules 77 active /var/www/trexzactyl/node_modules/source-map-loader/dist/cjs.js!/var/www/trexzactyl/node_modules/@heroicons/react/outline/esm/LibraryIcon.js
<s> [webpack.Progress] 66% building 1242/1320 modules 78 active /var/www/trexzactyl/node_modules/source-map-loader/dist/cjs.js!/var/www/trexzactyl/node_modules/@heroicons/react/outline/esm/KeyIcon.js
<s> [webpack.Progress] 66% building 1242/1321 modules 79 active /var/www/trexzactyl/node_modules/source-map-loader/dist/cjs.js!/var/www/trexzactyl/node_modules/@heroicons/react/outline/esm/InformationCircleIcon.js
<s> [webpack.Progress] 66% building 1242/1322 modules 80 active /var/www/trexzactyl/node_modules/source-map-loader/dist/cjs.js!/var/www/trexzactyl/node_modules/@heroicons/react/outline/esm/InboxIcon.js
<s> [webpack.Progress] 66% building 1243/1322 modules 79 active /var/www/trexzactyl/node_modules/source-map-loader/dist/cjs.js!/var/www/trexzactyl/node_modules/@heroicons/react/outline/esm/InboxIcon.js
<s> [webpack.Progress] 66% building 1244/1322 modules 78 active /var/www/trexzactyl/node_modules/source-map-loader/dist/cjs.js!/var/www/trexzactyl/node_modules/@heroicons/react/outline/esm/InboxIcon.js
<s> [webpack.Progress] 66% building 1245/1322 modules 77 active /var/www/trexzactyl/node_modules/source-map-loader/dist/cjs.js!/var/www/trexzactyl/node_modules/@heroicons/react/outline/esm/InboxIcon.js
<s> [webpack.Progress] 66% building 1246/1322 modules 76 active /var/www/trexzactyl/node_modules/source-map-loader/dist/cjs.js!/var/www/trexzactyl/node_modules/@heroicons/react/outline/esm/InboxIcon.js
<s> [webpack.Progress] 66% building 1247/1322 modules 75 active /var/www/trexzactyl/node_modules/source-map-loader/dist/cjs.js!/var/www/trexzactyl/node_modules/@heroicons/react/outline/esm/InboxIcon.js
<s> [webpack.Progress] 66% building 1247/1323 modules 76 active /var/www/trexzactyl/node_modules/source-map-loader/dist/cjs.js!/var/www/trexzactyl/node_modules/@heroicons/react/outline/esm/InboxInIcon.js
<s> [webpack.Progress] 66% building 1247/1324 modules 77 active /var/www/trexzactyl/node_modules/source-map-loader/dist/cjs.js!/var/www/trexzactyl/node_modules/@heroicons/react/outline/esm/IdentificationIcon.js
<s> [webpack.Progress] 66% building 1247/1325 modules 78 active /var/www/trexzactyl/node_modules/source-map-loader/dist/cjs.js!/var/www/trexzactyl/node_modules/@heroicons/react/outline/esm/HomeIcon.js
<s> [webpack.Progress] 66% building 1247/1326 modules 79 active /var/www/trexzactyl/node_modules/source-map-loader/dist/cjs.js!/var/www/trexzactyl/node_modules/date-fns/esm/_lib/getUTCISOWeekYear/index.js
<s> [webpack.Progress] 66% building 1248/1326 modules 78 active /var/www/trexzactyl/node_modules/source-map-loader/dist/cjs.js!/var/www/trexzactyl/node_modules/date-fns/esm/_lib/getUTCISOWeekYear/index.js
<s> [webpack.Progress] 66% building 1249/1326 modules 77 active /var/www/trexzactyl/node_modules/source-map-loader/dist/cjs.js!/var/www/trexzactyl/node_modules/date-fns/esm/_lib/getUTCISOWeekYear/index.js
<s> [webpack.Progress] 66% building 1249/1327 modules 78 active /var/www/trexzactyl/node_modules/source-map-loader/dist/cjs.js!/var/www/trexzactyl/node_modules/@heroicons/react/outline/esm/HeartIcon.js
<s> [webpack.Progress] 66% building 1249/1328 modules 79 active /var/www/trexzactyl/node_modules/source-map-loader/dist/cjs.js!/var/www/trexzactyl/node_modules/@heroicons/react/outline/esm/HashtagIcon.js
<s> [webpack.Progress] 66% building 1250/1328 modules 78 active /var/www/trexzactyl/node_modules/source-map-loader/dist/cjs.js!/var/www/trexzactyl/node_modules/@heroicons/react/outline/esm/HashtagIcon.js
<s> [webpack.Progress] 66% building 1250/1329 modules 79 active /var/www/trexzactyl/node_modules/source-map-loader/dist/cjs.js!/var/www/trexzactyl/node_modules/@heroicons/react/outline/esm/HandIcon.js
<s> [webpack.Progress] 66% building 1251/1329 modules 78 active /var/www/trexzactyl/node_modules/source-map-loader/dist/cjs.js!/var/www/trexzactyl/node_modules/@heroicons/react/outline/esm/HandIcon.js
<s> [webpack.Progress] 66% building 1251/1330 modules 79 active /var/www/trexzactyl/node_modules/source-map-loader/dist/cjs.js!/var/www/trexzactyl/node_modules/@heroicons/react/outline/esm/GlobeIcon.js
<s> [webpack.Progress] 66% building 1252/1330 modules 78 active /var/www/trexzactyl/node_modules/source-map-loader/dist/cjs.js!/var/www/trexzactyl/node_modules/@heroicons/react/outline/esm/GlobeIcon.js
<s> [webpack.Progress] 66% building 1252/1331 modules 79 active /var/www/trexzactyl/node_modules/source-map-loader/dist/cjs.js!/var/www/trexzactyl/node_modules/@heroicons/react/outline/esm/GlobeAltIcon.js
<s> [webpack.Progress] 66% building 1252/1332 modules 80 active /var/www/trexzactyl/node_modules/source-map-loader/dist/cjs.js!/var/www/trexzactyl/node_modules/@heroicons/react/outline/esm/GiftIcon.js
<s> [webpack.Progress] 66% building 1253/1332 modules 79 active /var/www/trexzactyl/node_modules/source-map-loader/dist/cjs.js!/var/www/trexzactyl/node_modules/@heroicons/react/outline/esm/GiftIcon.js
<s> [webpack.Progress] 66% building 1254/1332 modules 78 active /var/www/trexzactyl/node_modules/source-map-loader/dist/cjs.js!/var/www/trexzactyl/node_modules/@heroicons/react/outline/esm/GiftIcon.js
<s> [webpack.Progress] 66% building 1254/1333 modules 79 active /var/www/trexzactyl/node_modules/source-map-loader/dist/cjs.js!/var/www/trexzactyl/node_modules/@heroicons/react/outline/esm/FolderIcon.js
<s> [webpack.Progress] 66% building 1255/1333 modules 78 active /var/www/trexzactyl/node_modules/source-map-loader/dist/cjs.js!/var/www/trexzactyl/node_modules/@heroicons/react/outline/esm/FolderIcon.js
<s> [webpack.Progress] 66% building 1256/1333 modules 77 active /var/www/trexzactyl/node_modules/source-map-loader/dist/cjs.js!/var/www/trexzactyl/node_modules/@heroicons/react/outline/esm/FolderIcon.js
<s> [webpack.Progress] 66% building 1256/1334 modules 78 active /var/www/trexzactyl/node_modules/source-map-loader/dist/cjs.js!/var/www/trexzactyl/node_modules/@heroicons/react/outline/esm/FolderRemoveIcon.js
<s> [webpack.Progress] 66% building 1256/1335 modules 79 active /var/www/trexzactyl/node_modules/source-map-loader/dist/cjs.js!/var/www/trexzactyl/node_modules/@heroicons/react/outline/esm/FolderOpenIcon.js
<s> [webpack.Progress] 66% building 1257/1335 modules 78 active /var/www/trexzactyl/node_modules/source-map-loader/dist/cjs.js!/var/www/trexzactyl/node_modules/@heroicons/react/outline/esm/FolderOpenIcon.js
<s> [webpack.Progress] 66% building 1258/1335 modules 77 active /var/www/trexzactyl/node_modules/source-map-loader/dist/cjs.js!/var/www/trexzactyl/node_modules/@heroicons/react/outline/esm/FolderOpenIcon.js
<s> [webpack.Progress] 66% building 1259/1335 modules 76 active /var/www/trexzactyl/node_modules/source-map-loader/dist/cjs.js!/var/www/trexzactyl/node_modules/@heroicons/react/outline/esm/FolderOpenIcon.js
<s> [webpack.Progress] 66% building 1260/1335 modules 75 active /var/www/trexzactyl/node_modules/source-map-loader/dist/cjs.js!/var/www/trexzactyl/node_modules/@heroicons/react/outline/esm/FolderOpenIcon.js
<s> [webpack.Progress] 66% building 1261/1335 modules 74 active /var/www/trexzactyl/node_modules/source-map-loader/dist/cjs.js!/var/www/trexzactyl/node_modules/@heroicons/react/outline/esm/FolderOpenIcon.js
<s> [webpack.Progress] 66% building 1262/1335 modules 73 active /var/www/trexzactyl/node_modules/source-map-loader/dist/cjs.js!/var/www/trexzactyl/node_modules/@heroicons/react/outline/esm/FolderOpenIcon.js
<s> [webpack.Progress] 66% building 1262/1336 modules 74 active /var/www/trexzactyl/node_modules/source-map-loader/dist/cjs.js!/var/www/trexzactyl/node_modules/@heroicons/react/outline/esm/FolderDownloadIcon.js
<s> [webpack.Progress] 66% building 1262/1337 modules 75 active /var/www/trexzactyl/node_modules/source-map-loader/dist/cjs.js!/var/www/trexzactyl/node_modules/@heroicons/react/outline/esm/FolderAddIcon.js
<s> [webpack.Progress] 66% building 1263/1337 modules 74 active /var/www/trexzactyl/node_modules/source-map-loader/dist/cjs.js!/var/www/trexzactyl/node_modules/@heroicons/react/outline/esm/FolderAddIcon.js
<s> [webpack.Progress] 66% building 1264/1337 modules 73 active /var/www/trexzactyl/node_modules/source-map-loader/dist/cjs.js!/var/www/trexzactyl/node_modules/@heroicons/react/outline/esm/FolderAddIcon.js
<s> [webpack.Progress] 66% building 1265/1337 modules 72 active /var/www/trexzactyl/node_modules/source-map-loader/dist/cjs.js!/var/www/trexzactyl/node_modules/@heroicons/react/outline/esm/FolderAddIcon.js
<s> [webpack.Progress] 66% building 1266/1337 modules 71 active /var/www/trexzactyl/node_modules/source-map-loader/dist/cjs.js!/var/www/trexzactyl/node_modules/@heroicons/react/outline/esm/FolderAddIcon.js
<s> [webpack.Progress] 66% building 1267/1337 modules 70 active /var/www/trexzactyl/node_modules/source-map-loader/dist/cjs.js!/var/www/trexzactyl/node_modules/@heroicons/react/outline/esm/FolderAddIcon.js
<s> [webpack.Progress] 66% building 1268/1337 modules 69 active /var/www/trexzactyl/node_modules/source-map-loader/dist/cjs.js!/var/www/trexzactyl/node_modules/@heroicons/react/outline/esm/FolderAddIcon.js
<s> [webpack.Progress] 66% building 1269/1337 modules 68 active /var/www/trexzactyl/node_modules/source-map-loader/dist/cjs.js!/var/www/trexzactyl/node_modules/@heroicons/react/outline/esm/FolderAddIcon.js
<s> [webpack.Progress] 66% building 1270/1337 modules 67 active /var/www/trexzactyl/node_modules/source-map-loader/dist/cjs.js!/var/www/trexzactyl/node_modules/@heroicons/react/outline/esm/FolderAddIcon.js
<s> [webpack.Progress] 67% building 1271/1337 modules 66 active /var/www/trexzactyl/node_modules/source-map-loader/dist/cjs.js!/var/www/trexzactyl/node_modules/@heroicons/react/outline/esm/FolderAddIcon.js
<s> [webpack.Progress] 67% building 1272/1337 modules 65 active /var/www/trexzactyl/node_modules/source-map-loader/dist/cjs.js!/var/www/trexzactyl/node_modules/@heroicons/react/outline/esm/FolderAddIcon.js
<s> [webpack.Progress] 67% building 1273/1337 modules 64 active /var/www/trexzactyl/node_modules/source-map-loader/dist/cjs.js!/var/www/trexzactyl/node_modules/@heroicons/react/outline/esm/FolderAddIcon.js
<s> [webpack.Progress] 67% building 1274/1337 modules 63 active /var/www/trexzactyl/node_modules/source-map-loader/dist/cjs.js!/var/www/trexzactyl/node_modules/@heroicons/react/outline/esm/FolderAddIcon.js
<s> [webpack.Progress] 67% building 1275/1337 modules 62 active /var/www/trexzactyl/node_modules/source-map-loader/dist/cjs.js!/var/www/trexzactyl/node_modules/@heroicons/react/outline/esm/FolderAddIcon.js
<s> [webpack.Progress] 67% building 1276/1337 modules 61 active /var/www/trexzactyl/node_modules/source-map-loader/dist/cjs.js!/var/www/trexzactyl/node_modules/@heroicons/react/outline/esm/FolderAddIcon.js
<s> [webpack.Progress] 67% building 1277/1337 modules 60 active /var/www/trexzactyl/node_modules/source-map-loader/dist/cjs.js!/var/www/trexzactyl/node_modules/@heroicons/react/outline/esm/FolderAddIcon.js
<s> [webpack.Progress] 67% building 1278/1337 modules 59 active /var/www/trexzactyl/node_modules/source-map-loader/dist/cjs.js!/var/www/trexzactyl/node_modules/@heroicons/react/outline/esm/FolderAddIcon.js
<s> [webpack.Progress] 67% building 1279/1337 modules 58 active /var/www/trexzactyl/node_modules/source-map-loader/dist/cjs.js!/var/www/trexzactyl/node_modules/@heroicons/react/outline/esm/FolderAddIcon.js
<s> [webpack.Progress] 67% building 1279/1338 modules 59 active /var/www/trexzactyl/node_modules/source-map-loader/dist/cjs.js!/var/www/trexzactyl/node_modules/@heroicons/react/outline/esm/FlagIcon.js
<s> [webpack.Progress] 67% building 1279/1339 modules 60 active /var/www/trexzactyl/node_modules/source-map-loader/dist/cjs.js!/var/www/trexzactyl/node_modules/@heroicons/react/outline/esm/FireIcon.js
<s> [webpack.Progress] 67% building 1279/1340 modules 61 active /var/www/trexzactyl/node_modules/source-map-loader/dist/cjs.js!/var/www/trexzactyl/node_modules/@heroicons/react/outline/esm/FingerPrintIcon.js
<s> [webpack.Progress] 67% building 1280/1340 modules 60 active /var/www/trexzactyl/node_modules/source-map-loader/dist/cjs.js!/var/www/trexzactyl/node_modules/@heroicons/react/outline/esm/FingerPrintIcon.js
<s> [webpack.Progress] 67% building 1281/1340 modules 59 active /var/www/trexzactyl/node_modules/source-map-loader/dist/cjs.js!/var/www/trexzactyl/node_modules/@heroicons/react/outline/esm/FingerPrintIcon.js
<s> [webpack.Progress] 67% building 1282/1340 modules 58 active /var/www/trexzactyl/node_modules/source-map-loader/dist/cjs.js!/var/www/trexzactyl/node_modules/@heroicons/react/outline/esm/FingerPrintIcon.js
<s> [webpack.Progress] 67% building 1283/1340 modules 57 active /var/www/trexzactyl/node_modules/source-map-loader/dist/cjs.js!/var/www/trexzactyl/node_modules/@heroicons/react/outline/esm/FingerPrintIcon.js
<s> [webpack.Progress] 67% building 1284/1340 modules 56 active /var/www/trexzactyl/node_modules/source-map-loader/dist/cjs.js!/var/www/trexzactyl/node_modules/@heroicons/react/outline/esm/FingerPrintIcon.js
<s> [webpack.Progress] 67% building 1284/1341 modules 57 active /var/www/trexzactyl/node_modules/source-map-loader/dist/cjs.js!/var/www/trexzactyl/node_modules/@heroicons/react/outline/esm/FilterIcon.js
<s> [webpack.Progress] 67% building 1285/1341 modules 56 active /var/www/trexzactyl/node_modules/source-map-loader/dist/cjs.js!/var/www/trexzactyl/node_modules/@heroicons/react/outline/esm/FilterIcon.js
<s> [webpack.Progress] 67% building 1286/1341 modules 55 active /var/www/trexzactyl/node_modules/source-map-loader/dist/cjs.js!/var/www/trexzactyl/node_modules/@heroicons/react/outline/esm/FilterIcon.js
<s> [webpack.Progress] 67% building 1287/1341 modules 54 active /var/www/trexzactyl/node_modules/source-map-loader/dist/cjs.js!/var/www/trexzactyl/node_modules/@heroicons/react/outline/esm/FilterIcon.js
<s> [webpack.Progress] 67% building 1288/1341 modules 53 active /var/www/trexzactyl/node_modules/source-map-loader/dist/cjs.js!/var/www/trexzactyl/node_modules/@heroicons/react/outline/esm/FilterIcon.js
<s> [webpack.Progress] 67% building 1288/1342 modules 54 active /var/www/trexzactyl/node_modules/source-map-loader/dist/cjs.js!/var/www/trexzactyl/node_modules/@heroicons/react/outline/esm/FilmIcon.js
<s> [webpack.Progress] 67% building 1288/1343 modules 55 active /var/www/trexzactyl/node_modules/source-map-loader/dist/cjs.js!/var/www/trexzactyl/node_modules/@heroicons/react/outline/esm/FastForwardIcon.js
<s> [webpack.Progress] 67% building 1289/1343 modules 54 active /var/www/trexzactyl/node_modules/source-map-loader/dist/cjs.js!/var/www/trexzactyl/node_modules/@heroicons/react/outline/esm/FastForwardIcon.js
<s> [webpack.Progress] 67% building 1289/1344 modules 55 active /var/www/trexzactyl/node_modules/source-map-loader/dist/cjs.js!/var/www/trexzactyl/node_modules/@heroicons/react/outline/esm/EyeIcon.js
<s> [webpack.Progress] 67% building 1289/1345 modules 56 active /var/www/trexzactyl/node_modules/source-map-loader/dist/cjs.js!/var/www/trexzactyl/node_modules/@heroicons/react/outline/esm/EyeOffIcon.js
<s> [webpack.Progress] 67% building 1290/1345 modules 55 active /var/www/trexzactyl/node_modules/source-map-loader/dist/cjs.js!/var/www/trexzactyl/node_modules/@heroicons/react/outline/esm/EyeOffIcon.js
<s> [webpack.Progress] 67% building 1290/1346 modules 56 active /var/www/trexzactyl/node_modules/source-map-loader/dist/cjs.js!/var/www/trexzactyl/node_modules/@heroicons/react/outline/esm/ExternalLinkIcon.js
<s> [webpack.Progress] 67% building 1290/1347 modules 57 active /var/www/trexzactyl/node_modules/source-map-loader/dist/cjs.js!/var/www/trexzactyl/node_modules/@heroicons/react/outline/esm/ExclamationIcon.js
<s> [webpack.Progress] 67% building 1290/1348 modules 58 active /var/www/trexzactyl/node_modules/source-map-loader/dist/cjs.js!/var/www/trexzactyl/node_modules/@heroicons/react/outline/esm/ExclamationCircleIcon.js
<s> [webpack.Progress] 67% building 1290/1349 modules 59 active /var/www/trexzactyl/node_modules/source-map-loader/dist/cjs.js!/var/www/trexzactyl/node_modules/@heroicons/react/outline/esm/EmojiSadIcon.js
<s> [webpack.Progress] 67% building 1290/1350 modules 60 active /var/www/trexzactyl/node_modules/source-map-loader/dist/cjs.js!/var/www/trexzactyl/node_modules/@heroicons/react/outline/esm/EmojiHappyIcon.js
<s> [webpack.Progress] 67% building 1290/1351 modules 61 active /var/www/trexzactyl/node_modules/source-map-loader/dist/cjs.js!/var/www/trexzactyl/node_modules/@heroicons/react/outline/esm/DuplicateIcon.js
<s> [webpack.Progress] 67% building 1290/1352 modules 62 active /var/www/trexzactyl/node_modules/source-map-loader/dist/cjs.js!/var/www/trexzactyl/node_modules/@heroicons/react/outline/esm/DownloadIcon.js
<s> [webpack.Progress] 67% building 1290/1353 modules 63 active /var/www/trexzactyl/node_modules/source-map-loader/dist/cjs.js!/var/www/trexzactyl/node_modules/@heroicons/react/outline/esm/DotsHorizontalIcon.js
<s> [webpack.Progress] 67% building 1290/1354 modules 64 active /var/www/trexzactyl/node_modules/source-map-loader/dist/cjs.js!/var/www/trexzactyl/node_modules/@heroicons/react/outline/esm/DotsVerticalIcon.js
<s> [webpack.Progress] 67% building 1290/1355 modules 65 active /var/www/trexzactyl/node_modules/source-map-loader/dist/cjs.js!/var/www/trexzactyl/node_modules/@heroicons/react/outline/esm/DocumentIcon.js
<s> [webpack.Progress] 67% building 1290/1356 modules 66 active /var/www/trexzactyl/node_modules/source-map-loader/dist/cjs.js!/var/www/trexzactyl/node_modules/@heroicons/react/outline/esm/DotsCircleHorizontalIcon.js
<s> [webpack.Progress] 67% building 1290/1357 modules 67 active /var/www/trexzactyl/node_modules/source-map-loader/dist/cjs.js!/var/www/trexzactyl/node_modules/@heroicons/react/outline/esm/DocumentTextIcon.js
<s> [webpack.Progress] 66% building 1290/1358 modules 68 active /var/www/trexzactyl/node_modules/source-map-loader/dist/cjs.js!/var/www/trexzactyl/node_modules/@heroicons/react/outline/esm/DocumentSearchIcon.js
<s> [webpack.Progress] 66% building 1290/1359 modules 69 active /var/www/trexzactyl/node_modules/source-map-loader/dist/cjs.js!/var/www/trexzactyl/node_modules/@heroicons/react/outline/esm/DocumentReportIcon.js
<s> [webpack.Progress] 66% building 1291/1359 modules 68 active /var/www/trexzactyl/node_modules/source-map-loader/dist/cjs.js!/var/www/trexzactyl/node_modules/@heroicons/react/outline/esm/DocumentReportIcon.js
<s> [webpack.Progress] 66% building 1291/1360 modules 69 active /var/www/trexzactyl/node_modules/source-map-loader/dist/cjs.js!/var/www/trexzactyl/node_modules/@heroicons/react/outline/esm/DocumentRemoveIcon.js
<s> [webpack.Progress] 66% building 1291/1361 modules 70 active /var/www/trexzactyl/node_modules/source-map-loader/dist/cjs.js!/var/www/trexzactyl/node_modules/@heroicons/react/outline/esm/DocumentDuplicateIcon.js
<s> [webpack.Progress] 66% building 1291/1362 modules 71 active /var/www/trexzactyl/node_modules/source-map-loader/dist/cjs.js!/var/www/trexzactyl/node_modules/@heroicons/react/outline/esm/DocumentDownloadIcon.js
<s> [webpack.Progress] 66% building 1291/1363 modules 72 active /var/www/trexzactyl/node_modules/source-map-loader/dist/cjs.js!/var/www/trexzactyl/node_modules/@heroicons/react/outline/esm/DocumentAddIcon.js
<s> [webpack.Progress] 66% building 1292/1363 modules 71 active /var/www/trexzactyl/node_modules/source-map-loader/dist/cjs.js!/var/www/trexzactyl/node_modules/@heroicons/react/outline/esm/DocumentAddIcon.js
<s> [webpack.Progress] 66% building 1293/1363 modules 70 active /var/www/trexzactyl/node_modules/source-map-loader/dist/cjs.js!/var/www/trexzactyl/node_modules/@heroicons/react/outline/esm/DocumentAddIcon.js
<s> [webpack.Progress] 66% building 1294/1363 modules 69 active /var/www/trexzactyl/node_modules/source-map-loader/dist/cjs.js!/var/www/trexzactyl/node_modules/@heroicons/react/outline/esm/DocumentAddIcon.js
<s> [webpack.Progress] 66% building 1294/1364 modules 70 active /var/www/trexzactyl/node_modules/source-map-loader/dist/cjs.js!/var/www/trexzactyl/node_modules/@heroicons/react/outline/esm/DeviceTabletIcon.js
<s> [webpack.Progress] 66% building 1295/1364 modules 69 active /var/www/trexzactyl/node_modules/source-map-loader/dist/cjs.js!/var/www/trexzactyl/node_modules/@heroicons/react/outline/esm/DeviceTabletIcon.js
<s> [webpack.Progress] 66% building 1295/1365 modules 70 active /var/www/trexzactyl/node_modules/source-map-loader/dist/cjs.js!/var/www/trexzactyl/node_modules/@heroicons/react/outline/esm/DeviceMobileIcon.js
<s> [webpack.Progress] 66% building 1295/1366 modules 71 active /var/www/trexzactyl/node_modules/source-map-loader/dist/cjs.js!/var/www/trexzactyl/node_modules/@heroicons/react/outline/esm/DesktopComputerIcon.js
<s> [webpack.Progress] 66% building 1295/1367 modules 72 active /var/www/trexzactyl/node_modules/source-map-loader/dist/cjs.js!/var/www/trexzactyl/node_modules/@heroicons/react/outline/esm/DatabaseIcon.js
<s> [webpack.Progress] 66% building 1296/1367 modules 71 active /var/www/trexzactyl/node_modules/source-map-loader/dist/cjs.js!/var/www/trexzactyl/node_modules/@heroicons/react/outline/esm/DatabaseIcon.js
<s> [webpack.Progress] 66% building 1296/1368 modules 72 active /var/www/trexzactyl/node_modules/source-map-loader/dist/cjs.js!/var/www/trexzactyl/node_modules/@heroicons/react/outline/esm/CursorClickIcon.js
<s> [webpack.Progress] 66% building 1297/1368 modules 71 active /var/www/trexzactyl/node_modules/source-map-loader/dist/cjs.js!/var/www/trexzactyl/node_modules/@heroicons/react/outline/esm/CursorClickIcon.js
<s> [webpack.Progress] 66% building 1298/1368 modules 70 active /var/www/trexzactyl/node_modules/source-map-loader/dist/cjs.js!/var/www/trexzactyl/node_modules/@heroicons/react/outline/esm/CursorClickIcon.js
<s> [webpack.Progress] 66% building 1298/1369 modules 71 active /var/www/trexzactyl/node_modules/source-map-loader/dist/cjs.js!/var/www/trexzactyl/node_modules/@heroicons/react/outline/esm/CurrencyYenIcon.js
<s> [webpack.Progress] 66% building 1299/1369 modules 70 active /var/www/trexzactyl/node_modules/source-map-loader/dist/cjs.js!/var/www/trexzactyl/node_modules/@heroicons/react/outline/esm/CurrencyYenIcon.js
<s> [webpack.Progress] 66% building 1299/1370 modules 71 active /var/www/trexzactyl/node_modules/source-map-loader/dist/cjs.js!/var/www/trexzactyl/node_modules/@heroicons/react/outline/esm/CurrencyRupeeIcon.js
<s> [webpack.Progress] 66% building 1300/1370 modules 70 active /var/www/trexzactyl/node_modules/source-map-loader/dist/cjs.js!/var/www/trexzactyl/node_modules/@heroicons/react/outline/esm/CurrencyRupeeIcon.js
<s> [webpack.Progress] 66% building 1301/1370 modules 69 active /var/www/trexzactyl/node_modules/source-map-loader/dist/cjs.js!/var/www/trexzactyl/node_modules/@heroicons/react/outline/esm/CurrencyRupeeIcon.js
<s> [webpack.Progress] 67% building 1302/1370 modules 68 active /var/www/trexzactyl/node_modules/source-map-loader/dist/cjs.js!/var/www/trexzactyl/node_modules/@heroicons/react/outline/esm/CurrencyRupeeIcon.js
<s> [webpack.Progress] 66% building 1302/1371 modules 69 active /var/www/trexzactyl/node_modules/source-map-loader/dist/cjs.js!/var/www/trexzactyl/node_modules/@heroicons/react/outline/esm/CurrencyPoundIcon.js
<s> [webpack.Progress] 66% building 1302/1372 modules 70 active /var/www/trexzactyl/node_modules/source-map-loader/dist/cjs.js!/var/www/trexzactyl/node_modules/@heroicons/react/outline/esm/CurrencyEuroIcon.js
<s> [webpack.Progress] 66% building 1303/1372 modules 69 active /var/www/trexzactyl/node_modules/source-map-loader/dist/cjs.js!/var/www/trexzactyl/node_modules/@heroicons/react/outline/esm/CurrencyEuroIcon.js
<s> [webpack.Progress] 67% building 1304/1372 modules 68 active /var/www/trexzactyl/node_modules/source-map-loader/dist/cjs.js!/var/www/trexzactyl/node_modules/@heroicons/react/outline/esm/CurrencyEuroIcon.js
<s> [webpack.Progress] 66% building 1304/1373 modules 69 active /var/www/trexzactyl/node_modules/source-map-loader/dist/cjs.js!/var/www/trexzactyl/node_modules/@heroicons/react/outline/esm/CurrencyDollarIcon.js
<s> [webpack.Progress] 66% building 1304/1374 modules 70 active /var/www/trexzactyl/node_modules/source-map-loader/dist/cjs.js!/var/www/trexzactyl/node_modules/@heroicons/react/outline/esm/CurrencyBangladeshiIcon.js
<s> [webpack.Progress] 66% building 1304/1375 modules 71 active /var/www/trexzactyl/node_modules/source-map-loader/dist/cjs.js!/var/www/trexzactyl/node_modules/@heroicons/react/outline/esm/CubeIcon.js
<s> [webpack.Progress] 66% building 1305/1375 modules 70 active /var/www/trexzactyl/node_modules/source-map-loader/dist/cjs.js!/var/www/trexzactyl/node_modules/@heroicons/react/outline/esm/CubeIcon.js
<s> [webpack.Progress] 66% building 1306/1375 modules 69 active /var/www/trexzactyl/node_modules/source-map-loader/dist/cjs.js!/var/www/trexzactyl/node_modules/@heroicons/react/outline/esm/CubeIcon.js
<s> [webpack.Progress] 67% building 1307/1375 modules 68 active /var/www/trexzactyl/node_modules/source-map-loader/dist/cjs.js!/var/www/trexzactyl/node_modules/@heroicons/react/outline/esm/CubeIcon.js
<s> [webpack.Progress] 67% building 1308/1375 modules 67 active /var/www/trexzactyl/node_modules/source-map-loader/dist/cjs.js!/var/www/trexzactyl/node_modules/@heroicons/react/outline/esm/CubeIcon.js
<s> [webpack.Progress] 67% building 1308/1376 modules 68 active /var/www/trexzactyl/node_modules/source-map-loader/dist/cjs.js!/var/www/trexzactyl/node_modules/@heroicons/react/outline/esm/CubeTransparentIcon.js
<s> [webpack.Progress] 67% building 1309/1376 modules 67 active /var/www/trexzactyl/node_modules/source-map-loader/dist/cjs.js!/var/www/trexzactyl/node_modules/@heroicons/react/outline/esm/CubeTransparentIcon.js
<s> [webpack.Progress] 67% building 1310/1376 modules 66 active /var/www/trexzactyl/node_modules/source-map-loader/dist/cjs.js!/var/www/trexzactyl/node_modules/@heroicons/react/outline/esm/CubeTransparentIcon.js
<s> [webpack.Progress] 67% building 1311/1376 modules 65 active /var/www/trexzactyl/node_modules/source-map-loader/dist/cjs.js!/var/www/trexzactyl/node_modules/@heroicons/react/outline/esm/CubeTransparentIcon.js
<s> [webpack.Progress] 67% building 1311/1377 modules 66 active /var/www/trexzactyl/node_modules/source-map-loader/dist/cjs.js!/var/www/trexzactyl/node_modules/@heroicons/react/outline/esm/CreditCardIcon.js
<s> [webpack.Progress] 67% building 1312/1377 modules 65 active /var/www/trexzactyl/node_modules/source-map-loader/dist/cjs.js!/var/www/trexzactyl/node_modules/@heroicons/react/outline/esm/CreditCardIcon.js
<s> [webpack.Progress] 67% building 1313/1377 modules 64 active /var/www/trexzactyl/node_modules/source-map-loader/dist/cjs.js!/var/www/trexzactyl/node_modules/@heroicons/react/outline/esm/CreditCardIcon.js
<s> [webpack.Progress] 67% building 1314/1377 modules 63 active /var/www/trexzactyl/node_modules/source-map-loader/dist/cjs.js!/var/www/trexzactyl/node_modules/@heroicons/react/outline/esm/CreditCardIcon.js
<s> [webpack.Progress] 67% building 1315/1377 modules 62 active /var/www/trexzactyl/node_modules/source-map-loader/dist/cjs.js!/var/www/trexzactyl/node_modules/@heroicons/react/outline/esm/CreditCardIcon.js
<s> [webpack.Progress] 67% building 1316/1377 modules 61 active /var/www/trexzactyl/node_modules/source-map-loader/dist/cjs.js!/var/www/trexzactyl/node_modules/@heroicons/react/outline/esm/CreditCardIcon.js
<s> [webpack.Progress] 67% building 1317/1377 modules 60 active /var/www/trexzactyl/node_modules/source-map-loader/dist/cjs.js!/var/www/trexzactyl/node_modules/@heroicons/react/outline/esm/CreditCardIcon.js
<s> [webpack.Progress] 67% building 1318/1377 modules 59 active /var/www/trexzactyl/node_modules/source-map-loader/dist/cjs.js!/var/www/trexzactyl/node_modules/@heroicons/react/outline/esm/CreditCardIcon.js
<s> [webpack.Progress] 67% building 1319/1377 modules 58 active /var/www/trexzactyl/node_modules/source-map-loader/dist/cjs.js!/var/www/trexzactyl/node_modules/@heroicons/react/outline/esm/CreditCardIcon.js
<s> [webpack.Progress] 67% building 1320/1377 modules 57 active /var/www/trexzactyl/node_modules/source-map-loader/dist/cjs.js!/var/www/trexzactyl/node_modules/@heroicons/react/outline/esm/CreditCardIcon.js
<s> [webpack.Progress] 67% building 1320/1378 modules 58 active /var/www/trexzactyl/node_modules/source-map-loader/dist/cjs.js!/var/www/trexzactyl/node_modules/@heroicons/react/outline/esm/ColorSwatchIcon.js
<s> [webpack.Progress] 67% building 1321/1378 modules 57 active /var/www/trexzactyl/node_modules/source-map-loader/dist/cjs.js!/var/www/trexzactyl/node_modules/@heroicons/react/outline/esm/ColorSwatchIcon.js
<s> [webpack.Progress] 67% building 1321/1379 modules 58 active /var/www/trexzactyl/node_modules/source-map-loader/dist/cjs.js!/var/www/trexzactyl/node_modules/@heroicons/react/outline/esm/CollectionIcon.js
<s> [webpack.Progress] 67% building 1321/1380 modules 59 active /var/www/trexzactyl/node_modules/source-map-loader/dist/cjs.js!/var/www/trexzactyl/node_modules/@heroicons/react/outline/esm/CogIcon.js
<s> [webpack.Progress] 67% building 1321/1381 modules 60 active /var/www/trexzactyl/node_modules/source-map-loader/dist/cjs.js!/var/www/trexzactyl/node_modules/@heroicons/react/outline/esm/CodeIcon.js
<s> [webpack.Progress] 67% building 1321/1382 modules 61 active /var/www/trexzactyl/node_modules/source-map-loader/dist/cjs.js!/var/www/trexzactyl/node_modules/@heroicons/react/outline/esm/CloudIcon.js
<s> [webpack.Progress] 67% building 1322/1382 modules 60 active /var/www/trexzactyl/node_modules/source-map-loader/dist/cjs.js!/var/www/trexzactyl/node_modules/@heroicons/react/outline/esm/CloudIcon.js
<s> [webpack.Progress] 67% building 1322/1383 modules 61 active /var/www/trexzactyl/node_modules/source-map-loader/dist/cjs.js!/var/www/trexzactyl/node_modules/@heroicons/react/outline/esm/CloudUploadIcon.js
<s> [webpack.Progress] 67% building 1322/1384 modules 62 active /var/www/trexzactyl/node_modules/source-map-loader/dist/cjs.js!/var/www/trexzactyl/node_modules/@heroicons/react/outline/esm/CloudDownloadIcon.js
<s> [webpack.Progress] 67% building 1322/1385 modules 63 active /var/www/trexzactyl/node_modules/source-map-loader/dist/cjs.js!/var/www/trexzactyl/node_modules/@heroicons/react/outline/esm/ClipboardIcon.js
<s> [webpack.Progress] 67% building 1322/1386 modules 64 active /var/www/trexzactyl/node_modules/source-map-loader/dist/cjs.js!/var/www/trexzactyl/node_modules/@heroicons/react/outline/esm/ClockIcon.js
<s> [webpack.Progress] 67% building 1322/1387 modules 65 active /var/www/trexzactyl/node_modules/source-map-loader/dist/cjs.js!/var/www/trexzactyl/node_modules/@heroicons/react/outline/esm/ClipboardListIcon.js
<s> [webpack.Progress] 67% building 1322/1388 modules 66 active /var/www/trexzactyl/node_modules/source-map-loader/dist/cjs.js!/var/www/trexzactyl/node_modules/@heroicons/react/outline/esm/ClipboardCopyIcon.js
<s> [webpack.Progress] 67% building 1323/1388 modules 65 active /var/www/trexzactyl/node_modules/source-map-loader/dist/cjs.js!/var/www/trexzactyl/node_modules/@heroicons/react/outline/esm/ClipboardCopyIcon.js
<s> [webpack.Progress] 67% building 1324/1388 modules 64 active /var/www/trexzactyl/node_modules/source-map-loader/dist/cjs.js!/var/www/trexzactyl/node_modules/@heroicons/react/outline/esm/ClipboardCopyIcon.js
<s> [webpack.Progress] 67% building 1325/1388 modules 63 active /var/www/trexzactyl/node_modules/source-map-loader/dist/cjs.js!/var/www/trexzactyl/node_modules/@heroicons/react/outline/esm/ClipboardCopyIcon.js
<s> [webpack.Progress] 67% building 1326/1388 modules 62 active /var/www/trexzactyl/node_modules/source-map-loader/dist/cjs.js!/var/www/trexzactyl/node_modules/@heroicons/react/outline/esm/ClipboardCopyIcon.js
<s> [webpack.Progress] 67% building 1327/1388 modules 61 active /var/www/trexzactyl/node_modules/source-map-loader/dist/cjs.js!/var/www/trexzactyl/node_modules/@heroicons/react/outline/esm/ClipboardCopyIcon.js
<s> [webpack.Progress] 67% building 1328/1388 modules 60 active /var/www/trexzactyl/node_modules/source-map-loader/dist/cjs.js!/var/www/trexzactyl/node_modules/@heroicons/react/outline/esm/ClipboardCopyIcon.js
<s> [webpack.Progress] 67% building 1329/1388 modules 59 active /var/www/trexzactyl/node_modules/source-map-loader/dist/cjs.js!/var/www/trexzactyl/node_modules/@heroicons/react/outline/esm/ClipboardCopyIcon.js
<s> [webpack.Progress] 67% building 1330/1388 modules 58 active /var/www/trexzactyl/node_modules/source-map-loader/dist/cjs.js!/var/www/trexzactyl/node_modules/@heroicons/react/outline/esm/ClipboardCopyIcon.js
<s> [webpack.Progress] 67% building 1331/1388 modules 57 active /var/www/trexzactyl/node_modules/source-map-loader/dist/cjs.js!/var/www/trexzactyl/node_modules/@heroicons/react/outline/esm/ClipboardCopyIcon.js
<s> [webpack.Progress] 67% building 1332/1388 modules 56 active /var/www/trexzactyl/node_modules/source-map-loader/dist/cjs.js!/var/www/trexzactyl/node_modules/@heroicons/react/outline/esm/ClipboardCopyIcon.js
<s> [webpack.Progress] 67% building 1333/1388 modules 55 active /var/www/trexzactyl/node_modules/source-map-loader/dist/cjs.js!/var/www/trexzactyl/node_modules/@heroicons/react/outline/esm/ClipboardCopyIcon.js
<s> [webpack.Progress] 67% building 1334/1388 modules 54 active /var/www/trexzactyl/node_modules/source-map-loader/dist/cjs.js!/var/www/trexzactyl/node_modules/@heroicons/react/outline/esm/ClipboardCopyIcon.js
<s> [webpack.Progress] 67% building 1335/1388 modules 53 active /var/www/trexzactyl/node_modules/source-map-loader/dist/cjs.js!/var/www/trexzactyl/node_modules/@heroicons/react/outline/esm/ClipboardCopyIcon.js
<s> [webpack.Progress] 67% building 1335/1389 modules 54 active /var/www/trexzactyl/node_modules/source-map-loader/dist/cjs.js!/var/www/trexzactyl/node_modules/@heroicons/react/outline/esm/ClipboardCheckIcon.js
<s> [webpack.Progress] 67% building 1336/1389 modules 53 active /var/www/trexzactyl/node_modules/source-map-loader/dist/cjs.js!/var/www/trexzactyl/node_modules/@heroicons/react/outline/esm/ClipboardCheckIcon.js
<s> [webpack.Progress] 67% building 1337/1389 modules 52 active /var/www/trexzactyl/node_modules/source-map-loader/dist/cjs.js!/var/www/trexzactyl/node_modules/@heroicons/react/outline/esm/ClipboardCheckIcon.js
<s> [webpack.Progress] 67% building 1337/1390 modules 53 active /var/www/trexzactyl/node_modules/source-map-loader/dist/cjs.js!/var/www/trexzactyl/node_modules/@heroicons/react/outline/esm/ChipIcon.js
<s> [webpack.Progress] 67% building 1337/1391 modules 54 active /var/www/trexzactyl/node_modules/source-map-loader/dist/cjs.js!/var/www/trexzactyl/node_modules/@heroicons/react/outline/esm/ChevronUpIcon.js
<s> [webpack.Progress] 67% building 1337/1392 modules 55 active /var/www/trexzactyl/node_modules/source-map-loader/dist/cjs.js!/var/www/trexzactyl/node_modules/@heroicons/react/outline/esm/ChevronRightIcon.js
<s> [webpack.Progress] 67% building 1337/1393 modules 56 active /var/www/trexzactyl/node_modules/source-map-loader/dist/cjs.js!/var/www/trexzactyl/node_modules/@heroicons/react/outline/esm/ChevronLeftIcon.js
<s> [webpack.Progress] 67% building 1337/1394 modules 57 active /var/www/trexzactyl/node_modules/source-map-loader/dist/cjs.js!/var/www/trexzactyl/node_modules/@heroicons/react/outline/esm/ChevronDownIcon.js
<s> [webpack.Progress] 67% building 1337/1395 modules 58 active /var/www/trexzactyl/node_modules/source-map-loader/dist/cjs.js!/var/www/trexzactyl/node_modules/@heroicons/react/outline/esm/ChevronDoubleUpIcon.js
<s> [webpack.Progress] 67% building 1337/1396 modules 59 active /var/www/trexzactyl/node_modules/source-map-loader/dist/cjs.js!/var/www/trexzactyl/node_modules/@heroicons/react/outline/esm/ChevronDoubleRightIcon.js
<s> [webpack.Progress] 67% building 1337/1397 modules 60 active /var/www/trexzactyl/node_modules/source-map-loader/dist/cjs.js!/var/www/trexzactyl/node_modules/@heroicons/react/outline/esm/ChevronDoubleLeftIcon.js
<s> [webpack.Progress] 67% building 1337/1398 modules 61 active /var/www/trexzactyl/node_modules/source-map-loader/dist/cjs.js!/var/www/trexzactyl/node_modules/@heroicons/react/outline/esm/ChevronDoubleDownIcon.js
<s> [webpack.Progress] 67% building 1337/1399 modules 62 active /var/www/trexzactyl/node_modules/source-map-loader/dist/cjs.js!/var/www/trexzactyl/node_modules/@heroicons/react/outline/esm/CheckIcon.js
<s> [webpack.Progress] 67% building 1337/1400 modules 63 active /var/www/trexzactyl/node_modules/source-map-loader/dist/cjs.js!/var/www/trexzactyl/node_modules/@heroicons/react/outline/esm/CheckCircleIcon.js
<s> [webpack.Progress] 67% building 1337/1401 modules 64 active /var/www/trexzactyl/node_modules/source-map-loader/dist/cjs.js!/var/www/trexzactyl/node_modules/@heroicons/react/outline/esm/ChatIcon.js
<s> [webpack.Progress] 67% building 1337/1402 modules 65 active /var/www/trexzactyl/node_modules/source-map-loader/dist/cjs.js!/var/www/trexzactyl/node_modules/@heroicons/react/outline/esm/ChatAltIcon.js
<s> [webpack.Progress] 67% building 1337/1403 modules 66 active /var/www/trexzactyl/node_modules/source-map-loader/dist/cjs.js!/var/www/trexzactyl/node_modules/@heroicons/react/outline/esm/ChatAlt2Icon.js
<s> [webpack.Progress] 67% building 1337/1404 modules 67 active /var/www/trexzactyl/node_modules/source-map-loader/dist/cjs.js!/var/www/trexzactyl/node_modules/@heroicons/react/outline/esm/ChartSquareBarIcon.js
<s> [webpack.Progress] 67% building 1337/1405 modules 68 active /var/www/trexzactyl/node_modules/source-map-loader/dist/cjs.js!/var/www/trexzactyl/node_modules/@heroicons/react/outline/esm/ChartPieIcon.js
<s> [webpack.Progress] 67% building 1337/1406 modules 69 active /var/www/trexzactyl/node_modules/source-map-loader/dist/cjs.js!/var/www/trexzactyl/node_modules/@heroicons/react/outline/esm/ChartBarIcon.js
<s> [webpack.Progress] 67% building 1337/1407 modules 70 active /var/www/trexzactyl/node_modules/source-map-loader/dist/cjs.js!/var/www/trexzactyl/node_modules/@heroicons/react/outline/esm/CashIcon.js
<s> [webpack.Progress] 66% building 1337/1408 modules 71 active /var/www/trexzactyl/node_modules/source-map-loader/dist/cjs.js!/var/www/trexzactyl/node_modules/@heroicons/react/outline/esm/CameraIcon.js
<s> [webpack.Progress] 66% building 1337/1409 modules 72 active /var/www/trexzactyl/node_modules/source-map-loader/dist/cjs.js!/var/www/trexzactyl/node_modules/@heroicons/react/outline/esm/CalendarIcon.js
<s> [webpack.Progress] 66% building 1337/1410 modules 73 active /var/www/trexzactyl/node_modules/source-map-loader/dist/cjs.js!/var/www/trexzactyl/node_modules/@heroicons/react/outline/esm/CalculatorIcon.js
<s> [webpack.Progress] 66% building 1338/1410 modules 72 active /var/www/trexzactyl/node_modules/source-map-loader/dist/cjs.js!/var/www/trexzactyl/node_modules/@heroicons/react/outline/esm/CalculatorIcon.js
<s> [webpack.Progress] 66% building 1339/1410 modules 71 active /var/www/trexzactyl/node_modules/source-map-loader/dist/cjs.js!/var/www/trexzactyl/node_modules/@heroicons/react/outline/esm/CalculatorIcon.js
<s> [webpack.Progress] 67% building 1340/1410 modules 70 active /var/www/trexzactyl/node_modules/source-map-loader/dist/cjs.js!/var/www/trexzactyl/node_modules/@heroicons/react/outline/esm/CalculatorIcon.js
<s> [webpack.Progress] 66% building 1340/1411 modules 71 active /var/www/trexzactyl/node_modules/framer-motion/dist/es/context/ReorderContext.mjs
<s> [webpack.Progress] 66% building 1340/1412 modules 72 active /var/www/trexzactyl/node_modules/source-map-loader/dist/cjs.js!/var/www/trexzactyl/node_modules/@heroicons/react/outline/esm/CakeIcon.js
<s> [webpack.Progress] 66% building 1341/1412 modules 71 active /var/www/trexzactyl/node_modules/source-map-loader/dist/cjs.js!/var/www/trexzactyl/node_modules/@heroicons/react/outline/esm/CakeIcon.js
<s> [webpack.Progress] 67% building 1342/1412 modules 70 active /var/www/trexzactyl/node_modules/source-map-loader/dist/cjs.js!/var/www/trexzactyl/node_modules/@heroicons/react/outline/esm/CakeIcon.js
<s> [webpack.Progress] 67% building 1343/1412 modules 69 active /var/www/trexzactyl/node_modules/source-map-loader/dist/cjs.js!/var/www/trexzactyl/node_modules/@heroicons/react/outline/esm/CakeIcon.js
<s> [webpack.Progress] 67% building 1343/1413 modules 70 active /var/www/trexzactyl/node_modules/source-map-loader/dist/cjs.js!/var/www/trexzactyl/node_modules/@heroicons/react/outline/esm/BriefcaseIcon.js
<s> [webpack.Progress] 67% building 1344/1413 modules 69 active /var/www/trexzactyl/node_modules/source-map-loader/dist/cjs.js!/var/www/trexzactyl/node_modules/@heroicons/react/outline/esm/BriefcaseIcon.js
<s> [webpack.Progress] 67% building 1345/1413 modules 68 active /var/www/trexzactyl/node_modules/source-map-loader/dist/cjs.js!/var/www/trexzactyl/node_modules/@heroicons/react/outline/esm/BriefcaseIcon.js
<s> [webpack.Progress] 67% building 1345/1414 modules 69 active /var/www/trexzactyl/node_modules/source-map-loader/dist/cjs.js!/var/www/trexzactyl/node_modules/@heroicons/react/outline/esm/BookmarkIcon.js
<s> [webpack.Progress] 67% building 1345/1415 modules 70 active /var/www/trexzactyl/node_modules/source-map-loader/dist/cjs.js!/var/www/trexzactyl/node_modules/@heroicons/react/outline/esm/BookmarkAltIcon.js
<s> [webpack.Progress] 66% building 1345/1416 modules 71 active /var/www/trexzactyl/node_modules/source-map-loader/dist/cjs.js!/var/www/trexzactyl/node_modules/@heroicons/react/outline/esm/BookOpenIcon.js
<s> [webpack.Progress] 66% building 1345/1417 modules 72 active /var/www/trexzactyl/node_modules/source-map-loader/dist/cjs.js!/var/www/trexzactyl/node_modules/@heroicons/react/outline/esm/BellIcon.js
<s> [webpack.Progress] 66% building 1345/1418 modules 73 active /var/www/trexzactyl/node_modules/source-map-loader/dist/cjs.js!/var/www/trexzactyl/node_modules/@heroicons/react/outline/esm/BeakerIcon.js
<s> [webpack.Progress] 66% building 1345/1419 modules 74 active /var/www/trexzactyl/node_modules/source-map-loader/dist/cjs.js!/var/www/trexzactyl/node_modules/@heroicons/react/outline/esm/BanIcon.js
<s> [webpack.Progress] 66% building 1345/1420 modules 75 active /var/www/trexzactyl/node_modules/source-map-loader/dist/cjs.js!/var/www/trexzactyl/node_modules/@heroicons/react/outline/esm/BadgeCheckIcon.js
<s> [webpack.Progress] 66% building 1345/1421 modules 76 active /var/www/trexzactyl/node_modules/source-map-loader/dist/cjs.js!/var/www/trexzactyl/node_modules/@heroicons/react/outline/esm/BackspaceIcon.js
<s> [webpack.Progress] 66% building 1346/1421 modules 75 active /var/www/trexzactyl/node_modules/source-map-loader/dist/cjs.js!/var/www/trexzactyl/node_modules/@heroicons/react/outline/esm/BackspaceIcon.js
<s> [webpack.Progress] 66% building 1347/1421 modules 74 active /var/www/trexzactyl/node_modules/source-map-loader/dist/cjs.js!/var/www/trexzactyl/node_modules/@heroicons/react/outline/esm/BackspaceIcon.js
<s> [webpack.Progress] 66% building 1347/1422 modules 75 active /var/www/trexzactyl/node_modules/source-map-loader/dist/cjs.js!/var/www/trexzactyl/node_modules/@heroicons/react/outline/esm/AtSymbolIcon.js
<s> [webpack.Progress] 66% building 1347/1423 modules 76 active /var/www/trexzactyl/node_modules/source-map-loader/dist/cjs.js!/var/www/trexzactyl/node_modules/@heroicons/react/outline/esm/ArrowsExpandIcon.js
<s> [webpack.Progress] 66% building 1348/1423 modules 75 active /var/www/trexzactyl/node_modules/source-map-loader/dist/cjs.js!/var/www/trexzactyl/node_modules/@heroicons/react/outline/esm/ArrowsExpandIcon.js
<s> [webpack.Progress] 66% building 1349/1423 modules 74 active /var/www/trexzactyl/node_modules/source-map-loader/dist/cjs.js!/var/www/trexzactyl/node_modules/@heroicons/react/outline/esm/ArrowsExpandIcon.js
<s> [webpack.Progress] 66% building 1349/1424 modules 75 active /var/www/trexzactyl/node_modules/source-map-loader/dist/cjs.js!/var/www/trexzactyl/node_modules/@heroicons/react/outline/esm/ArrowUpIcon.js
<s> [webpack.Progress] 66% building 1349/1425 modules 76 active /var/www/trexzactyl/node_modules/source-map-loader/dist/cjs.js!/var/www/trexzactyl/node_modules/@heroicons/react/outline/esm/ArrowSmUpIcon.js
<s> [webpack.Progress] 66% building 1350/1425 modules 75 active /var/www/trexzactyl/node_modules/source-map-loader/dist/cjs.js!/var/www/trexzactyl/node_modules/@heroicons/react/outline/esm/ArrowSmUpIcon.js
<s> [webpack.Progress] 66% building 1350/1426 modules 76 active /var/www/trexzactyl/node_modules/source-map-loader/dist/cjs.js!/var/www/trexzactyl/node_modules/@heroicons/react/outline/esm/ArrowSmRightIcon.js
<s> [webpack.Progress] 66% building 1350/1427 modules 77 active /var/www/trexzactyl/node_modules/source-map-loader/dist/cjs.js!/var/www/trexzactyl/node_modules/@heroicons/react/outline/esm/ArrowSmLeftIcon.js
<s> [webpack.Progress] 66% building 1351/1427 modules 76 active /var/www/trexzactyl/node_modules/source-map-loader/dist/cjs.js!/var/www/trexzactyl/node_modules/@heroicons/react/outline/esm/ArrowSmLeftIcon.js
<s> [webpack.Progress] 66% building 1351/1428 modules 77 active /var/www/trexzactyl/node_modules/source-map-loader/dist/cjs.js!/var/www/trexzactyl/node_modules/@heroicons/react/outline/esm/ArrowSmDownIcon.js
<s> [webpack.Progress] 66% building 1351/1429 modules 78 active /var/www/trexzactyl/node_modules/framer-motion/dist/es/components/Reorder/utils/check-reorder.mjs
<s> [webpack.Progress] 66% building 1351/1430 modules 79 active /var/www/trexzactyl/node_modules/source-map-loader/dist/cjs.js!/var/www/trexzactyl/node_modules/@heroicons/react/outline/esm/ArrowRightIcon.js
<s> [webpack.Progress] 66% building 1352/1430 modules 78 active /var/www/trexzactyl/node_modules/source-map-loader/dist/cjs.js!/var/www/trexzactyl/node_modules/@heroicons/react/outline/esm/ArrowRightIcon.js
<s> [webpack.Progress] 66% building 1353/1430 modules 77 active /var/www/trexzactyl/node_modules/source-map-loader/dist/cjs.js!/var/www/trexzactyl/node_modules/@heroicons/react/outline/esm/ArrowRightIcon.js
<s> [webpack.Progress] 66% building 1353/1431 modules 78 active /var/www/trexzactyl/node_modules/source-map-loader/dist/cjs.js!/var/www/trexzactyl/node_modules/@heroicons/react/outline/esm/ArrowNarrowUpIcon.js
<s> [webpack.Progress] 66% building 1354/1431 modules 77 active /var/www/trexzactyl/node_modules/source-map-loader/dist/cjs.js!/var/www/trexzactyl/node_modules/@heroicons/react/outline/esm/ArrowNarrowUpIcon.js
<s> [webpack.Progress] 66% building 1355/1431 modules 76 active /var/www/trexzactyl/node_modules/source-map-loader/dist/cjs.js!/var/www/trexzactyl/node_modules/@heroicons/react/outline/esm/ArrowNarrowUpIcon.js
<s> [webpack.Progress] 66% building 1356/1431 modules 75 active /var/www/trexzactyl/node_modules/source-map-loader/dist/cjs.js!/var/www/trexzactyl/node_modules/@heroicons/react/outline/esm/ArrowNarrowUpIcon.js
<s> [webpack.Progress] 66% building 1356/1432 modules 76 active /var/www/trexzactyl/node_modules/source-map-loader/dist/cjs.js!/var/www/trexzactyl/node_modules/@heroicons/react/outline/esm/ArrowNarrowRightIcon.js
<s> [webpack.Progress] 66% building 1357/1432 modules 75 active /var/www/trexzactyl/node_modules/source-map-loader/dist/cjs.js!/var/www/trexzactyl/node_modules/@heroicons/react/outline/esm/ArrowNarrowRightIcon.js
<s> [webpack.Progress] 66% building 1358/1432 modules 74 active /var/www/trexzactyl/node_modules/source-map-loader/dist/cjs.js!/var/www/trexzactyl/node_modules/@heroicons/react/outline/esm/ArrowNarrowRightIcon.js
<s> [webpack.Progress] 66% building 1359/1432 modules 73 active /var/www/trexzactyl/node_modules/source-map-loader/dist/cjs.js!/var/www/trexzactyl/node_modules/@heroicons/react/outline/esm/ArrowNarrowRightIcon.js
<s> [webpack.Progress] 66% building 1359/1433 modules 74 active /var/www/trexzactyl/node_modules/source-map-loader/dist/cjs.js!/var/www/trexzactyl/node_modules/@heroicons/react/outline/esm/ArrowNarrowLeftIcon.js
<s> [webpack.Progress] 66% building 1360/1433 modules 73 active /var/www/trexzactyl/node_modules/source-map-loader/dist/cjs.js!/var/www/trexzactyl/node_modules/@heroicons/react/outline/esm/ArrowNarrowLeftIcon.js
<s> [webpack.Progress] 66% building 1360/1434 modules 74 active /var/www/trexzactyl/node_modules/source-map-loader/dist/cjs.js!/var/www/trexzactyl/node_modules/@heroicons/react/outline/esm/ArrowNarrowDownIcon.js
<s> [webpack.Progress] 66% building 1361/1434 modules 73 active /var/www/trexzactyl/node_modules/source-map-loader/dist/cjs.js!/var/www/trexzactyl/node_modules/@heroicons/react/outline/esm/ArrowNarrowDownIcon.js
<s> [webpack.Progress] 66% building 1362/1434 modules 72 active /var/www/trexzactyl/node_modules/source-map-loader/dist/cjs.js!/var/www/trexzactyl/node_modules/@heroicons/react/outline/esm/ArrowNarrowDownIcon.js
<s> [webpack.Progress] 67% building 1363/1434 modules 71 active /var/www/trexzactyl/node_modules/source-map-loader/dist/cjs.js!/var/www/trexzactyl/node_modules/@heroicons/react/outline/esm/ArrowNarrowDownIcon.js
<s> [webpack.Progress] 67% building 1364/1434 modules 70 active /var/www/trexzactyl/node_modules/source-map-loader/dist/cjs.js!/var/www/trexzactyl/node_modules/@heroicons/react/outline/esm/ArrowNarrowDownIcon.js
<s> [webpack.Progress] 67% building 1365/1434 modules 69 active /var/www/trexzactyl/node_modules/source-map-loader/dist/cjs.js!/var/www/trexzactyl/node_modules/@heroicons/react/outline/esm/ArrowNarrowDownIcon.js
<s> [webpack.Progress] 67% building 1366/1434 modules 68 active /var/www/trexzactyl/node_modules/source-map-loader/dist/cjs.js!/var/www/trexzactyl/node_modules/@heroicons/react/outline/esm/ArrowNarrowDownIcon.js
<s> [webpack.Progress] 67% building 1367/1434 modules 67 active /var/www/trexzactyl/node_modules/source-map-loader/dist/cjs.js!/var/www/trexzactyl/node_modules/@heroicons/react/outline/esm/ArrowNarrowDownIcon.js
<s> [webpack.Progress] 67% building 1368/1434 modules 66 active /var/www/trexzactyl/node_modules/source-map-loader/dist/cjs.js!/var/www/trexzactyl/node_modules/@heroicons/react/outline/esm/ArrowNarrowDownIcon.js
<s> [webpack.Progress] 67% building 1369/1434 modules 65 active /var/www/trexzactyl/node_modules/source-map-loader/dist/cjs.js!/var/www/trexzactyl/node_modules/@heroicons/react/outline/esm/ArrowNarrowDownIcon.js
<s> [webpack.Progress] 67% building 1370/1434 modules 64 active /var/www/trexzactyl/node_modules/source-map-loader/dist/cjs.js!/var/www/trexzactyl/node_modules/@heroicons/react/outline/esm/ArrowNarrowDownIcon.js
<s> [webpack.Progress] 67% building 1371/1434 modules 63 active /var/www/trexzactyl/node_modules/source-map-loader/dist/cjs.js!/var/www/trexzactyl/node_modules/@heroicons/react/outline/esm/ArrowNarrowDownIcon.js
<s> [webpack.Progress] 67% building 1372/1434 modules 62 active /var/www/trexzactyl/node_modules/source-map-loader/dist/cjs.js!/var/www/trexzactyl/node_modules/@heroicons/react/outline/esm/ArrowNarrowDownIcon.js
<s> [webpack.Progress] 67% building 1372/1435 modules 63 active /var/www/trexzactyl/node_modules/source-map-loader/dist/cjs.js!/var/www/trexzactyl/node_modules/@motionone/dom/dist/index.cjs.js
<s> [webpack.Progress] 67% building 1373/1435 modules 62 active /var/www/trexzactyl/node_modules/source-map-loader/dist/cjs.js!/var/www/trexzactyl/node_modules/@motionone/dom/dist/index.cjs.js
<s> [webpack.Progress] 67% building 1374/1435 modules 61 active /var/www/trexzactyl/node_modules/source-map-loader/dist/cjs.js!/var/www/trexzactyl/node_modules/@motionone/dom/dist/index.cjs.js
<s> [webpack.Progress] 67% building 1375/1435 modules 60 active /var/www/trexzactyl/node_modules/source-map-loader/dist/cjs.js!/var/www/trexzactyl/node_modules/@motionone/dom/dist/index.cjs.js
<s> [webpack.Progress] 67% building 1376/1435 modules 59 active /var/www/trexzactyl/node_modules/source-map-loader/dist/cjs.js!/var/www/trexzactyl/node_modules/@motionone/dom/dist/index.cjs.js
<s> [webpack.Progress] 67% building 1377/1435 modules 58 active /var/www/trexzactyl/node_modules/source-map-loader/dist/cjs.js!/var/www/trexzactyl/node_modules/@motionone/dom/dist/index.cjs.js
<s> [webpack.Progress] 67% building 1377/1436 modules 59 active /var/www/trexzactyl/node_modules/source-map-loader/dist/cjs.js!/var/www/trexzactyl/node_modules/@heroicons/react/outline/esm/ArrowLeftIcon.js
<s> [webpack.Progress] 67% building 1377/1437 modules 60 active /var/www/trexzactyl/node_modules/source-map-loader/dist/cjs.js!/var/www/trexzactyl/node_modules/@heroicons/react/outline/esm/ArrowDownIcon.js
<s> [webpack.Progress] 67% building 1377/1438 modules 61 active /var/www/trexzactyl/node_modules/source-map-loader/dist/cjs.js!/var/www/trexzactyl/node_modules/@heroicons/react/outline/esm/ArrowCircleUpIcon.js
<s> [webpack.Progress] 67% building 1377/1439 modules 62 active /var/www/trexzactyl/node_modules/source-map-loader/dist/cjs.js!/var/www/trexzactyl/node_modules/@heroicons/react/outline/esm/ArrowCircleRightIcon.js
<s> [webpack.Progress] 67% building 1378/1439 modules 61 active /var/www/trexzactyl/node_modules/source-map-loader/dist/cjs.js!/var/www/trexzactyl/node_modules/@heroicons/react/outline/esm/ArrowCircleRightIcon.js
<s> [webpack.Progress] 67% building 1379/1439 modules 60 active /var/www/trexzactyl/node_modules/source-map-loader/dist/cjs.js!/var/www/trexzactyl/node_modules/@heroicons/react/outline/esm/ArrowCircleRightIcon.js
<s> [webpack.Progress] 67% building 1380/1439 modules 59 active /var/www/trexzactyl/node_modules/source-map-loader/dist/cjs.js!/var/www/trexzactyl/node_modules/@heroicons/react/outline/esm/ArrowCircleRightIcon.js
<s> [webpack.Progress] 67% building 1381/1439 modules 58 active /var/www/trexzactyl/node_modules/source-map-loader/dist/cjs.js!/var/www/trexzactyl/node_modules/@heroicons/react/outline/esm/ArrowCircleRightIcon.js
<s> [webpack.Progress] 67% building 1382/1439 modules 57 active /var/www/trexzactyl/node_modules/source-map-loader/dist/cjs.js!/var/www/trexzactyl/node_modules/@heroicons/react/outline/esm/ArrowCircleRightIcon.js
<s> [webpack.Progress] 67% building 1382/1440 modules 58 active /var/www/trexzactyl/node_modules/source-map-loader/dist/cjs.js!/var/www/trexzactyl/node_modules/@heroicons/react/outline/esm/ArrowCircleLeftIcon.js
<s> [webpack.Progress] 67% building 1383/1440 modules 57 active /var/www/trexzactyl/node_modules/source-map-loader/dist/cjs.js!/var/www/trexzactyl/node_modules/@heroicons/react/outline/esm/ArrowCircleLeftIcon.js
<s> [webpack.Progress] 67% building 1384/1440 modules 56 active /var/www/trexzactyl/node_modules/source-map-loader/dist/cjs.js!/var/www/trexzactyl/node_modules/@heroicons/react/outline/esm/ArrowCircleLeftIcon.js
<s> [webpack.Progress] 67% building 1384/1441 modules 57 active /var/www/trexzactyl/node_modules/source-map-loader/dist/cjs.js!/var/www/trexzactyl/node_modules/@heroicons/react/outline/esm/ArrowCircleDownIcon.js
<s> [webpack.Progress] 67% building 1385/1441 modules 56 active /var/www/trexzactyl/node_modules/source-map-loader/dist/cjs.js!/var/www/trexzactyl/node_modules/@heroicons/react/outline/esm/ArrowCircleDownIcon.js
<s> [webpack.Progress] 67% building 1385/1442 modules 57 active /var/www/trexzactyl/node_modules/source-map-loader/dist/cjs.js!/var/www/trexzactyl/node_modules/@heroicons/react/outline/esm/ArchiveIcon.js
<s> [webpack.Progress] 67% building 1386/1442 modules 56 active /var/www/trexzactyl/node_modules/source-map-loader/dist/cjs.js!/var/www/trexzactyl/node_modules/@heroicons/react/outline/esm/ArchiveIcon.js
<s> [webpack.Progress] 67% building 1387/1442 modules 55 active /var/www/trexzactyl/node_modules/source-map-loader/dist/cjs.js!/var/www/trexzactyl/node_modules/@heroicons/react/outline/esm/ArchiveIcon.js
<s> [webpack.Progress] 67% building 1388/1442 modules 54 active /var/www/trexzactyl/node_modules/source-map-loader/dist/cjs.js!/var/www/trexzactyl/node_modules/@heroicons/react/outline/esm/ArchiveIcon.js
<s> [webpack.Progress] 67% building 1388/1443 modules 55 active /var/www/trexzactyl/node_modules/source-map-loader/dist/cjs.js!/var/www/trexzactyl/node_modules/@heroicons/react/outline/esm/AnnotationIcon.js
<s> [webpack.Progress] 67% building 1388/1444 modules 56 active /var/www/trexzactyl/node_modules/source-map-loader/dist/cjs.js!/var/www/trexzactyl/node_modules/@heroicons/react/outline/esm/AdjustmentsIcon.js
<s> [webpack.Progress] 67% building 1389/1444 modules 55 active /var/www/trexzactyl/node_modules/source-map-loader/dist/cjs.js!/var/www/trexzactyl/node_modules/@heroicons/react/outline/esm/AdjustmentsIcon.js
<s> [webpack.Progress] 67% building 1390/1444 modules 54 active /var/www/trexzactyl/node_modules/source-map-loader/dist/cjs.js!/var/www/trexzactyl/node_modules/@heroicons/react/outline/esm/AdjustmentsIcon.js
<s> [webpack.Progress] 67% building 1391/1444 modules 53 active /var/www/trexzactyl/node_modules/source-map-loader/dist/cjs.js!/var/www/trexzactyl/node_modules/@heroicons/react/outline/esm/AdjustmentsIcon.js
<s> [webpack.Progress] 67% building 1392/1444 modules 52 active /var/www/trexzactyl/node_modules/source-map-loader/dist/cjs.js!/var/www/trexzactyl/node_modules/@heroicons/react/outline/esm/AdjustmentsIcon.js
<s> [webpack.Progress] 67% building 1393/1444 modules 51 active /var/www/trexzactyl/node_modules/source-map-loader/dist/cjs.js!/var/www/trexzactyl/node_modules/@heroicons/react/outline/esm/AdjustmentsIcon.js
<s> [webpack.Progress] 67% building 1394/1444 modules 50 active /var/www/trexzactyl/node_modules/source-map-loader/dist/cjs.js!/var/www/trexzactyl/node_modules/@heroicons/react/outline/esm/AdjustmentsIcon.js
<s> [webpack.Progress] 67% building 1395/1444 modules 49 active /var/www/trexzactyl/node_modules/source-map-loader/dist/cjs.js!/var/www/trexzactyl/node_modules/@heroicons/react/outline/esm/AdjustmentsIcon.js
<s> [webpack.Progress] 68% building 1396/1444 modules 48 active /var/www/trexzactyl/node_modules/source-map-loader/dist/cjs.js!/var/www/trexzactyl/node_modules/@heroicons/react/outline/esm/AdjustmentsIcon.js
<s> [webpack.Progress] 68% building 1397/1444 modules 47 active /var/www/trexzactyl/node_modules/source-map-loader/dist/cjs.js!/var/www/trexzactyl/node_modules/@heroicons/react/outline/esm/AdjustmentsIcon.js
<s> [webpack.Progress] 68% building 1398/1444 modules 46 active /var/www/trexzactyl/node_modules/source-map-loader/dist/cjs.js!/var/www/trexzactyl/node_modules/@heroicons/react/outline/esm/AdjustmentsIcon.js
<s> [webpack.Progress] 68% building 1399/1444 modules 45 active /var/www/trexzactyl/node_modules/source-map-loader/dist/cjs.js!/var/www/trexzactyl/node_modules/@heroicons/react/outline/esm/AdjustmentsIcon.js
<s> [webpack.Progress] 68% building 1400/1444 modules 44 active /var/www/trexzactyl/node_modules/source-map-loader/dist/cjs.js!/var/www/trexzactyl/node_modules/@heroicons/react/outline/esm/AdjustmentsIcon.js
<s> [webpack.Progress] 68% building 1401/1444 modules 43 active /var/www/trexzactyl/node_modules/source-map-loader/dist/cjs.js!/var/www/trexzactyl/node_modules/@heroicons/react/outline/esm/AdjustmentsIcon.js
<s> [webpack.Progress] 68% building 1402/1444 modules 42 active /var/www/trexzactyl/node_modules/source-map-loader/dist/cjs.js!/var/www/trexzactyl/node_modules/@heroicons/react/outline/esm/AdjustmentsIcon.js
<s> [webpack.Progress] 68% building 1403/1444 modules 41 active /var/www/trexzactyl/node_modules/source-map-loader/dist/cjs.js!/var/www/trexzactyl/node_modules/@heroicons/react/outline/esm/AdjustmentsIcon.js
<s> [webpack.Progress] 68% building 1404/1444 modules 40 active /var/www/trexzactyl/node_modules/source-map-loader/dist/cjs.js!/var/www/trexzactyl/node_modules/@heroicons/react/outline/esm/AdjustmentsIcon.js
<s> [webpack.Progress] 68% building 1405/1444 modules 39 active /var/www/trexzactyl/node_modules/source-map-loader/dist/cjs.js!/var/www/trexzactyl/node_modules/@heroicons/react/outline/esm/AdjustmentsIcon.js
<s> [webpack.Progress] 68% building 1406/1444 modules 38 active /var/www/trexzactyl/node_modules/source-map-loader/dist/cjs.js!/var/www/trexzactyl/node_modules/@heroicons/react/outline/esm/AdjustmentsIcon.js
<s> [webpack.Progress] 68% building 1407/1444 modules 37 active /var/www/trexzactyl/node_modules/source-map-loader/dist/cjs.js!/var/www/trexzactyl/node_modules/@heroicons/react/outline/esm/AdjustmentsIcon.js
<s> [webpack.Progress] 68% building 1408/1444 modules 36 active /var/www/trexzactyl/node_modules/source-map-loader/dist/cjs.js!/var/www/trexzactyl/node_modules/@heroicons/react/outline/esm/AdjustmentsIcon.js
<s> [webpack.Progress] 68% building 1409/1444 modules 35 active /var/www/trexzactyl/node_modules/source-map-loader/dist/cjs.js!/var/www/trexzactyl/node_modules/@heroicons/react/outline/esm/AdjustmentsIcon.js
<s> [webpack.Progress] 68% building 1410/1444 modules 34 active /var/www/trexzactyl/node_modules/source-map-loader/dist/cjs.js!/var/www/trexzactyl/node_modules/@heroicons/react/outline/esm/AdjustmentsIcon.js
<s> [webpack.Progress] 68% building 1411/1444 modules 33 active /var/www/trexzactyl/node_modules/source-map-loader/dist/cjs.js!/var/www/trexzactyl/node_modules/@heroicons/react/outline/esm/AdjustmentsIcon.js
<s> [webpack.Progress] 68% building 1412/1444 modules 32 active /var/www/trexzactyl/node_modules/source-map-loader/dist/cjs.js!/var/www/trexzactyl/node_modules/@heroicons/react/outline/esm/AdjustmentsIcon.js
<s> [webpack.Progress] 68% building 1413/1444 modules 31 active /var/www/trexzactyl/node_modules/source-map-loader/dist/cjs.js!/var/www/trexzactyl/node_modules/@heroicons/react/outline/esm/AdjustmentsIcon.js
<s> [webpack.Progress] 68% building 1414/1444 modules 30 active /var/www/trexzactyl/node_modules/source-map-loader/dist/cjs.js!/var/www/trexzactyl/node_modules/@heroicons/react/outline/esm/AdjustmentsIcon.js
<s> [webpack.Progress] 68% building 1415/1444 modules 29 active /var/www/trexzactyl/node_modules/source-map-loader/dist/cjs.js!/var/www/trexzactyl/node_modules/@heroicons/react/outline/esm/AdjustmentsIcon.js
<s> [webpack.Progress] 68% building 1416/1444 modules 28 active /var/www/trexzactyl/node_modules/source-map-loader/dist/cjs.js!/var/www/trexzactyl/node_modules/@heroicons/react/outline/esm/AdjustmentsIcon.js
<s> [webpack.Progress] 68% building 1417/1444 modules 27 active /var/www/trexzactyl/node_modules/source-map-loader/dist/cjs.js!/var/www/trexzactyl/node_modules/@heroicons/react/outline/esm/AdjustmentsIcon.js
<s> [webpack.Progress] 68% building 1418/1444 modules 26 active /var/www/trexzactyl/node_modules/source-map-loader/dist/cjs.js!/var/www/trexzactyl/node_modules/@heroicons/react/outline/esm/AdjustmentsIcon.js
<s> [webpack.Progress] 68% building 1419/1444 modules 25 active /var/www/trexzactyl/node_modules/source-map-loader/dist/cjs.js!/var/www/trexzactyl/node_modules/@heroicons/react/outline/esm/AdjustmentsIcon.js
<s> [webpack.Progress] 69% building 1420/1444 modules 24 active /var/www/trexzactyl/node_modules/source-map-loader/dist/cjs.js!/var/www/trexzactyl/node_modules/@heroicons/react/outline/esm/AdjustmentsIcon.js
<s> [webpack.Progress] 69% building 1421/1444 modules 23 active /var/www/trexzactyl/node_modules/source-map-loader/dist/cjs.js!/var/www/trexzactyl/node_modules/@heroicons/react/outline/esm/AdjustmentsIcon.js
<s> [webpack.Progress] 69% building 1422/1444 modules 22 active /var/www/trexzactyl/node_modules/source-map-loader/dist/cjs.js!/var/www/trexzactyl/node_modules/@heroicons/react/outline/esm/AdjustmentsIcon.js
<s> [webpack.Progress] 69% building 1423/1444 modules 21 active /var/www/trexzactyl/node_modules/source-map-loader/dist/cjs.js!/var/www/trexzactyl/node_modules/@heroicons/react/outline/esm/AdjustmentsIcon.js
<s> [webpack.Progress] 69% building 1424/1444 modules 20 active /var/www/trexzactyl/node_modules/source-map-loader/dist/cjs.js!/var/www/trexzactyl/node_modules/@heroicons/react/outline/esm/AdjustmentsIcon.js
<s> [webpack.Progress] 69% building 1425/1444 modules 19 active /var/www/trexzactyl/node_modules/source-map-loader/dist/cjs.js!/var/www/trexzactyl/node_modules/@heroicons/react/outline/esm/AdjustmentsIcon.js
<s> [webpack.Progress] 69% building 1426/1444 modules 18 active /var/www/trexzactyl/node_modules/source-map-loader/dist/cjs.js!/var/www/trexzactyl/node_modules/@heroicons/react/outline/esm/AdjustmentsIcon.js
<s> [webpack.Progress] 69% building 1427/1444 modules 17 active /var/www/trexzactyl/node_modules/source-map-loader/dist/cjs.js!/var/www/trexzactyl/node_modules/@heroicons/react/outline/esm/AdjustmentsIcon.js
<s> [webpack.Progress] 69% building 1428/1444 modules 16 active /var/www/trexzactyl/node_modules/source-map-loader/dist/cjs.js!/var/www/trexzactyl/node_modules/@heroicons/react/outline/esm/AdjustmentsIcon.js
<s> [webpack.Progress] 69% building 1429/1444 modules 15 active /var/www/trexzactyl/node_modules/source-map-loader/dist/cjs.js!/var/www/trexzactyl/node_modules/@heroicons/react/outline/esm/AdjustmentsIcon.js
<s> [webpack.Progress] 69% building 1430/1444 modules 14 active /var/www/trexzactyl/node_modules/source-map-loader/dist/cjs.js!/var/www/trexzactyl/node_modules/@heroicons/react/outline/esm/AdjustmentsIcon.js
<s> [webpack.Progress] 69% building 1431/1444 modules 13 active /var/www/trexzactyl/node_modules/source-map-loader/dist/cjs.js!/var/www/trexzactyl/node_modules/@heroicons/react/outline/esm/AdjustmentsIcon.js
<s> [webpack.Progress] 69% building 1432/1444 modules 12 active /var/www/trexzactyl/node_modules/source-map-loader/dist/cjs.js!/var/www/trexzactyl/node_modules/@heroicons/react/outline/esm/AdjustmentsIcon.js
<s> [webpack.Progress] 69% building 1433/1444 modules 11 active /var/www/trexzactyl/node_modules/source-map-loader/dist/cjs.js!/var/www/trexzactyl/node_modules/@heroicons/react/outline/esm/AdjustmentsIcon.js
<s> [webpack.Progress] 69% building 1434/1444 modules 10 active /var/www/trexzactyl/node_modules/source-map-loader/dist/cjs.js!/var/www/trexzactyl/node_modules/@heroicons/react/outline/esm/AdjustmentsIcon.js
<s> [webpack.Progress] 69% building 1435/1444 modules 9 active /var/www/trexzactyl/node_modules/source-map-loader/dist/cjs.js!/var/www/trexzactyl/node_modules/@heroicons/react/outline/esm/AdjustmentsIcon.js
<s> [webpack.Progress] 69% building 1436/1444 modules 8 active /var/www/trexzactyl/node_modules/source-map-loader/dist/cjs.js!/var/www/trexzactyl/node_modules/@heroicons/react/outline/esm/AdjustmentsIcon.js
<s> [webpack.Progress] 69% building 1437/1444 modules 7 active /var/www/trexzactyl/node_modules/source-map-loader/dist/cjs.js!/var/www/trexzactyl/node_modules/@heroicons/react/outline/esm/AdjustmentsIcon.js
<s> [webpack.Progress] 69% building 1438/1444 modules 6 active /var/www/trexzactyl/node_modules/source-map-loader/dist/cjs.js!/var/www/trexzactyl/node_modules/@heroicons/react/outline/esm/AdjustmentsIcon.js
<s> [webpack.Progress] 69% building 1439/1444 modules 5 active /var/www/trexzactyl/node_modules/source-map-loader/dist/cjs.js!/var/www/trexzactyl/node_modules/@heroicons/react/outline/esm/AdjustmentsIcon.js
<s> [webpack.Progress] 69% building 1440/1444 modules 4 active /var/www/trexzactyl/node_modules/source-map-loader/dist/cjs.js!/var/www/trexzactyl/node_modules/@heroicons/react/outline/esm/AdjustmentsIcon.js
<s> [webpack.Progress] 69% building 1441/1444 modules 3 active /var/www/trexzactyl/node_modules/source-map-loader/dist/cjs.js!/var/www/trexzactyl/node_modules/@heroicons/react/outline/esm/AdjustmentsIcon.js
<s> [webpack.Progress] 69% building 1442/1444 modules 2 active /var/www/trexzactyl/node_modules/source-map-loader/dist/cjs.js!/var/www/trexzactyl/node_modules/@heroicons/react/outline/esm/AdjustmentsIcon.js
<s> [webpack.Progress] 69% building 1443/1444 modules 1 active /var/www/trexzactyl/node_modules/source-map-loader/dist/cjs.js!/var/www/trexzactyl/node_modules/@heroicons/react/outline/esm/AdjustmentsIcon.js
<s> [webpack.Progress] 70% building 1444/1444 modules 0 active 
<s> [webpack.Progress] 69% building 1444/1445 modules 1 active /var/www/trexzactyl/node_modules/source-map-loader/dist/cjs.js!/var/www/trexzactyl/node_modules/date-fns/esm/nextThursday/index.js
<s> [webpack.Progress] 69% building 1444/1446 modules 2 active /var/www/trexzactyl/node_modules/source-map-loader/dist/cjs.js!/var/www/trexzactyl/node_modules/date-fns/esm/nextSunday/index.js
<s> [webpack.Progress] 69% building 1444/1447 modules 3 active /var/www/trexzactyl/node_modules/source-map-loader/dist/cjs.js!/var/www/trexzactyl/node_modules/date-fns/esm/nextTuesday/index.js
<s> [webpack.Progress] 69% building 1444/1448 modules 4 active /var/www/trexzactyl/node_modules/source-map-loader/dist/cjs.js!/var/www/trexzactyl/node_modules/date-fns/esm/nextSaturday/index.js
<s> [webpack.Progress] 69% building 1444/1449 modules 5 active /var/www/trexzactyl/node_modules/source-map-loader/dist/cjs.js!/var/www/trexzactyl/node_modules/date-fns/esm/nextFriday/index.js
<s> [webpack.Progress] 69% building 1444/1450 modules 6 active /var/www/trexzactyl/node_modules/source-map-loader/dist/cjs.js!/var/www/trexzactyl/node_modules/date-fns/esm/nextMonday/index.js
<s> [webpack.Progress] 69% building 1444/1451 modules 7 active /var/www/trexzactyl/node_modules/source-map-loader/dist/cjs.js!/var/www/trexzactyl/node_modules/date-fns/esm/minutesToSeconds/index.js
<s> [webpack.Progress] 69% building 1444/1452 modules 8 active /var/www/trexzactyl/node_modules/source-map-loader/dist/cjs.js!/var/www/trexzactyl/node_modules/date-fns/esm/monthsToYears/index.js
<s> [webpack.Progress] 69% building 1444/1453 modules 9 active /var/www/trexzactyl/node_modules/source-map-loader/dist/cjs.js!/var/www/trexzactyl/node_modules/date-fns/esm/minutesToMilliseconds/index.js
<s> [webpack.Progress] 69% building 1444/1454 modules 10 active /var/www/trexzactyl/node_modules/source-map-loader/dist/cjs.js!/var/www/trexzactyl/node_modules/date-fns/esm/minutesToHours/index.js
<s> [webpack.Progress] 69% building 1444/1455 modules 11 active /var/www/trexzactyl/node_modules/source-map-loader/dist/cjs.js!/var/www/trexzactyl/node_modules/date-fns/esm/min/index.js
<s> [webpack.Progress] 69% building 1444/1456 modules 12 active /var/www/trexzactyl/node_modules/source-map-loader/dist/cjs.js!/var/www/trexzactyl/node_modules/date-fns/esm/monthsToQuarters/index.js
<s> [webpack.Progress] 69% building 1444/1457 modules 13 active /var/www/trexzactyl/node_modules/source-map-loader/dist/cjs.js!/var/www/trexzactyl/node_modules/date-fns/esm/millisecondsToHours/index.js
<s> [webpack.Progress] 69% building 1444/1458 modules 14 active /var/www/trexzactyl/node_modules/source-map-loader/dist/cjs.js!/var/www/trexzactyl/node_modules/date-fns/esm/millisecondsToSeconds/index.js
<s> [webpack.Progress] 69% building 1444/1459 modules 15 active /var/www/trexzactyl/node_modules/source-map-loader/dist/cjs.js!/var/www/trexzactyl/node_modules/date-fns/esm/millisecondsToMinutes/index.js
<s> [webpack.Progress] 69% building 1444/1460 modules 16 active /var/www/trexzactyl/node_modules/source-map-loader/dist/cjs.js!/var/www/trexzactyl/node_modules/date-fns/esm/max/index.js
<s> [webpack.Progress] 69% building 1444/1461 modules 17 active /var/www/trexzactyl/node_modules/source-map-loader/dist/cjs.js!/var/www/trexzactyl/node_modules/date-fns/esm/milliseconds/index.js
<s> [webpack.Progress] 69% building 1444/1462 modules 18 active /var/www/trexzactyl/node_modules/source-map-loader/dist/cjs.js!/var/www/trexzactyl/node_modules/date-fns/esm/lightFormat/index.js
<s> [webpack.Progress] 69% building 1444/1463 modules 19 active /var/www/trexzactyl/node_modules/source-map-loader/dist/cjs.js!/var/www/trexzactyl/node_modules/date-fns/esm/lastDayOfYear/index.js
<s> [webpack.Progress] 69% building 1444/1464 modules 20 active /var/www/trexzactyl/node_modules/source-map-loader/dist/cjs.js!/var/www/trexzactyl/node_modules/date-fns/esm/lastDayOfQuarter/index.js
<s> [webpack.Progress] 69% building 1444/1465 modules 21 active /var/www/trexzactyl/node_modules/source-map-loader/dist/cjs.js!/var/www/trexzactyl/node_modules/date-fns/esm/lastDayOfWeek/index.js
<s> [webpack.Progress] 69% building 1444/1466 modules 22 active /var/www/trexzactyl/node_modules/source-map-loader/dist/cjs.js!/var/www/trexzactyl/node_modules/date-fns/esm/lastDayOfISOWeekYear/index.js
<s> [webpack.Progress] 69% building 1444/1467 modules 23 active /var/www/trexzactyl/node_modules/source-map-loader/dist/cjs.js!/var/www/trexzactyl/node_modules/date-fns/esm/lastDayOfMonth/index.js
<s> [webpack.Progress] 69% building 1444/1468 modules 24 active /var/www/trexzactyl/node_modules/source-map-loader/dist/cjs.js!/var/www/trexzactyl/node_modules/date-fns/esm/lastDayOfISOWeek/index.js
<s> [webpack.Progress] 68% building 1444/1469 modules 25 active /var/www/trexzactyl/node_modules/source-map-loader/dist/cjs.js!/var/www/trexzactyl/node_modules/date-fns/esm/lastDayOfDecade/index.js
<s> [webpack.Progress] 68% building 1444/1470 modules 26 active /var/www/trexzactyl/node_modules/source-map-loader/dist/cjs.js!/var/www/trexzactyl/node_modules/date-fns/esm/isYesterday/index.js
<s> [webpack.Progress] 68% building 1444/1471 modules 27 active /var/www/trexzactyl/node_modules/source-map-loader/dist/cjs.js!/var/www/trexzactyl/node_modules/date-fns/esm/isWithinInterval/index.js
<s> [webpack.Progress] 68% building 1444/1472 modules 28 active /var/www/trexzactyl/node_modules/source-map-loader/dist/cjs.js!/var/www/trexzactyl/node_modules/date-fns/esm/isWednesday/index.js
<s> [webpack.Progress] 68% building 1444/1473 modules 29 active /var/www/trexzactyl/node_modules/source-map-loader/dist/cjs.js!/var/www/trexzactyl/node_modules/date-fns/esm/isValid/index.js
<s> [webpack.Progress] 68% building 1444/1474 modules 30 active /var/www/trexzactyl/node_modules/source-map-loader/dist/cjs.js!/var/www/trexzactyl/node_modules/date-fns/esm/isTuesday/index.js
<s> [webpack.Progress] 68% building 1444/1475 modules 31 active /var/www/trexzactyl/node_modules/source-map-loader/dist/cjs.js!/var/www/trexzactyl/node_modules/date-fns/esm/isThursday/index.js
<s> [webpack.Progress] 68% building 1444/1476 modules 32 active /var/www/trexzactyl/node_modules/source-map-loader/dist/cjs.js!/var/www/trexzactyl/node_modules/date-fns/esm/isToday/index.js
<s> [webpack.Progress] 68% building 1444/1477 modules 33 active /var/www/trexzactyl/node_modules/source-map-loader/dist/cjs.js!/var/www/trexzactyl/node_modules/date-fns/esm/isTomorrow/index.js
<s> [webpack.Progress] 68% building 1444/1478 modules 34 active /var/www/trexzactyl/node_modules/source-map-loader/dist/cjs.js!/var/www/trexzactyl/node_modules/@motionone/dom/dist/animate/index.cjs.js
<s> [webpack.Progress] 68% building 1444/1479 modules 35 active /var/www/trexzactyl/node_modules/source-map-loader/dist/cjs.js!/var/www/trexzactyl/node_modules/@motionone/dom/dist/animate/data.cjs.js
<s> [webpack.Progress] 68% building 1444/1480 modules 36 active /var/www/trexzactyl/node_modules/source-map-loader/dist/cjs.js!/var/www/trexzactyl/node_modules/date-fns/esm/isThisYear/index.js
<s> [webpack.Progress] 68% building 1444/1481 modules 37 active /var/www/trexzactyl/node_modules/source-map-loader/dist/cjs.js!/var/www/trexzactyl/node_modules/date-fns/esm/isThisSecond/index.js
<s> [webpack.Progress] 68% building 1444/1482 modules 38 active /var/www/trexzactyl/node_modules/source-map-loader/dist/cjs.js!/var/www/trexzactyl/node_modules/date-fns/esm/isThisQuarter/index.js
<s> [webpack.Progress] 68% building 1444/1483 modules 39 active /var/www/trexzactyl/node_modules/source-map-loader/dist/cjs.js!/var/www/trexzactyl/node_modules/date-fns/esm/isThisWeek/index.js
<s> [webpack.Progress] 68% building 1444/1484 modules 40 active /var/www/trexzactyl/node_modules/source-map-loader/dist/cjs.js!/var/www/trexzactyl/node_modules/date-fns/esm/isThisMonth/index.js
<s> [webpack.Progress] 68% building 1444/1485 modules 41 active /var/www/trexzactyl/node_modules/source-map-loader/dist/cjs.js!/var/www/trexzactyl/node_modules/date-fns/esm/isThisMinute/index.js
<s> [webpack.Progress] 68% building 1444/1486 modules 42 active /var/www/trexzactyl/node_modules/source-map-loader/dist/cjs.js!/var/www/trexzactyl/node_modules/date-fns/esm/isThisISOWeek/index.js
<s> [webpack.Progress] 68% building 1444/1487 modules 43 active /var/www/trexzactyl/node_modules/source-map-loader/dist/cjs.js!/var/www/trexzactyl/node_modules/date-fns/esm/isSameWeek/index.js
<s> [webpack.Progress] 68% building 1444/1488 modules 44 active /var/www/trexzactyl/node_modules/source-map-loader/dist/cjs.js!/var/www/trexzactyl/node_modules/date-fns/esm/isThisHour/index.js
<s> [webpack.Progress] 68% building 1444/1489 modules 45 active /var/www/trexzactyl/node_modules/source-map-loader/dist/cjs.js!/var/www/trexzactyl/node_modules/date-fns/esm/isSameYear/index.js
<s> [webpack.Progress] 68% building 1444/1490 modules 46 active /var/www/trexzactyl/node_modules/source-map-loader/dist/cjs.js!/var/www/trexzactyl/node_modules/@motionone/dom/dist/animate/utils/style-string.cjs.js
<s> [webpack.Progress] 68% building 1444/1491 modules 47 active /var/www/trexzactyl/node_modules/source-map-loader/dist/cjs.js!/var/www/trexzactyl/node_modules/@motionone/dom/dist/animate/utils/style-object.cjs.js
<s> [webpack.Progress] 68% building 1444/1492 modules 48 active /var/www/trexzactyl/node_modules/source-map-loader/dist/cjs.js!/var/www/trexzactyl/node_modules/@motionone/dom/dist/animate/utils/get-style-name.cjs.js
<s> [webpack.Progress] 68% building 1444/1493 modules 49 active /var/www/trexzactyl/node_modules/source-map-loader/dist/cjs.js!/var/www/trexzactyl/node_modules/@motionone/dom/dist/animate/utils/controls.cjs.js
<s> [webpack.Progress] 67% building 1444/1494 modules 50 active /var/www/trexzactyl/node_modules/source-map-loader/dist/cjs.js!/var/www/trexzactyl/node_modules/date-fns/esm/isSameSecond/index.js
<s> [webpack.Progress] 67% building 1444/1495 modules 51 active /var/www/trexzactyl/node_modules/source-map-loader/dist/cjs.js!/var/www/trexzactyl/node_modules/@motionone/dom/dist/state/index.cjs.js
<s> [webpack.Progress] 67% building 1444/1496 modules 52 active /var/www/trexzactyl/node_modules/source-map-loader/dist/cjs.js!/var/www/trexzactyl/node_modules/date-fns/esm/isSameQuarter/index.js
<s> [webpack.Progress] 67% building 1444/1497 modules 53 active /var/www/trexzactyl/node_modules/source-map-loader/dist/cjs.js!/var/www/trexzactyl/node_modules/date-fns/esm/isSameISOWeek/index.js
<s> [webpack.Progress] 67% building 1444/1498 modules 54 active /var/www/trexzactyl/node_modules/source-map-loader/dist/cjs.js!/var/www/trexzactyl/node_modules/date-fns/esm/isSameISOWeekYear/index.js
<s> [webpack.Progress] 67% building 1444/1499 modules 55 active /var/www/trexzactyl/node_modules/source-map-loader/dist/cjs.js!/var/www/trexzactyl/node_modules/date-fns/esm/isSameMinute/index.js
<s> [webpack.Progress] 67% building 1444/1500 modules 56 active /var/www/trexzactyl/node_modules/source-map-loader/dist/cjs.js!/var/www/trexzactyl/node_modules/date-fns/esm/isPast/index.js
<s> [webpack.Progress] 67% building 1444/1501 modules 57 active /var/www/trexzactyl/node_modules/source-map-loader/dist/cjs.js!/var/www/trexzactyl/node_modules/date-fns/esm/isSameMonth/index.js
<s> [webpack.Progress] 67% building 1444/1502 modules 58 active /var/www/trexzactyl/node_modules/source-map-loader/dist/cjs.js!/var/www/trexzactyl/node_modules/date-fns/esm/isSameDay/index.js
<s> [webpack.Progress] 67% building 1444/1503 modules 59 active /var/www/trexzactyl/node_modules/source-map-loader/dist/cjs.js!/var/www/trexzactyl/node_modules/date-fns/esm/isMonday/index.js
<s> [webpack.Progress] 67% building 1444/1504 modules 60 active /var/www/trexzactyl/node_modules/source-map-loader/dist/cjs.js!/var/www/trexzactyl/node_modules/date-fns/esm/isSameHour/index.js
<s> [webpack.Progress] 67% building 1444/1505 modules 61 active /var/www/trexzactyl/node_modules/source-map-loader/dist/cjs.js!/var/www/trexzactyl/node_modules/date-fns/esm/isFuture/index.js
<s> [webpack.Progress] 67% building 1444/1506 modules 62 active /var/www/trexzactyl/node_modules/source-map-loader/dist/cjs.js!/var/www/trexzactyl/node_modules/date-fns/esm/isLeapYear/index.js
<s> [webpack.Progress] 67% building 1444/1507 modules 63 active /var/www/trexzactyl/node_modules/source-map-loader/dist/cjs.js!/var/www/trexzactyl/node_modules/date-fns/esm/isLastDayOfMonth/index.js
<s> [webpack.Progress] 67% building 1444/1508 modules 64 active /var/www/trexzactyl/node_modules/source-map-loader/dist/cjs.js!/var/www/trexzactyl/node_modules/date-fns/esm/isMatch/index.js
<s> [webpack.Progress] 67% building 1444/1509 modules 65 active /var/www/trexzactyl/node_modules/source-map-loader/dist/cjs.js!/var/www/trexzactyl/node_modules/date-fns/esm/isExists/index.js
<s> [webpack.Progress] 67% building 1444/1510 modules 66 active /var/www/trexzactyl/node_modules/source-map-loader/dist/cjs.js!/var/www/trexzactyl/node_modules/date-fns/esm/isEqual/index.js
<s> [webpack.Progress] 67% building 1444/1511 modules 67 active /var/www/trexzactyl/node_modules/source-map-loader/dist/cjs.js!/var/www/trexzactyl/node_modules/date-fns/esm/isFriday/index.js
<s> [webpack.Progress] 67% building 1444/1512 modules 68 active /var/www/trexzactyl/node_modules/source-map-loader/dist/cjs.js!/var/www/trexzactyl/node_modules/date-fns/esm/isFirstDayOfMonth/index.js
<s> [webpack.Progress] 67% building 1444/1513 modules 69 active /var/www/trexzactyl/node_modules/source-map-loader/dist/cjs.js!/var/www/trexzactyl/node_modules/date-fns/esm/isAfter/index.js
<s> [webpack.Progress] 67% building 1444/1514 modules 70 active /var/www/trexzactyl/node_modules/source-map-loader/dist/cjs.js!/var/www/trexzactyl/node_modules/date-fns/esm/isBefore/index.js
<s> [webpack.Progress] 67% building 1444/1515 modules 71 active /var/www/trexzactyl/node_modules/source-map-loader/dist/cjs.js!/var/www/trexzactyl/node_modules/date-fns/esm/isDate/index.js
<s> [webpack.Progress] 67% building 1444/1516 modules 72 active /var/www/trexzactyl/node_modules/source-map-loader/dist/cjs.js!/var/www/trexzactyl/node_modules/date-fns/esm/intlFormatDistance/index.js
<s> [webpack.Progress] 67% building 1444/1517 modules 73 active /var/www/trexzactyl/node_modules/source-map-loader/dist/cjs.js!/var/www/trexzactyl/node_modules/date-fns/esm/intlFormat/index.js
<s> [webpack.Progress] 67% building 1444/1518 modules 74 active /var/www/trexzactyl/node_modules/source-map-loader/dist/cjs.js!/var/www/trexzactyl/node_modules/@motionone/dom/dist/gestures/in-view.cjs.js
<s> [webpack.Progress] 67% building 1444/1519 modules 75 active /var/www/trexzactyl/node_modules/source-map-loader/dist/cjs.js!/var/www/trexzactyl/node_modules/@motionone/dom/dist/gestures/scroll/index.cjs.js
<s> [webpack.Progress] 67% building 1444/1520 modules 76 active /var/www/trexzactyl/node_modules/source-map-loader/dist/cjs.js!/var/www/trexzactyl/node_modules/@motionone/dom/dist/gestures/scroll/offsets/presets.cjs.js
<s> [webpack.Progress] 66% building 1444/1521 modules 77 active /var/www/trexzactyl/node_modules/source-map-loader/dist/cjs.js!/var/www/trexzactyl/node_modules/@motionone/dom/dist/gestures/resize/index.cjs.js
<s> [webpack.Progress] 66% building 1444/1522 modules 78 active /var/www/trexzactyl/node_modules/source-map-loader/dist/cjs.js!/var/www/trexzactyl/node_modules/date-fns/esm/intervalToDuration/index.js
<s> [webpack.Progress] 66% building 1444/1523 modules 79 active /var/www/trexzactyl/node_modules/source-map-loader/dist/cjs.js!/var/www/trexzactyl/node_modules/date-fns/esm/hoursToSeconds/index.js
<s> [webpack.Progress] 66% building 1444/1524 modules 80 active /var/www/trexzactyl/node_modules/source-map-loader/dist/cjs.js!/var/www/trexzactyl/node_modules/date-fns/esm/hoursToMinutes/index.js
<s> [webpack.Progress] 66% building 1444/1525 modules 81 active /var/www/trexzactyl/node_modules/source-map-loader/dist/cjs.js!/var/www/trexzactyl/node_modules/date-fns/esm/hoursToMilliseconds/index.js
<s> [webpack.Progress] 66% building 1444/1526 modules 82 active /var/www/trexzactyl/node_modules/source-map-loader/dist/cjs.js!/var/www/trexzactyl/node_modules/date-fns/esm/getWeeksInMonth/index.js
<s> [webpack.Progress] 66% building 1444/1527 modules 83 active /var/www/trexzactyl/node_modules/source-map-loader/dist/cjs.js!/var/www/trexzactyl/node_modules/date-fns/esm/getYear/index.js
<s> [webpack.Progress] 66% building 1444/1528 modules 84 active /var/www/trexzactyl/node_modules/source-map-loader/dist/cjs.js!/var/www/trexzactyl/node_modules/date-fns/esm/getWeekOfMonth/index.js
<s> [webpack.Progress] 66% building 1444/1529 modules 85 active /var/www/trexzactyl/node_modules/source-map-loader/dist/cjs.js!/var/www/trexzactyl/node_modules/date-fns/esm/getSeconds/index.js
<s> [webpack.Progress] 66% building 1444/1530 modules 86 active /var/www/trexzactyl/node_modules/source-map-loader/dist/cjs.js!/var/www/trexzactyl/node_modules/date-fns/esm/getTime/index.js
<s> [webpack.Progress] 66% building 1444/1531 modules 87 active /var/www/trexzactyl/node_modules/source-map-loader/dist/cjs.js!/var/www/trexzactyl/node_modules/date-fns/esm/getUnixTime/index.js
<s> [webpack.Progress] 66% building 1444/1532 modules 88 active /var/www/trexzactyl/node_modules/source-map-loader/dist/cjs.js!/var/www/trexzactyl/node_modules/date-fns/esm/getQuarter/index.js
<s> [webpack.Progress] 66% building 1444/1533 modules 89 active /var/www/trexzactyl/node_modules/source-map-loader/dist/cjs.js!/var/www/trexzactyl/node_modules/date-fns/esm/getMonth/index.js
<s> [webpack.Progress] 66% building 1445/1533 modules 88 active /var/www/trexzactyl/node_modules/source-map-loader/dist/cjs.js!/var/www/trexzactyl/node_modules/date-fns/esm/getMonth/index.js
<s> [webpack.Progress] 66% building 1445/1534 modules 89 active /var/www/trexzactyl/node_modules/source-map-loader/dist/cjs.js!/var/www/trexzactyl/node_modules/date-fns/esm/getMilliseconds/index.js
<s> [webpack.Progress] 66% building 1445/1535 modules 90 active /var/www/trexzactyl/node_modules/source-map-loader/dist/cjs.js!/var/www/trexzactyl/node_modules/date-fns/esm/getMinutes/index.js
<s> [webpack.Progress] 66% building 1446/1535 modules 89 active /var/www/trexzactyl/node_modules/source-map-loader/dist/cjs.js!/var/www/trexzactyl/node_modules/date-fns/esm/getMinutes/index.js
<s> [webpack.Progress] 66% building 1447/1535 modules 88 active /var/www/trexzactyl/node_modules/source-map-loader/dist/cjs.js!/var/www/trexzactyl/node_modules/date-fns/esm/getMinutes/index.js
<s> [webpack.Progress] 66% building 1448/1535 modules 87 active /var/www/trexzactyl/node_modules/source-map-loader/dist/cjs.js!/var/www/trexzactyl/node_modules/date-fns/esm/getMinutes/index.js
<s> [webpack.Progress] 66% building 1449/1535 modules 86 active /var/www/trexzactyl/node_modules/source-map-loader/dist/cjs.js!/var/www/trexzactyl/node_modules/date-fns/esm/getMinutes/index.js
<s> [webpack.Progress] 66% building 1449/1536 modules 87 active /var/www/trexzactyl/node_modules/source-map-loader/dist/cjs.js!/var/www/trexzactyl/node_modules/date-fns/esm/getOverlappingDaysInIntervals/index.js
<s> [webpack.Progress] 66% building 1450/1536 modules 86 active /var/www/trexzactyl/node_modules/source-map-loader/dist/cjs.js!/var/www/trexzactyl/node_modules/date-fns/esm/getOverlappingDaysInIntervals/index.js
<s> [webpack.Progress] 66% building 1451/1536 modules 85 active /var/www/trexzactyl/node_modules/source-map-loader/dist/cjs.js!/var/www/trexzactyl/node_modules/date-fns/esm/getOverlappingDaysInIntervals/index.js
<s> [webpack.Progress] 66% building 1452/1536 modules 84 active /var/www/trexzactyl/node_modules/source-map-loader/dist/cjs.js!/var/www/trexzactyl/node_modules/date-fns/esm/getOverlappingDaysInIntervals/index.js
<s> [webpack.Progress] 66% building 1453/1536 modules 83 active /var/www/trexzactyl/node_modules/source-map-loader/dist/cjs.js!/var/www/trexzactyl/node_modules/date-fns/esm/getOverlappingDaysInIntervals/index.js
<s> [webpack.Progress] 66% building 1454/1536 modules 82 active /var/www/trexzactyl/node_modules/source-map-loader/dist/cjs.js!/var/www/trexzactyl/node_modules/date-fns/esm/getOverlappingDaysInIntervals/index.js
<s> [webpack.Progress] 66% building 1454/1537 modules 83 active /var/www/trexzactyl/node_modules/source-map-loader/dist/cjs.js!/var/www/trexzactyl/node_modules/date-fns/esm/getHours/index.js
<s> [webpack.Progress] 66% building 1454/1538 modules 84 active /var/www/trexzactyl/node_modules/source-map-loader/dist/cjs.js!/var/www/trexzactyl/node_modules/date-fns/esm/getDefaultOptions/index.js
<s> [webpack.Progress] 66% building 1455/1538 modules 83 active /var/www/trexzactyl/node_modules/source-map-loader/dist/cjs.js!/var/www/trexzactyl/node_modules/date-fns/esm/getDefaultOptions/index.js
<s> [webpack.Progress] 66% building 1455/1539 modules 84 active /var/www/trexzactyl/node_modules/source-map-loader/dist/cjs.js!/var/www/trexzactyl/node_modules/date-fns/esm/getDecade/index.js
<s> [webpack.Progress] 66% building 1456/1539 modules 83 active /var/www/trexzactyl/node_modules/source-map-loader/dist/cjs.js!/var/www/trexzactyl/node_modules/date-fns/esm/getDecade/index.js
<s> [webpack.Progress] 66% building 1457/1539 modules 82 active /var/www/trexzactyl/node_modules/source-map-loader/dist/cjs.js!/var/www/trexzactyl/node_modules/date-fns/esm/getDecade/index.js
<s> [webpack.Progress] 66% building 1458/1539 modules 81 active /var/www/trexzactyl/node_modules/source-map-loader/dist/cjs.js!/var/www/trexzactyl/node_modules/date-fns/esm/getDecade/index.js
<s> [webpack.Progress] 66% building 1458/1540 modules 82 active /var/www/trexzactyl/node_modules/source-map-loader/dist/cjs.js!/var/www/trexzactyl/node_modules/date-fns/esm/getISOWeeksInYear/index.js
<s> [webpack.Progress] 66% building 1458/1541 modules 83 active /var/www/trexzactyl/node_modules/source-map-loader/dist/cjs.js!/var/www/trexzactyl/node_modules/date-fns/esm/getDaysInYear/index.js
<s> [webpack.Progress] 66% building 1459/1541 modules 82 active /var/www/trexzactyl/node_modules/source-map-loader/dist/cjs.js!/var/www/trexzactyl/node_modules/date-fns/esm/getDaysInYear/index.js
<s> [webpack.Progress] 66% building 1460/1541 modules 81 active /var/www/trexzactyl/node_modules/source-map-loader/dist/cjs.js!/var/www/trexzactyl/node_modules/date-fns/esm/getDaysInYear/index.js
<s> [webpack.Progress] 66% building 1461/1541 modules 80 active /var/www/trexzactyl/node_modules/source-map-loader/dist/cjs.js!/var/www/trexzactyl/node_modules/date-fns/esm/getDaysInYear/index.js
<s> [webpack.Progress] 66% building 1462/1541 modules 79 active /var/www/trexzactyl/node_modules/source-map-loader/dist/cjs.js!/var/www/trexzactyl/node_modules/date-fns/esm/getDaysInYear/index.js
<s> [webpack.Progress] 66% building 1463/1541 modules 78 active /var/www/trexzactyl/node_modules/source-map-loader/dist/cjs.js!/var/www/trexzactyl/node_modules/date-fns/esm/getDaysInYear/index.js
<s> [webpack.Progress] 67% building 1464/1541 modules 77 active /var/www/trexzactyl/node_modules/source-map-loader/dist/cjs.js!/var/www/trexzactyl/node_modules/date-fns/esm/getDaysInYear/index.js
<s> [webpack.Progress] 67% building 1465/1541 modules 76 active /var/www/trexzactyl/node_modules/source-map-loader/dist/cjs.js!/var/www/trexzactyl/node_modules/date-fns/esm/getDaysInYear/index.js
<s> [webpack.Progress] 67% building 1466/1541 modules 75 active /var/www/trexzactyl/node_modules/source-map-loader/dist/cjs.js!/var/www/trexzactyl/node_modules/date-fns/esm/getDaysInYear/index.js
<s> [webpack.Progress] 67% building 1467/1541 modules 74 active /var/www/trexzactyl/node_modules/source-map-loader/dist/cjs.js!/var/www/trexzactyl/node_modules/date-fns/esm/getDaysInYear/index.js
<s> [webpack.Progress] 67% building 1467/1542 modules 75 active /var/www/trexzactyl/node_modules/source-map-loader/dist/cjs.js!/var/www/trexzactyl/node_modules/date-fns/esm/fromUnixTime/index.js
<s> [webpack.Progress] 67% building 1467/1543 modules 76 active /var/www/trexzactyl/node_modules/source-map-loader/dist/cjs.js!/var/www/trexzactyl/node_modules/date-fns/esm/getDate/index.js
<s> [webpack.Progress] 67% building 1467/1544 modules 77 active /var/www/trexzactyl/node_modules/source-map-loader/dist/cjs.js!/var/www/trexzactyl/node_modules/date-fns/esm/getDayOfYear/index.js
<s> [webpack.Progress] 67% building 1468/1544 modules 76 active /var/www/trexzactyl/node_modules/source-map-loader/dist/cjs.js!/var/www/trexzactyl/node_modules/date-fns/esm/getDayOfYear/index.js
<s> [webpack.Progress] 67% building 1469/1544 modules 75 active /var/www/trexzactyl/node_modules/source-map-loader/dist/cjs.js!/var/www/trexzactyl/node_modules/date-fns/esm/getDayOfYear/index.js
<s> [webpack.Progress] 67% building 1470/1544 modules 74 active /var/www/trexzactyl/node_modules/source-map-loader/dist/cjs.js!/var/www/trexzactyl/node_modules/date-fns/esm/getDayOfYear/index.js
<s> [webpack.Progress] 67% building 1471/1544 modules 73 active /var/www/trexzactyl/node_modules/source-map-loader/dist/cjs.js!/var/www/trexzactyl/node_modules/date-fns/esm/getDayOfYear/index.js
<s> [webpack.Progress] 67% building 1472/1544 modules 72 active /var/www/trexzactyl/node_modules/source-map-loader/dist/cjs.js!/var/www/trexzactyl/node_modules/date-fns/esm/getDayOfYear/index.js
<s> [webpack.Progress] 67% building 1473/1544 modules 71 active /var/www/trexzactyl/node_modules/source-map-loader/dist/cjs.js!/var/www/trexzactyl/node_modules/date-fns/esm/getDayOfYear/index.js
<s> [webpack.Progress] 67% building 1474/1544 modules 70 active /var/www/trexzactyl/node_modules/source-map-loader/dist/cjs.js!/var/www/trexzactyl/node_modules/date-fns/esm/getDayOfYear/index.js
<s> [webpack.Progress] 67% building 1475/1544 modules 69 active /var/www/trexzactyl/node_modules/source-map-loader/dist/cjs.js!/var/www/trexzactyl/node_modules/date-fns/esm/getDayOfYear/index.js
<s> [webpack.Progress] 67% building 1476/1544 modules 68 active /var/www/trexzactyl/node_modules/source-map-loader/dist/cjs.js!/var/www/trexzactyl/node_modules/date-fns/esm/getDayOfYear/index.js
<s> [webpack.Progress] 67% building 1477/1544 modules 67 active /var/www/trexzactyl/node_modules/source-map-loader/dist/cjs.js!/var/www/trexzactyl/node_modules/date-fns/esm/getDayOfYear/index.js
<s> [webpack.Progress] 67% building 1478/1544 modules 66 active /var/www/trexzactyl/node_modules/source-map-loader/dist/cjs.js!/var/www/trexzactyl/node_modules/date-fns/esm/getDayOfYear/index.js
<s> [webpack.Progress] 67% building 1479/1544 modules 65 active /var/www/trexzactyl/node_modules/source-map-loader/dist/cjs.js!/var/www/trexzactyl/node_modules/date-fns/esm/getDayOfYear/index.js
<s> [webpack.Progress] 67% building 1480/1544 modules 64 active /var/www/trexzactyl/node_modules/source-map-loader/dist/cjs.js!/var/www/trexzactyl/node_modules/date-fns/esm/getDayOfYear/index.js
<s> [webpack.Progress] 67% building 1481/1544 modules 63 active /var/www/trexzactyl/node_modules/source-map-loader/dist/cjs.js!/var/www/trexzactyl/node_modules/date-fns/esm/getDayOfYear/index.js
<s> [webpack.Progress] 67% building 1482/1544 modules 62 active /var/www/trexzactyl/node_modules/source-map-loader/dist/cjs.js!/var/www/trexzactyl/node_modules/date-fns/esm/getDayOfYear/index.js
<s> [webpack.Progress] 67% building 1483/1544 modules 61 active /var/www/trexzactyl/node_modules/source-map-loader/dist/cjs.js!/var/www/trexzactyl/node_modules/date-fns/esm/getDayOfYear/index.js
<s> [webpack.Progress] 67% building 1484/1544 modules 60 active /var/www/trexzactyl/node_modules/source-map-loader/dist/cjs.js!/var/www/trexzactyl/node_modules/date-fns/esm/getDayOfYear/index.js
<s> [webpack.Progress] 67% building 1485/1544 modules 59 active /var/www/trexzactyl/node_modules/source-map-loader/dist/cjs.js!/var/www/trexzactyl/node_modules/date-fns/esm/getDayOfYear/index.js
<s> [webpack.Progress] 67% building 1486/1544 modules 58 active /var/www/trexzactyl/node_modules/source-map-loader/dist/cjs.js!/var/www/trexzactyl/node_modules/date-fns/esm/getDayOfYear/index.js
<s> [webpack.Progress] 67% building 1487/1544 modules 57 active /var/www/trexzactyl/node_modules/source-map-loader/dist/cjs.js!/var/www/trexzactyl/node_modules/date-fns/esm/getDayOfYear/index.js
<s> [webpack.Progress] 67% building 1488/1544 modules 56 active /var/www/trexzactyl/node_modules/source-map-loader/dist/cjs.js!/var/www/trexzactyl/node_modules/date-fns/esm/getDayOfYear/index.js
<s> [webpack.Progress] 67% building 1489/1544 modules 55 active /var/www/trexzactyl/node_modules/source-map-loader/dist/cjs.js!/var/www/trexzactyl/node_modules/date-fns/esm/getDayOfYear/index.js
<s> [webpack.Progress] 67% building 1489/1545 modules 56 active /var/www/trexzactyl/node_modules/source-map-loader/dist/cjs.js!/var/www/trexzactyl/node_modules/@motionone/dom/dist/animate/style.cjs.js
<s> [webpack.Progress] 67% building 1490/1545 modules 55 active /var/www/trexzactyl/node_modules/source-map-loader/dist/cjs.js!/var/www/trexzactyl/node_modules/@motionone/dom/dist/animate/style.cjs.js
<s> [webpack.Progress] 67% building 1491/1545 modules 54 active /var/www/trexzactyl/node_modules/source-map-loader/dist/cjs.js!/var/www/trexzactyl/node_modules/@motionone/dom/dist/animate/style.cjs.js
<s> [webpack.Progress] 67% building 1492/1545 modules 53 active /var/www/trexzactyl/node_modules/source-map-loader/dist/cjs.js!/var/www/trexzactyl/node_modules/@motionone/dom/dist/animate/style.cjs.js
<s> [webpack.Progress] 67% building 1493/1545 modules 52 active /var/www/trexzactyl/node_modules/source-map-loader/dist/cjs.js!/var/www/trexzactyl/node_modules/@motionone/dom/dist/animate/style.cjs.js
<s> [webpack.Progress] 67% building 1493/1546 modules 53 active /var/www/trexzactyl/node_modules/source-map-loader/dist/cjs.js!/var/www/trexzactyl/node_modules/@motionone/dom/dist/animate/animate-style.cjs.js
<s> [webpack.Progress] 67% building 1494/1546 modules 52 active /var/www/trexzactyl/node_modules/source-map-loader/dist/cjs.js!/var/www/trexzactyl/node_modules/@motionone/dom/dist/animate/animate-style.cjs.js
<s> [webpack.Progress] 68% building 1495/1546 modules 51 active /var/www/trexzactyl/node_modules/source-map-loader/dist/cjs.js!/var/www/trexzactyl/node_modules/@motionone/dom/dist/animate/animate-style.cjs.js
<s> [webpack.Progress] 68% building 1496/1546 modules 50 active /var/www/trexzactyl/node_modules/source-map-loader/dist/cjs.js!/var/www/trexzactyl/node_modules/@motionone/dom/dist/animate/animate-style.cjs.js
<s> [webpack.Progress] 68% building 1497/1546 modules 49 active /var/www/trexzactyl/node_modules/source-map-loader/dist/cjs.js!/var/www/trexzactyl/node_modules/@motionone/dom/dist/animate/animate-style.cjs.js
<s> [webpack.Progress] 68% building 1498/1546 modules 48 active /var/www/trexzactyl/node_modules/source-map-loader/dist/cjs.js!/var/www/trexzactyl/node_modules/@motionone/dom/dist/animate/animate-style.cjs.js
<s> [webpack.Progress] 68% building 1499/1546 modules 47 active /var/www/trexzactyl/node_modules/source-map-loader/dist/cjs.js!/var/www/trexzactyl/node_modules/@motionone/dom/dist/animate/animate-style.cjs.js
<s> [webpack.Progress] 68% building 1500/1546 modules 46 active /var/www/trexzactyl/node_modules/source-map-loader/dist/cjs.js!/var/www/trexzactyl/node_modules/@motionone/dom/dist/animate/animate-style.cjs.js
<s> [webpack.Progress] 68% building 1501/1546 modules 45 active /var/www/trexzactyl/node_modules/source-map-loader/dist/cjs.js!/var/www/trexzactyl/node_modules/@motionone/dom/dist/animate/animate-style.cjs.js
<s> [webpack.Progress] 68% building 1502/1546 modules 44 active /var/www/trexzactyl/node_modules/source-map-loader/dist/cjs.js!/var/www/trexzactyl/node_modules/@motionone/dom/dist/animate/animate-style.cjs.js
<s> [webpack.Progress] 68% building 1503/1546 modules 43 active /var/www/trexzactyl/node_modules/source-map-loader/dist/cjs.js!/var/www/trexzactyl/node_modules/@motionone/dom/dist/animate/animate-style.cjs.js
<s> [webpack.Progress] 68% building 1504/1546 modules 42 active /var/www/trexzactyl/node_modules/source-map-loader/dist/cjs.js!/var/www/trexzactyl/node_modules/@motionone/dom/dist/animate/animate-style.cjs.js
<s> [webpack.Progress] 68% building 1505/1546 modules 41 active /var/www/trexzactyl/node_modules/source-map-loader/dist/cjs.js!/var/www/trexzactyl/node_modules/@motionone/dom/dist/animate/animate-style.cjs.js
<s> [webpack.Progress] 68% building 1506/1546 modules 40 active /var/www/trexzactyl/node_modules/source-map-loader/dist/cjs.js!/var/www/trexzactyl/node_modules/@motionone/dom/dist/animate/animate-style.cjs.js
<s> [webpack.Progress] 68% building 1507/1546 modules 39 active /var/www/trexzactyl/node_modules/source-map-loader/dist/cjs.js!/var/www/trexzactyl/node_modules/@motionone/dom/dist/animate/animate-style.cjs.js
<s> [webpack.Progress] 68% building 1508/1546 modules 38 active /var/www/trexzactyl/node_modules/source-map-loader/dist/cjs.js!/var/www/trexzactyl/node_modules/@motionone/dom/dist/animate/animate-style.cjs.js
<s> [webpack.Progress] 68% building 1509/1546 modules 37 active /var/www/trexzactyl/node_modules/source-map-loader/dist/cjs.js!/var/www/trexzactyl/node_modules/@motionone/dom/dist/animate/animate-style.cjs.js
<s> [webpack.Progress] 68% building 1510/1546 modules 36 active /var/www/trexzactyl/node_modules/source-map-loader/dist/cjs.js!/var/www/trexzactyl/node_modules/@motionone/dom/dist/animate/animate-style.cjs.js
<s> [webpack.Progress] 68% building 1511/1546 modules 35 active /var/www/trexzactyl/node_modules/source-map-loader/dist/cjs.js!/var/www/trexzactyl/node_modules/@motionone/dom/dist/animate/animate-style.cjs.js
<s> [webpack.Progress] 68% building 1512/1546 modules 34 active /var/www/trexzactyl/node_modules/source-map-loader/dist/cjs.js!/var/www/trexzactyl/node_modules/@motionone/dom/dist/animate/animate-style.cjs.js
<s> [webpack.Progress] 68% building 1513/1546 modules 33 active /var/www/trexzactyl/node_modules/source-map-loader/dist/cjs.js!/var/www/trexzactyl/node_modules/@motionone/dom/dist/animate/animate-style.cjs.js
<s> [webpack.Progress] 68% building 1514/1546 modules 32 active /var/www/trexzactyl/node_modules/source-map-loader/dist/cjs.js!/var/www/trexzactyl/node_modules/@motionone/dom/dist/animate/animate-style.cjs.js
<s> [webpack.Progress] 68% building 1515/1546 modules 31 active /var/www/trexzactyl/node_modules/source-map-loader/dist/cjs.js!/var/www/trexzactyl/node_modules/@motionone/dom/dist/animate/animate-style.cjs.js
<s> [webpack.Progress] 68% building 1516/1546 modules 30 active /var/www/trexzactyl/node_modules/source-map-loader/dist/cjs.js!/var/www/trexzactyl/node_modules/@motionone/dom/dist/animate/animate-style.cjs.js
<s> [webpack.Progress] 68% building 1517/1546 modules 29 active /var/www/trexzactyl/node_modules/source-map-loader/dist/cjs.js!/var/www/trexzactyl/node_modules/@motionone/dom/dist/animate/animate-style.cjs.js
<s> [webpack.Progress] 68% building 1518/1546 modules 28 active /var/www/trexzactyl/node_modules/source-map-loader/dist/cjs.js!/var/www/trexzactyl/node_modules/@motionone/dom/dist/animate/animate-style.cjs.js
<s> [webpack.Progress] 68% building 1519/1546 modules 27 active /var/www/trexzactyl/node_modules/source-map-loader/dist/cjs.js!/var/www/trexzactyl/node_modules/@motionone/dom/dist/animate/animate-style.cjs.js
<s> [webpack.Progress] 68% building 1520/1546 modules 26 active /var/www/trexzactyl/node_modules/source-map-loader/dist/cjs.js!/var/www/trexzactyl/node_modules/@motionone/dom/dist/animate/animate-style.cjs.js
<s> [webpack.Progress] 69% building 1521/1546 modules 25 active /var/www/trexzactyl/node_modules/source-map-loader/dist/cjs.js!/var/www/trexzactyl/node_modules/@motionone/dom/dist/animate/animate-style.cjs.js
<s> [webpack.Progress] 68% building 1521/1547 modules 26 active /var/www/trexzactyl/node_modules/source-map-loader/dist/cjs.js!/var/www/trexzactyl/node_modules/@motionone/dom/dist/utils/stagger.cjs.js
<s> [webpack.Progress] 68% building 1521/1548 modules 27 active /var/www/trexzactyl/node_modules/source-map-loader/dist/cjs.js!/var/www/trexzactyl/node_modules/@motionone/dom/dist/timeline/index.cjs.js
<s> [webpack.Progress] 68% building 1521/1549 modules 28 active /var/www/trexzactyl/node_modules/source-map-loader/dist/cjs.js!/var/www/trexzactyl/node_modules/date-fns/esm/_lib/format/lightFormatters/index.js
<s> [webpack.Progress] 68% building 1522/1549 modules 27 active /var/www/trexzactyl/node_modules/source-map-loader/dist/cjs.js!/var/www/trexzactyl/node_modules/date-fns/esm/_lib/format/lightFormatters/index.js
<s> [webpack.Progress] 68% building 1523/1549 modules 26 active /var/www/trexzactyl/node_modules/source-map-loader/dist/cjs.js!/var/www/trexzactyl/node_modules/date-fns/esm/_lib/format/lightFormatters/index.js
<s> [webpack.Progress] 68% building 1523/1550 modules 27 active /var/www/trexzactyl/node_modules/source-map-loader/dist/cjs.js!/var/www/trexzactyl/node_modules/@motionone/dom/dist/utils/resolve-elements.cjs.js
<s> [webpack.Progress] 68% building 1523/1551 modules 28 active /var/www/trexzactyl/node_modules/source-map-loader/dist/cjs.js!/var/www/trexzactyl/node_modules/@motionone/dom/dist/animate/utils/options.cjs.js
<s> [webpack.Progress] 68% building 1524/1551 modules 27 active /var/www/trexzactyl/node_modules/source-map-loader/dist/cjs.js!/var/www/trexzactyl/node_modules/@motionone/dom/dist/animate/utils/options.cjs.js
<s> [webpack.Progress] 68% building 1525/1551 modules 26 active /var/www/trexzactyl/node_modules/source-map-loader/dist/cjs.js!/var/www/trexzactyl/node_modules/@motionone/dom/dist/animate/utils/options.cjs.js
<s> [webpack.Progress] 69% building 1526/1551 modules 25 active /var/www/trexzactyl/node_modules/source-map-loader/dist/cjs.js!/var/www/trexzactyl/node_modules/@motionone/dom/dist/animate/utils/options.cjs.js
<s> [webpack.Progress] 69% building 1527/1551 modules 24 active /var/www/trexzactyl/node_modules/source-map-loader/dist/cjs.js!/var/www/trexzactyl/node_modules/@motionone/dom/dist/animate/utils/options.cjs.js
<s> [webpack.Progress] 69% building 1528/1551 modules 23 active /var/www/trexzactyl/node_modules/source-map-loader/dist/cjs.js!/var/www/trexzactyl/node_modules/@motionone/dom/dist/animate/utils/options.cjs.js
<s> [webpack.Progress] 69% building 1529/1551 modules 22 active /var/www/trexzactyl/node_modules/source-map-loader/dist/cjs.js!/var/www/trexzactyl/node_modules/@motionone/dom/dist/animate/utils/options.cjs.js
<s> [webpack.Progress] 69% building 1530/1551 modules 21 active /var/www/trexzactyl/node_modules/source-map-loader/dist/cjs.js!/var/www/trexzactyl/node_modules/@motionone/dom/dist/animate/utils/options.cjs.js
<s> [webpack.Progress] 69% building 1531/1551 modules 20 active /var/www/trexzactyl/node_modules/source-map-loader/dist/cjs.js!/var/www/trexzactyl/node_modules/@motionone/dom/dist/animate/utils/options.cjs.js
<s> [webpack.Progress] 69% building 1532/1551 modules 19 active /var/www/trexzactyl/node_modules/source-map-loader/dist/cjs.js!/var/www/trexzactyl/node_modules/@motionone/dom/dist/animate/utils/options.cjs.js
<s> [webpack.Progress] 69% building 1533/1551 modules 18 active /var/www/trexzactyl/node_modules/source-map-loader/dist/cjs.js!/var/www/trexzactyl/node_modules/@motionone/dom/dist/animate/utils/options.cjs.js
<s> [webpack.Progress] 69% building 1533/1552 modules 19 active /var/www/trexzactyl/node_modules/source-map-loader/dist/cjs.js!/var/www/trexzactyl/node_modules/@motionone/dom/dist/easing/glide/index.cjs.js
<s> [webpack.Progress] 69% building 1533/1553 modules 20 active /var/www/trexzactyl/node_modules/source-map-loader/dist/cjs.js!/var/www/trexzactyl/node_modules/@motionone/dom/dist/easing/spring/index.cjs.js
<s> [webpack.Progress] 69% building 1534/1553 modules 19 active /var/www/trexzactyl/node_modules/source-map-loader/dist/cjs.js!/var/www/trexzactyl/node_modules/@motionone/dom/dist/easing/spring/index.cjs.js
<s> [webpack.Progress] 69% building 1535/1553 modules 18 active /var/www/trexzactyl/node_modules/source-map-loader/dist/cjs.js!/var/www/trexzactyl/node_modules/@motionone/dom/dist/easing/spring/index.cjs.js
<s> [webpack.Progress] 69% building 1535/1554 modules 19 active /var/www/trexzactyl/node_modules/source-map-loader/dist/cjs.js!/var/www/trexzactyl/node_modules/@motionone/dom/dist/animate/utils/transforms.cjs.js
<s> [webpack.Progress] 69% building 1535/1555 modules 20 active /var/www/trexzactyl/node_modules/source-map-loader/dist/cjs.js!/var/www/trexzactyl/node_modules/@motionone/dom/dist/animate/utils/stop-animation.cjs.js
<s> [webpack.Progress] 69% building 1536/1555 modules 19 active /var/www/trexzactyl/node_modules/source-map-loader/dist/cjs.js!/var/www/trexzactyl/node_modules/@motionone/dom/dist/animate/utils/stop-animation.cjs.js
<s> [webpack.Progress] 69% building 1537/1555 modules 18 active /var/www/trexzactyl/node_modules/source-map-loader/dist/cjs.js!/var/www/trexzactyl/node_modules/@motionone/dom/dist/animate/utils/stop-animation.cjs.js
<s> [webpack.Progress] 69% building 1538/1555 modules 17 active /var/www/trexzactyl/node_modules/source-map-loader/dist/cjs.js!/var/www/trexzactyl/node_modules/@motionone/dom/dist/animate/utils/stop-animation.cjs.js
<s> [webpack.Progress] 69% building 1539/1555 modules 16 active /var/www/trexzactyl/node_modules/source-map-loader/dist/cjs.js!/var/www/trexzactyl/node_modules/@motionone/dom/dist/animate/utils/stop-animation.cjs.js
<s> [webpack.Progress] 69% building 1540/1555 modules 15 active /var/www/trexzactyl/node_modules/source-map-loader/dist/cjs.js!/var/www/trexzactyl/node_modules/@motionone/dom/dist/animate/utils/stop-animation.cjs.js
<s> [webpack.Progress] 69% building 1541/1555 modules 14 active /var/www/trexzactyl/node_modules/source-map-loader/dist/cjs.js!/var/www/trexzactyl/node_modules/@motionone/dom/dist/animate/utils/stop-animation.cjs.js
<s> [webpack.Progress] 69% building 1542/1555 modules 13 active /var/www/trexzactyl/node_modules/source-map-loader/dist/cjs.js!/var/www/trexzactyl/node_modules/@motionone/dom/dist/animate/utils/stop-animation.cjs.js
<s> [webpack.Progress] 69% building 1543/1555 modules 12 active /var/www/trexzactyl/node_modules/source-map-loader/dist/cjs.js!/var/www/trexzactyl/node_modules/@motionone/dom/dist/animate/utils/stop-animation.cjs.js
<s> [webpack.Progress] 69% building 1544/1555 modules 11 active /var/www/trexzactyl/node_modules/source-map-loader/dist/cjs.js!/var/www/trexzactyl/node_modules/@motionone/dom/dist/animate/utils/stop-animation.cjs.js
<s> [webpack.Progress] 69% building 1544/1556 modules 12 active /var/www/trexzactyl/node_modules/source-map-loader/dist/cjs.js!/var/www/trexzactyl/node_modules/@motionone/dom/dist/gestures/scroll/on-scroll-handler.cjs.js
<s> [webpack.Progress] 69% building 1544/1557 modules 13 active /var/www/trexzactyl/node_modules/source-map-loader/dist/cjs.js!/var/www/trexzactyl/node_modules/@motionone/dom/dist/gestures/scroll/info.cjs.js
<s> [webpack.Progress] 69% building 1544/1558 modules 14 active /var/www/trexzactyl/node_modules/source-map-loader/dist/cjs.js!/var/www/trexzactyl/node_modules/@motionone/dom/dist/gestures/resize/handle-element.cjs.js
<s> [webpack.Progress] 69% building 1544/1559 modules 15 active /var/www/trexzactyl/node_modules/source-map-loader/dist/cjs.js!/var/www/trexzactyl/node_modules/@motionone/dom/dist/gestures/resize/handle-window.cjs.js
<s> [webpack.Progress] 69% building 1544/1560 modules 16 active /var/www/trexzactyl/node_modules/source-map-loader/dist/cjs.js!/var/www/trexzactyl/node_modules/@motionone/dom/dist/state/utils/events.cjs.js
<s> [webpack.Progress] 69% building 1544/1561 modules 17 active /var/www/trexzactyl/node_modules/source-map-loader/dist/cjs.js!/var/www/trexzactyl/node_modules/@motionone/dom/dist/state/utils/schedule.cjs.js
<s> [webpack.Progress] 69% building 1544/1562 modules 18 active /var/www/trexzactyl/node_modules/source-map-loader/dist/cjs.js!/var/www/trexzactyl/node_modules/@motionone/dom/dist/state/utils/resolve-variant.cjs.js
<s> [webpack.Progress] 69% building 1544/1563 modules 19 active /var/www/trexzactyl/node_modules/source-map-loader/dist/cjs.js!/var/www/trexzactyl/node_modules/@motionone/dom/dist/state/utils/has-changed.cjs.js
<s> [webpack.Progress] 69% building 1544/1564 modules 20 active /var/www/trexzactyl/node_modules/source-map-loader/dist/cjs.js!/var/www/trexzactyl/node_modules/@motionone/dom/dist/state/gestures/press.cjs.js
<s> [webpack.Progress] 69% building 1544/1565 modules 21 active /var/www/trexzactyl/node_modules/source-map-loader/dist/cjs.js!/var/www/trexzactyl/node_modules/@motionone/dom/dist/state/gestures/hover.cjs.js
<s> [webpack.Progress] 69% building 1544/1566 modules 22 active /var/www/trexzactyl/node_modules/source-map-loader/dist/cjs.js!/var/www/trexzactyl/node_modules/@motionone/dom/dist/state/gestures/in-view.cjs.js
<s> [webpack.Progress] 69% building 1545/1566 modules 21 active /var/www/trexzactyl/node_modules/source-map-loader/dist/cjs.js!/var/www/trexzactyl/node_modules/@motionone/dom/dist/state/gestures/in-view.cjs.js
<s> [webpack.Progress] 69% building 1545/1567 modules 22 active /var/www/trexzactyl/node_modules/source-map-loader/dist/cjs.js!/var/www/trexzactyl/node_modules/date-fns/esm/formatISODuration/index.js
<s> [webpack.Progress] 69% building 1546/1567 modules 21 active /var/www/trexzactyl/node_modules/source-map-loader/dist/cjs.js!/var/www/trexzactyl/node_modules/date-fns/esm/formatISODuration/index.js
<s> [webpack.Progress] 69% building 1546/1568 modules 22 active /var/www/trexzactyl/node_modules/source-map-loader/dist/cjs.js!/var/www/trexzactyl/node_modules/date-fns/esm/formatRelative/index.js
<s> [webpack.Progress] 69% building 1546/1569 modules 23 active /var/www/trexzactyl/node_modules/source-map-loader/dist/cjs.js!/var/www/trexzactyl/node_modules/date-fns/esm/formatRFC3339/index.js
<s> [webpack.Progress] 69% building 1546/1570 modules 24 active /var/www/trexzactyl/node_modules/source-map-loader/dist/cjs.js!/var/www/trexzactyl/node_modules/date-fns/esm/formatRFC7231/index.js
<s> [webpack.Progress] 69% building 1546/1571 modules 25 active /var/www/trexzactyl/node_modules/source-map-loader/dist/cjs.js!/var/www/trexzactyl/node_modules/date-fns/esm/formatDuration/index.js
<s> [webpack.Progress] 69% building 1546/1572 modules 26 active /var/www/trexzactyl/node_modules/source-map-loader/dist/cjs.js!/var/www/trexzactyl/node_modules/date-fns/esm/formatISO9075/index.js
<s> [webpack.Progress] 68% building 1546/1573 modules 27 active /var/www/trexzactyl/node_modules/source-map-loader/dist/cjs.js!/var/www/trexzactyl/node_modules/date-fns/esm/formatISO/index.js
<s> [webpack.Progress] 68% building 1546/1574 modules 28 active /var/www/trexzactyl/node_modules/source-map-loader/dist/cjs.js!/var/www/trexzactyl/node_modules/date-fns/esm/formatDistanceToNowStrict/index.js
<s> [webpack.Progress] 68% building 1546/1575 modules 29 active /var/www/trexzactyl/node_modules/source-map-loader/dist/cjs.js!/var/www/trexzactyl/node_modules/date-fns/esm/formatDistanceToNow/index.js
<s> [webpack.Progress] 68% building 1546/1576 modules 30 active /var/www/trexzactyl/node_modules/source-map-loader/dist/cjs.js!/var/www/trexzactyl/node_modules/date-fns/esm/formatDistanceStrict/index.js
<s> [webpack.Progress] 68% building 1546/1577 modules 31 active /var/www/trexzactyl/node_modules/source-map-loader/dist/cjs.js!/var/www/trexzactyl/node_modules/date-fns/esm/formatDistance/index.js
<s> [webpack.Progress] 68% building 1546/1578 modules 32 active /var/www/trexzactyl/node_modules/source-map-loader/dist/cjs.js!/var/www/trexzactyl/node_modules/date-fns/esm/format/index.js
<s> [webpack.Progress] 68% building 1546/1579 modules 33 active /var/www/trexzactyl/node_modules/source-map-loader/dist/cjs.js!/var/www/trexzactyl/node_modules/date-fns/esm/endOfWeek/index.js
<s> [webpack.Progress] 68% building 1546/1580 modules 34 active /var/www/trexzactyl/node_modules/source-map-loader/dist/cjs.js!/var/www/trexzactyl/node_modules/date-fns/esm/endOfYesterday/index.js
<s> [webpack.Progress] 68% building 1546/1581 modules 35 active /var/www/trexzactyl/node_modules/source-map-loader/dist/cjs.js!/var/www/trexzactyl/node_modules/date-fns/esm/endOfYear/index.js
<s> [webpack.Progress] 68% building 1546/1582 modules 36 active /var/www/trexzactyl/node_modules/source-map-loader/dist/cjs.js!/var/www/trexzactyl/node_modules/date-fns/esm/endOfSecond/index.js
<s> [webpack.Progress] 68% building 1546/1583 modules 37 active /var/www/trexzactyl/node_modules/source-map-loader/dist/cjs.js!/var/www/trexzactyl/node_modules/date-fns/esm/endOfToday/index.js
<s> [webpack.Progress] 68% building 1546/1584 modules 38 active /var/www/trexzactyl/node_modules/source-map-loader/dist/cjs.js!/var/www/trexzactyl/node_modules/date-fns/esm/endOfQuarter/index.js
<s> [webpack.Progress] 68% building 1546/1585 modules 39 active /var/www/trexzactyl/node_modules/source-map-loader/dist/cjs.js!/var/www/trexzactyl/node_modules/date-fns/esm/endOfTomorrow/index.js
<s> [webpack.Progress] 68% building 1546/1586 modules 40 active /var/www/trexzactyl/node_modules/source-map-loader/dist/cjs.js!/var/www/trexzactyl/node_modules/date-fns/esm/endOfMinute/index.js
<s> [webpack.Progress] 68% building 1546/1587 modules 41 active /var/www/trexzactyl/node_modules/source-map-loader/dist/cjs.js!/var/www/trexzactyl/node_modules/date-fns/esm/endOfMonth/index.js
<s> [webpack.Progress] 68% building 1546/1588 modules 42 active /var/www/trexzactyl/node_modules/source-map-loader/dist/cjs.js!/var/www/trexzactyl/node_modules/date-fns/esm/endOfISOWeekYear/index.js
<s> [webpack.Progress] 68% building 1546/1589 modules 43 active /var/www/trexzactyl/node_modules/source-map-loader/dist/cjs.js!/var/www/trexzactyl/node_modules/date-fns/esm/endOfISOWeek/index.js
<s> [webpack.Progress] 68% building 1547/1589 modules 42 active /var/www/trexzactyl/node_modules/source-map-loader/dist/cjs.js!/var/www/trexzactyl/node_modules/date-fns/esm/endOfISOWeek/index.js
<s> [webpack.Progress] 68% building 1548/1589 modules 41 active /var/www/trexzactyl/node_modules/source-map-loader/dist/cjs.js!/var/www/trexzactyl/node_modules/date-fns/esm/endOfISOWeek/index.js
<s> [webpack.Progress] 68% building 1548/1590 modules 42 active /var/www/trexzactyl/node_modules/source-map-loader/dist/cjs.js!/var/www/trexzactyl/node_modules/date-fns/esm/endOfDecade/index.js
<s> [webpack.Progress] 68% building 1548/1591 modules 43 active /var/www/trexzactyl/node_modules/source-map-loader/dist/cjs.js!/var/www/trexzactyl/node_modules/date-fns/esm/endOfHour/index.js
<s> [webpack.Progress] 68% building 1548/1592 modules 44 active /var/www/trexzactyl/node_modules/source-map-loader/dist/cjs.js!/var/www/trexzactyl/node_modules/date-fns/esm/eachYearOfInterval/index.js
<s> [webpack.Progress] 68% building 1548/1593 modules 45 active /var/www/trexzactyl/node_modules/source-map-loader/dist/cjs.js!/var/www/trexzactyl/node_modules/date-fns/esm/endOfDay/index.js
<s> [webpack.Progress] 68% building 1549/1593 modules 44 active /var/www/trexzactyl/node_modules/source-map-loader/dist/cjs.js!/var/www/trexzactyl/node_modules/date-fns/esm/endOfDay/index.js
<s> [webpack.Progress] 68% building 1550/1593 modules 43 active /var/www/trexzactyl/node_modules/source-map-loader/dist/cjs.js!/var/www/trexzactyl/node_modules/date-fns/esm/endOfDay/index.js
<s> [webpack.Progress] 68% building 1550/1594 modules 44 active /var/www/trexzactyl/node_modules/source-map-loader/dist/cjs.js!/var/www/trexzactyl/node_modules/date-fns/esm/eachWeekendOfMonth/index.js
<s> [webpack.Progress] 68% building 1550/1595 modules 45 active /var/www/trexzactyl/node_modules/source-map-loader/dist/cjs.js!/var/www/trexzactyl/node_modules/date-fns/esm/eachWeekOfInterval/index.js
<s> [webpack.Progress] 68% building 1550/1596 modules 46 active /var/www/trexzactyl/node_modules/source-map-loader/dist/cjs.js!/var/www/trexzactyl/node_modules/date-fns/esm/eachWeekendOfInterval/index.js
<s> [webpack.Progress] 68% building 1550/1597 modules 47 active /var/www/trexzactyl/node_modules/source-map-loader/dist/cjs.js!/var/www/trexzactyl/node_modules/date-fns/esm/eachWeekendOfYear/index.js
<s> [webpack.Progress] 68% building 1550/1598 modules 48 active /var/www/trexzactyl/node_modules/source-map-loader/dist/cjs.js!/var/www/trexzactyl/node_modules/date-fns/esm/eachMonthOfInterval/index.js
<s> [webpack.Progress] 68% building 1550/1599 modules 49 active /var/www/trexzactyl/node_modules/source-map-loader/dist/cjs.js!/var/www/trexzactyl/node_modules/date-fns/esm/eachQuarterOfInterval/index.js
<s> [webpack.Progress] 68% building 1551/1599 modules 48 active /var/www/trexzactyl/node_modules/source-map-loader/dist/cjs.js!/var/www/trexzactyl/node_modules/date-fns/esm/eachQuarterOfInterval/index.js
<s> [webpack.Progress] 68% building 1551/1600 modules 49 active /var/www/trexzactyl/node_modules/source-map-loader/dist/cjs.js!/var/www/trexzactyl/node_modules/@motionone/dom/dist/animate/utils/css-var.cjs.js
<s> [webpack.Progress] 68% building 1552/1600 modules 48 active /var/www/trexzactyl/node_modules/source-map-loader/dist/cjs.js!/var/www/trexzactyl/node_modules/@motionone/dom/dist/animate/utils/css-var.cjs.js
<s> [webpack.Progress] 68% building 1553/1600 modules 47 active /var/www/trexzactyl/node_modules/source-map-loader/dist/cjs.js!/var/www/trexzactyl/node_modules/@motionone/dom/dist/animate/utils/css-var.cjs.js
<s> [webpack.Progress] 68% building 1554/1600 modules 46 active /var/www/trexzactyl/node_modules/source-map-loader/dist/cjs.js!/var/www/trexzactyl/node_modules/@motionone/dom/dist/animate/utils/css-var.cjs.js
<s> [webpack.Progress] 68% building 1555/1600 modules 45 active /var/www/trexzactyl/node_modules/source-map-loader/dist/cjs.js!/var/www/trexzactyl/node_modules/@motionone/dom/dist/animate/utils/css-var.cjs.js
<s> [webpack.Progress] 68% building 1555/1601 modules 46 active /var/www/trexzactyl/node_modules/source-map-loader/dist/cjs.js!/var/www/trexzactyl/node_modules/@motionone/dom/dist/animate/utils/keyframes.cjs.js
<s> [webpack.Progress] 68% building 1555/1602 modules 47 active /var/www/trexzactyl/node_modules/source-map-loader/dist/cjs.js!/var/www/trexzactyl/node_modules/date-fns/esm/eachHourOfInterval/index.js
<s> [webpack.Progress] 68% building 1555/1603 modules 48 active /var/www/trexzactyl/node_modules/source-map-loader/dist/cjs.js!/var/www/trexzactyl/node_modules/date-fns/esm/eachMinuteOfInterval/index.js
<s> [webpack.Progress] 68% building 1555/1604 modules 49 active /var/www/trexzactyl/node_modules/source-map-loader/dist/cjs.js!/var/www/trexzactyl/node_modules/date-fns/esm/eachDayOfInterval/index.js
<s> [webpack.Progress] 68% building 1555/1605 modules 50 active /var/www/trexzactyl/node_modules/source-map-loader/dist/cjs.js!/var/www/trexzactyl/node_modules/date-fns/esm/differenceInYears/index.js
<s> [webpack.Progress] 68% building 1555/1606 modules 51 active /var/www/trexzactyl/node_modules/source-map-loader/dist/cjs.js!/var/www/trexzactyl/node_modules/date-fns/esm/differenceInQuarters/index.js
<s> [webpack.Progress] 68% building 1555/1607 modules 52 active /var/www/trexzactyl/node_modules/source-map-loader/dist/cjs.js!/var/www/trexzactyl/node_modules/date-fns/esm/differenceInSeconds/index.js
<s> [webpack.Progress] 68% building 1555/1608 modules 53 active /var/www/trexzactyl/node_modules/source-map-loader/dist/cjs.js!/var/www/trexzactyl/node_modules/@motionone/dom/dist/animate/utils/feature-detection.cjs.js
<s> [webpack.Progress] 68% building 1556/1608 modules 52 active /var/www/trexzactyl/node_modules/source-map-loader/dist/cjs.js!/var/www/trexzactyl/node_modules/@motionone/dom/dist/animate/utils/feature-detection.cjs.js
<s> [webpack.Progress] 68% building 1556/1609 modules 53 active /var/www/trexzactyl/node_modules/source-map-loader/dist/cjs.js!/var/www/trexzactyl/node_modules/date-fns/esm/differenceInWeeks/index.js
<s> [webpack.Progress] 68% building 1557/1609 modules 52 active /var/www/trexzactyl/node_modules/source-map-loader/dist/cjs.js!/var/www/trexzactyl/node_modules/date-fns/esm/differenceInWeeks/index.js
<s> [webpack.Progress] 68% building 1557/1610 modules 53 active /var/www/trexzactyl/node_modules/source-map-loader/dist/cjs.js!/var/www/trexzactyl/node_modules/date-fns/esm/differenceInMonths/index.js
<s> [webpack.Progress] 68% building 1558/1610 modules 52 active /var/www/trexzactyl/node_modules/source-map-loader/dist/cjs.js!/var/www/trexzactyl/node_modules/date-fns/esm/differenceInMonths/index.js
<s> [webpack.Progress] 68% building 1558/1611 modules 53 active /var/www/trexzactyl/node_modules/source-map-loader/dist/cjs.js!/var/www/trexzactyl/node_modules/date-fns/esm/differenceInMinutes/index.js
<s> [webpack.Progress] 68% building 1559/1611 modules 52 active /var/www/trexzactyl/node_modules/source-map-loader/dist/cjs.js!/var/www/trexzactyl/node_modules/date-fns/esm/differenceInMinutes/index.js
<s> [webpack.Progress] 68% building 1560/1611 modules 51 active /var/www/trexzactyl/node_modules/source-map-loader/dist/cjs.js!/var/www/trexzactyl/node_modules/date-fns/esm/differenceInMinutes/index.js
<s> [webpack.Progress] 68% building 1561/1611 modules 50 active /var/www/trexzactyl/node_modules/source-map-loader/dist/cjs.js!/var/www/trexzactyl/node_modules/date-fns/esm/differenceInMinutes/index.js
<s> [webpack.Progress] 68% building 1562/1611 modules 49 active /var/www/trexzactyl/node_modules/source-map-loader/dist/cjs.js!/var/www/trexzactyl/node_modules/date-fns/esm/differenceInMinutes/index.js
<s> [webpack.Progress] 68% building 1563/1611 modules 48 active /var/www/trexzactyl/node_modules/source-map-loader/dist/cjs.js!/var/www/trexzactyl/node_modules/date-fns/esm/differenceInMinutes/index.js
<s> [webpack.Progress] 68% building 1564/1611 modules 47 active /var/www/trexzactyl/node_modules/source-map-loader/dist/cjs.js!/var/www/trexzactyl/node_modules/date-fns/esm/differenceInMinutes/index.js
<s> [webpack.Progress] 68% building 1565/1611 modules 46 active /var/www/trexzactyl/node_modules/source-map-loader/dist/cjs.js!/var/www/trexzactyl/node_modules/date-fns/esm/differenceInMinutes/index.js
<s> [webpack.Progress] 68% building 1566/1611 modules 45 active /var/www/trexzactyl/node_modules/source-map-loader/dist/cjs.js!/var/www/trexzactyl/node_modules/date-fns/esm/differenceInMinutes/index.js
<s> [webpack.Progress] 68% building 1566/1612 modules 46 active /var/www/trexzactyl/node_modules/source-map-loader/dist/cjs.js!/var/www/trexzactyl/node_modules/date-fns/esm/compareAsc/index.js
<s> [webpack.Progress] 68% building 1566/1613 modules 47 active /var/www/trexzactyl/node_modules/source-map-loader/dist/cjs.js!/var/www/trexzactyl/node_modules/date-fns/esm/differenceInHours/index.js
<s> [webpack.Progress] 68% building 1566/1614 modules 48 active /var/www/trexzactyl/node_modules/source-map-loader/dist/cjs.js!/var/www/trexzactyl/node_modules/date-fns/esm/differenceInDays/index.js
<s> [webpack.Progress] 68% building 1566/1615 modules 49 active /var/www/trexzactyl/node_modules/source-map-loader/dist/cjs.js!/var/www/trexzactyl/node_modules/date-fns/esm/differenceInCalendarYears/index.js
<s> [webpack.Progress] 68% building 1566/1616 modules 50 active /var/www/trexzactyl/node_modules/source-map-loader/dist/cjs.js!/var/www/trexzactyl/node_modules/date-fns/esm/differenceInCalendarWeeks/index.js
<s> [webpack.Progress] 68% building 1566/1617 modules 51 active /var/www/trexzactyl/node_modules/source-map-loader/dist/cjs.js!/var/www/trexzactyl/node_modules/date-fns/esm/differenceInCalendarQuarters/index.js
<s> [webpack.Progress] 68% building 1566/1618 modules 52 active /var/www/trexzactyl/node_modules/source-map-loader/dist/cjs.js!/var/www/trexzactyl/node_modules/date-fns/esm/differenceInMilliseconds/index.js
<s> [webpack.Progress] 68% building 1566/1619 modules 53 active /var/www/trexzactyl/node_modules/source-map-loader/dist/cjs.js!/var/www/trexzactyl/node_modules/@motionone/dom/dist/easing/create-generator-easing.cjs.js
<s> [webpack.Progress] 68% building 1567/1619 modules 52 active /var/www/trexzactyl/node_modules/source-map-loader/dist/cjs.js!/var/www/trexzactyl/node_modules/@motionone/dom/dist/easing/create-generator-easing.cjs.js
<s> [webpack.Progress] 68% building 1567/1620 modules 53 active /var/www/trexzactyl/node_modules/source-map-loader/dist/cjs.js!/var/www/trexzactyl/node_modules/date-fns/esm/differenceInCalendarMonths/index.js
<s> [webpack.Progress] 68% building 1567/1621 modules 54 active /var/www/trexzactyl/node_modules/source-map-loader/dist/cjs.js!/var/www/trexzactyl/node_modules/date-fns/esm/differenceInISOWeekYears/index.js
<s> [webpack.Progress] 68% building 1568/1621 modules 53 active /var/www/trexzactyl/node_modules/source-map-loader/dist/cjs.js!/var/www/trexzactyl/node_modules/date-fns/esm/differenceInISOWeekYears/index.js
<s> [webpack.Progress] 68% building 1569/1621 modules 52 active /var/www/trexzactyl/node_modules/source-map-loader/dist/cjs.js!/var/www/trexzactyl/node_modules/date-fns/esm/differenceInISOWeekYears/index.js
<s> [webpack.Progress] 68% building 1570/1621 modules 51 active /var/www/trexzactyl/node_modules/source-map-loader/dist/cjs.js!/var/www/trexzactyl/node_modules/date-fns/esm/differenceInISOWeekYears/index.js
<s> [webpack.Progress] 68% building 1571/1621 modules 50 active /var/www/trexzactyl/node_modules/source-map-loader/dist/cjs.js!/var/www/trexzactyl/node_modules/date-fns/esm/differenceInISOWeekYears/index.js
<s> [webpack.Progress] 68% building 1572/1621 modules 49 active /var/www/trexzactyl/node_modules/source-map-loader/dist/cjs.js!/var/www/trexzactyl/node_modules/date-fns/esm/differenceInISOWeekYears/index.js
<s> [webpack.Progress] 68% building 1573/1621 modules 48 active /var/www/trexzactyl/node_modules/source-map-loader/dist/cjs.js!/var/www/trexzactyl/node_modules/date-fns/esm/differenceInISOWeekYears/index.js
<s> [webpack.Progress] 68% building 1574/1621 modules 47 active /var/www/trexzactyl/node_modules/source-map-loader/dist/cjs.js!/var/www/trexzactyl/node_modules/date-fns/esm/differenceInISOWeekYears/index.js
<s> [webpack.Progress] 68% building 1575/1621 modules 46 active /var/www/trexzactyl/node_modules/source-map-loader/dist/cjs.js!/var/www/trexzactyl/node_modules/date-fns/esm/differenceInISOWeekYears/index.js
<s> [webpack.Progress] 68% building 1576/1621 modules 45 active /var/www/trexzactyl/node_modules/source-map-loader/dist/cjs.js!/var/www/trexzactyl/node_modules/date-fns/esm/differenceInISOWeekYears/index.js
<s> [webpack.Progress] 68% building 1576/1622 modules 46 active /var/www/trexzactyl/node_modules/source-map-loader/dist/cjs.js!/var/www/trexzactyl/node_modules/@motionone/dom/dist/timeline/utils/sort.cjs.js
<s> [webpack.Progress] 68% building 1576/1623 modules 47 active /var/www/trexzactyl/node_modules/source-map-loader/dist/cjs.js!/var/www/trexzactyl/node_modules/@motionone/dom/dist/timeline/utils/edit.cjs.js
<s> [webpack.Progress] 68% building 1576/1624 modules 48 active /var/www/trexzactyl/node_modules/source-map-loader/dist/cjs.js!/var/www/trexzactyl/node_modules/@motionone/dom/dist/timeline/utils/calc-time.cjs.js
<s> [webpack.Progress] 68% building 1576/1625 modules 49 active /var/www/trexzactyl/node_modules/source-map-loader/dist/cjs.js!/var/www/trexzactyl/node_modules/date-fns/esm/differenceInBusinessDays/index.js
<s> [webpack.Progress] 68% building 1576/1626 modules 50 active /var/www/trexzactyl/node_modules/source-map-loader/dist/cjs.js!/var/www/trexzactyl/node_modules/date-fns/esm/differenceInCalendarISOWeekYears/index.js
<s> [webpack.Progress] 68% building 1576/1627 modules 51 active /var/www/trexzactyl/node_modules/source-map-loader/dist/cjs.js!/var/www/trexzactyl/node_modules/date-fns/esm/_lib/addLeadingZeros/index.js
<s> [webpack.Progress] 68% building 1576/1628 modules 52 active /var/www/trexzactyl/node_modules/source-map-loader/dist/cjs.js!/var/www/trexzactyl/node_modules/date-fns/esm/differenceInCalendarISOWeeks/index.js
<s> [webpack.Progress] 68% building 1577/1628 modules 51 active /var/www/trexzactyl/node_modules/source-map-loader/dist/cjs.js!/var/www/trexzactyl/node_modules/date-fns/esm/differenceInCalendarISOWeeks/index.js
<s> [webpack.Progress] 68% building 1578/1628 modules 50 active /var/www/trexzactyl/node_modules/source-map-loader/dist/cjs.js!/var/www/trexzactyl/node_modules/date-fns/esm/differenceInCalendarISOWeeks/index.js
<s> [webpack.Progress] 68% building 1579/1628 modules 49 active /var/www/trexzactyl/node_modules/source-map-loader/dist/cjs.js!/var/www/trexzactyl/node_modules/date-fns/esm/differenceInCalendarISOWeeks/index.js
<s> [webpack.Progress] 68% building 1579/1629 modules 50 active /var/www/trexzactyl/node_modules/source-map-loader/dist/cjs.js!/var/www/trexzactyl/node_modules/date-fns/esm/daysToWeeks/index.js
<s> [webpack.Progress] 68% building 1580/1629 modules 49 active /var/www/trexzactyl/node_modules/source-map-loader/dist/cjs.js!/var/www/trexzactyl/node_modules/date-fns/esm/daysToWeeks/index.js
<s> [webpack.Progress] 68% building 1581/1629 modules 48 active /var/www/trexzactyl/node_modules/source-map-loader/dist/cjs.js!/var/www/trexzactyl/node_modules/date-fns/esm/daysToWeeks/index.js
<s> [webpack.Progress] 68% building 1582/1629 modules 47 active /var/www/trexzactyl/node_modules/source-map-loader/dist/cjs.js!/var/www/trexzactyl/node_modules/date-fns/esm/daysToWeeks/index.js
<s> [webpack.Progress] 68% building 1583/1629 modules 46 active /var/www/trexzactyl/node_modules/source-map-loader/dist/cjs.js!/var/www/trexzactyl/node_modules/date-fns/esm/daysToWeeks/index.js
<s> [webpack.Progress] 68% building 1584/1629 modules 45 active /var/www/trexzactyl/node_modules/source-map-loader/dist/cjs.js!/var/www/trexzactyl/node_modules/date-fns/esm/daysToWeeks/index.js
<s> [webpack.Progress] 68% building 1585/1629 modules 44 active /var/www/trexzactyl/node_modules/source-map-loader/dist/cjs.js!/var/www/trexzactyl/node_modules/date-fns/esm/daysToWeeks/index.js
<s> [webpack.Progress] 68% building 1586/1629 modules 43 active /var/www/trexzactyl/node_modules/source-map-loader/dist/cjs.js!/var/www/trexzactyl/node_modules/date-fns/esm/daysToWeeks/index.js
<s> [webpack.Progress] 68% building 1587/1629 modules 42 active /var/www/trexzactyl/node_modules/source-map-loader/dist/cjs.js!/var/www/trexzactyl/node_modules/date-fns/esm/daysToWeeks/index.js
<s> [webpack.Progress] 68% building 1588/1629 modules 41 active /var/www/trexzactyl/node_modules/source-map-loader/dist/cjs.js!/var/www/trexzactyl/node_modules/date-fns/esm/daysToWeeks/index.js
<s> [webpack.Progress] 68% building 1589/1629 modules 40 active /var/www/trexzactyl/node_modules/source-map-loader/dist/cjs.js!/var/www/trexzactyl/node_modules/date-fns/esm/daysToWeeks/index.js
<s> [webpack.Progress] 68% building 1589/1630 modules 41 active /var/www/trexzactyl/node_modules/source-map-loader/dist/cjs.js!/var/www/trexzactyl/node_modules/@motionone/dom/dist/gestures/scroll/offsets/index.cjs.js
<s> [webpack.Progress] 68% building 1589/1631 modules 42 active /var/www/trexzactyl/node_modules/source-map-loader/dist/cjs.js!/var/www/trexzactyl/node_modules/@motionone/dom/dist/animate/utils/easing.cjs.js
<s> [webpack.Progress] 68% building 1589/1632 modules 43 active /var/www/trexzactyl/node_modules/source-map-loader/dist/cjs.js!/var/www/trexzactyl/node_modules/@motionone/dom/dist/state/utils/is-variant.cjs.js
<s> [webpack.Progress] 68% building 1590/1632 modules 42 active /var/www/trexzactyl/node_modules/source-map-loader/dist/cjs.js!/var/www/trexzactyl/node_modules/@motionone/dom/dist/state/utils/is-variant.cjs.js
<s> [webpack.Progress] 68% building 1591/1632 modules 41 active /var/www/trexzactyl/node_modules/source-map-loader/dist/cjs.js!/var/www/trexzactyl/node_modules/@motionone/dom/dist/state/utils/is-variant.cjs.js
<s> [webpack.Progress] 68% building 1592/1632 modules 40 active /var/www/trexzactyl/node_modules/source-map-loader/dist/cjs.js!/var/www/trexzactyl/node_modules/@motionone/dom/dist/state/utils/is-variant.cjs.js
<s> [webpack.Progress] 68% building 1593/1632 modules 39 active /var/www/trexzactyl/node_modules/source-map-loader/dist/cjs.js!/var/www/trexzactyl/node_modules/@motionone/dom/dist/state/utils/is-variant.cjs.js
<s> [webpack.Progress] 68% building 1594/1632 modules 38 active /var/www/trexzactyl/node_modules/source-map-loader/dist/cjs.js!/var/www/trexzactyl/node_modules/@motionone/dom/dist/state/utils/is-variant.cjs.js
<s> [webpack.Progress] 68% building 1595/1632 modules 37 active /var/www/trexzactyl/node_modules/source-map-loader/dist/cjs.js!/var/www/trexzactyl/node_modules/@motionone/dom/dist/state/utils/is-variant.cjs.js
<s> [webpack.Progress] 68% building 1596/1632 modules 36 active /var/www/trexzactyl/node_modules/source-map-loader/dist/cjs.js!/var/www/trexzactyl/node_modules/@motionone/dom/dist/state/utils/is-variant.cjs.js
<s> [webpack.Progress] 68% building 1597/1632 modules 35 active /var/www/trexzactyl/node_modules/source-map-loader/dist/cjs.js!/var/www/trexzactyl/node_modules/@motionone/dom/dist/state/utils/is-variant.cjs.js
<s> [webpack.Progress] 68% building 1598/1632 modules 34 active /var/www/trexzactyl/node_modules/source-map-loader/dist/cjs.js!/var/www/trexzactyl/node_modules/@motionone/dom/dist/state/utils/is-variant.cjs.js
<s> [webpack.Progress] 68% building 1599/1632 modules 33 active /var/www/trexzactyl/node_modules/source-map-loader/dist/cjs.js!/var/www/trexzactyl/node_modules/@motionone/dom/dist/state/utils/is-variant.cjs.js
<s> [webpack.Progress] 68% building 1600/1632 modules 32 active /var/www/trexzactyl/node_modules/source-map-loader/dist/cjs.js!/var/www/trexzactyl/node_modules/@motionone/dom/dist/state/utils/is-variant.cjs.js
<s> [webpack.Progress] 68% building 1601/1632 modules 31 active /var/www/trexzactyl/node_modules/source-map-loader/dist/cjs.js!/var/www/trexzactyl/node_modules/@motionone/dom/dist/state/utils/is-variant.cjs.js
<s> [webpack.Progress] 68% building 1602/1632 modules 30 active /var/www/trexzactyl/node_modules/source-map-loader/dist/cjs.js!/var/www/trexzactyl/node_modules/@motionone/dom/dist/state/utils/is-variant.cjs.js
<s> [webpack.Progress] 68% building 1603/1632 modules 29 active /var/www/trexzactyl/node_modules/source-map-loader/dist/cjs.js!/var/www/trexzactyl/node_modules/@motionone/dom/dist/state/utils/is-variant.cjs.js
<s> [webpack.Progress] 68% building 1604/1632 modules 28 active /var/www/trexzactyl/node_modules/source-map-loader/dist/cjs.js!/var/www/trexzactyl/node_modules/@motionone/dom/dist/state/utils/is-variant.cjs.js
<s> [webpack.Progress] 69% building 1605/1632 modules 27 active /var/www/trexzactyl/node_modules/source-map-loader/dist/cjs.js!/var/www/trexzactyl/node_modules/@motionone/dom/dist/state/utils/is-variant.cjs.js
<s> [webpack.Progress] 69% building 1606/1632 modules 26 active /var/www/trexzactyl/node_modules/source-map-loader/dist/cjs.js!/var/www/trexzactyl/node_modules/@motionone/dom/dist/state/utils/is-variant.cjs.js
<s> [webpack.Progress] 69% building 1607/1632 modules 25 active /var/www/trexzactyl/node_modules/source-map-loader/dist/cjs.js!/var/www/trexzactyl/node_modules/@motionone/dom/dist/state/utils/is-variant.cjs.js
<s> [webpack.Progress] 69% building 1608/1632 modules 24 active /var/www/trexzactyl/node_modules/source-map-loader/dist/cjs.js!/var/www/trexzactyl/node_modules/@motionone/dom/dist/state/utils/is-variant.cjs.js
<s> [webpack.Progress] 69% building 1609/1632 modules 23 active /var/www/trexzactyl/node_modules/source-map-loader/dist/cjs.js!/var/www/trexzactyl/node_modules/@motionone/dom/dist/state/utils/is-variant.cjs.js
<s> [webpack.Progress] 69% building 1610/1632 modules 22 active /var/www/trexzactyl/node_modules/source-map-loader/dist/cjs.js!/var/www/trexzactyl/node_modules/@motionone/dom/dist/state/utils/is-variant.cjs.js
<s> [webpack.Progress] 69% building 1611/1632 modules 21 active /var/www/trexzactyl/node_modules/source-map-loader/dist/cjs.js!/var/www/trexzactyl/node_modules/@motionone/dom/dist/state/utils/is-variant.cjs.js
<s> [webpack.Progress] 69% building 1611/1633 modules 22 active /var/www/trexzactyl/node_modules/source-map-loader/dist/cjs.js!/var/www/trexzactyl/node_modules/date-fns/esm/_lib/cloneObject/index.js
<s> [webpack.Progress] 69% building 1611/1634 modules 23 active /var/www/trexzactyl/node_modules/source-map-loader/dist/cjs.js!/var/www/trexzactyl/node_modules/date-fns/esm/_lib/format/formatters/index.js
<s> [webpack.Progress] 69% building 1611/1635 modules 24 active /var/www/trexzactyl/node_modules/source-map-loader/dist/cjs.js!/var/www/trexzactyl/node_modules/@motionone/types/dist/index.es.js
<s> [webpack.Progress] 69% building 1612/1635 modules 23 active /var/www/trexzactyl/node_modules/source-map-loader/dist/cjs.js!/var/www/trexzactyl/node_modules/@motionone/types/dist/index.es.js
<s> [webpack.Progress] 69% building 1613/1635 modules 22 active /var/www/trexzactyl/node_modules/source-map-loader/dist/cjs.js!/var/www/trexzactyl/node_modules/@motionone/types/dist/index.es.js
<s> [webpack.Progress] 69% building 1614/1635 modules 21 active /var/www/trexzactyl/node_modules/source-map-loader/dist/cjs.js!/var/www/trexzactyl/node_modules/@motionone/types/dist/index.es.js
<s> [webpack.Progress] 69% building 1615/1635 modules 20 active /var/www/trexzactyl/node_modules/source-map-loader/dist/cjs.js!/var/www/trexzactyl/node_modules/@motionone/types/dist/index.es.js
<s> [webpack.Progress] 69% building 1616/1635 modules 19 active /var/www/trexzactyl/node_modules/source-map-loader/dist/cjs.js!/var/www/trexzactyl/node_modules/@motionone/types/dist/index.es.js
<s> [webpack.Progress] 69% building 1616/1636 modules 20 active /var/www/trexzactyl/node_modules/source-map-loader/dist/cjs.js!/var/www/trexzactyl/node_modules/@motionone/utils/dist/index.es.js
<s> [webpack.Progress] 69% building 1617/1636 modules 19 active /var/www/trexzactyl/node_modules/source-map-loader/dist/cjs.js!/var/www/trexzactyl/node_modules/@motionone/utils/dist/index.es.js
<s> [webpack.Progress] 69% building 1618/1636 modules 18 active /var/www/trexzactyl/node_modules/source-map-loader/dist/cjs.js!/var/www/trexzactyl/node_modules/@motionone/utils/dist/index.es.js
<s> [webpack.Progress] 69% building 1619/1636 modules 17 active /var/www/trexzactyl/node_modules/source-map-loader/dist/cjs.js!/var/www/trexzactyl/node_modules/@motionone/utils/dist/index.es.js
<s> [webpack.Progress] 69% building 1620/1636 modules 16 active /var/www/trexzactyl/node_modules/source-map-loader/dist/cjs.js!/var/www/trexzactyl/node_modules/@motionone/utils/dist/index.es.js
<s> [webpack.Progress] 69% building 1621/1636 modules 15 active /var/www/trexzactyl/node_modules/source-map-loader/dist/cjs.js!/var/www/trexzactyl/node_modules/@motionone/utils/dist/index.es.js
<s> [webpack.Progress] 69% building 1621/1637 modules 16 active /var/www/trexzactyl/node_modules/babel-loader/lib/index.js!/var/www/trexzactyl/resources/scripts/components/dashboard/forms/RecoveryTokensDialog.tsx
<s> [webpack.Progress] 69% building 1621/1638 modules 17 active /var/www/trexzactyl/node_modules/babel-loader/lib/index.js!/var/www/trexzactyl/resources/scripts/components/dashboard/forms/SetupTOTPDialog.tsx
<s> [webpack.Progress] 69% building 1622/1638 modules 16 active /var/www/trexzactyl/node_modules/babel-loader/lib/index.js!/var/www/trexzactyl/resources/scripts/components/dashboard/forms/SetupTOTPDialog.tsx
<s> [webpack.Progress] 69% building 1623/1638 modules 15 active /var/www/trexzactyl/node_modules/babel-loader/lib/index.js!/var/www/trexzactyl/resources/scripts/components/dashboard/forms/SetupTOTPDialog.tsx
<s> [webpack.Progress] 69% building 1624/1638 modules 14 active /var/www/trexzactyl/node_modules/babel-loader/lib/index.js!/var/www/trexzactyl/resources/scripts/components/dashboard/forms/SetupTOTPDialog.tsx
<s> [webpack.Progress] 69% building 1625/1638 modules 13 active /var/www/trexzactyl/node_modules/babel-loader/lib/index.js!/var/www/trexzactyl/resources/scripts/components/dashboard/forms/SetupTOTPDialog.tsx
<s> [webpack.Progress] 69% building 1626/1638 modules 12 active /var/www/trexzactyl/node_modules/babel-loader/lib/index.js!/var/www/trexzactyl/resources/scripts/components/dashboard/forms/SetupTOTPDialog.tsx
<s> [webpack.Progress] 69% building 1627/1638 modules 11 active /var/www/trexzactyl/node_modules/babel-loader/lib/index.js!/var/www/trexzactyl/resources/scripts/components/dashboard/forms/SetupTOTPDialog.tsx
<s> [webpack.Progress] 69% building 1627/1639 modules 12 active /var/www/trexzactyl/node_modules/source-map-loader/dist/cjs.js!/var/www/trexzactyl/node_modules/yup/es/Lazy.js
<s> [webpack.Progress] 69% building 1627/1640 modules 13 active /var/www/trexzactyl/node_modules/source-map-loader/dist/cjs.js!/var/www/trexzactyl/node_modules/@motionone/dom/node_modules/tslib/tslib.es6.js
<s> [webpack.Progress] 69% building 1628/1640 modules 12 active /var/www/trexzactyl/node_modules/source-map-loader/dist/cjs.js!/var/www/trexzactyl/node_modules/@motionone/dom/node_modules/tslib/tslib.es6.js
<s> [webpack.Progress] 69% building 1629/1640 modules 11 active /var/www/trexzactyl/node_modules/source-map-loader/dist/cjs.js!/var/www/trexzactyl/node_modules/@motionone/dom/node_modules/tslib/tslib.es6.js
<s> [webpack.Progress] 69% building 1629/1641 modules 12 active /var/www/trexzactyl/node_modules/source-map-loader/dist/cjs.js!/var/www/trexzactyl/node_modules/yup/es/array.js
<s> [webpack.Progress] 69% building 1629/1642 modules 13 active /var/www/trexzactyl/node_modules/source-map-loader/dist/cjs.js!/var/www/trexzactyl/node_modules/yup/es/date.js
<s> [webpack.Progress] 69% building 1629/1643 modules 14 active /var/www/trexzactyl/node_modules/source-map-loader/dist/cjs.js!/var/www/trexzactyl/node_modules/yup/es/object.js
<s> [webpack.Progress] 69% building 1629/1644 modules 15 active /var/www/trexzactyl/node_modules/source-map-loader/dist/cjs.js!/var/www/trexzactyl/node_modules/yup/es/number.js
<s> [webpack.Progress] 69% building 1629/1645 modules 16 active /var/www/trexzactyl/node_modules/source-map-loader/dist/cjs.js!/var/www/trexzactyl/node_modules/yup/es/string.js
<s> [webpack.Progress] 69% building 1630/1645 modules 15 active /var/www/trexzactyl/node_modules/source-map-loader/dist/cjs.js!/var/www/trexzactyl/node_modules/yup/es/string.js
<s> [webpack.Progress] 69% building 1630/1646 modules 16 active /var/www/trexzactyl/node_modules/source-map-loader/dist/cjs.js!/var/www/trexzactyl/node_modules/yup/es/boolean.js
<s> [webpack.Progress] 69% building 1631/1646 modules 15 active /var/www/trexzactyl/node_modules/source-map-loader/dist/cjs.js!/var/www/trexzactyl/node_modules/yup/es/boolean.js
<s> [webpack.Progress] 69% building 1631/1647 modules 16 active /var/www/trexzactyl/node_modules/babel-loader/lib/index.js!/var/www/trexzactyl/resources/scripts/components/elements/table/PaginationFooter.tsx
<s> [webpack.Progress] 69% building 1631/1648 modules 17 active /var/www/trexzactyl/node_modules/source-map-loader/dist/cjs.js!/var/www/trexzactyl/node_modules/axios/lib/core/mergeConfig.js
<s> [webpack.Progress] 69% building 1631/1649 modules 18 active /var/www/trexzactyl/node_modules/source-map-loader/dist/cjs.js!/var/www/trexzactyl/node_modules/date-fns/esm/compareDesc/index.js
<s> [webpack.Progress] 69% building 1631/1650 modules 19 active /var/www/trexzactyl/node_modules/source-map-loader/dist/cjs.js!/var/www/trexzactyl/node_modules/axios/lib/core/Axios.js
<s> [webpack.Progress] 69% building 1632/1650 modules 18 active /var/www/trexzactyl/node_modules/source-map-loader/dist/cjs.js!/var/www/trexzactyl/node_modules/axios/lib/core/Axios.js
<s> [webpack.Progress] 69% building 1632/1651 modules 19 active /var/www/trexzactyl/node_modules/source-map-loader/dist/cjs.js!/var/www/trexzactyl/node_modules/react-feather/dist/icons/type.js
<s> [webpack.Progress] 69% building 1632/1652 modules 20 active /var/www/trexzactyl/node_modules/source-map-loader/dist/cjs.js!/var/www/trexzactyl/node_modules/react-feather/dist/icons/twitter.js
<s> [webpack.Progress] 69% building 1632/1653 modules 21 active /var/www/trexzactyl/node_modules/source-map-loader/dist/cjs.js!/var/www/trexzactyl/node_modules/react-feather/dist/icons/twitch.js
<s> [webpack.Progress] 69% building 1632/1654 modules 22 active /var/www/trexzactyl/node_modules/source-map-loader/dist/cjs.js!/var/www/trexzactyl/node_modules/react-feather/dist/icons/tv.js
<s> [webpack.Progress] 69% building 1632/1655 modules 23 active /var/www/trexzactyl/node_modules/source-map-loader/dist/cjs.js!/var/www/trexzactyl/node_modules/date-fns/esm/closestTo/index.js
<s> [webpack.Progress] 69% building 1632/1656 modules 24 active /var/www/trexzactyl/node_modules/source-map-loader/dist/cjs.js!/var/www/trexzactyl/node_modules/react-feather/dist/icons/truck.js
<s> [webpack.Progress] 69% building 1632/1657 modules 25 active /var/www/trexzactyl/node_modules/source-map-loader/dist/cjs.js!/var/www/trexzactyl/node_modules/date-fns/esm/closestIndexTo/index.js
<s> [webpack.Progress] 69% building 1632/1658 modules 26 active /var/www/trexzactyl/node_modules/source-map-loader/dist/cjs.js!/var/www/trexzactyl/node_modules/date-fns/esm/areIntervalsOverlapping/index.js
<s> [webpack.Progress] 69% building 1632/1659 modules 27 active /var/www/trexzactyl/node_modules/source-map-loader/dist/cjs.js!/var/www/trexzactyl/node_modules/react-feather/dist/icons/triangle.js
<s> [webpack.Progress] 68% building 1632/1660 modules 28 active /var/www/trexzactyl/node_modules/source-map-loader/dist/cjs.js!/var/www/trexzactyl/node_modules/react-feather/dist/icons/trending-up.js
<s> [webpack.Progress] 68% building 1632/1661 modules 29 active /var/www/trexzactyl/node_modules/source-map-loader/dist/cjs.js!/var/www/trexzactyl/node_modules/react-feather/dist/icons/trending-down.js
<s> [webpack.Progress] 68% building 1632/1662 modules 30 active /var/www/trexzactyl/node_modules/source-map-loader/dist/cjs.js!/var/www/trexzactyl/node_modules/date-fns/esm/clamp/index.js
<s> [webpack.Progress] 68% building 1632/1663 modules 31 active /var/www/trexzactyl/node_modules/source-map-loader/dist/cjs.js!/var/www/trexzactyl/node_modules/react-feather/dist/icons/trello.js
<s> [webpack.Progress] 68% building 1632/1664 modules 32 active /var/www/trexzactyl/node_modules/source-map-loader/dist/cjs.js!/var/www/trexzactyl/node_modules/react-feather/dist/icons/trash.js
<s> [webpack.Progress] 68% building 1632/1665 modules 33 active /var/www/trexzactyl/node_modules/source-map-loader/dist/cjs.js!/var/www/trexzactyl/node_modules/react-feather/dist/icons/trash-2.js
<s> [webpack.Progress] 68% building 1632/1666 modules 34 active /var/www/trexzactyl/node_modules/source-map-loader/dist/cjs.js!/var/www/trexzactyl/node_modules/react-feather/dist/icons/tool.js
<s> [webpack.Progress] 68% building 1632/1667 modules 35 active /var/www/trexzactyl/node_modules/source-map-loader/dist/cjs.js!/var/www/trexzactyl/node_modules/react-feather/dist/icons/toggle-right.js
<s> [webpack.Progress] 68% building 1632/1668 modules 36 active /var/www/trexzactyl/node_modules/source-map-loader/dist/cjs.js!/var/www/trexzactyl/node_modules/react-feather/dist/icons/toggle-left.js
<s> [webpack.Progress] 68% building 1632/1669 modules 37 active /var/www/trexzactyl/node_modules/source-map-loader/dist/cjs.js!/var/www/trexzactyl/node_modules/react-feather/dist/icons/thumbs-up.js
<s> [webpack.Progress] 68% building 1632/1670 modules 38 active /var/www/trexzactyl/node_modules/source-map-loader/dist/cjs.js!/var/www/trexzactyl/node_modules/react-feather/dist/icons/thumbs-down.js
<s> [webpack.Progress] 68% building 1632/1671 modules 39 active /var/www/trexzactyl/node_modules/source-map-loader/dist/cjs.js!/var/www/trexzactyl/node_modules/react-feather/dist/icons/thermometer.js
<s> [webpack.Progress] 68% building 1632/1672 modules 40 active /var/www/trexzactyl/node_modules/source-map-loader/dist/cjs.js!/var/www/trexzactyl/node_modules/react-feather/dist/icons/terminal.js
<s> [webpack.Progress] 68% building 1632/1673 modules 41 active /var/www/trexzactyl/node_modules/source-map-loader/dist/cjs.js!/var/www/trexzactyl/node_modules/react-feather/dist/icons/target.js
<s> [webpack.Progress] 68% building 1632/1674 modules 42 active /var/www/trexzactyl/node_modules/source-map-loader/dist/cjs.js!/var/www/trexzactyl/node_modules/react-feather/dist/icons/tag.js
<s> [webpack.Progress] 68% building 1632/1675 modules 43 active /var/www/trexzactyl/node_modules/source-map-loader/dist/cjs.js!/var/www/trexzactyl/node_modules/react-feather/dist/icons/tablet.js
<s> [webpack.Progress] 68% building 1632/1676 modules 44 active /var/www/trexzactyl/node_modules/source-map-loader/dist/cjs.js!/var/www/trexzactyl/node_modules/react-feather/dist/icons/table.js
<s> [webpack.Progress] 68% building 1632/1677 modules 45 active /var/www/trexzactyl/node_modules/source-map-loader/dist/cjs.js!/var/www/trexzactyl/node_modules/react-feather/dist/icons/sunset.js
<s> [webpack.Progress] 68% building 1632/1678 modules 46 active /var/www/trexzactyl/node_modules/source-map-loader/dist/cjs.js!/var/www/trexzactyl/node_modules/react-feather/dist/icons/sunrise.js
<s> [webpack.Progress] 68% building 1632/1679 modules 47 active /var/www/trexzactyl/node_modules/source-map-loader/dist/cjs.js!/var/www/trexzactyl/node_modules/react-feather/dist/icons/sun.js
<s> [webpack.Progress] 68% building 1632/1680 modules 48 active /var/www/trexzactyl/node_modules/source-map-loader/dist/cjs.js!/var/www/trexzactyl/node_modules/react-feather/dist/icons/stop-circle.js
<s> [webpack.Progress] 68% building 1632/1681 modules 49 active /var/www/trexzactyl/node_modules/source-map-loader/dist/cjs.js!/var/www/trexzactyl/node_modules/@motionone/dom/dist/gestures/scroll/offsets/offset.cjs.js
<s> [webpack.Progress] 68% building 1632/1682 modules 50 active /var/www/trexzactyl/node_modules/source-map-loader/dist/cjs.js!/var/www/trexzactyl/node_modules/react-feather/dist/icons/star.js
<s> [webpack.Progress] 68% building 1632/1683 modules 51 active /var/www/trexzactyl/node_modules/source-map-loader/dist/cjs.js!/var/www/trexzactyl/node_modules/react-feather/dist/icons/square.js
<s> [webpack.Progress] 68% building 1632/1684 modules 52 active /var/www/trexzactyl/node_modules/source-map-loader/dist/cjs.js!/var/www/trexzactyl/node_modules/react-feather/dist/icons/speaker.js
<s> [webpack.Progress] 68% building 1632/1685 modules 53 active /var/www/trexzactyl/node_modules/source-map-loader/dist/cjs.js!/var/www/trexzactyl/node_modules/@motionone/dom/dist/gestures/scroll/offsets/inset.cjs.js
<s> [webpack.Progress] 68% building 1633/1685 modules 52 active /var/www/trexzactyl/node_modules/source-map-loader/dist/cjs.js!/var/www/trexzactyl/node_modules/@motionone/dom/dist/gestures/scroll/offsets/inset.cjs.js
<s> [webpack.Progress] 68% building 1634/1685 modules 51 active /var/www/trexzactyl/node_modules/source-map-loader/dist/cjs.js!/var/www/trexzactyl/node_modules/@motionone/dom/dist/gestures/scroll/offsets/inset.cjs.js
<s> [webpack.Progress] 68% building 1635/1685 modules 50 active /var/www/trexzactyl/node_modules/source-map-loader/dist/cjs.js!/var/www/trexzactyl/node_modules/@motionone/dom/dist/gestures/scroll/offsets/inset.cjs.js
<s> [webpack.Progress] 68% building 1635/1686 modules 51 active /var/www/trexzactyl/node_modules/source-map-loader/dist/cjs.js!/var/www/trexzactyl/node_modules/react-feather/dist/icons/smile.js
<s> [webpack.Progress] 68% building 1635/1687 modules 52 active /var/www/trexzactyl/node_modules/source-map-loader/dist/cjs.js!/var/www/trexzactyl/node_modules/react-feather/dist/icons/smartphone.js
<s> [webpack.Progress] 68% building 1635/1688 modules 53 active /var/www/trexzactyl/node_modules/source-map-loader/dist/cjs.js!/var/www/trexzactyl/node_modules/react-feather/dist/icons/sliders.js
<s> [webpack.Progress] 68% building 1635/1689 modules 54 active /var/www/trexzactyl/node_modules/source-map-loader/dist/cjs.js!/var/www/trexzactyl/node_modules/react-feather/dist/icons/slash.js
<s> [webpack.Progress] 68% building 1635/1690 modules 55 active /var/www/trexzactyl/node_modules/source-map-loader/dist/cjs.js!/var/www/trexzactyl/node_modules/react-feather/dist/icons/slack.js
<s> [webpack.Progress] 68% building 1635/1691 modules 56 active /var/www/trexzactyl/node_modules/source-map-loader/dist/cjs.js!/var/www/trexzactyl/node_modules/react-feather/dist/icons/skip-forward.js
<s> [webpack.Progress] 67% building 1635/1692 modules 57 active /var/www/trexzactyl/node_modules/source-map-loader/dist/cjs.js!/var/www/trexzactyl/node_modules/react-feather/dist/icons/skip-back.js
<s> [webpack.Progress] 68% building 1636/1692 modules 56 active /var/www/trexzactyl/node_modules/source-map-loader/dist/cjs.js!/var/www/trexzactyl/node_modules/react-feather/dist/icons/skip-back.js
<s> [webpack.Progress] 67% building 1636/1693 modules 57 active /var/www/trexzactyl/node_modules/source-map-loader/dist/cjs.js!/var/www/trexzactyl/node_modules/react-feather/dist/icons/sidebar.js
<s> [webpack.Progress] 68% building 1637/1693 modules 56 active /var/www/trexzactyl/node_modules/source-map-loader/dist/cjs.js!/var/www/trexzactyl/node_modules/react-feather/dist/icons/sidebar.js
<s> [webpack.Progress] 67% building 1637/1694 modules 57 active /var/www/trexzactyl/node_modules/source-map-loader/dist/cjs.js!/var/www/trexzactyl/node_modules/react-feather/dist/icons/shuffle.js
<s> [webpack.Progress] 68% building 1638/1694 modules 56 active /var/www/trexzactyl/node_modules/source-map-loader/dist/cjs.js!/var/www/trexzactyl/node_modules/react-feather/dist/icons/shuffle.js
<s> [webpack.Progress] 67% building 1638/1695 modules 57 active /var/www/trexzactyl/node_modules/source-map-loader/dist/cjs.js!/var/www/trexzactyl/node_modules/react-feather/dist/icons/shopping-cart.js
<s> [webpack.Progress] 68% building 1639/1695 modules 56 active /var/www/trexzactyl/node_modules/source-map-loader/dist/cjs.js!/var/www/trexzactyl/node_modules/react-feather/dist/icons/shopping-cart.js
<s> [webpack.Progress] 67% building 1639/1696 modules 57 active /var/www/trexzactyl/node_modules/source-map-loader/dist/cjs.js!/var/www/trexzactyl/node_modules/react-feather/dist/icons/shopping-bag.js
<s> [webpack.Progress] 67% building 1639/1697 modules 58 active /var/www/trexzactyl/node_modules/source-map-loader/dist/cjs.js!/var/www/trexzactyl/node_modules/react-feather/dist/icons/shield.js
<s> [webpack.Progress] 67% building 1640/1697 modules 57 active /var/www/trexzactyl/node_modules/source-map-loader/dist/cjs.js!/var/www/trexzactyl/node_modules/react-feather/dist/icons/shield.js
<s> [webpack.Progress] 68% building 1641/1697 modules 56 active /var/www/trexzactyl/node_modules/source-map-loader/dist/cjs.js!/var/www/trexzactyl/node_modules/react-feather/dist/icons/shield.js
<s> [webpack.Progress] 67% building 1641/1698 modules 57 active /var/www/trexzactyl/node_modules/source-map-loader/dist/cjs.js!/var/www/trexzactyl/node_modules/react-feather/dist/icons/shield-off.js
<s> [webpack.Progress] 67% building 1641/1699 modules 58 active /var/www/trexzactyl/node_modules/source-map-loader/dist/cjs.js!/var/www/trexzactyl/node_modules/react-feather/dist/icons/share.js
<s> [webpack.Progress] 67% building 1642/1699 modules 57 active /var/www/trexzactyl/node_modules/source-map-loader/dist/cjs.js!/var/www/trexzactyl/node_modules/react-feather/dist/icons/share.js
<s> [webpack.Progress] 68% building 1643/1699 modules 56 active /var/www/trexzactyl/node_modules/source-map-loader/dist/cjs.js!/var/www/trexzactyl/node_modules/react-feather/dist/icons/share.js
<s> [webpack.Progress] 68% building 1644/1699 modules 55 active /var/www/trexzactyl/node_modules/source-map-loader/dist/cjs.js!/var/www/trexzactyl/node_modules/react-feather/dist/icons/share.js
<s> [webpack.Progress] 68% building 1644/1700 modules 56 active /var/www/trexzactyl/node_modules/source-map-loader/dist/cjs.js!/var/www/trexzactyl/node_modules/react-feather/dist/icons/share-2.js
<s> [webpack.Progress] 67% building 1644/1701 modules 57 active /var/www/trexzactyl/node_modules/source-map-loader/dist/cjs.js!/var/www/trexzactyl/node_modules/react-feather/dist/icons/settings.js
<s> [webpack.Progress] 67% building 1644/1702 modules 58 active /var/www/trexzactyl/node_modules/source-map-loader/dist/cjs.js!/var/www/trexzactyl/node_modules/react-feather/dist/icons/server.js
<s> [webpack.Progress] 67% building 1644/1703 modules 59 active /var/www/trexzactyl/node_modules/source-map-loader/dist/cjs.js!/var/www/trexzactyl/node_modules/react-feather/dist/icons/send.js
<s> [webpack.Progress] 67% building 1644/1704 modules 60 active /var/www/trexzactyl/node_modules/source-map-loader/dist/cjs.js!/var/www/trexzactyl/node_modules/react-feather/dist/icons/search.js
<s> [webpack.Progress] 67% building 1645/1704 modules 59 active /var/www/trexzactyl/node_modules/source-map-loader/dist/cjs.js!/var/www/trexzactyl/node_modules/react-feather/dist/icons/search.js
<s> [webpack.Progress] 67% building 1645/1705 modules 60 active /var/www/trexzactyl/node_modules/source-map-loader/dist/cjs.js!/var/www/trexzactyl/node_modules/react-feather/dist/icons/scissors.js
<s> [webpack.Progress] 67% building 1645/1706 modules 61 active /var/www/trexzactyl/node_modules/source-map-loader/dist/cjs.js!/var/www/trexzactyl/node_modules/react-feather/dist/icons/save.js
<s> [webpack.Progress] 67% building 1645/1707 modules 62 active /var/www/trexzactyl/node_modules/source-map-loader/dist/cjs.js!/var/www/trexzactyl/node_modules/react-feather/dist/icons/rss.js
<s> [webpack.Progress] 67% building 1645/1708 modules 63 active /var/www/trexzactyl/node_modules/source-map-loader/dist/cjs.js!/var/www/trexzactyl/node_modules/react-feather/dist/icons/rotate-cw.js
<s> [webpack.Progress] 67% building 1646/1708 modules 62 active /var/www/trexzactyl/node_modules/source-map-loader/dist/cjs.js!/var/www/trexzactyl/node_modules/react-feather/dist/icons/rotate-cw.js
<s> [webpack.Progress] 67% building 1646/1709 modules 63 active /var/www/trexzactyl/node_modules/source-map-loader/dist/cjs.js!/var/www/trexzactyl/node_modules/react-feather/dist/icons/rotate-ccw.js
<s> [webpack.Progress] 67% building 1647/1709 modules 62 active /var/www/trexzactyl/node_modules/source-map-loader/dist/cjs.js!/var/www/trexzactyl/node_modules/react-feather/dist/icons/rotate-ccw.js
<s> [webpack.Progress] 67% building 1647/1710 modules 63 active /var/www/trexzactyl/node_modules/source-map-loader/dist/cjs.js!/var/www/trexzactyl/node_modules/react-feather/dist/icons/rewind.js
<s> [webpack.Progress] 67% building 1647/1711 modules 64 active /var/www/trexzactyl/node_modules/source-map-loader/dist/cjs.js!/var/www/trexzactyl/node_modules/react-feather/dist/icons/repeat.js
<s> [webpack.Progress] 67% building 1647/1712 modules 65 active /var/www/trexzactyl/node_modules/source-map-loader/dist/cjs.js!/var/www/trexzactyl/node_modules/react-feather/dist/icons/refresh-cw.js
<s> [webpack.Progress] 67% building 1648/1712 modules 64 active /var/www/trexzactyl/node_modules/source-map-loader/dist/cjs.js!/var/www/trexzactyl/node_modules/react-feather/dist/icons/refresh-cw.js
<s> [webpack.Progress] 67% building 1649/1712 modules 63 active /var/www/trexzactyl/node_modules/source-map-loader/dist/cjs.js!/var/www/trexzactyl/node_modules/react-feather/dist/icons/refresh-cw.js
<s> [webpack.Progress] 67% building 1649/1713 modules 64 active /var/www/trexzactyl/node_modules/source-map-loader/dist/cjs.js!/var/www/trexzactyl/node_modules/react-feather/dist/icons/refresh-ccw.js
<s> [webpack.Progress] 67% building 1650/1713 modules 63 active /var/www/trexzactyl/node_modules/source-map-loader/dist/cjs.js!/var/www/trexzactyl/node_modules/react-feather/dist/icons/refresh-ccw.js
<s> [webpack.Progress] 67% building 1651/1713 modules 62 active /var/www/trexzactyl/node_modules/source-map-loader/dist/cjs.js!/var/www/trexzactyl/node_modules/react-feather/dist/icons/refresh-ccw.js
<s> [webpack.Progress] 67% building 1651/1714 modules 63 active /var/www/trexzactyl/node_modules/source-map-loader/dist/cjs.js!/var/www/trexzactyl/node_modules/react-feather/dist/icons/radio.js
<s> [webpack.Progress] 67% building 1651/1715 modules 64 active /var/www/trexzactyl/node_modules/source-map-loader/dist/cjs.js!/var/www/trexzactyl/node_modules/react-feather/dist/icons/printer.js
<s> [webpack.Progress] 67% building 1652/1715 modules 63 active /var/www/trexzactyl/node_modules/source-map-loader/dist/cjs.js!/var/www/trexzactyl/node_modules/react-feather/dist/icons/printer.js
<s> [webpack.Progress] 67% building 1653/1715 modules 62 active /var/www/trexzactyl/node_modules/source-map-loader/dist/cjs.js!/var/www/trexzactyl/node_modules/react-feather/dist/icons/printer.js
<s> [webpack.Progress] 67% building 1653/1716 modules 63 active /var/www/trexzactyl/node_modules/source-map-loader/dist/cjs.js!/var/www/trexzactyl/node_modules/react-feather/dist/icons/power.js
<s> [webpack.Progress] 67% building 1654/1716 modules 62 active /var/www/trexzactyl/node_modules/source-map-loader/dist/cjs.js!/var/www/trexzactyl/node_modules/react-feather/dist/icons/power.js
<s> [webpack.Progress] 67% building 1655/1716 modules 61 active /var/www/trexzactyl/node_modules/source-map-loader/dist/cjs.js!/var/www/trexzactyl/node_modules/react-feather/dist/icons/power.js
<s> [webpack.Progress] 67% building 1656/1716 modules 60 active /var/www/trexzactyl/node_modules/source-map-loader/dist/cjs.js!/var/www/trexzactyl/node_modules/react-feather/dist/icons/power.js
<s> [webpack.Progress] 67% building 1657/1716 modules 59 active /var/www/trexzactyl/node_modules/source-map-loader/dist/cjs.js!/var/www/trexzactyl/node_modules/react-feather/dist/icons/power.js
<s> [webpack.Progress] 67% building 1657/1717 modules 60 active /var/www/trexzactyl/node_modules/source-map-loader/dist/cjs.js!/var/www/trexzactyl/node_modules/react-feather/dist/icons/pocket.js
<s> [webpack.Progress] 67% building 1657/1718 modules 61 active /var/www/trexzactyl/node_modules/source-map-loader/dist/cjs.js!/var/www/trexzactyl/node_modules/react-feather/dist/icons/plus.js
<s> [webpack.Progress] 67% building 1657/1719 modules 62 active /var/www/trexzactyl/node_modules/source-map-loader/dist/cjs.js!/var/www/trexzactyl/node_modules/react-feather/dist/icons/plus-square.js
<s> [webpack.Progress] 67% building 1657/1720 modules 63 active /var/www/trexzactyl/node_modules/source-map-loader/dist/cjs.js!/var/www/trexzactyl/node_modules/@motionone/types/dist/MotionValue.es.js
<s> [webpack.Progress] 67% building 1658/1720 modules 62 active /var/www/trexzactyl/node_modules/source-map-loader/dist/cjs.js!/var/www/trexzactyl/node_modules/@motionone/types/dist/MotionValue.es.js
<s> [webpack.Progress] 67% building 1659/1720 modules 61 active /var/www/trexzactyl/node_modules/source-map-loader/dist/cjs.js!/var/www/trexzactyl/node_modules/@motionone/types/dist/MotionValue.es.js
<s> [webpack.Progress] 67% building 1659/1721 modules 62 active /var/www/trexzactyl/node_modules/source-map-loader/dist/cjs.js!/var/www/trexzactyl/node_modules/react-feather/dist/icons/plus-circle.js
<s> [webpack.Progress] 67% building 1659/1722 modules 63 active /var/www/trexzactyl/node_modules/source-map-loader/dist/cjs.js!/var/www/trexzactyl/node_modules/react-feather/dist/icons/play.js
<s> [webpack.Progress] 67% building 1660/1722 modules 62 active /var/www/trexzactyl/node_modules/source-map-loader/dist/cjs.js!/var/www/trexzactyl/node_modules/react-feather/dist/icons/play.js
<s> [webpack.Progress] 67% building 1661/1722 modules 61 active /var/www/trexzactyl/node_modules/source-map-loader/dist/cjs.js!/var/www/trexzactyl/node_modules/react-feather/dist/icons/play.js
<s> [webpack.Progress] 67% building 1662/1722 modules 60 active /var/www/trexzactyl/node_modules/source-map-loader/dist/cjs.js!/var/www/trexzactyl/node_modules/react-feather/dist/icons/play.js
<s> [webpack.Progress] 67% building 1663/1722 modules 59 active /var/www/trexzactyl/node_modules/source-map-loader/dist/cjs.js!/var/www/trexzactyl/node_modules/react-feather/dist/icons/play.js
<s> [webpack.Progress] 67% building 1664/1722 modules 58 active /var/www/trexzactyl/node_modules/source-map-loader/dist/cjs.js!/var/www/trexzactyl/node_modules/react-feather/dist/icons/play.js
<s> [webpack.Progress] 68% building 1665/1722 modules 57 active /var/www/trexzactyl/node_modules/source-map-loader/dist/cjs.js!/var/www/trexzactyl/node_modules/react-feather/dist/icons/play.js
<s> [webpack.Progress] 68% building 1666/1722 modules 56 active /var/www/trexzactyl/node_modules/source-map-loader/dist/cjs.js!/var/www/trexzactyl/node_modules/react-feather/dist/icons/play.js
<s> [webpack.Progress] 68% building 1667/1722 modules 55 active /var/www/trexzactyl/node_modules/source-map-loader/dist/cjs.js!/var/www/trexzactyl/node_modules/react-feather/dist/icons/play.js
<s> [webpack.Progress] 68% building 1667/1723 modules 56 active /var/www/trexzactyl/node_modules/source-map-loader/dist/cjs.js!/var/www/trexzactyl/node_modules/@motionone/utils/dist/array.es.js
<s> [webpack.Progress] 68% building 1668/1723 modules 55 active /var/www/trexzactyl/node_modules/source-map-loader/dist/cjs.js!/var/www/trexzactyl/node_modules/@motionone/utils/dist/array.es.js
<s> [webpack.Progress] 68% building 1669/1723 modules 54 active /var/www/trexzactyl/node_modules/source-map-loader/dist/cjs.js!/var/www/trexzactyl/node_modules/@motionone/utils/dist/array.es.js
<s> [webpack.Progress] 68% building 1669/1724 modules 55 active /var/www/trexzactyl/node_modules/source-map-loader/dist/cjs.js!/var/www/trexzactyl/node_modules/@motionone/generators/dist/index.es.js
<s> [webpack.Progress] 68% building 1669/1725 modules 56 active /var/www/trexzactyl/node_modules/source-map-loader/dist/cjs.js!/var/www/trexzactyl/node_modules/@motionone/utils/dist/wrap.es.js
<s> [webpack.Progress] 68% building 1669/1726 modules 57 active /var/www/trexzactyl/node_modules/source-map-loader/dist/cjs.js!/var/www/trexzactyl/node_modules/react-feather/dist/icons/play-circle.js
<s> [webpack.Progress] 67% building 1669/1727 modules 58 active /var/www/trexzactyl/node_modules/source-map-loader/dist/cjs.js!/var/www/trexzactyl/node_modules/react-feather/dist/icons/pie-chart.js
<s> [webpack.Progress] 68% building 1670/1727 modules 57 active /var/www/trexzactyl/node_modules/source-map-loader/dist/cjs.js!/var/www/trexzactyl/node_modules/react-feather/dist/icons/pie-chart.js
<s> [webpack.Progress] 67% building 1670/1728 modules 58 active /var/www/trexzactyl/node_modules/source-map-loader/dist/cjs.js!/var/www/trexzactyl/node_modules/date-fns/esm/_lib/getUTCDayOfYear/index.js
<s> [webpack.Progress] 68% building 1671/1728 modules 57 active /var/www/trexzactyl/node_modules/source-map-loader/dist/cjs.js!/var/www/trexzactyl/node_modules/date-fns/esm/_lib/getUTCDayOfYear/index.js
<s> [webpack.Progress] 68% building 1672/1728 modules 56 active /var/www/trexzactyl/node_modules/source-map-loader/dist/cjs.js!/var/www/trexzactyl/node_modules/date-fns/esm/_lib/getUTCDayOfYear/index.js
<s> [webpack.Progress] 68% building 1673/1728 modules 55 active /var/www/trexzactyl/node_modules/source-map-loader/dist/cjs.js!/var/www/trexzactyl/node_modules/date-fns/esm/_lib/getUTCDayOfYear/index.js
<s> [webpack.Progress] 68% building 1674/1728 modules 54 active /var/www/trexzactyl/node_modules/source-map-loader/dist/cjs.js!/var/www/trexzactyl/node_modules/date-fns/esm/_lib/getUTCDayOfYear/index.js
<s> [webpack.Progress] 68% building 1675/1728 modules 53 active /var/www/trexzactyl/node_modules/source-map-loader/dist/cjs.js!/var/www/trexzactyl/node_modules/date-fns/esm/_lib/getUTCDayOfYear/index.js
<s> [webpack.Progress] 68% building 1676/1728 modules 52 active /var/www/trexzactyl/node_modules/source-map-loader/dist/cjs.js!/var/www/trexzactyl/node_modules/date-fns/esm/_lib/getUTCDayOfYear/index.js
<s> [webpack.Progress] 68% building 1677/1728 modules 51 active /var/www/trexzactyl/node_modules/source-map-loader/dist/cjs.js!/var/www/trexzactyl/node_modules/date-fns/esm/_lib/getUTCDayOfYear/index.js
<s> [webpack.Progress] 68% building 1678/1728 modules 50 active /var/www/trexzactyl/node_modules/source-map-loader/dist/cjs.js!/var/www/trexzactyl/node_modules/date-fns/esm/_lib/getUTCDayOfYear/index.js
<s> [webpack.Progress] 68% building 1679/1728 modules 49 active /var/www/trexzactyl/node_modules/source-map-loader/dist/cjs.js!/var/www/trexzactyl/node_modules/date-fns/esm/_lib/getUTCDayOfYear/index.js
<s> [webpack.Progress] 68% building 1679/1729 modules 50 active /var/www/trexzactyl/node_modules/source-map-loader/dist/cjs.js!/var/www/trexzactyl/node_modules/react-feather/dist/icons/phone.js
<s> [webpack.Progress] 68% building 1679/1730 modules 51 active /var/www/trexzactyl/node_modules/source-map-loader/dist/cjs.js!/var/www/trexzactyl/node_modules/@motionone/animation/dist/index.es.js
<s> [webpack.Progress] 68% building 1680/1730 modules 50 active /var/www/trexzactyl/node_modules/source-map-loader/dist/cjs.js!/var/www/trexzactyl/node_modules/@motionone/animation/dist/index.es.js
<s> [webpack.Progress] 68% building 1681/1730 modules 49 active /var/www/trexzactyl/node_modules/source-map-loader/dist/cjs.js!/var/www/trexzactyl/node_modules/@motionone/animation/dist/index.es.js
<s> [webpack.Progress] 68% building 1681/1731 modules 50 active /var/www/trexzactyl/node_modules/source-map-loader/dist/cjs.js!/var/www/trexzactyl/node_modules/axios/lib/defaults/index.js
<s> [webpack.Progress] 68% building 1682/1731 modules 49 active /var/www/trexzactyl/node_modules/source-map-loader/dist/cjs.js!/var/www/trexzactyl/node_modules/axios/lib/defaults/index.js
<s> [webpack.Progress] 68% building 1683/1731 modules 48 active /var/www/trexzactyl/node_modules/source-map-loader/dist/cjs.js!/var/www/trexzactyl/node_modules/axios/lib/defaults/index.js
<s> [webpack.Progress] 68% building 1684/1731 modules 47 active /var/www/trexzactyl/node_modules/source-map-loader/dist/cjs.js!/var/www/trexzactyl/node_modules/axios/lib/defaults/index.js
<s> [webpack.Progress] 68% building 1684/1732 modules 48 active /var/www/trexzactyl/node_modules/babel-loader/lib/index.js!/var/www/trexzactyl/resources/scripts/api/account/enableAccountTwoFactor.ts
<s> [webpack.Progress] 68% building 1685/1732 modules 47 active /var/www/trexzactyl/node_modules/babel-loader/lib/index.js!/var/www/trexzactyl/resources/scripts/api/account/enableAccountTwoFactor.ts
<s> [webpack.Progress] 68% building 1686/1732 modules 46 active /var/www/trexzactyl/node_modules/babel-loader/lib/index.js!/var/www/trexzactyl/resources/scripts/api/account/enableAccountTwoFactor.ts
<s> [webpack.Progress] 68% building 1687/1732 modules 45 active /var/www/trexzactyl/node_modules/babel-loader/lib/index.js!/var/www/trexzactyl/resources/scripts/api/account/enableAccountTwoFactor.ts
<s> [webpack.Progress] 68% building 1688/1732 modules 44 active /var/www/trexzactyl/node_modules/babel-loader/lib/index.js!/var/www/trexzactyl/resources/scripts/api/account/enableAccountTwoFactor.ts
<s> [webpack.Progress] 68% building 1689/1732 modules 43 active /var/www/trexzactyl/node_modules/babel-loader/lib/index.js!/var/www/trexzactyl/resources/scripts/api/account/enableAccountTwoFactor.ts
<s> [webpack.Progress] 68% building 1690/1732 modules 42 active /var/www/trexzactyl/node_modules/babel-loader/lib/index.js!/var/www/trexzactyl/resources/scripts/api/account/enableAccountTwoFactor.ts
<s> [webpack.Progress] 68% building 1691/1732 modules 41 active /var/www/trexzactyl/node_modules/babel-loader/lib/index.js!/var/www/trexzactyl/resources/scripts/api/account/enableAccountTwoFactor.ts
<s> [webpack.Progress] 68% building 1691/1733 modules 42 active /var/www/trexzactyl/node_modules/babel-loader/lib/index.js!/var/www/trexzactyl/resources/scripts/api/account/getTwoFactorTokenData.ts
<s> [webpack.Progress] 68% building 1692/1733 modules 41 active /var/www/trexzactyl/node_modules/babel-loader/lib/index.js!/var/www/trexzactyl/resources/scripts/api/account/getTwoFactorTokenData.ts
<s> [webpack.Progress] 68% building 1693/1733 modules 40 active /var/www/trexzactyl/node_modules/babel-loader/lib/index.js!/var/www/trexzactyl/resources/scripts/api/account/getTwoFactorTokenData.ts
<s> [webpack.Progress] 68% building 1693/1734 modules 41 active /var/www/trexzactyl/node_modules/source-map-loader/dist/cjs.js!/var/www/trexzactyl/node_modules/@motionone/utils/dist/velocity.es.js
<s> [webpack.Progress] 68% building 1693/1735 modules 42 active /var/www/trexzactyl/node_modules/source-map-loader/dist/cjs.js!/var/www/trexzactyl/node_modules/@motionone/utils/dist/time.es.js
<s> [webpack.Progress] 68% building 1693/1736 modules 43 active /var/www/trexzactyl/node_modules/source-map-loader/dist/cjs.js!/var/www/trexzactyl/node_modules/@motionone/utils/dist/progress.es.js
<s> [webpack.Progress] 68% building 1693/1737 modules 44 active /var/www/trexzactyl/node_modules/source-map-loader/dist/cjs.js!/var/www/trexzactyl/node_modules/@motionone/utils/dist/offset.es.js
<s> [webpack.Progress] 68% building 1693/1738 modules 45 active /var/www/trexzactyl/node_modules/source-map-loader/dist/cjs.js!/var/www/trexzactyl/node_modules/@motionone/utils/dist/noop.es.js
<s> [webpack.Progress] 68% building 1694/1738 modules 44 active /var/www/trexzactyl/node_modules/source-map-loader/dist/cjs.js!/var/www/trexzactyl/node_modules/@motionone/utils/dist/noop.es.js
<s> [webpack.Progress] 68% building 1694/1739 modules 45 active /var/www/trexzactyl/node_modules/source-map-loader/dist/cjs.js!/var/www/trexzactyl/node_modules/@motionone/utils/dist/mix.es.js
<s> [webpack.Progress] 68% building 1694/1740 modules 46 active /var/www/trexzactyl/node_modules/source-map-loader/dist/cjs.js!/var/www/trexzactyl/node_modules/react-feather/dist/icons/phone-outgoing.js
<s> [webpack.Progress] 68% building 1694/1741 modules 47 active /var/www/trexzactyl/node_modules/source-map-loader/dist/cjs.js!/var/www/trexzactyl/node_modules/@motionone/utils/dist/is-string.es.js
<s> [webpack.Progress] 68% building 1695/1741 modules 46 active /var/www/trexzactyl/node_modules/source-map-loader/dist/cjs.js!/var/www/trexzactyl/node_modules/@motionone/utils/dist/is-string.es.js
<s> [webpack.Progress] 68% building 1695/1742 modules 47 active /var/www/trexzactyl/node_modules/source-map-loader/dist/cjs.js!/var/www/trexzactyl/node_modules/@motionone/utils/dist/is-number.es.js
<s> [webpack.Progress] 68% building 1695/1743 modules 48 active /var/www/trexzactyl/node_modules/source-map-loader/dist/cjs.js!/var/www/trexzactyl/node_modules/@motionone/utils/dist/is-function.es.js
<s> [webpack.Progress] 68% building 1695/1744 modules 49 active /var/www/trexzactyl/node_modules/source-map-loader/dist/cjs.js!/var/www/trexzactyl/node_modules/@motionone/utils/dist/is-easing-list.es.js
<s> [webpack.Progress] 68% building 1695/1745 modules 50 active /var/www/trexzactyl/node_modules/source-map-loader/dist/cjs.js!/var/www/trexzactyl/node_modules/@motionone/utils/dist/is-easing-generator.es.js
<s> [webpack.Progress] 68% building 1695/1746 modules 51 active /var/www/trexzactyl/node_modules/source-map-loader/dist/cjs.js!/var/www/trexzactyl/node_modules/@motionone/utils/dist/is-cubic-bezier.es.js
<s> [webpack.Progress] 68% building 1696/1746 modules 50 active /var/www/trexzactyl/node_modules/source-map-loader/dist/cjs.js!/var/www/trexzactyl/node_modules/@motionone/utils/dist/is-cubic-bezier.es.js
<s> [webpack.Progress] 68% building 1697/1746 modules 49 active /var/www/trexzactyl/node_modules/source-map-loader/dist/cjs.js!/var/www/trexzactyl/node_modules/@motionone/utils/dist/is-cubic-bezier.es.js
<s> [webpack.Progress] 68% building 1697/1747 modules 50 active /var/www/trexzactyl/node_modules/source-map-loader/dist/cjs.js!/var/www/trexzactyl/node_modules/@motionone/utils/dist/interpolate.es.js
<s> [webpack.Progress] 68% building 1697/1748 modules 51 active /var/www/trexzactyl/node_modules/source-map-loader/dist/cjs.js!/var/www/trexzactyl/node_modules/@motionone/utils/dist/easing.es.js
<s> [webpack.Progress] 68% building 1697/1749 modules 52 active /var/www/trexzactyl/node_modules/source-map-loader/dist/cjs.js!/var/www/trexzactyl/node_modules/@motionone/utils/dist/defaults.es.js
<s> [webpack.Progress] 68% building 1697/1750 modules 53 active /var/www/trexzactyl/node_modules/source-map-loader/dist/cjs.js!/var/www/trexzactyl/node_modules/@motionone/utils/dist/clamp.es.js
<s> [webpack.Progress] 68% building 1698/1750 modules 52 active /var/www/trexzactyl/node_modules/source-map-loader/dist/cjs.js!/var/www/trexzactyl/node_modules/@motionone/utils/dist/clamp.es.js
<s> [webpack.Progress] 68% building 1699/1750 modules 51 active /var/www/trexzactyl/node_modules/source-map-loader/dist/cjs.js!/var/www/trexzactyl/node_modules/@motionone/utils/dist/clamp.es.js
<s> [webpack.Progress] 68% building 1700/1750 modules 50 active /var/www/trexzactyl/node_modules/source-map-loader/dist/cjs.js!/var/www/trexzactyl/node_modules/@motionone/utils/dist/clamp.es.js
<s> [webpack.Progress] 68% building 1701/1750 modules 49 active /var/www/trexzactyl/node_modules/source-map-loader/dist/cjs.js!/var/www/trexzactyl/node_modules/@motionone/utils/dist/clamp.es.js
<s> [webpack.Progress] 68% building 1702/1750 modules 48 active /var/www/trexzactyl/node_modules/source-map-loader/dist/cjs.js!/var/www/trexzactyl/node_modules/@motionone/utils/dist/clamp.es.js
<s> [webpack.Progress] 68% building 1703/1750 modules 47 active /var/www/trexzactyl/node_modules/source-map-loader/dist/cjs.js!/var/www/trexzactyl/node_modules/@motionone/utils/dist/clamp.es.js
<s> [webpack.Progress] 68% building 1704/1750 modules 46 active /var/www/trexzactyl/node_modules/source-map-loader/dist/cjs.js!/var/www/trexzactyl/node_modules/@motionone/utils/dist/clamp.es.js
<s> [webpack.Progress] 68% building 1705/1750 modules 45 active /var/www/trexzactyl/node_modules/source-map-loader/dist/cjs.js!/var/www/trexzactyl/node_modules/@motionone/utils/dist/clamp.es.js
<s> [webpack.Progress] 68% building 1706/1750 modules 44 active /var/www/trexzactyl/node_modules/source-map-loader/dist/cjs.js!/var/www/trexzactyl/node_modules/@motionone/utils/dist/clamp.es.js
<s> [webpack.Progress] 68% building 1706/1751 modules 45 active /var/www/trexzactyl/node_modules/source-map-loader/dist/cjs.js!/var/www/trexzactyl/node_modules/@motionone/dom/dist/gestures/scroll/offsets/edge.cjs.js
<s> [webpack.Progress] 68% building 1707/1751 modules 44 active /var/www/trexzactyl/node_modules/source-map-loader/dist/cjs.js!/var/www/trexzactyl/node_modules/@motionone/dom/dist/gestures/scroll/offsets/edge.cjs.js
<s> [webpack.Progress] 68% building 1708/1751 modules 43 active /var/www/trexzactyl/node_modules/source-map-loader/dist/cjs.js!/var/www/trexzactyl/node_modules/@motionone/dom/dist/gestures/scroll/offsets/edge.cjs.js
<s> [webpack.Progress] 68% building 1709/1751 modules 42 active /var/www/trexzactyl/node_modules/source-map-loader/dist/cjs.js!/var/www/trexzactyl/node_modules/@motionone/dom/dist/gestures/scroll/offsets/edge.cjs.js
<s> [webpack.Progress] 68% building 1710/1751 modules 41 active /var/www/trexzactyl/node_modules/source-map-loader/dist/cjs.js!/var/www/trexzactyl/node_modules/@motionone/dom/dist/gestures/scroll/offsets/edge.cjs.js
<s> [webpack.Progress] 68% building 1711/1751 modules 40 active /var/www/trexzactyl/node_modules/source-map-loader/dist/cjs.js!/var/www/trexzactyl/node_modules/@motionone/dom/dist/gestures/scroll/offsets/edge.cjs.js
<s> [webpack.Progress] 68% building 1712/1751 modules 39 active /var/www/trexzactyl/node_modules/source-map-loader/dist/cjs.js!/var/www/trexzactyl/node_modules/@motionone/dom/dist/gestures/scroll/offsets/edge.cjs.js
<s> [webpack.Progress] 68% building 1713/1751 modules 38 active /var/www/trexzactyl/node_modules/source-map-loader/dist/cjs.js!/var/www/trexzactyl/node_modules/@motionone/dom/dist/gestures/scroll/offsets/edge.cjs.js
<s> [webpack.Progress] 68% building 1714/1751 modules 37 active /var/www/trexzactyl/node_modules/source-map-loader/dist/cjs.js!/var/www/trexzactyl/node_modules/@motionone/dom/dist/gestures/scroll/offsets/edge.cjs.js
<s> [webpack.Progress] 68% building 1715/1751 modules 36 active /var/www/trexzactyl/node_modules/source-map-loader/dist/cjs.js!/var/www/trexzactyl/node_modules/@motionone/dom/dist/gestures/scroll/offsets/edge.cjs.js
<s> [webpack.Progress] 68% building 1716/1751 modules 35 active /var/www/trexzactyl/node_modules/source-map-loader/dist/cjs.js!/var/www/trexzactyl/node_modules/@motionone/dom/dist/gestures/scroll/offsets/edge.cjs.js
<s> [webpack.Progress] 68% building 1717/1751 modules 34 active /var/www/trexzactyl/node_modules/source-map-loader/dist/cjs.js!/var/www/trexzactyl/node_modules/@motionone/dom/dist/gestures/scroll/offsets/edge.cjs.js
<s> [webpack.Progress] 68% building 1718/1751 modules 33 active /var/www/trexzactyl/node_modules/source-map-loader/dist/cjs.js!/var/www/trexzactyl/node_modules/@motionone/dom/dist/gestures/scroll/offsets/edge.cjs.js
<s> [webpack.Progress] 68% building 1719/1751 modules 32 active /var/www/trexzactyl/node_modules/source-map-loader/dist/cjs.js!/var/www/trexzactyl/node_modules/@motionone/dom/dist/gestures/scroll/offsets/edge.cjs.js
<s> [webpack.Progress] 68% building 1720/1751 modules 31 active /var/www/trexzactyl/node_modules/source-map-loader/dist/cjs.js!/var/www/trexzactyl/node_modules/@motionone/dom/dist/gestures/scroll/offsets/edge.cjs.js
<s> [webpack.Progress] 68% building 1721/1751 modules 30 active /var/www/trexzactyl/node_modules/source-map-loader/dist/cjs.js!/var/www/trexzactyl/node_modules/@motionone/dom/dist/gestures/scroll/offsets/edge.cjs.js
<s> [webpack.Progress] 69% building 1722/1751 modules 29 active /var/www/trexzactyl/node_modules/source-map-loader/dist/cjs.js!/var/www/trexzactyl/node_modules/@motionone/dom/dist/gestures/scroll/offsets/edge.cjs.js
<s> [webpack.Progress] 68% building 1722/1752 modules 30 active /var/www/trexzactyl/node_modules/source-map-loader/dist/cjs.js!/var/www/trexzactyl/node_modules/@babel/runtime/helpers/esm/taggedTemplateLiteralLoose.js
<s> [webpack.Progress] 68% building 1722/1753 modules 31 active /var/www/trexzactyl/node_modules/source-map-loader/dist/cjs.js!/var/www/trexzactyl/node_modules/yup/es/util/isAbsent.js
<s> [webpack.Progress] 68% building 1722/1754 modules 32 active /var/www/trexzactyl/node_modules/source-map-loader/dist/cjs.js!/var/www/trexzactyl/node_modules/yup/es/util/inherits.js
<s> [webpack.Progress] 68% building 1723/1754 modules 31 active /var/www/trexzactyl/node_modules/source-map-loader/dist/cjs.js!/var/www/trexzactyl/node_modules/yup/es/util/inherits.js
<s> [webpack.Progress] 68% building 1724/1754 modules 30 active /var/www/trexzactyl/node_modules/source-map-loader/dist/cjs.js!/var/www/trexzactyl/node_modules/yup/es/util/inherits.js
<s> [webpack.Progress] 69% building 1725/1754 modules 29 active /var/www/trexzactyl/node_modules/source-map-loader/dist/cjs.js!/var/www/trexzactyl/node_modules/yup/es/util/inherits.js
<s> [webpack.Progress] 69% building 1726/1754 modules 28 active /var/www/trexzactyl/node_modules/source-map-loader/dist/cjs.js!/var/www/trexzactyl/node_modules/yup/es/util/inherits.js
<s> [webpack.Progress] 69% building 1727/1754 modules 27 active /var/www/trexzactyl/node_modules/source-map-loader/dist/cjs.js!/var/www/trexzactyl/node_modules/yup/es/util/inherits.js
<s> [webpack.Progress] 69% building 1727/1755 modules 28 active /var/www/trexzactyl/node_modules/source-map-loader/dist/cjs.js!/var/www/trexzactyl/node_modules/axios/lib/helpers/validator.js
<s> [webpack.Progress] 69% building 1727/1756 modules 29 active /var/www/trexzactyl/node_modules/source-map-loader/dist/cjs.js!/var/www/trexzactyl/node_modules/axios/lib/core/buildFullPath.js
<s> [webpack.Progress] 68% building 1727/1757 modules 30 active /var/www/trexzactyl/node_modules/source-map-loader/dist/cjs.js!/var/www/trexzactyl/node_modules/axios/lib/core/dispatchRequest.js
<s> [webpack.Progress] 68% building 1727/1758 modules 31 active /var/www/trexzactyl/node_modules/source-map-loader/dist/cjs.js!/var/www/trexzactyl/node_modules/axios/lib/core/InterceptorManager.js
<s> [webpack.Progress] 68% building 1727/1759 modules 32 active /var/www/trexzactyl/node_modules/source-map-loader/dist/cjs.js!/var/www/trexzactyl/node_modules/axios/lib/helpers/buildURL.js
<s> [webpack.Progress] 68% building 1727/1760 modules 33 active /var/www/trexzactyl/node_modules/source-map-loader/dist/cjs.js!/var/www/trexzactyl/node_modules/yup/es/util/makePath.js
<s> [webpack.Progress] 68% building 1727/1761 modules 34 active /var/www/trexzactyl/node_modules/source-map-loader/dist/cjs.js!/var/www/trexzactyl/node_modules/yup/es/util/sortByKeyOrder.js
<s> [webpack.Progress] 68% building 1727/1762 modules 35 active /var/www/trexzactyl/node_modules/source-map-loader/dist/cjs.js!/var/www/trexzactyl/node_modules/yup/es/util/sortFields.js
<s> [webpack.Progress] 68% building 1728/1762 modules 34 active /var/www/trexzactyl/node_modules/source-map-loader/dist/cjs.js!/var/www/trexzactyl/node_modules/yup/es/util/sortFields.js
<s> [webpack.Progress] 68% building 1728/1763 modules 35 active /var/www/trexzactyl/node_modules/source-map-loader/dist/cjs.js!/var/www/trexzactyl/node_modules/lodash-es/mapKeys.js
<s> [webpack.Progress] 68% building 1728/1764 modules 36 active /var/www/trexzactyl/node_modules/source-map-loader/dist/cjs.js!/var/www/trexzactyl/node_modules/lodash-es/camelCase.js
<s> [webpack.Progress] 68% building 1728/1765 modules 37 active /var/www/trexzactyl/node_modules/source-map-loader/dist/cjs.js!/var/www/trexzactyl/node_modules/lodash-es/snakeCase.js
<s> [webpack.Progress] 68% building 1728/1766 modules 38 active /var/www/trexzactyl/node_modules/source-map-loader/dist/cjs.js!/var/www/trexzactyl/node_modules/yup/es/util/isodate.js
<s> [webpack.Progress] 68% building 1729/1766 modules 37 active /var/www/trexzactyl/node_modules/source-map-loader/dist/cjs.js!/var/www/trexzactyl/node_modules/yup/es/util/isodate.js
<s> [webpack.Progress] 68% building 1730/1766 modules 36 active /var/www/trexzactyl/node_modules/source-map-loader/dist/cjs.js!/var/www/trexzactyl/node_modules/yup/es/util/isodate.js
<s> [webpack.Progress] 68% building 1731/1766 modules 35 active /var/www/trexzactyl/node_modules/source-map-loader/dist/cjs.js!/var/www/trexzactyl/node_modules/yup/es/util/isodate.js
<s> [webpack.Progress] 68% building 1732/1766 modules 34 active /var/www/trexzactyl/node_modules/source-map-loader/dist/cjs.js!/var/www/trexzactyl/node_modules/yup/es/util/isodate.js
<s> [webpack.Progress] 68% building 1733/1766 modules 33 active /var/www/trexzactyl/node_modules/source-map-loader/dist/cjs.js!/var/www/trexzactyl/node_modules/yup/es/util/isodate.js
<s> [webpack.Progress] 68% building 1733/1767 modules 34 active /var/www/trexzactyl/node_modules/source-map-loader/dist/cjs.js!/var/www/trexzactyl/node_modules/react-feather/dist/icons/phone-off.js
<s> [webpack.Progress] 68% building 1733/1768 modules 35 active /var/www/trexzactyl/node_modules/source-map-loader/dist/cjs.js!/var/www/trexzactyl/node_modules/react-feather/dist/icons/phone-missed.js
<s> [webpack.Progress] 68% building 1734/1768 modules 34 active /var/www/trexzactyl/node_modules/source-map-loader/dist/cjs.js!/var/www/trexzactyl/node_modules/react-feather/dist/icons/phone-missed.js
<s> [webpack.Progress] 68% building 1735/1768 modules 33 active /var/www/trexzactyl/node_modules/source-map-loader/dist/cjs.js!/var/www/trexzactyl/node_modules/react-feather/dist/icons/phone-missed.js
<s> [webpack.Progress] 68% building 1735/1769 modules 34 active /var/www/trexzactyl/node_modules/source-map-loader/dist/cjs.js!/var/www/trexzactyl/node_modules/dom-helpers/esm/removeClass.js
<s> [webpack.Progress] 68% building 1735/1770 modules 35 active /var/www/trexzactyl/node_modules/source-map-loader/dist/cjs.js!/var/www/trexzactyl/node_modules/dom-helpers/esm/addClass.js
<s> [webpack.Progress] 68% building 1736/1770 modules 34 active /var/www/trexzactyl/node_modules/source-map-loader/dist/cjs.js!/var/www/trexzactyl/node_modules/dom-helpers/esm/addClass.js
<s> [webpack.Progress] 68% building 1736/1771 modules 35 active /var/www/trexzactyl/node_modules/source-map-loader/dist/cjs.js!/var/www/trexzactyl/node_modules/react-feather/dist/icons/phone-incoming.js
<s> [webpack.Progress] 68% building 1736/1772 modules 36 active /var/www/trexzactyl/node_modules/source-map-loader/dist/cjs.js!/var/www/trexzactyl/node_modules/react-feather/dist/icons/phone-forwarded.js
<s> [webpack.Progress] 68% building 1736/1773 modules 37 active /var/www/trexzactyl/node_modules/source-map-loader/dist/cjs.js!/var/www/trexzactyl/node_modules/react-feather/dist/icons/phone-call.js
<s> [webpack.Progress] 68% building 1737/1773 modules 36 active /var/www/trexzactyl/node_modules/source-map-loader/dist/cjs.js!/var/www/trexzactyl/node_modules/react-feather/dist/icons/phone-call.js
<s> [webpack.Progress] 68% building 1738/1773 modules 35 active /var/www/trexzactyl/node_modules/source-map-loader/dist/cjs.js!/var/www/trexzactyl/node_modules/react-feather/dist/icons/phone-call.js
<s> [webpack.Progress] 68% building 1738/1774 modules 36 active /var/www/trexzactyl/node_modules/source-map-loader/dist/cjs.js!/var/www/trexzactyl/node_modules/react-feather/dist/icons/percent.js
<s> [webpack.Progress] 68% building 1739/1774 modules 35 active /var/www/trexzactyl/node_modules/source-map-loader/dist/cjs.js!/var/www/trexzactyl/node_modules/react-feather/dist/icons/percent.js
<s> [webpack.Progress] 68% building 1740/1774 modules 34 active /var/www/trexzactyl/node_modules/source-map-loader/dist/cjs.js!/var/www/trexzactyl/node_modules/react-feather/dist/icons/percent.js
<s> [webpack.Progress] 68% building 1740/1775 modules 35 active /var/www/trexzactyl/node_modules/source-map-loader/dist/cjs.js!/var/www/trexzactyl/node_modules/react-feather/dist/icons/pen-tool.js
<s> [webpack.Progress] 68% building 1740/1776 modules 36 active /var/www/trexzactyl/node_modules/source-map-loader/dist/cjs.js!/var/www/trexzactyl/node_modules/react-feather/dist/icons/pause.js
<s> [webpack.Progress] 68% building 1740/1777 modules 37 active /var/www/trexzactyl/node_modules/source-map-loader/dist/cjs.js!/var/www/trexzactyl/node_modules/react-feather/dist/icons/pause-circle.js
<s> [webpack.Progress] 68% building 1740/1778 modules 38 active /var/www/trexzactyl/node_modules/source-map-loader/dist/cjs.js!/var/www/trexzactyl/node_modules/react-feather/dist/icons/paperclip.js
<s> [webpack.Progress] 68% building 1740/1779 modules 39 active /var/www/trexzactyl/node_modules/source-map-loader/dist/cjs.js!/var/www/trexzactyl/node_modules/react-feather/dist/icons/package.js
<s> [webpack.Progress] 68% building 1741/1779 modules 38 active /var/www/trexzactyl/node_modules/source-map-loader/dist/cjs.js!/var/www/trexzactyl/node_modules/react-feather/dist/icons/package.js
<s> [webpack.Progress] 68% building 1742/1779 modules 37 active /var/www/trexzactyl/node_modules/source-map-loader/dist/cjs.js!/var/www/trexzactyl/node_modules/react-feather/dist/icons/package.js
<s> [webpack.Progress] 68% building 1743/1779 modules 36 active /var/www/trexzactyl/node_modules/source-map-loader/dist/cjs.js!/var/www/trexzactyl/node_modules/react-feather/dist/icons/package.js
<s> [webpack.Progress] 68% building 1744/1779 modules 35 active /var/www/trexzactyl/node_modules/source-map-loader/dist/cjs.js!/var/www/trexzactyl/node_modules/react-feather/dist/icons/package.js
<s> [webpack.Progress] 68% building 1744/1780 modules 36 active /var/www/trexzactyl/node_modules/source-map-loader/dist/cjs.js!/var/www/trexzactyl/node_modules/react-feather/dist/icons/octagon.js
<s> [webpack.Progress] 68% building 1745/1780 modules 35 active /var/www/trexzactyl/node_modules/source-map-loader/dist/cjs.js!/var/www/trexzactyl/node_modules/react-feather/dist/icons/octagon.js
<s> [webpack.Progress] 68% building 1746/1780 modules 34 active /var/www/trexzactyl/node_modules/source-map-loader/dist/cjs.js!/var/www/trexzactyl/node_modules/react-feather/dist/icons/octagon.js
<s> [webpack.Progress] 68% building 1747/1780 modules 33 active /var/www/trexzactyl/node_modules/source-map-loader/dist/cjs.js!/var/www/trexzactyl/node_modules/react-feather/dist/icons/octagon.js
<s> [webpack.Progress] 68% building 1747/1781 modules 34 active /var/www/trexzactyl/node_modules/source-map-loader/dist/cjs.js!/var/www/trexzactyl/node_modules/@motionone/animation/dist/Animation.es.js
<s> [webpack.Progress] 68% building 1748/1781 modules 33 active /var/www/trexzactyl/node_modules/source-map-loader/dist/cjs.js!/var/www/trexzactyl/node_modules/@motionone/animation/dist/Animation.es.js
<s> [webpack.Progress] 68% building 1748/1782 modules 34 active /var/www/trexzactyl/node_modules/source-map-loader/dist/cjs.js!/var/www/trexzactyl/node_modules/react-feather/dist/icons/navigation.js
<s> [webpack.Progress] 68% building 1749/1782 modules 33 active /var/www/trexzactyl/node_modules/source-map-loader/dist/cjs.js!/var/www/trexzactyl/node_modules/react-feather/dist/icons/navigation.js
<s> [webpack.Progress] 68% building 1750/1782 modules 32 active /var/www/trexzactyl/node_modules/source-map-loader/dist/cjs.js!/var/www/trexzactyl/node_modules/react-feather/dist/icons/navigation.js
<s> [webpack.Progress] 68% building 1750/1783 modules 33 active /var/www/trexzactyl/node_modules/source-map-loader/dist/cjs.js!/var/www/trexzactyl/node_modules/@motionone/generators/dist/glide/index.es.js
<s> [webpack.Progress] 68% building 1750/1784 modules 34 active /var/www/trexzactyl/node_modules/source-map-loader/dist/cjs.js!/var/www/trexzactyl/node_modules/@motionone/generators/dist/utils/velocity.es.js
<s> [webpack.Progress] 68% building 1750/1785 modules 35 active /var/www/trexzactyl/node_modules/source-map-loader/dist/cjs.js!/var/www/trexzactyl/node_modules/@motionone/generators/dist/utils/pregenerate-keyframes.es.js
<s> [webpack.Progress] 68% building 1750/1786 modules 36 active /var/www/trexzactyl/node_modules/source-map-loader/dist/cjs.js!/var/www/trexzactyl/node_modules/react-feather/dist/icons/navigation-2.js
<s> [webpack.Progress] 68% building 1751/1786 modules 35 active /var/www/trexzactyl/node_modules/source-map-loader/dist/cjs.js!/var/www/trexzactyl/node_modules/react-feather/dist/icons/navigation-2.js
<s> [webpack.Progress] 68% building 1751/1787 modules 36 active /var/www/trexzactyl/node_modules/source-map-loader/dist/cjs.js!/var/www/trexzactyl/node_modules/@motionone/generators/dist/spring/index.es.js
<s> [webpack.Progress] 68% building 1751/1788 modules 37 active /var/www/trexzactyl/node_modules/source-map-loader/dist/cjs.js!/var/www/trexzactyl/node_modules/react-feather/dist/icons/music.js
<s> [webpack.Progress] 68% building 1751/1789 modules 38 active /var/www/trexzactyl/node_modules/source-map-loader/dist/cjs.js!/var/www/trexzactyl/node_modules/react-feather/dist/icons/move.js
<s> [webpack.Progress] 68% building 1751/1790 modules 39 active /var/www/trexzactyl/node_modules/source-map-loader/dist/cjs.js!/var/www/trexzactyl/node_modules/react-feather/dist/icons/mouse-pointer.js
<s> [webpack.Progress] 68% building 1751/1791 modules 40 active /var/www/trexzactyl/node_modules/source-map-loader/dist/cjs.js!/var/www/trexzactyl/node_modules/react-feather/dist/icons/more-vertical.js
<s> [webpack.Progress] 68% building 1752/1791 modules 39 active /var/www/trexzactyl/node_modules/source-map-loader/dist/cjs.js!/var/www/trexzactyl/node_modules/react-feather/dist/icons/more-vertical.js
<s> [webpack.Progress] 68% building 1753/1791 modules 38 active /var/www/trexzactyl/node_modules/source-map-loader/dist/cjs.js!/var/www/trexzactyl/node_modules/react-feather/dist/icons/more-vertical.js
<s> [webpack.Progress] 68% building 1753/1792 modules 39 active /var/www/trexzactyl/node_modules/source-map-loader/dist/cjs.js!/var/www/trexzactyl/node_modules/react-feather/dist/icons/more-horizontal.js
<s> [webpack.Progress] 68% building 1753/1793 modules 40 active /var/www/trexzactyl/node_modules/source-map-loader/dist/cjs.js!/var/www/trexzactyl/node_modules/react-feather/dist/icons/moon.js
<s> [webpack.Progress] 68% building 1753/1794 modules 41 active /var/www/trexzactyl/node_modules/source-map-loader/dist/cjs.js!/var/www/trexzactyl/node_modules/react-feather/dist/icons/monitor.js
<s> [webpack.Progress] 68% building 1753/1795 modules 42 active /var/www/trexzactyl/node_modules/source-map-loader/dist/cjs.js!/var/www/trexzactyl/node_modules/react-feather/dist/icons/minus.js
<s> [webpack.Progress] 68% building 1753/1796 modules 43 active /var/www/trexzactyl/node_modules/source-map-loader/dist/cjs.js!/var/www/trexzactyl/node_modules/react-feather/dist/icons/minus-square.js
<s> [webpack.Progress] 68% building 1753/1797 modules 44 active /var/www/trexzactyl/node_modules/source-map-loader/dist/cjs.js!/var/www/trexzactyl/node_modules/react-feather/dist/icons/minus-circle.js
<s> [webpack.Progress] 68% building 1753/1798 modules 45 active /var/www/trexzactyl/node_modules/source-map-loader/dist/cjs.js!/var/www/trexzactyl/node_modules/react-feather/dist/icons/minimize.js
<s> [webpack.Progress] 68% building 1753/1799 modules 46 active /var/www/trexzactyl/node_modules/source-map-loader/dist/cjs.js!/var/www/trexzactyl/node_modules/react-feather/dist/icons/minimize-2.js
<s> [webpack.Progress] 68% building 1753/1800 modules 47 active /var/www/trexzactyl/node_modules/source-map-loader/dist/cjs.js!/var/www/trexzactyl/node_modules/react-feather/dist/icons/mic.js
<s> [webpack.Progress] 68% building 1753/1801 modules 48 active /var/www/trexzactyl/node_modules/source-map-loader/dist/cjs.js!/var/www/trexzactyl/node_modules/react-feather/dist/icons/mic-off.js
<s> [webpack.Progress] 68% building 1753/1802 modules 49 active /var/www/trexzactyl/node_modules/source-map-loader/dist/cjs.js!/var/www/trexzactyl/node_modules/react-feather/dist/icons/message-circle.js
<s> [webpack.Progress] 68% building 1753/1803 modules 50 active /var/www/trexzactyl/node_modules/source-map-loader/dist/cjs.js!/var/www/trexzactyl/node_modules/react-feather/dist/icons/message-square.js
<s> [webpack.Progress] 68% building 1754/1803 modules 49 active /var/www/trexzactyl/node_modules/source-map-loader/dist/cjs.js!/var/www/trexzactyl/node_modules/react-feather/dist/icons/message-square.js
<s> [webpack.Progress] 68% building 1754/1804 modules 50 active /var/www/trexzactyl/node_modules/source-map-loader/dist/cjs.js!/var/www/trexzactyl/node_modules/react-feather/dist/icons/menu.js
<s> [webpack.Progress] 68% building 1754/1805 modules 51 active /var/www/trexzactyl/node_modules/source-map-loader/dist/cjs.js!/var/www/trexzactyl/node_modules/react-feather/dist/icons/maximize.js
<s> [webpack.Progress] 68% building 1754/1806 modules 52 active /var/www/trexzactyl/node_modules/source-map-loader/dist/cjs.js!/var/www/trexzactyl/node_modules/react-feather/dist/icons/meh.js
<s> [webpack.Progress] 68% building 1754/1807 modules 53 active /var/www/trexzactyl/node_modules/source-map-loader/dist/cjs.js!/var/www/trexzactyl/node_modules/react-feather/dist/icons/maximize-2.js
<s> [webpack.Progress] 68% building 1755/1807 modules 52 active /var/www/trexzactyl/node_modules/source-map-loader/dist/cjs.js!/var/www/trexzactyl/node_modules/react-feather/dist/icons/maximize-2.js
<s> [webpack.Progress] 68% building 1756/1807 modules 51 active /var/www/trexzactyl/node_modules/source-map-loader/dist/cjs.js!/var/www/trexzactyl/node_modules/react-feather/dist/icons/maximize-2.js
<s> [webpack.Progress] 68% building 1757/1807 modules 50 active /var/www/trexzactyl/node_modules/source-map-loader/dist/cjs.js!/var/www/trexzactyl/node_modules/react-feather/dist/icons/maximize-2.js
<s> [webpack.Progress] 68% building 1758/1807 modules 49 active /var/www/trexzactyl/node_modules/source-map-loader/dist/cjs.js!/var/www/trexzactyl/node_modules/react-feather/dist/icons/maximize-2.js
<s> [webpack.Progress] 68% building 1759/1807 modules 48 active /var/www/trexzactyl/node_modules/source-map-loader/dist/cjs.js!/var/www/trexzactyl/node_modules/react-feather/dist/icons/maximize-2.js
<s> [webpack.Progress] 68% building 1759/1808 modules 49 active /var/www/trexzactyl/node_modules/source-map-loader/dist/cjs.js!/var/www/trexzactyl/node_modules/react-feather/dist/icons/map.js
<s> [webpack.Progress] 68% building 1759/1809 modules 50 active /var/www/trexzactyl/node_modules/source-map-loader/dist/cjs.js!/var/www/trexzactyl/node_modules/react-feather/dist/icons/map-pin.js
<s> [webpack.Progress] 68% building 1759/1810 modules 51 active /var/www/trexzactyl/node_modules/source-map-loader/dist/cjs.js!/var/www/trexzactyl/node_modules/react-feather/dist/icons/mail.js
<s> [webpack.Progress] 68% building 1759/1811 modules 52 active /var/www/trexzactyl/node_modules/source-map-loader/dist/cjs.js!/var/www/trexzactyl/node_modules/react-feather/dist/icons/log-out.js
<s> [webpack.Progress] 68% building 1759/1812 modules 53 active /var/www/trexzactyl/node_modules/source-map-loader/dist/cjs.js!/var/www/trexzactyl/node_modules/react-feather/dist/icons/log-in.js
<s> [webpack.Progress] 68% building 1759/1813 modules 54 active /var/www/trexzactyl/node_modules/source-map-loader/dist/cjs.js!/var/www/trexzactyl/node_modules/react-feather/dist/icons/lock.js
<s> [webpack.Progress] 68% building 1759/1814 modules 55 active /var/www/trexzactyl/node_modules/source-map-loader/dist/cjs.js!/var/www/trexzactyl/node_modules/react-feather/dist/icons/loader.js
<s> [webpack.Progress] 68% building 1759/1815 modules 56 active /var/www/trexzactyl/node_modules/source-map-loader/dist/cjs.js!/var/www/trexzactyl/node_modules/react-feather/dist/icons/list.js
<s> [webpack.Progress] 68% building 1759/1816 modules 57 active /var/www/trexzactyl/node_modules/source-map-loader/dist/cjs.js!/var/www/trexzactyl/node_modules/react-feather/dist/icons/linkedin.js
<s> [webpack.Progress] 68% building 1760/1816 modules 56 active /var/www/trexzactyl/node_modules/source-map-loader/dist/cjs.js!/var/www/trexzactyl/node_modules/react-feather/dist/icons/linkedin.js
<s> [webpack.Progress] 68% building 1761/1816 modules 55 active /var/www/trexzactyl/node_modules/source-map-loader/dist/cjs.js!/var/www/trexzactyl/node_modules/react-feather/dist/icons/linkedin.js
<s> [webpack.Progress] 68% building 1762/1816 modules 54 active /var/www/trexzactyl/node_modules/source-map-loader/dist/cjs.js!/var/www/trexzactyl/node_modules/react-feather/dist/icons/linkedin.js
<s> [webpack.Progress] 68% building 1763/1816 modules 53 active /var/www/trexzactyl/node_modules/source-map-loader/dist/cjs.js!/var/www/trexzactyl/node_modules/react-feather/dist/icons/linkedin.js
<s> [webpack.Progress] 68% building 1764/1816 modules 52 active /var/www/trexzactyl/node_modules/source-map-loader/dist/cjs.js!/var/www/trexzactyl/node_modules/react-feather/dist/icons/linkedin.js
<s> [webpack.Progress] 68% building 1765/1816 modules 51 active /var/www/trexzactyl/node_modules/source-map-loader/dist/cjs.js!/var/www/trexzactyl/node_modules/react-feather/dist/icons/linkedin.js
<s> [webpack.Progress] 68% building 1765/1817 modules 52 active /var/www/trexzactyl/node_modules/source-map-loader/dist/cjs.js!/var/www/trexzactyl/node_modules/react-feather/dist/icons/link.js
<s> [webpack.Progress] 68% building 1766/1817 modules 51 active /var/www/trexzactyl/node_modules/source-map-loader/dist/cjs.js!/var/www/trexzactyl/node_modules/react-feather/dist/icons/link.js
<s> [webpack.Progress] 68% building 1766/1818 modules 52 active /var/www/trexzactyl/node_modules/source-map-loader/dist/cjs.js!/var/www/trexzactyl/node_modules/react-feather/dist/icons/link-2.js
<s> [webpack.Progress] 68% building 1766/1819 modules 53 active /var/www/trexzactyl/node_modules/source-map-loader/dist/cjs.js!/var/www/trexzactyl/node_modules/react-feather/dist/icons/layout.js
<s> [webpack.Progress] 68% building 1766/1820 modules 54 active /var/www/trexzactyl/node_modules/source-map-loader/dist/cjs.js!/var/www/trexzactyl/node_modules/react-feather/dist/icons/life-buoy.js
<s> [webpack.Progress] 68% building 1766/1821 modules 55 active /var/www/trexzactyl/node_modules/source-map-loader/dist/cjs.js!/var/www/trexzactyl/node_modules/react-feather/dist/icons/layers.js
<s> [webpack.Progress] 68% building 1766/1822 modules 56 active /var/www/trexzactyl/node_modules/source-map-loader/dist/cjs.js!/var/www/trexzactyl/node_modules/react-feather/dist/icons/key.js
<s> [webpack.Progress] 68% building 1766/1823 modules 57 active /var/www/trexzactyl/node_modules/source-map-loader/dist/cjs.js!/var/www/trexzactyl/node_modules/react-feather/dist/icons/italic.js
<s> [webpack.Progress] 68% building 1766/1824 modules 58 active /var/www/trexzactyl/node_modules/source-map-loader/dist/cjs.js!/var/www/trexzactyl/node_modules/react-feather/dist/icons/instagram.js
<s> [webpack.Progress] 68% building 1766/1825 modules 59 active /var/www/trexzactyl/node_modules/source-map-loader/dist/cjs.js!/var/www/trexzactyl/node_modules/react-feather/dist/icons/info.js
<s> [webpack.Progress] 68% building 1766/1826 modules 60 active /var/www/trexzactyl/node_modules/source-map-loader/dist/cjs.js!/var/www/trexzactyl/node_modules/@motionone/animation/dist/utils/easing.es.js
<s> [webpack.Progress] 67% building 1766/1827 modules 61 active /var/www/trexzactyl/node_modules/source-map-loader/dist/cjs.js!/var/www/trexzactyl/node_modules/react-feather/dist/icons/inbox.js
<s> [webpack.Progress] 67% building 1766/1828 modules 62 active /var/www/trexzactyl/node_modules/source-map-loader/dist/cjs.js!/var/www/trexzactyl/node_modules/react-feather/dist/icons/image.js
<s> [webpack.Progress] 67% building 1766/1829 modules 63 active /var/www/trexzactyl/node_modules/source-map-loader/dist/cjs.js!/var/www/trexzactyl/node_modules/react-feather/dist/icons/home.js
<s> [webpack.Progress] 67% building 1766/1830 modules 64 active /var/www/trexzactyl/node_modules/source-map-loader/dist/cjs.js!/var/www/trexzactyl/node_modules/react-feather/dist/icons/hexagon.js
<s> [webpack.Progress] 67% building 1767/1830 modules 63 active /var/www/trexzactyl/node_modules/source-map-loader/dist/cjs.js!/var/www/trexzactyl/node_modules/react-feather/dist/icons/hexagon.js
<s> [webpack.Progress] 67% building 1768/1830 modules 62 active /var/www/trexzactyl/node_modules/source-map-loader/dist/cjs.js!/var/www/trexzactyl/node_modules/react-feather/dist/icons/hexagon.js
<s> [webpack.Progress] 68% building 1769/1830 modules 61 active /var/www/trexzactyl/node_modules/source-map-loader/dist/cjs.js!/var/www/trexzactyl/node_modules/react-feather/dist/icons/hexagon.js
<s> [webpack.Progress] 68% building 1770/1830 modules 60 active /var/www/trexzactyl/node_modules/source-map-loader/dist/cjs.js!/var/www/trexzactyl/node_modules/react-feather/dist/icons/hexagon.js
<s> [webpack.Progress] 68% building 1771/1830 modules 59 active /var/www/trexzactyl/node_modules/source-map-loader/dist/cjs.js!/var/www/trexzactyl/node_modules/react-feather/dist/icons/hexagon.js
<s> [webpack.Progress] 68% building 1772/1830 modules 58 active /var/www/trexzactyl/node_modules/source-map-loader/dist/cjs.js!/var/www/trexzactyl/node_modules/react-feather/dist/icons/hexagon.js
<s> [webpack.Progress] 68% building 1773/1830 modules 57 active /var/www/trexzactyl/node_modules/source-map-loader/dist/cjs.js!/var/www/trexzactyl/node_modules/react-feather/dist/icons/hexagon.js
<s> [webpack.Progress] 68% building 1774/1830 modules 56 active /var/www/trexzactyl/node_modules/source-map-loader/dist/cjs.js!/var/www/trexzactyl/node_modules/react-feather/dist/icons/hexagon.js
<s> [webpack.Progress] 68% building 1775/1830 modules 55 active /var/www/trexzactyl/node_modules/source-map-loader/dist/cjs.js!/var/www/trexzactyl/node_modules/react-feather/dist/icons/hexagon.js
<s> [webpack.Progress] 68% building 1776/1830 modules 54 active /var/www/trexzactyl/node_modules/source-map-loader/dist/cjs.js!/var/www/trexzactyl/node_modules/react-feather/dist/icons/hexagon.js
<s> [webpack.Progress] 68% building 1777/1830 modules 53 active /var/www/trexzactyl/node_modules/source-map-loader/dist/cjs.js!/var/www/trexzactyl/node_modules/react-feather/dist/icons/hexagon.js
<s> [webpack.Progress] 68% building 1778/1830 modules 52 active /var/www/trexzactyl/node_modules/source-map-loader/dist/cjs.js!/var/www/trexzactyl/node_modules/react-feather/dist/icons/hexagon.js
<s> [webpack.Progress] 68% building 1779/1830 modules 51 active /var/www/trexzactyl/node_modules/source-map-loader/dist/cjs.js!/var/www/trexzactyl/node_modules/react-feather/dist/icons/hexagon.js
<s> [webpack.Progress] 68% building 1779/1831 modules 52 active /var/www/trexzactyl/node_modules/source-map-loader/dist/cjs.js!/var/www/trexzactyl/node_modules/lodash-es/_createCompounder.js
<s> [webpack.Progress] 68% building 1779/1832 modules 53 active /var/www/trexzactyl/node_modules/source-map-loader/dist/cjs.js!/var/www/trexzactyl/node_modules/lodash-es/capitalize.js
<s> [webpack.Progress] 68% building 1780/1832 modules 52 active /var/www/trexzactyl/node_modules/source-map-loader/dist/cjs.js!/var/www/trexzactyl/node_modules/lodash-es/capitalize.js
<s> [webpack.Progress] 68% building 1781/1832 modules 51 active /var/www/trexzactyl/node_modules/source-map-loader/dist/cjs.js!/var/www/trexzactyl/node_modules/lodash-es/capitalize.js
<s> [webpack.Progress] 68% building 1782/1832 modules 50 active /var/www/trexzactyl/node_modules/source-map-loader/dist/cjs.js!/var/www/trexzactyl/node_modules/lodash-es/capitalize.js
<s> [webpack.Progress] 68% building 1783/1832 modules 49 active /var/www/trexzactyl/node_modules/source-map-loader/dist/cjs.js!/var/www/trexzactyl/node_modules/lodash-es/capitalize.js
<s> [webpack.Progress] 68% building 1783/1833 modules 50 active /var/www/trexzactyl/node_modules/source-map-loader/dist/cjs.js!/var/www/trexzactyl/node_modules/axios/lib/helpers/toURLEncodedForm.js
<s> [webpack.Progress] 68% building 1783/1834 modules 51 active /var/www/trexzactyl/node_modules/source-map-loader/dist/cjs.js!/var/www/trexzactyl/node_modules/axios/lib/defaults/transitional.js
<s> [webpack.Progress] 68% building 1783/1835 modules 52 active /var/www/trexzactyl/node_modules/source-map-loader/dist/cjs.js!/var/www/trexzactyl/node_modules/axios/lib/adapters/xhr.js
<s> [webpack.Progress] 68% building 1783/1836 modules 53 active /var/www/trexzactyl/node_modules/source-map-loader/dist/cjs.js!/var/www/trexzactyl/node_modules/axios/lib/helpers/normalizeHeaderName.js
<s> [webpack.Progress] 68% building 1783/1837 modules 54 active /var/www/trexzactyl/node_modules/source-map-loader/dist/cjs.js!/var/www/trexzactyl/node_modules/react-feather/dist/icons/help-circle.js
<s> [webpack.Progress] 68% building 1784/1837 modules 53 active /var/www/trexzactyl/node_modules/source-map-loader/dist/cjs.js!/var/www/trexzactyl/node_modules/react-feather/dist/icons/help-circle.js
<s> [webpack.Progress] 68% building 1785/1837 modules 52 active /var/www/trexzactyl/node_modules/source-map-loader/dist/cjs.js!/var/www/trexzactyl/node_modules/react-feather/dist/icons/help-circle.js
<s> [webpack.Progress] 68% building 1785/1838 modules 53 active /var/www/trexzactyl/node_modules/source-map-loader/dist/cjs.js!/var/www/trexzactyl/node_modules/react-feather/dist/icons/heart.js
<s> [webpack.Progress] 68% building 1785/1839 modules 54 active /var/www/trexzactyl/node_modules/source-map-loader/dist/cjs.js!/var/www/trexzactyl/node_modules/react-feather/dist/icons/headphones.js
<s> [webpack.Progress] 68% building 1786/1839 modules 53 active /var/www/trexzactyl/node_modules/source-map-loader/dist/cjs.js!/var/www/trexzactyl/node_modules/react-feather/dist/icons/headphones.js
<s> [webpack.Progress] 68% building 1787/1839 modules 52 active /var/www/trexzactyl/node_modules/source-map-loader/dist/cjs.js!/var/www/trexzactyl/node_modules/react-feather/dist/icons/headphones.js
<s> [webpack.Progress] 68% building 1788/1839 modules 51 active /var/www/trexzactyl/node_modules/source-map-loader/dist/cjs.js!/var/www/trexzactyl/node_modules/react-feather/dist/icons/headphones.js
<s> [webpack.Progress] 68% building 1788/1840 modules 52 active /var/www/trexzactyl/node_modules/source-map-loader/dist/cjs.js!/var/www/trexzactyl/node_modules/react-feather/dist/icons/hash.js
<s> [webpack.Progress] 68% building 1788/1841 modules 53 active /var/www/trexzactyl/node_modules/source-map-loader/dist/cjs.js!/var/www/trexzactyl/node_modules/react-feather/dist/icons/hard-drive.js
<s> [webpack.Progress] 68% building 1788/1842 modules 54 active /var/www/trexzactyl/node_modules/source-map-loader/dist/cjs.js!/var/www/trexzactyl/node_modules/react-feather/dist/icons/grid.js
<s> [webpack.Progress] 68% building 1788/1843 modules 55 active /var/www/trexzactyl/node_modules/source-map-loader/dist/cjs.js!/var/www/trexzactyl/node_modules/react-feather/dist/icons/globe.js
<s> [webpack.Progress] 68% building 1789/1843 modules 54 active /var/www/trexzactyl/node_modules/source-map-loader/dist/cjs.js!/var/www/trexzactyl/node_modules/react-feather/dist/icons/globe.js
<s> [webpack.Progress] 68% building 1789/1844 modules 55 active /var/www/trexzactyl/node_modules/source-map-loader/dist/cjs.js!/var/www/trexzactyl/node_modules/react-feather/dist/icons/gitlab.js
<s> [webpack.Progress] 68% building 1789/1845 modules 56 active /var/www/trexzactyl/node_modules/source-map-loader/dist/cjs.js!/var/www/trexzactyl/node_modules/react-feather/dist/icons/github.js
<s> [webpack.Progress] 68% building 1789/1846 modules 57 active /var/www/trexzactyl/node_modules/source-map-loader/dist/cjs.js!/var/www/trexzactyl/node_modules/react-feather/dist/icons/git-pull-request.js
<s> [webpack.Progress] 68% building 1790/1846 modules 56 active /var/www/trexzactyl/node_modules/source-map-loader/dist/cjs.js!/var/www/trexzactyl/node_modules/react-feather/dist/icons/git-pull-request.js
<s> [webpack.Progress] 68% building 1791/1846 modules 55 active /var/www/trexzactyl/node_modules/source-map-loader/dist/cjs.js!/var/www/trexzactyl/node_modules/react-feather/dist/icons/git-pull-request.js
<s> [webpack.Progress] 68% building 1792/1846 modules 54 active /var/www/trexzactyl/node_modules/source-map-loader/dist/cjs.js!/var/www/trexzactyl/node_modules/react-feather/dist/icons/git-pull-request.js
<s> [webpack.Progress] 68% building 1793/1846 modules 53 active /var/www/trexzactyl/node_modules/source-map-loader/dist/cjs.js!/var/www/trexzactyl/node_modules/react-feather/dist/icons/git-pull-request.js
<s> [webpack.Progress] 68% building 1794/1846 modules 52 active /var/www/trexzactyl/node_modules/source-map-loader/dist/cjs.js!/var/www/trexzactyl/node_modules/react-feather/dist/icons/git-pull-request.js
<s> [webpack.Progress] 68% building 1795/1846 modules 51 active /var/www/trexzactyl/node_modules/source-map-loader/dist/cjs.js!/var/www/trexzactyl/node_modules/react-feather/dist/icons/git-pull-request.js
<s> [webpack.Progress] 68% building 1795/1847 modules 52 active /var/www/trexzactyl/node_modules/source-map-loader/dist/cjs.js!/var/www/trexzactyl/node_modules/react-feather/dist/icons/git-merge.js
<s> [webpack.Progress] 68% building 1796/1847 modules 51 active /var/www/trexzactyl/node_modules/source-map-loader/dist/cjs.js!/var/www/trexzactyl/node_modules/react-feather/dist/icons/git-merge.js
<s> [webpack.Progress] 68% building 1796/1848 modules 52 active /var/www/trexzactyl/node_modules/source-map-loader/dist/cjs.js!/var/www/trexzactyl/node_modules/react-feather/dist/icons/git-branch.js
<s> [webpack.Progress] 68% building 1796/1849 modules 53 active /var/www/trexzactyl/node_modules/source-map-loader/dist/cjs.js!/var/www/trexzactyl/node_modules/react-feather/dist/icons/git-commit.js
<s> [webpack.Progress] 68% building 1797/1849 modules 52 active /var/www/trexzactyl/node_modules/source-map-loader/dist/cjs.js!/var/www/trexzactyl/node_modules/react-feather/dist/icons/git-commit.js
<s> [webpack.Progress] 68% building 1798/1849 modules 51 active /var/www/trexzactyl/node_modules/source-map-loader/dist/cjs.js!/var/www/trexzactyl/node_modules/react-feather/dist/icons/git-commit.js
<s> [webpack.Progress] 68% building 1798/1850 modules 52 active /var/www/trexzactyl/node_modules/source-map-loader/dist/cjs.js!/var/www/trexzactyl/node_modules/react-feather/dist/icons/gift.js
<s> [webpack.Progress] 68% building 1799/1850 modules 51 active /var/www/trexzactyl/node_modules/source-map-loader/dist/cjs.js!/var/www/trexzactyl/node_modules/react-feather/dist/icons/gift.js
<s> [webpack.Progress] 68% building 1800/1850 modules 50 active /var/www/trexzactyl/node_modules/source-map-loader/dist/cjs.js!/var/www/trexzactyl/node_modules/react-feather/dist/icons/gift.js
<s> [webpack.Progress] 68% building 1801/1850 modules 49 active /var/www/trexzactyl/node_modules/source-map-loader/dist/cjs.js!/var/www/trexzactyl/node_modules/react-feather/dist/icons/gift.js
<s> [webpack.Progress] 68% building 1802/1850 modules 48 active /var/www/trexzactyl/node_modules/source-map-loader/dist/cjs.js!/var/www/trexzactyl/node_modules/react-feather/dist/icons/gift.js
<s> [webpack.Progress] 68% building 1803/1850 modules 47 active /var/www/trexzactyl/node_modules/source-map-loader/dist/cjs.js!/var/www/trexzactyl/node_modules/react-feather/dist/icons/gift.js
<s> [webpack.Progress] 68% building 1804/1850 modules 46 active /var/www/trexzactyl/node_modules/source-map-loader/dist/cjs.js!/var/www/trexzactyl/node_modules/react-feather/dist/icons/gift.js
<s> [webpack.Progress] 68% building 1805/1850 modules 45 active /var/www/trexzactyl/node_modules/source-map-loader/dist/cjs.js!/var/www/trexzactyl/node_modules/react-feather/dist/icons/gift.js
<s> [webpack.Progress] 68% building 1806/1850 modules 44 active /var/www/trexzactyl/node_modules/source-map-loader/dist/cjs.js!/var/www/trexzactyl/node_modules/react-feather/dist/icons/gift.js
<s> [webpack.Progress] 68% building 1807/1850 modules 43 active /var/www/trexzactyl/node_modules/source-map-loader/dist/cjs.js!/var/www/trexzactyl/node_modules/react-feather/dist/icons/gift.js
<s> [webpack.Progress] 68% building 1808/1850 modules 42 active /var/www/trexzactyl/node_modules/source-map-loader/dist/cjs.js!/var/www/trexzactyl/node_modules/react-feather/dist/icons/gift.js
<s> [webpack.Progress] 68% building 1809/1850 modules 41 active /var/www/trexzactyl/node_modules/source-map-loader/dist/cjs.js!/var/www/trexzactyl/node_modules/react-feather/dist/icons/gift.js
<s> [webpack.Progress] 68% building 1810/1850 modules 40 active /var/www/trexzactyl/node_modules/source-map-loader/dist/cjs.js!/var/www/trexzactyl/node_modules/react-feather/dist/icons/gift.js
<s> [webpack.Progress] 68% building 1811/1850 modules 39 active /var/www/trexzactyl/node_modules/source-map-loader/dist/cjs.js!/var/www/trexzactyl/node_modules/react-feather/dist/icons/gift.js
<s> [webpack.Progress] 68% building 1812/1850 modules 38 active /var/www/trexzactyl/node_modules/source-map-loader/dist/cjs.js!/var/www/trexzactyl/node_modules/react-feather/dist/icons/gift.js
<s> [webpack.Progress] 68% building 1813/1850 modules 37 active /var/www/trexzactyl/node_modules/source-map-loader/dist/cjs.js!/var/www/trexzactyl/node_modules/react-feather/dist/icons/gift.js
<s> [webpack.Progress] 68% building 1814/1850 modules 36 active /var/www/trexzactyl/node_modules/source-map-loader/dist/cjs.js!/var/www/trexzactyl/node_modules/react-feather/dist/icons/gift.js
<s> [webpack.Progress] 68% building 1815/1850 modules 35 active /var/www/trexzactyl/node_modules/source-map-loader/dist/cjs.js!/var/www/trexzactyl/node_modules/react-feather/dist/icons/gift.js
<s> [webpack.Progress] 68% building 1816/1850 modules 34 active /var/www/trexzactyl/node_modules/source-map-loader/dist/cjs.js!/var/www/trexzactyl/node_modules/react-feather/dist/icons/gift.js
<s> [webpack.Progress] 68% building 1816/1851 modules 35 active /var/www/trexzactyl/node_modules/source-map-loader/dist/cjs.js!/var/www/trexzactyl/node_modules/react-feather/dist/icons/frown.js
<s> [webpack.Progress] 68% building 1817/1851 modules 34 active /var/www/trexzactyl/node_modules/source-map-loader/dist/cjs.js!/var/www/trexzactyl/node_modules/react-feather/dist/icons/frown.js
<s> [webpack.Progress] 68% building 1817/1852 modules 35 active /var/www/trexzactyl/node_modules/source-map-loader/dist/cjs.js!/var/www/trexzactyl/node_modules/react-feather/dist/icons/framer.js
<s> [webpack.Progress] 68% building 1818/1852 modules 34 active /var/www/trexzactyl/node_modules/source-map-loader/dist/cjs.js!/var/www/trexzactyl/node_modules/react-feather/dist/icons/framer.js
<s> [webpack.Progress] 68% building 1819/1852 modules 33 active /var/www/trexzactyl/node_modules/source-map-loader/dist/cjs.js!/var/www/trexzactyl/node_modules/react-feather/dist/icons/framer.js
<s> [webpack.Progress] 68% building 1820/1852 modules 32 active /var/www/trexzactyl/node_modules/source-map-loader/dist/cjs.js!/var/www/trexzactyl/node_modules/react-feather/dist/icons/framer.js
<s> [webpack.Progress] 68% building 1821/1852 modules 31 active /var/www/trexzactyl/node_modules/source-map-loader/dist/cjs.js!/var/www/trexzactyl/node_modules/react-feather/dist/icons/framer.js
<s> [webpack.Progress] 69% building 1822/1852 modules 30 active /var/www/trexzactyl/node_modules/source-map-loader/dist/cjs.js!/var/www/trexzactyl/node_modules/react-feather/dist/icons/framer.js
<s> [webpack.Progress] 69% building 1823/1852 modules 29 active /var/www/trexzactyl/node_modules/source-map-loader/dist/cjs.js!/var/www/trexzactyl/node_modules/react-feather/dist/icons/framer.js
<s> [webpack.Progress] 69% building 1824/1852 modules 28 active /var/www/trexzactyl/node_modules/source-map-loader/dist/cjs.js!/var/www/trexzactyl/node_modules/react-feather/dist/icons/framer.js
<s> [webpack.Progress] 69% building 1825/1852 modules 27 active /var/www/trexzactyl/node_modules/source-map-loader/dist/cjs.js!/var/www/trexzactyl/node_modules/react-feather/dist/icons/framer.js
<s> [webpack.Progress] 69% building 1825/1853 modules 28 active /var/www/trexzactyl/node_modules/source-map-loader/dist/cjs.js!/var/www/trexzactyl/node_modules/react-feather/dist/icons/folder.js
<s> [webpack.Progress] 69% building 1826/1853 modules 27 active /var/www/trexzactyl/node_modules/source-map-loader/dist/cjs.js!/var/www/trexzactyl/node_modules/react-feather/dist/icons/folder.js
<s> [webpack.Progress] 69% building 1827/1853 modules 26 active /var/www/trexzactyl/node_modules/source-map-loader/dist/cjs.js!/var/www/trexzactyl/node_modules/react-feather/dist/icons/folder.js
<s> [webpack.Progress] 69% building 1827/1854 modules 27 active /var/www/trexzactyl/node_modules/source-map-loader/dist/cjs.js!/var/www/trexzactyl/node_modules/react-feather/dist/icons/folder-plus.js
<s> [webpack.Progress] 69% building 1827/1855 modules 28 active /var/www/trexzactyl/node_modules/source-map-loader/dist/cjs.js!/var/www/trexzactyl/node_modules/axios/lib/helpers/isAbsoluteURL.js
<s> [webpack.Progress] 69% building 1827/1856 modules 29 active /var/www/trexzactyl/node_modules/source-map-loader/dist/cjs.js!/var/www/trexzactyl/node_modules/axios/lib/helpers/combineURLs.js
<s> [webpack.Progress] 69% building 1827/1857 modules 30 active /var/www/trexzactyl/node_modules/source-map-loader/dist/cjs.js!/var/www/trexzactyl/node_modules/axios/lib/helpers/AxiosURLSearchParams.js
<s> [webpack.Progress] 68% building 1827/1858 modules 31 active /var/www/trexzactyl/node_modules/source-map-loader/dist/cjs.js!/var/www/trexzactyl/node_modules/@motionone/generators/dist/utils/has-reached-target.es.js
<s> [webpack.Progress] 68% building 1827/1859 modules 32 active /var/www/trexzactyl/node_modules/source-map-loader/dist/cjs.js!/var/www/trexzactyl/node_modules/axios/lib/core/transformData.js
<s> [webpack.Progress] 68% building 1827/1860 modules 33 active /var/www/trexzactyl/node_modules/source-map-loader/dist/cjs.js!/var/www/trexzactyl/node_modules/react-feather/dist/icons/folder-minus.js
<s> [webpack.Progress] 68% building 1827/1861 modules 34 active /var/www/trexzactyl/node_modules/source-map-loader/dist/cjs.js!/var/www/trexzactyl/node_modules/react-feather/dist/icons/flag.js
<s> [webpack.Progress] 68% building 1828/1861 modules 33 active /var/www/trexzactyl/node_modules/source-map-loader/dist/cjs.js!/var/www/trexzactyl/node_modules/react-feather/dist/icons/flag.js
<s> [webpack.Progress] 68% building 1829/1861 modules 32 active /var/www/trexzactyl/node_modules/source-map-loader/dist/cjs.js!/var/www/trexzactyl/node_modules/react-feather/dist/icons/flag.js
<s> [webpack.Progress] 68% building 1829/1862 modules 33 active /var/www/trexzactyl/node_modules/source-map-loader/dist/cjs.js!/var/www/trexzactyl/node_modules/@motionone/generators/dist/spring/utils.es.js
<s> [webpack.Progress] 68% building 1829/1863 modules 34 active /var/www/trexzactyl/node_modules/source-map-loader/dist/cjs.js!/var/www/trexzactyl/node_modules/qrcode.react/lib/esm/index.js
<s> [webpack.Progress] 68% building 1829/1864 modules 35 active /var/www/trexzactyl/node_modules/source-map-loader/dist/cjs.js!/var/www/trexzactyl/node_modules/@motionone/generators/dist/spring/defaults.es.js
<s> [webpack.Progress] 68% building 1830/1864 modules 34 active /var/www/trexzactyl/node_modules/source-map-loader/dist/cjs.js!/var/www/trexzactyl/node_modules/@motionone/generators/dist/spring/defaults.es.js
<s> [webpack.Progress] 68% building 1831/1864 modules 33 active /var/www/trexzactyl/node_modules/source-map-loader/dist/cjs.js!/var/www/trexzactyl/node_modules/@motionone/generators/dist/spring/defaults.es.js
<s> [webpack.Progress] 68% building 1832/1864 modules 32 active /var/www/trexzactyl/node_modules/source-map-loader/dist/cjs.js!/var/www/trexzactyl/node_modules/@motionone/generators/dist/spring/defaults.es.js
<s> [webpack.Progress] 68% building 1832/1865 modules 33 active /var/www/trexzactyl/node_modules/source-map-loader/dist/cjs.js!/var/www/trexzactyl/node_modules/react-feather/dist/icons/filter.js
<s> [webpack.Progress] 68% building 1832/1866 modules 34 active /var/www/trexzactyl/node_modules/source-map-loader/dist/cjs.js!/var/www/trexzactyl/node_modules/react-feather/dist/icons/film.js
<s> [webpack.Progress] 68% building 1833/1866 modules 33 active /var/www/trexzactyl/node_modules/source-map-loader/dist/cjs.js!/var/www/trexzactyl/node_modules/react-feather/dist/icons/film.js
<s> [webpack.Progress] 68% building 1833/1867 modules 34 active /var/www/trexzactyl/node_modules/source-map-loader/dist/cjs.js!/var/www/trexzactyl/node_modules/dom-helpers/esm/hasClass.js
<s> [webpack.Progress] 68% building 1833/1868 modules 35 active /var/www/trexzactyl/node_modules/source-map-loader/dist/cjs.js!/var/www/trexzactyl/node_modules/react-feather/dist/icons/file.js
<s> [webpack.Progress] 68% building 1834/1868 modules 34 active /var/www/trexzactyl/node_modules/source-map-loader/dist/cjs.js!/var/www/trexzactyl/node_modules/react-feather/dist/icons/file.js
<s> [webpack.Progress] 68% building 1835/1868 modules 33 active /var/www/trexzactyl/node_modules/source-map-loader/dist/cjs.js!/var/www/trexzactyl/node_modules/react-feather/dist/icons/file.js
<s> [webpack.Progress] 68% building 1836/1868 modules 32 active /var/www/trexzactyl/node_modules/source-map-loader/dist/cjs.js!/var/www/trexzactyl/node_modules/react-feather/dist/icons/file.js
<s> [webpack.Progress] 69% building 1837/1868 modules 31 active /var/www/trexzactyl/node_modules/source-map-loader/dist/cjs.js!/var/www/trexzactyl/node_modules/react-feather/dist/icons/file.js
<s> [webpack.Progress] 68% building 1837/1869 modules 32 active /var/www/trexzactyl/node_modules/source-map-loader/dist/cjs.js!/var/www/trexzactyl/node_modules/react-feather/dist/icons/file-text.js
<s> [webpack.Progress] 68% building 1837/1870 modules 33 active /var/www/trexzactyl/node_modules/source-map-loader/dist/cjs.js!/var/www/trexzactyl/node_modules/react-feather/dist/icons/file-plus.js
<s> [webpack.Progress] 68% building 1837/1871 modules 34 active /var/www/trexzactyl/node_modules/source-map-loader/dist/cjs.js!/var/www/trexzactyl/node_modules/react-feather/dist/icons/file-minus.js
<s> [webpack.Progress] 68% building 1838/1871 modules 33 active /var/www/trexzactyl/node_modules/source-map-loader/dist/cjs.js!/var/www/trexzactyl/node_modules/react-feather/dist/icons/file-minus.js
<s> [webpack.Progress] 68% building 1838/1872 modules 34 active /var/www/trexzactyl/node_modules/source-map-loader/dist/cjs.js!/var/www/trexzactyl/node_modules/react-feather/dist/icons/figma.js
<s> [webpack.Progress] 68% building 1839/1872 modules 33 active /var/www/trexzactyl/node_modules/source-map-loader/dist/cjs.js!/var/www/trexzactyl/node_modules/react-feather/dist/icons/figma.js
<s> [webpack.Progress] 68% building 1839/1873 modules 34 active /var/www/trexzactyl/node_modules/source-map-loader/dist/cjs.js!/var/www/trexzactyl/node_modules/react-feather/dist/icons/feather.js
<s> [webpack.Progress] 68% building 1839/1874 modules 35 active /var/www/trexzactyl/node_modules/source-map-loader/dist/cjs.js!/var/www/trexzactyl/node_modules/react-feather/dist/icons/fast-forward.js
<s> [webpack.Progress] 68% building 1839/1875 modules 36 active /var/www/trexzactyl/node_modules/source-map-loader/dist/cjs.js!/var/www/trexzactyl/node_modules/react-feather/dist/icons/facebook.js
<s> [webpack.Progress] 68% building 1839/1876 modules 37 active /var/www/trexzactyl/node_modules/source-map-loader/dist/cjs.js!/var/www/trexzactyl/node_modules/react-feather/dist/icons/eye.js
<s> [webpack.Progress] 68% building 1839/1877 modules 38 active /var/www/trexzactyl/node_modules/source-map-loader/dist/cjs.js!/var/www/trexzactyl/node_modules/react-feather/dist/icons/eye-off.js
<s> [webpack.Progress] 68% building 1839/1878 modules 39 active /var/www/trexzactyl/node_modules/source-map-loader/dist/cjs.js!/var/www/trexzactyl/node_modules/react-feather/dist/icons/external-link.js
<s> [webpack.Progress] 68% building 1840/1878 modules 38 active /var/www/trexzactyl/node_modules/source-map-loader/dist/cjs.js!/var/www/trexzactyl/node_modules/react-feather/dist/icons/external-link.js
<s> [webpack.Progress] 68% building 1841/1878 modules 37 active /var/www/trexzactyl/node_modules/source-map-loader/dist/cjs.js!/var/www/trexzactyl/node_modules/react-feather/dist/icons/external-link.js
<s> [webpack.Progress] 68% building 1841/1879 modules 38 active /var/www/trexzactyl/node_modules/source-map-loader/dist/cjs.js!/var/www/trexzactyl/node_modules/react-feather/dist/icons/edit.js
<s> [webpack.Progress] 68% building 1842/1879 modules 37 active /var/www/trexzactyl/node_modules/source-map-loader/dist/cjs.js!/var/www/trexzactyl/node_modules/react-feather/dist/icons/edit.js
<s> [webpack.Progress] 68% building 1843/1879 modules 36 active /var/www/trexzactyl/node_modules/source-map-loader/dist/cjs.js!/var/www/trexzactyl/node_modules/react-feather/dist/icons/edit.js
<s> [webpack.Progress] 68% building 1844/1879 modules 35 active /var/www/trexzactyl/node_modules/source-map-loader/dist/cjs.js!/var/www/trexzactyl/node_modules/react-feather/dist/icons/edit.js
<s> [webpack.Progress] 68% building 1845/1879 modules 34 active /var/www/trexzactyl/node_modules/source-map-loader/dist/cjs.js!/var/www/trexzactyl/node_modules/react-feather/dist/icons/edit.js
<s> [webpack.Progress] 68% building 1846/1879 modules 33 active /var/www/trexzactyl/node_modules/source-map-loader/dist/cjs.js!/var/www/trexzactyl/node_modules/react-feather/dist/icons/edit.js
<s> [webpack.Progress] 68% building 1846/1880 modules 34 active /var/www/trexzactyl/node_modules/source-map-loader/dist/cjs.js!/var/www/trexzactyl/node_modules/react-feather/dist/icons/edit-3.js
<s> [webpack.Progress] 68% building 1847/1880 modules 33 active /var/www/trexzactyl/node_modules/source-map-loader/dist/cjs.js!/var/www/trexzactyl/node_modules/react-feather/dist/icons/edit-3.js
<s> [webpack.Progress] 68% building 1848/1880 modules 32 active /var/www/trexzactyl/node_modules/source-map-loader/dist/cjs.js!/var/www/trexzactyl/node_modules/react-feather/dist/icons/edit-3.js
<s> [webpack.Progress] 68% building 1848/1881 modules 33 active /var/www/trexzactyl/node_modules/source-map-loader/dist/cjs.js!/var/www/trexzactyl/node_modules/react-feather/dist/icons/edit-2.js
<s> [webpack.Progress] 68% building 1848/1882 modules 34 active /var/www/trexzactyl/node_modules/source-map-loader/dist/cjs.js!/var/www/trexzactyl/node_modules/react-feather/dist/icons/droplet.js
<s> [webpack.Progress] 68% building 1849/1882 modules 33 active /var/www/trexzactyl/node_modules/source-map-loader/dist/cjs.js!/var/www/trexzactyl/node_modules/react-feather/dist/icons/droplet.js
<s> [webpack.Progress] 68% building 1850/1882 modules 32 active /var/www/trexzactyl/node_modules/source-map-loader/dist/cjs.js!/var/www/trexzactyl/node_modules/react-feather/dist/icons/droplet.js
<s> [webpack.Progress] 68% building 1850/1883 modules 33 active /var/www/trexzactyl/node_modules/source-map-loader/dist/cjs.js!/var/www/trexzactyl/node_modules/react-feather/dist/icons/dribbble.js
<s> [webpack.Progress] 68% building 1850/1884 modules 34 active /var/www/trexzactyl/node_modules/source-map-loader/dist/cjs.js!/var/www/trexzactyl/node_modules/axios/lib/platform/index.js
<s> [webpack.Progress] 68% building 1850/1885 modules 35 active /var/www/trexzactyl/node_modules/source-map-loader/dist/cjs.js!/var/www/trexzactyl/node_modules/lodash-es/upperFirst.js
<s> [webpack.Progress] 68% building 1851/1885 modules 34 active /var/www/trexzactyl/node_modules/source-map-loader/dist/cjs.js!/var/www/trexzactyl/node_modules/lodash-es/upperFirst.js
<s> [webpack.Progress] 68% building 1851/1886 modules 35 active /var/www/trexzactyl/node_modules/source-map-loader/dist/cjs.js!/var/www/trexzactyl/node_modules/lodash-es/_arrayReduce.js
<s> [webpack.Progress] 68% building 1851/1887 modules 36 active /var/www/trexzactyl/node_modules/source-map-loader/dist/cjs.js!/var/www/trexzactyl/node_modules/react-feather/dist/icons/download-cloud.js
<s> [webpack.Progress] 68% building 1851/1888 modules 37 active /var/www/trexzactyl/node_modules/source-map-loader/dist/cjs.js!/var/www/trexzactyl/node_modules/react-feather/dist/icons/download.js
<s> [webpack.Progress] 68% building 1851/1889 modules 38 active /var/www/trexzactyl/node_modules/source-map-loader/dist/cjs.js!/var/www/trexzactyl/node_modules/react-feather/dist/icons/dollar-sign.js
<s> [webpack.Progress] 68% building 1851/1890 modules 39 active /var/www/trexzactyl/node_modules/source-map-loader/dist/cjs.js!/var/www/trexzactyl/node_modules/react-feather/dist/icons/divide.js
<s> [webpack.Progress] 68% building 1851/1891 modules 40 active /var/www/trexzactyl/node_modules/source-map-loader/dist/cjs.js!/var/www/trexzactyl/node_modules/react-feather/dist/icons/divide-square.js
<s> [webpack.Progress] 68% building 1851/1892 modules 41 active /var/www/trexzactyl/node_modules/source-map-loader/dist/cjs.js!/var/www/trexzactyl/node_modules/react-feather/dist/icons/divide-circle.js
<s> [webpack.Progress] 68% building 1851/1893 modules 42 active /var/www/trexzactyl/node_modules/source-map-loader/dist/cjs.js!/var/www/trexzactyl/node_modules/react-feather/dist/icons/disc.js
<s> [webpack.Progress] 68% building 1852/1893 modules 41 active /var/www/trexzactyl/node_modules/source-map-loader/dist/cjs.js!/var/www/trexzactyl/node_modules/react-feather/dist/icons/disc.js
<s> [webpack.Progress] 68% building 1852/1894 modules 42 active /var/www/trexzactyl/node_modules/source-map-loader/dist/cjs.js!/var/www/trexzactyl/node_modules/react-feather/dist/icons/delete.js
<s> [webpack.Progress] 68% building 1852/1895 modules 43 active /var/www/trexzactyl/node_modules/source-map-loader/dist/cjs.js!/var/www/trexzactyl/node_modules/react-feather/dist/icons/crosshair.js
<s> [webpack.Progress] 68% building 1852/1896 modules 44 active /var/www/trexzactyl/node_modules/source-map-loader/dist/cjs.js!/var/www/trexzactyl/node_modules/react-feather/dist/icons/database.js
<s> [webpack.Progress] 68% building 1852/1897 modules 45 active /var/www/trexzactyl/node_modules/source-map-loader/dist/cjs.js!/var/www/trexzactyl/node_modules/react-feather/dist/icons/crop.js
<s> [webpack.Progress] 68% building 1852/1898 modules 46 active /var/www/trexzactyl/node_modules/source-map-loader/dist/cjs.js!/var/www/trexzactyl/node_modules/react-feather/dist/icons/credit-card.js
<s> [webpack.Progress] 68% building 1853/1898 modules 45 active /var/www/trexzactyl/node_modules/source-map-loader/dist/cjs.js!/var/www/trexzactyl/node_modules/react-feather/dist/icons/credit-card.js
<s> [webpack.Progress] 68% building 1853/1899 modules 46 active /var/www/trexzactyl/node_modules/source-map-loader/dist/cjs.js!/var/www/trexzactyl/node_modules/react-feather/dist/icons/cpu.js
<s> [webpack.Progress] 68% building 1853/1900 modules 47 active /var/www/trexzactyl/node_modules/source-map-loader/dist/cjs.js!/var/www/trexzactyl/node_modules/react-feather/dist/icons/corner-up-right.js
<s> [webpack.Progress] 68% building 1853/1901 modules 48 active /var/www/trexzactyl/node_modules/source-map-loader/dist/cjs.js!/var/www/trexzactyl/node_modules/react-feather/dist/icons/corner-up-left.js
<s> [webpack.Progress] 68% building 1853/1902 modules 49 active /var/www/trexzactyl/node_modules/source-map-loader/dist/cjs.js!/var/www/trexzactyl/node_modules/react-feather/dist/icons/corner-right-up.js
<s> [webpack.Progress] 68% building 1853/1903 modules 50 active /var/www/trexzactyl/node_modules/source-map-loader/dist/cjs.js!/var/www/trexzactyl/node_modules/react-feather/dist/icons/corner-right-down.js
<s> [webpack.Progress] 68% building 1854/1903 modules 49 active /var/www/trexzactyl/node_modules/source-map-loader/dist/cjs.js!/var/www/trexzactyl/node_modules/react-feather/dist/icons/corner-right-down.js
<s> [webpack.Progress] 68% building 1855/1903 modules 48 active /var/www/trexzactyl/node_modules/source-map-loader/dist/cjs.js!/var/www/trexzactyl/node_modules/react-feather/dist/icons/corner-right-down.js
<s> [webpack.Progress] 68% building 1856/1903 modules 47 active /var/www/trexzactyl/node_modules/source-map-loader/dist/cjs.js!/var/www/trexzactyl/node_modules/react-feather/dist/icons/corner-right-down.js
<s> [webpack.Progress] 68% building 1856/1904 modules 48 active /var/www/trexzactyl/node_modules/source-map-loader/dist/cjs.js!/var/www/trexzactyl/node_modules/react-feather/dist/icons/corner-left-up.js
<s> [webpack.Progress] 68% building 1856/1905 modules 49 active /var/www/trexzactyl/node_modules/source-map-loader/dist/cjs.js!/var/www/trexzactyl/node_modules/react-feather/dist/icons/corner-left-down.js
<s> [webpack.Progress] 68% building 1856/1906 modules 50 active /var/www/trexzactyl/node_modules/source-map-loader/dist/cjs.js!/var/www/trexzactyl/node_modules/react-feather/dist/icons/corner-down-right.js
<s> [webpack.Progress] 68% building 1857/1906 modules 49 active /var/www/trexzactyl/node_modules/source-map-loader/dist/cjs.js!/var/www/trexzactyl/node_modules/react-feather/dist/icons/corner-down-right.js
<s> [webpack.Progress] 68% building 1858/1906 modules 48 active /var/www/trexzactyl/node_modules/source-map-loader/dist/cjs.js!/var/www/trexzactyl/node_modules/react-feather/dist/icons/corner-down-right.js
<s> [webpack.Progress] 68% building 1858/1907 modules 49 active /var/www/trexzactyl/node_modules/source-map-loader/dist/cjs.js!/var/www/trexzactyl/node_modules/react-feather/dist/icons/corner-down-left.js
<s> [webpack.Progress] 68% building 1858/1908 modules 50 active /var/www/trexzactyl/node_modules/source-map-loader/dist/cjs.js!/var/www/trexzactyl/node_modules/react-feather/dist/icons/copy.js
<s> [webpack.Progress] 68% building 1858/1909 modules 51 active /var/www/trexzactyl/node_modules/source-map-loader/dist/cjs.js!/var/www/trexzactyl/node_modules/react-feather/dist/icons/compass.js
<s> [webpack.Progress] 68% building 1858/1910 modules 52 active /var/www/trexzactyl/node_modules/source-map-loader/dist/cjs.js!/var/www/trexzactyl/node_modules/react-feather/dist/icons/command.js
<s> [webpack.Progress] 68% building 1858/1911 modules 53 active /var/www/trexzactyl/node_modules/source-map-loader/dist/cjs.js!/var/www/trexzactyl/node_modules/react-feather/dist/icons/columns.js
<s> [webpack.Progress] 68% building 1858/1912 modules 54 active /var/www/trexzactyl/node_modules/source-map-loader/dist/cjs.js!/var/www/trexzactyl/node_modules/react-feather/dist/icons/coffee.js
<s> [webpack.Progress] 68% building 1859/1912 modules 53 active /var/www/trexzactyl/node_modules/source-map-loader/dist/cjs.js!/var/www/trexzactyl/node_modules/react-feather/dist/icons/coffee.js
<s> [webpack.Progress] 68% building 1860/1912 modules 52 active /var/www/trexzactyl/node_modules/source-map-loader/dist/cjs.js!/var/www/trexzactyl/node_modules/react-feather/dist/icons/coffee.js
<s> [webpack.Progress] 68% building 1861/1912 modules 51 active /var/www/trexzactyl/node_modules/source-map-loader/dist/cjs.js!/var/www/trexzactyl/node_modules/react-feather/dist/icons/coffee.js
<s> [webpack.Progress] 68% building 1861/1913 modules 52 active /var/www/trexzactyl/node_modules/source-map-loader/dist/cjs.js!/var/www/trexzactyl/node_modules/lodash-es/words.js
<s> [webpack.Progress] 68% building 1862/1913 modules 51 active /var/www/trexzactyl/node_modules/source-map-loader/dist/cjs.js!/var/www/trexzactyl/node_modules/lodash-es/words.js
<s> [webpack.Progress] 68% building 1862/1914 modules 52 active /var/www/trexzactyl/node_modules/source-map-loader/dist/cjs.js!/var/www/trexzactyl/node_modules/lodash-es/deburr.js
<s> [webpack.Progress] 68% building 1862/1915 modules 53 active /var/www/trexzactyl/node_modules/source-map-loader/dist/cjs.js!/var/www/trexzactyl/node_modules/react-feather/dist/icons/codesandbox.js
<s> [webpack.Progress] 68% building 1863/1915 modules 52 active /var/www/trexzactyl/node_modules/source-map-loader/dist/cjs.js!/var/www/trexzactyl/node_modules/react-feather/dist/icons/codesandbox.js
<s> [webpack.Progress] 68% building 1863/1916 modules 53 active /var/www/trexzactyl/node_modules/source-map-loader/dist/cjs.js!/var/www/trexzactyl/node_modules/react-feather/dist/icons/code.js
<s> [webpack.Progress] 68% building 1863/1917 modules 54 active /var/www/trexzactyl/node_modules/source-map-loader/dist/cjs.js!/var/www/trexzactyl/node_modules/react-feather/dist/icons/codepen.js
<s> [webpack.Progress] 68% building 1863/1918 modules 55 active /var/www/trexzactyl/node_modules/source-map-loader/dist/cjs.js!/var/www/trexzactyl/node_modules/react-feather/dist/icons/cloud.js
<s> [webpack.Progress] 68% building 1863/1919 modules 56 active /var/www/trexzactyl/node_modules/source-map-loader/dist/cjs.js!/var/www/trexzactyl/node_modules/react-feather/dist/icons/cloud-snow.js
<s> [webpack.Progress] 68% building 1863/1920 modules 57 active /var/www/trexzactyl/node_modules/source-map-loader/dist/cjs.js!/var/www/trexzactyl/node_modules/react-feather/dist/icons/cloud-rain.js
<s> [webpack.Progress] 68% building 1864/1920 modules 56 active /var/www/trexzactyl/node_modules/source-map-loader/dist/cjs.js!/var/www/trexzactyl/node_modules/react-feather/dist/icons/cloud-rain.js
<s> [webpack.Progress] 68% building 1864/1921 modules 57 active /var/www/trexzactyl/node_modules/source-map-loader/dist/cjs.js!/var/www/trexzactyl/node_modules/react-feather/dist/icons/cloud-off.js
<s> [webpack.Progress] 68% building 1864/1922 modules 58 active /var/www/trexzactyl/node_modules/source-map-loader/dist/cjs.js!/var/www/trexzactyl/node_modules/react-feather/dist/icons/cloud-lightning.js
<s> [webpack.Progress] 68% building 1864/1923 modules 59 active /var/www/trexzactyl/node_modules/source-map-loader/dist/cjs.js!/var/www/trexzactyl/node_modules/react-feather/dist/icons/cloud-drizzle.js
<s> [webpack.Progress] 68% building 1864/1924 modules 60 active /var/www/trexzactyl/node_modules/source-map-loader/dist/cjs.js!/var/www/trexzactyl/node_modules/react-feather/dist/icons/clock.js
<s> [webpack.Progress] 68% building 1864/1925 modules 61 active /var/www/trexzactyl/node_modules/source-map-loader/dist/cjs.js!/var/www/trexzactyl/node_modules/react-feather/dist/icons/clipboard.js
<s> [webpack.Progress] 68% building 1864/1926 modules 62 active /var/www/trexzactyl/node_modules/source-map-loader/dist/cjs.js!/var/www/trexzactyl/node_modules/react-feather/dist/icons/circle.js
<s> [webpack.Progress] 68% building 1865/1926 modules 61 active /var/www/trexzactyl/node_modules/source-map-loader/dist/cjs.js!/var/www/trexzactyl/node_modules/react-feather/dist/icons/circle.js
<s> [webpack.Progress] 68% building 1866/1926 modules 60 active /var/www/trexzactyl/node_modules/source-map-loader/dist/cjs.js!/var/www/trexzactyl/node_modules/react-feather/dist/icons/circle.js
<s> [webpack.Progress] 68% building 1867/1926 modules 59 active /var/www/trexzactyl/node_modules/source-map-loader/dist/cjs.js!/var/www/trexzactyl/node_modules/react-feather/dist/icons/circle.js
<s> [webpack.Progress] 68% building 1868/1926 modules 58 active /var/www/trexzactyl/node_modules/source-map-loader/dist/cjs.js!/var/www/trexzactyl/node_modules/react-feather/dist/icons/circle.js
<s> [webpack.Progress] 68% building 1869/1926 modules 57 active /var/www/trexzactyl/node_modules/source-map-loader/dist/cjs.js!/var/www/trexzactyl/node_modules/react-feather/dist/icons/circle.js
<s> [webpack.Progress] 68% building 1870/1926 modules 56 active /var/www/trexzactyl/node_modules/source-map-loader/dist/cjs.js!/var/www/trexzactyl/node_modules/react-feather/dist/icons/circle.js
<s> [webpack.Progress] 68% building 1871/1926 modules 55 active /var/www/trexzactyl/node_modules/source-map-loader/dist/cjs.js!/var/www/trexzactyl/node_modules/react-feather/dist/icons/circle.js
<s> [webpack.Progress] 68% building 1872/1926 modules 54 active /var/www/trexzactyl/node_modules/source-map-loader/dist/cjs.js!/var/www/trexzactyl/node_modules/react-feather/dist/icons/circle.js
<s> [webpack.Progress] 68% building 1873/1926 modules 53 active /var/www/trexzactyl/node_modules/source-map-loader/dist/cjs.js!/var/www/trexzactyl/node_modules/react-feather/dist/icons/circle.js
<s> [webpack.Progress] 68% building 1874/1926 modules 52 active /var/www/trexzactyl/node_modules/source-map-loader/dist/cjs.js!/var/www/trexzactyl/node_modules/react-feather/dist/icons/circle.js
<s> [webpack.Progress] 68% building 1875/1926 modules 51 active /var/www/trexzactyl/node_modules/source-map-loader/dist/cjs.js!/var/www/trexzactyl/node_modules/react-feather/dist/icons/circle.js
<s> [webpack.Progress] 68% building 1875/1927 modules 52 active /var/www/trexzactyl/node_modules/source-map-loader/dist/cjs.js!/var/www/trexzactyl/node_modules/toposort/index.js
<s> [webpack.Progress] 68% building 1876/1927 modules 51 active /var/www/trexzactyl/node_modules/source-map-loader/dist/cjs.js!/var/www/trexzactyl/node_modules/toposort/index.js
<s> [webpack.Progress] 68% building 1877/1927 modules 50 active /var/www/trexzactyl/node_modules/source-map-loader/dist/cjs.js!/var/www/trexzactyl/node_modules/toposort/index.js
<s> [webpack.Progress] 68% building 1878/1927 modules 49 active /var/www/trexzactyl/node_modules/source-map-loader/dist/cjs.js!/var/www/trexzactyl/node_modules/toposort/index.js
<s> [webpack.Progress] 68% building 1879/1927 modules 48 active /var/www/trexzactyl/node_modules/source-map-loader/dist/cjs.js!/var/www/trexzactyl/node_modules/toposort/index.js
<s> [webpack.Progress] 68% building 1879/1928 modules 49 active /var/www/trexzactyl/node_modules/source-map-loader/dist/cjs.js!/var/www/trexzactyl/node_modules/axios/lib/helpers/parseProtocol.js
<s> [webpack.Progress] 68% building 1879/1929 modules 50 active /var/www/trexzactyl/node_modules/source-map-loader/dist/cjs.js!/var/www/trexzactyl/node_modules/axios/lib/helpers/isURLSameOrigin.js
<s> [webpack.Progress] 68% building 1879/1930 modules 51 active /var/www/trexzactyl/node_modules/source-map-loader/dist/cjs.js!/var/www/trexzactyl/node_modules/axios/lib/helpers/parseHeaders.js
<s> [webpack.Progress] 68% building 1880/1930 modules 50 active /var/www/trexzactyl/node_modules/source-map-loader/dist/cjs.js!/var/www/trexzactyl/node_modules/axios/lib/helpers/parseHeaders.js
<s> [webpack.Progress] 68% building 1881/1930 modules 49 active /var/www/trexzactyl/node_modules/source-map-loader/dist/cjs.js!/var/www/trexzactyl/node_modules/axios/lib/helpers/parseHeaders.js
<s> [webpack.Progress] 68% building 1881/1931 modules 50 active /var/www/trexzactyl/node_modules/source-map-loader/dist/cjs.js!/var/www/trexzactyl/node_modules/axios/lib/helpers/cookies.js
<s> [webpack.Progress] 68% building 1882/1931 modules 49 active /var/www/trexzactyl/node_modules/source-map-loader/dist/cjs.js!/var/www/trexzactyl/node_modules/axios/lib/helpers/cookies.js
<s> [webpack.Progress] 68% building 1882/1932 modules 50 active /var/www/trexzactyl/node_modules/source-map-loader/dist/cjs.js!/var/www/trexzactyl/node_modules/axios/lib/core/settle.js
<s> [webpack.Progress] 68% building 1883/1932 modules 49 active /var/www/trexzactyl/node_modules/source-map-loader/dist/cjs.js!/var/www/trexzactyl/node_modules/axios/lib/core/settle.js
<s> [webpack.Progress] 68% building 1883/1933 modules 50 active /var/www/trexzactyl/node_modules/source-map-loader/dist/cjs.js!/var/www/trexzactyl/node_modules/react-feather/dist/icons/chrome.js
<s> [webpack.Progress] 68% building 1883/1934 modules 51 active /var/www/trexzactyl/node_modules/source-map-loader/dist/cjs.js!/var/www/trexzactyl/node_modules/react-feather/dist/icons/chevrons-up.js
<s> [webpack.Progress] 68% building 1884/1934 modules 50 active /var/www/trexzactyl/node_modules/source-map-loader/dist/cjs.js!/var/www/trexzactyl/node_modules/react-feather/dist/icons/chevrons-up.js
<s> [webpack.Progress] 68% building 1885/1934 modules 49 active /var/www/trexzactyl/node_modules/source-map-loader/dist/cjs.js!/var/www/trexzactyl/node_modules/react-feather/dist/icons/chevrons-up.js
<s> [webpack.Progress] 68% building 1885/1935 modules 50 active /var/www/trexzactyl/node_modules/source-map-loader/dist/cjs.js!/var/www/trexzactyl/node_modules/react-feather/dist/icons/chevrons-right.js
<s> [webpack.Progress] 68% building 1885/1936 modules 51 active /var/www/trexzactyl/node_modules/source-map-loader/dist/cjs.js!/var/www/trexzactyl/node_modules/react-feather/dist/icons/chevrons-left.js
<s> [webpack.Progress] 68% building 1885/1937 modules 52 active /var/www/trexzactyl/node_modules/source-map-loader/dist/cjs.js!/var/www/trexzactyl/node_modules/react-feather/dist/icons/chevrons-down.js
<s> [webpack.Progress] 68% building 1886/1937 modules 51 active /var/www/trexzactyl/node_modules/source-map-loader/dist/cjs.js!/var/www/trexzactyl/node_modules/react-feather/dist/icons/chevrons-down.js
<s> [webpack.Progress] 68% building 1887/1937 modules 50 active /var/www/trexzactyl/node_modules/source-map-loader/dist/cjs.js!/var/www/trexzactyl/node_modules/react-feather/dist/icons/chevrons-down.js
<s> [webpack.Progress] 68% building 1888/1937 modules 49 active /var/www/trexzactyl/node_modules/source-map-loader/dist/cjs.js!/var/www/trexzactyl/node_modules/react-feather/dist/icons/chevrons-down.js
<s> [webpack.Progress] 68% building 1889/1937 modules 48 active /var/www/trexzactyl/node_modules/source-map-loader/dist/cjs.js!/var/www/trexzactyl/node_modules/react-feather/dist/icons/chevrons-down.js
<s> [webpack.Progress] 68% building 1890/1937 modules 47 active /var/www/trexzactyl/node_modules/source-map-loader/dist/cjs.js!/var/www/trexzactyl/node_modules/react-feather/dist/icons/chevrons-down.js
<s> [webpack.Progress] 68% building 1891/1937 modules 46 active /var/www/trexzactyl/node_modules/source-map-loader/dist/cjs.js!/var/www/trexzactyl/node_modules/react-feather/dist/icons/chevrons-down.js
<s> [webpack.Progress] 68% building 1892/1937 modules 45 active /var/www/trexzactyl/node_modules/source-map-loader/dist/cjs.js!/var/www/trexzactyl/node_modules/react-feather/dist/icons/chevrons-down.js
<s> [webpack.Progress] 68% building 1893/1937 modules 44 active /var/www/trexzactyl/node_modules/source-map-loader/dist/cjs.js!/var/www/trexzactyl/node_modules/react-feather/dist/icons/chevrons-down.js
<s> [webpack.Progress] 68% building 1893/1938 modules 45 active /var/www/trexzactyl/node_modules/source-map-loader/dist/cjs.js!/var/www/trexzactyl/node_modules/react-feather/dist/icons/chevron-up.js
<s> [webpack.Progress] 68% building 1894/1938 modules 44 active /var/www/trexzactyl/node_modules/source-map-loader/dist/cjs.js!/var/www/trexzactyl/node_modules/react-feather/dist/icons/chevron-up.js
<s> [webpack.Progress] 68% building 1894/1939 modules 45 active /var/www/trexzactyl/node_modules/source-map-loader/dist/cjs.js!/var/www/trexzactyl/node_modules/react-feather/dist/icons/chevron-right.js
<s> [webpack.Progress] 68% building 1895/1939 modules 44 active /var/www/trexzactyl/node_modules/source-map-loader/dist/cjs.js!/var/www/trexzactyl/node_modules/react-feather/dist/icons/chevron-right.js
<s> [webpack.Progress] 68% building 1896/1939 modules 43 active /var/www/trexzactyl/node_modules/source-map-loader/dist/cjs.js!/var/www/trexzactyl/node_modules/react-feather/dist/icons/chevron-right.js
<s> [webpack.Progress] 68% building 1897/1939 modules 42 active /var/www/trexzactyl/node_modules/source-map-loader/dist/cjs.js!/var/www/trexzactyl/node_modules/react-feather/dist/icons/chevron-right.js
<s> [webpack.Progress] 68% building 1898/1939 modules 41 active /var/www/trexzactyl/node_modules/source-map-loader/dist/cjs.js!/var/www/trexzactyl/node_modules/react-feather/dist/icons/chevron-right.js
<s> [webpack.Progress] 68% building 1899/1939 modules 40 active /var/www/trexzactyl/node_modules/source-map-loader/dist/cjs.js!/var/www/trexzactyl/node_modules/react-feather/dist/icons/chevron-right.js
<s> [webpack.Progress] 68% building 1900/1939 modules 39 active /var/www/trexzactyl/node_modules/source-map-loader/dist/cjs.js!/var/www/trexzactyl/node_modules/react-feather/dist/icons/chevron-right.js
<s> [webpack.Progress] 68% building 1901/1939 modules 38 active /var/www/trexzactyl/node_modules/source-map-loader/dist/cjs.js!/var/www/trexzactyl/node_modules/react-feather/dist/icons/chevron-right.js
<s> [webpack.Progress] 68% building 1901/1940 modules 39 active /var/www/trexzactyl/node_modules/source-map-loader/dist/cjs.js!/var/www/trexzactyl/node_modules/react-feather/dist/icons/chevron-left.js
<s> [webpack.Progress] 68% building 1901/1941 modules 40 active /var/www/trexzactyl/node_modules/source-map-loader/dist/cjs.js!/var/www/trexzactyl/node_modules/react-feather/dist/icons/chevron-down.js
<s> [webpack.Progress] 68% building 1902/1941 modules 39 active /var/www/trexzactyl/node_modules/source-map-loader/dist/cjs.js!/var/www/trexzactyl/node_modules/react-feather/dist/icons/chevron-down.js
<s> [webpack.Progress] 68% building 1903/1941 modules 38 active /var/www/trexzactyl/node_modules/source-map-loader/dist/cjs.js!/var/www/trexzactyl/node_modules/react-feather/dist/icons/chevron-down.js
<s> [webpack.Progress] 68% building 1904/1941 modules 37 active /var/www/trexzactyl/node_modules/source-map-loader/dist/cjs.js!/var/www/trexzactyl/node_modules/react-feather/dist/icons/chevron-down.js
<s> [webpack.Progress] 68% building 1905/1941 modules 36 active /var/www/trexzactyl/node_modules/source-map-loader/dist/cjs.js!/var/www/trexzactyl/node_modules/react-feather/dist/icons/chevron-down.js
<s> [webpack.Progress] 68% building 1906/1941 modules 35 active /var/www/trexzactyl/node_modules/source-map-loader/dist/cjs.js!/var/www/trexzactyl/node_modules/react-feather/dist/icons/chevron-down.js
<s> [webpack.Progress] 68% building 1907/1941 modules 34 active /var/www/trexzactyl/node_modules/source-map-loader/dist/cjs.js!/var/www/trexzactyl/node_modules/react-feather/dist/icons/chevron-down.js
<s> [webpack.Progress] 68% building 1908/1941 modules 33 active /var/www/trexzactyl/node_modules/source-map-loader/dist/cjs.js!/var/www/trexzactyl/node_modules/react-feather/dist/icons/chevron-down.js
<s> [webpack.Progress] 69% building 1909/1941 modules 32 active /var/www/trexzactyl/node_modules/source-map-loader/dist/cjs.js!/var/www/trexzactyl/node_modules/react-feather/dist/icons/chevron-down.js
<s> [webpack.Progress] 69% building 1910/1941 modules 31 active /var/www/trexzactyl/node_modules/source-map-loader/dist/cjs.js!/var/www/trexzactyl/node_modules/react-feather/dist/icons/chevron-down.js
<s> [webpack.Progress] 69% building 1911/1941 modules 30 active /var/www/trexzactyl/node_modules/source-map-loader/dist/cjs.js!/var/www/trexzactyl/node_modules/react-feather/dist/icons/chevron-down.js
<s> [webpack.Progress] 69% building 1912/1941 modules 29 active /var/www/trexzactyl/node_modules/source-map-loader/dist/cjs.js!/var/www/trexzactyl/node_modules/react-feather/dist/icons/chevron-down.js
<s> [webpack.Progress] 69% building 1913/1941 modules 28 active /var/www/trexzactyl/node_modules/source-map-loader/dist/cjs.js!/var/www/trexzactyl/node_modules/react-feather/dist/icons/chevron-down.js
<s> [webpack.Progress] 69% building 1913/1942 modules 29 active /var/www/trexzactyl/node_modules/source-map-loader/dist/cjs.js!/var/www/trexzactyl/node_modules/react-feather/dist/icons/check.js
<s> [webpack.Progress] 69% building 1913/1943 modules 30 active /var/www/trexzactyl/node_modules/source-map-loader/dist/cjs.js!/var/www/trexzactyl/node_modules/react-feather/dist/icons/check-square.js
<s> [webpack.Progress] 69% building 1913/1944 modules 31 active /var/www/trexzactyl/node_modules/source-map-loader/dist/cjs.js!/var/www/trexzactyl/node_modules/react-feather/dist/icons/check-circle.js
<s> [webpack.Progress] 69% building 1914/1944 modules 30 active /var/www/trexzactyl/node_modules/source-map-loader/dist/cjs.js!/var/www/trexzactyl/node_modules/react-feather/dist/icons/check-circle.js
<s> [webpack.Progress] 69% building 1915/1944 modules 29 active /var/www/trexzactyl/node_modules/source-map-loader/dist/cjs.js!/var/www/trexzactyl/node_modules/react-feather/dist/icons/check-circle.js
<s> [webpack.Progress] 69% building 1916/1944 modules 28 active /var/www/trexzactyl/node_modules/source-map-loader/dist/cjs.js!/var/www/trexzactyl/node_modules/react-feather/dist/icons/check-circle.js
<s> [webpack.Progress] 69% building 1917/1944 modules 27 active /var/www/trexzactyl/node_modules/source-map-loader/dist/cjs.js!/var/www/trexzactyl/node_modules/react-feather/dist/icons/check-circle.js
<s> [webpack.Progress] 69% building 1918/1944 modules 26 active /var/www/trexzactyl/node_modules/source-map-loader/dist/cjs.js!/var/www/trexzactyl/node_modules/react-feather/dist/icons/check-circle.js
<s> [webpack.Progress] 69% building 1918/1945 modules 27 active /var/www/trexzactyl/node_modules/source-map-loader/dist/cjs.js!/var/www/trexzactyl/node_modules/react-feather/dist/icons/cast.js
<s> [webpack.Progress] 69% building 1919/1945 modules 26 active /var/www/trexzactyl/node_modules/source-map-loader/dist/cjs.js!/var/www/trexzactyl/node_modules/react-feather/dist/icons/cast.js
<s> [webpack.Progress] 69% building 1920/1945 modules 25 active /var/www/trexzactyl/node_modules/source-map-loader/dist/cjs.js!/var/www/trexzactyl/node_modules/react-feather/dist/icons/cast.js
<s> [webpack.Progress] 69% building 1921/1945 modules 24 active /var/www/trexzactyl/node_modules/source-map-loader/dist/cjs.js!/var/www/trexzactyl/node_modules/react-feather/dist/icons/cast.js
<s> [webpack.Progress] 69% building 1922/1945 modules 23 active /var/www/trexzactyl/node_modules/source-map-loader/dist/cjs.js!/var/www/trexzactyl/node_modules/react-feather/dist/icons/cast.js
<s> [webpack.Progress] 69% building 1923/1945 modules 22 active /var/www/trexzactyl/node_modules/source-map-loader/dist/cjs.js!/var/www/trexzactyl/node_modules/react-feather/dist/icons/cast.js
<s> [webpack.Progress] 69% building 1923/1946 modules 23 active /var/www/trexzactyl/node_modules/source-map-loader/dist/cjs.js!/var/www/trexzactyl/node_modules/react-feather/dist/icons/camera.js
<s> [webpack.Progress] 69% building 1923/1947 modules 24 active /var/www/trexzactyl/node_modules/source-map-loader/dist/cjs.js!/var/www/trexzactyl/node_modules/react-feather/dist/icons/camera-off.js
<s> [webpack.Progress] 69% building 1923/1948 modules 25 active /var/www/trexzactyl/node_modules/source-map-loader/dist/cjs.js!/var/www/trexzactyl/node_modules/react-feather/dist/icons/calendar.js
<s> [webpack.Progress] 69% building 1923/1949 modules 26 active /var/www/trexzactyl/node_modules/source-map-loader/dist/cjs.js!/var/www/trexzactyl/node_modules/react-feather/dist/icons/briefcase.js
<s> [webpack.Progress] 69% building 1923/1950 modules 27 active /var/www/trexzactyl/node_modules/source-map-loader/dist/cjs.js!/var/www/trexzactyl/node_modules/react-feather/dist/icons/box.js
<s> [webpack.Progress] 69% building 1923/1951 modules 28 active /var/www/trexzactyl/node_modules/source-map-loader/dist/cjs.js!/var/www/trexzactyl/node_modules/react-feather/dist/icons/bookmark.js
<s> [webpack.Progress] 69% building 1923/1952 modules 29 active /var/www/trexzactyl/node_modules/source-map-loader/dist/cjs.js!/var/www/trexzactyl/node_modules/react-feather/dist/icons/book.js
<s> [webpack.Progress] 69% building 1923/1953 modules 30 active /var/www/trexzactyl/node_modules/source-map-loader/dist/cjs.js!/var/www/trexzactyl/node_modules/react-feather/dist/icons/book-open.js
<s> [webpack.Progress] 69% building 1923/1954 modules 31 active /var/www/trexzactyl/node_modules/source-map-loader/dist/cjs.js!/var/www/trexzactyl/node_modules/react-feather/dist/icons/bold.js
<s> [webpack.Progress] 69% building 1924/1954 modules 30 active /var/www/trexzactyl/node_modules/source-map-loader/dist/cjs.js!/var/www/trexzactyl/node_modules/react-feather/dist/icons/bold.js
<s> [webpack.Progress] 69% building 1924/1955 modules 31 active /var/www/trexzactyl/node_modules/source-map-loader/dist/cjs.js!/var/www/trexzactyl/node_modules/react-feather/dist/icons/bluetooth.js
<s> [webpack.Progress] 69% building 1925/1955 modules 30 active /var/www/trexzactyl/node_modules/source-map-loader/dist/cjs.js!/var/www/trexzactyl/node_modules/react-feather/dist/icons/bluetooth.js
<s> [webpack.Progress] 69% building 1925/1956 modules 31 active /var/www/trexzactyl/node_modules/source-map-loader/dist/cjs.js!/var/www/trexzactyl/node_modules/lodash-es/_createCaseFirst.js
<s> [webpack.Progress] 69% building 1926/1956 modules 30 active /var/www/trexzactyl/node_modules/source-map-loader/dist/cjs.js!/var/www/trexzactyl/node_modules/lodash-es/_createCaseFirst.js
<s> [webpack.Progress] 69% building 1926/1957 modules 31 active /var/www/trexzactyl/node_modules/source-map-loader/dist/cjs.js!/var/www/trexzactyl/node_modules/react-feather/dist/icons/bell.js
<s> [webpack.Progress] 69% building 1926/1958 modules 32 active /var/www/trexzactyl/node_modules/source-map-loader/dist/cjs.js!/var/www/trexzactyl/node_modules/react-feather/dist/icons/bell-off.js
<s> [webpack.Progress] 69% building 1927/1958 modules 31 active /var/www/trexzactyl/node_modules/source-map-loader/dist/cjs.js!/var/www/trexzactyl/node_modules/react-feather/dist/icons/bell-off.js
<s> [webpack.Progress] 69% building 1927/1959 modules 32 active /var/www/trexzactyl/node_modules/source-map-loader/dist/cjs.js!/var/www/trexzactyl/node_modules/lodash-es/_asciiWords.js
<s> [webpack.Progress] 68% building 1927/1960 modules 33 active /var/www/trexzactyl/node_modules/source-map-loader/dist/cjs.js!/var/www/trexzactyl/node_modules/lodash-es/_unicodeWords.js
<s> [webpack.Progress] 68% building 1927/1961 modules 34 active /var/www/trexzactyl/node_modules/source-map-loader/dist/cjs.js!/var/www/trexzactyl/node_modules/lodash-es/_deburrLetter.js
<s> [webpack.Progress] 68% building 1927/1962 modules 35 active /var/www/trexzactyl/node_modules/source-map-loader/dist/cjs.js!/var/www/trexzactyl/node_modules/lodash-es/_hasUnicodeWord.js
<s> [webpack.Progress] 68% building 1927/1963 modules 36 active /var/www/trexzactyl/node_modules/babel-loader/lib/index.js!/var/www/trexzactyl/resources/scripts/api/server/schedules/getServerSchedule.ts
<s> [webpack.Progress] 68% building 1927/1964 modules 37 active /var/www/trexzactyl/node_modules/source-map-loader/dist/cjs.js!/var/www/trexzactyl/node_modules/react-feather/dist/icons/battery.js
<s> [webpack.Progress] 68% building 1927/1965 modules 38 active /var/www/trexzactyl/node_modules/source-map-loader/dist/cjs.js!/var/www/trexzactyl/node_modules/react-feather/dist/icons/battery-charging.js
<s> [webpack.Progress] 68% building 1927/1966 modules 39 active /var/www/trexzactyl/node_modules/source-map-loader/dist/cjs.js!/var/www/trexzactyl/node_modules/react-feather/dist/icons/bar-chart.js
<s> [webpack.Progress] 68% building 1927/1967 modules 40 active /var/www/trexzactyl/node_modules/source-map-loader/dist/cjs.js!/var/www/trexzactyl/node_modules/react-feather/dist/icons/bar-chart-2.js
<s> [webpack.Progress] 68% building 1927/1968 modules 41 active /var/www/trexzactyl/node_modules/source-map-loader/dist/cjs.js!/var/www/trexzactyl/node_modules/react-feather/dist/icons/award.js
<s> [webpack.Progress] 68% building 1927/1969 modules 42 active /var/www/trexzactyl/node_modules/source-map-loader/dist/cjs.js!/var/www/trexzactyl/node_modules/react-feather/dist/icons/at-sign.js
<s> [webpack.Progress] 68% building 1927/1970 modules 43 active /var/www/trexzactyl/node_modules/source-map-loader/dist/cjs.js!/var/www/trexzactyl/node_modules/react-feather/dist/icons/arrow-up.js
<s> [webpack.Progress] 68% building 1928/1970 modules 42 active /var/www/trexzactyl/node_modules/source-map-loader/dist/cjs.js!/var/www/trexzactyl/node_modules/react-feather/dist/icons/arrow-up.js
<s> [webpack.Progress] 68% building 1929/1970 modules 41 active /var/www/trexzactyl/node_modules/source-map-loader/dist/cjs.js!/var/www/trexzactyl/node_modules/react-feather/dist/icons/arrow-up.js
<s> [webpack.Progress] 68% building 1930/1970 modules 40 active /var/www/trexzactyl/node_modules/source-map-loader/dist/cjs.js!/var/www/trexzactyl/node_modules/react-feather/dist/icons/arrow-up.js
<s> [webpack.Progress] 68% building 1931/1970 modules 39 active /var/www/trexzactyl/node_modules/source-map-loader/dist/cjs.js!/var/www/trexzactyl/node_modules/react-feather/dist/icons/arrow-up.js
<s> [webpack.Progress] 68% building 1931/1971 modules 40 active /var/www/trexzactyl/node_modules/source-map-loader/dist/cjs.js!/var/www/trexzactyl/node_modules/react-feather/dist/icons/arrow-up-right.js
<s> [webpack.Progress] 68% building 1931/1972 modules 41 active /var/www/trexzactyl/node_modules/babel-loader/lib/index.js!/var/www/trexzactyl/resources/scripts/plugins/useFileManagerSwr.ts
<s> [webpack.Progress] 68% building 1931/1973 modules 42 active /var/www/trexzactyl/node_modules/babel-loader/lib/index.js!/var/www/trexzactyl/resources/scripts/helpers.ts
<s> [webpack.Progress] 68% building 1931/1974 modules 43 active /var/www/trexzactyl/node_modules/source-map-loader/dist/cjs.js!/var/www/trexzactyl/node_modules/react-feather/dist/icons/arrow-up-left.js
<s> [webpack.Progress] 68% building 1931/1975 modules 44 active /var/www/trexzactyl/node_modules/source-map-loader/dist/cjs.js!/var/www/trexzactyl/node_modules/react-feather/dist/icons/arrow-up-circle.js
<s> [webpack.Progress] 68% building 1931/1976 modules 45 active /var/www/trexzactyl/node_modules/source-map-loader/dist/cjs.js!/var/www/trexzactyl/node_modules/react-feather/dist/icons/arrow-right.js
<s> [webpack.Progress] 68% building 1932/1976 modules 44 active /var/www/trexzactyl/node_modules/source-map-loader/dist/cjs.js!/var/www/trexzactyl/node_modules/react-feather/dist/icons/arrow-right.js
<s> [webpack.Progress] 68% building 1932/1977 modules 45 active /var/www/trexzactyl/node_modules/source-map-loader/dist/cjs.js!/var/www/trexzactyl/node_modules/react-feather/dist/icons/arrow-right-circle.js
<s> [webpack.Progress] 68% building 1932/1978 modules 46 active /var/www/trexzactyl/node_modules/source-map-loader/dist/cjs.js!/var/www/trexzactyl/node_modules/react-feather/dist/icons/arrow-left.js
<s> [webpack.Progress] 68% building 1932/1979 modules 47 active /var/www/trexzactyl/node_modules/source-map-loader/dist/cjs.js!/var/www/trexzactyl/node_modules/react-feather/dist/icons/arrow-left-circle.js
<s> [webpack.Progress] 68% building 1932/1980 modules 48 active /var/www/trexzactyl/node_modules/source-map-loader/dist/cjs.js!/var/www/trexzactyl/node_modules/react-feather/dist/icons/arrow-down.js
<s> [webpack.Progress] 68% building 1933/1980 modules 47 active /var/www/trexzactyl/node_modules/source-map-loader/dist/cjs.js!/var/www/trexzactyl/node_modules/react-feather/dist/icons/arrow-down.js
<s> [webpack.Progress] 68% building 1933/1981 modules 48 active /var/www/trexzactyl/node_modules/babel-loader/lib/index.js!/var/www/trexzactyl/resources/scripts/components/server/events.ts
<s> [webpack.Progress] 68% building 1934/1981 modules 47 active /var/www/trexzactyl/node_modules/babel-loader/lib/index.js!/var/www/trexzactyl/resources/scripts/components/server/events.ts
<s> [webpack.Progress] 68% building 1935/1981 modules 46 active /var/www/trexzactyl/node_modules/babel-loader/lib/index.js!/var/www/trexzactyl/resources/scripts/components/server/events.ts
<s> [webpack.Progress] 68% building 1936/1981 modules 45 active /var/www/trexzactyl/node_modules/babel-loader/lib/index.js!/var/www/trexzactyl/resources/scripts/components/server/events.ts
<s> [webpack.Progress] 68% building 1937/1981 modules 44 active /var/www/trexzactyl/node_modules/babel-loader/lib/index.js!/var/www/trexzactyl/resources/scripts/components/server/events.ts
<s> [webpack.Progress] 68% building 1937/1982 modules 45 active /var/www/trexzactyl/node_modules/babel-loader/lib/index.js!/var/www/trexzactyl/resources/scripts/components/server/schedules/ScheduleTaskRow.tsx
<s> [webpack.Progress] 68% building 1937/1983 modules 46 active /var/www/trexzactyl/node_modules/babel-loader/lib/index.js!/var/www/trexzactyl/resources/scripts/components/server/schedules/EditScheduleModal.tsx
<s> [webpack.Progress] 68% building 1937/1984 modules 47 active /var/www/trexzactyl/node_modules/babel-loader/lib/index.js!/var/www/trexzactyl/resources/scripts/components/server/schedules/ScheduleCronRow.tsx
<s> [webpack.Progress] 68% building 1937/1985 modules 48 active /var/www/trexzactyl/node_modules/source-map-loader/dist/cjs.js!/var/www/trexzactyl/node_modules/react-feather/dist/icons/arrow-down-right.js
<s> [webpack.Progress] 68% building 1937/1986 modules 49 active /var/www/trexzactyl/node_modules/source-map-loader/dist/cjs.js!/var/www/trexzactyl/node_modules/react-feather/dist/icons/arrow-down-left.js
<s> [webpack.Progress] 68% building 1937/1987 modules 50 active /var/www/trexzactyl/node_modules/babel-loader/lib/index.js!/var/www/trexzactyl/resources/scripts/api/server/analytics.ts
<s> [webpack.Progress] 68% building 1937/1988 modules 51 active /var/www/trexzactyl/node_modules/babel-loader/lib/index.js!/var/www/trexzactyl/resources/scripts/api/server/schedules/getServerSchedules.ts
<s> [webpack.Progress] 68% building 1937/1989 modules 52 active /var/www/trexzactyl/node_modules/source-map-loader/dist/cjs.js!/var/www/trexzactyl/node_modules/react-feather/dist/icons/arrow-down-circle.js
<s> [webpack.Progress] 68% building 1937/1990 modules 53 active /var/www/trexzactyl/node_modules/source-map-loader/dist/cjs.js!/var/www/trexzactyl/node_modules/react-feather/dist/icons/archive.js
<s> [webpack.Progress] 68% building 1937/1991 modules 54 active /var/www/trexzactyl/node_modules/source-map-loader/dist/cjs.js!/var/www/trexzactyl/node_modules/react-feather/dist/icons/aperture.js
<s> [webpack.Progress] 68% building 1937/1992 modules 55 active /var/www/trexzactyl/node_modules/source-map-loader/dist/cjs.js!/var/www/trexzactyl/node_modules/react-feather/dist/icons/anchor.js
<s> [webpack.Progress] 68% building 1937/1993 modules 56 active /var/www/trexzactyl/node_modules/babel-loader/lib/index.js!/var/www/trexzactyl/resources/scripts/components/server/schedules/NewTaskButton.tsx
<s> [webpack.Progress] 68% building 1937/1994 modules 57 active /var/www/trexzactyl/node_modules/babel-loader/lib/index.js!/var/www/trexzactyl/resources/scripts/components/server/console/ServerDetailsBlock.tsx
<s> [webpack.Progress] 68% building 1937/1995 modules 58 active /var/www/trexzactyl/node_modules/babel-loader/lib/index.js!/var/www/trexzactyl/resources/scripts/components/server/console/PowerButtons.tsx
<s> [webpack.Progress] 68% building 1937/1996 modules 59 active /var/www/trexzactyl/node_modules/babel-loader/lib/index.js!/var/www/trexzactyl/resources/scripts/components/server/console/Console.tsx
<s> [webpack.Progress] 68% building 1937/1997 modules 60 active /var/www/trexzactyl/node_modules/babel-loader/lib/index.js!/var/www/trexzactyl/resources/scripts/components/server/files/FileManagerBreadcrumbs.tsx
<s> [webpack.Progress] 68% building 1938/1997 modules 59 active /var/www/trexzactyl/node_modules/babel-loader/lib/index.js!/var/www/trexzactyl/resources/scripts/components/server/files/FileManagerBreadcrumbs.tsx
<s> [webpack.Progress] 68% building 1939/1997 modules 58 active /var/www/trexzactyl/node_modules/babel-loader/lib/index.js!/var/www/trexzactyl/resources/scripts/components/server/files/FileManagerBreadcrumbs.tsx
<s> [webpack.Progress] 68% building 1939/1998 modules 59 active /var/www/trexzactyl/node_modules/source-map-loader/dist/cjs.js!/var/www/trexzactyl/node_modules/react-feather/dist/icons/align-right.js
<s> [webpack.Progress] 68% building 1939/1999 modules 60 active /var/www/trexzactyl/node_modules/babel-loader/lib/index.js!/var/www/trexzactyl/resources/scripts/components/server/files/SelectFileCheckbox.tsx
<s> [webpack.Progress] 68% building 1939/2000 modules 61 active /var/www/trexzactyl/node_modules/babel-loader/lib/index.js!/var/www/trexzactyl/resources/scripts/components/server/files/NewDirectoryButton.tsx
<s> [webpack.Progress] 68% building 1939/2001 modules 62 active /var/www/trexzactyl/node_modules/babel-loader/lib/index.js!/var/www/trexzactyl/resources/scripts/components/server/files/FileManagerStatus.tsx
<s> [webpack.Progress] 68% building 1939/2002 modules 63 active /var/www/trexzactyl/node_modules/source-map-loader/dist/cjs.js!/var/www/trexzactyl/node_modules/@motionone/easing/dist/index.es.js
<s> [webpack.Progress] 68% building 1939/2003 modules 64 active /var/www/trexzactyl/node_modules/source-map-loader/dist/cjs.js!/var/www/trexzactyl/node_modules/react-feather/dist/icons/align-left.js
<s> [webpack.Progress] 68% building 1939/2004 modules 65 active /var/www/trexzactyl/node_modules/babel-loader/lib/index.js!/var/www/trexzactyl/resources/scripts/components/server/files/MassActionsBar.tsx
<s> [webpack.Progress] 68% building 1940/2004 modules 64 active /var/www/trexzactyl/node_modules/babel-loader/lib/index.js!/var/www/trexzactyl/resources/scripts/components/server/files/MassActionsBar.tsx
<s> [webpack.Progress] 68% building 1940/2005 modules 65 active /var/www/trexzactyl/node_modules/source-map-loader/dist/cjs.js!/var/www/trexzactyl/node_modules/react-feather/dist/icons/align-justify.js
<s> [webpack.Progress] 68% building 1940/2006 modules 66 active /var/www/trexzactyl/node_modules/babel-loader/lib/index.js!/var/www/trexzactyl/resources/scripts/components/server/files/FileObjectRow.tsx
<s> [webpack.Progress] 67% building 1940/2007 modules 67 active /var/www/trexzactyl/node_modules/babel-loader/lib/index.js!/var/www/trexzactyl/resources/scripts/components/server/files/UploadButton.tsx
<s> [webpack.Progress] 67% building 1940/2008 modules 68 active /var/www/trexzactyl/node_modules/babel-loader/lib/index.js!/var/www/trexzactyl/resources/scripts/components/server/files/PullFileModal.tsx
<s> [webpack.Progress] 67% building 1941/2008 modules 67 active /var/www/trexzactyl/node_modules/babel-loader/lib/index.js!/var/www/trexzactyl/resources/scripts/components/server/files/PullFileModal.tsx
<s> [webpack.Progress] 67% building 1941/2009 modules 68 active /var/www/trexzactyl/node_modules/babel-loader/lib/index.js!/var/www/trexzactyl/resources/scripts/components/server/settings/ChangeBackgroundBox.tsx
<s> [webpack.Progress] 67% building 1941/2010 modules 69 active /var/www/trexzactyl/node_modules/babel-loader/lib/index.js!/var/www/trexzactyl/resources/scripts/components/server/settings/ReinstallServerBox.tsx
<s> [webpack.Progress] 67% building 1941/2011 modules 70 active /var/www/trexzactyl/node_modules/source-map-loader/dist/cjs.js!/var/www/trexzactyl/node_modules/react-feather/dist/icons/align-center.js
<s> [webpack.Progress] 67% building 1941/2012 modules 71 active /var/www/trexzactyl/node_modules/babel-loader/lib/index.js!/var/www/trexzactyl/resources/scripts/components/server/settings/DeleteServerBox.tsx
<s> [webpack.Progress] 67% building 1941/2013 modules 72 active /var/www/trexzactyl/node_modules/babel-loader/lib/index.js!/var/www/trexzactyl/resources/scripts/components/server/settings/RenameServerBox.tsx
<s> [webpack.Progress] 67% building 1942/2013 modules 71 active /var/www/trexzactyl/node_modules/babel-loader/lib/index.js!/var/www/trexzactyl/resources/scripts/components/server/settings/RenameServerBox.tsx
<s> [webpack.Progress] 67% building 1943/2013 modules 70 active /var/www/trexzactyl/node_modules/babel-loader/lib/index.js!/var/www/trexzactyl/resources/scripts/components/server/settings/RenameServerBox.tsx
<s> [webpack.Progress] 67% building 1944/2013 modules 69 active /var/www/trexzactyl/node_modules/babel-loader/lib/index.js!/var/www/trexzactyl/resources/scripts/components/server/settings/RenameServerBox.tsx
<s> [webpack.Progress] 67% building 1944/2014 modules 70 active /var/www/trexzactyl/node_modules/source-map-loader/dist/cjs.js!/var/www/trexzactyl/node_modules/react-feather/dist/icons/alert-triangle.js
<s> [webpack.Progress] 67% building 1944/2015 modules 71 active /var/www/trexzactyl/node_modules/source-map-loader/dist/cjs.js!/var/www/trexzactyl/node_modules/react-feather/dist/icons/alert-octagon.js
<s> [webpack.Progress] 67% building 1944/2016 modules 72 active /var/www/trexzactyl/node_modules/source-map-loader/dist/cjs.js!/var/www/trexzactyl/node_modules/react-feather/dist/icons/alert-circle.js
<s> [webpack.Progress] 67% building 1944/2017 modules 73 active /var/www/trexzactyl/node_modules/babel-loader/lib/index.js!/var/www/trexzactyl/resources/scripts/components/server/analytics/UsageMetrics.tsx
<s> [webpack.Progress] 67% building 1944/2018 modules 74 active /var/www/trexzactyl/node_modules/source-map-loader/dist/cjs.js!/var/www/trexzactyl/node_modules/react-feather/dist/icons/airplay.js
<s> [webpack.Progress] 67% building 1944/2019 modules 75 active /var/www/trexzactyl/node_modules/babel-loader/lib/index.js!/var/www/trexzactyl/resources/scripts/components/server/console/StatGraphs.tsx
<s> [webpack.Progress] 67% building 1945/2019 modules 74 active /var/www/trexzactyl/node_modules/babel-loader/lib/index.js!/var/www/trexzactyl/resources/scripts/components/server/console/StatGraphs.tsx
<s> [webpack.Progress] 67% building 1945/2020 modules 75 active /var/www/trexzactyl/node_modules/babel-loader/lib/index.js!/var/www/trexzactyl/resources/scripts/components/server/features/Features.tsx
<s> [webpack.Progress] 67% building 1946/2020 modules 74 active /var/www/trexzactyl/node_modules/babel-loader/lib/index.js!/var/www/trexzactyl/resources/scripts/components/server/features/Features.tsx
<s> [webpack.Progress] 67% building 1947/2020 modules 73 active /var/www/trexzactyl/node_modules/babel-loader/lib/index.js!/var/www/trexzactyl/resources/scripts/components/server/features/Features.tsx
<s> [webpack.Progress] 67% building 1948/2020 modules 72 active /var/www/trexzactyl/node_modules/babel-loader/lib/index.js!/var/www/trexzactyl/resources/scripts/components/server/features/Features.tsx
<s> [webpack.Progress] 67% building 1949/2020 modules 71 active /var/www/trexzactyl/node_modules/babel-loader/lib/index.js!/var/www/trexzactyl/resources/scripts/components/server/features/Features.tsx
<s> [webpack.Progress] 67% building 1950/2020 modules 70 active /var/www/trexzactyl/node_modules/babel-loader/lib/index.js!/var/www/trexzactyl/resources/scripts/components/server/features/Features.tsx
<s> [webpack.Progress] 67% building 1951/2020 modules 69 active /var/www/trexzactyl/node_modules/babel-loader/lib/index.js!/var/www/trexzactyl/resources/scripts/components/server/features/Features.tsx
<s> [webpack.Progress] 67% building 1952/2020 modules 68 active /var/www/trexzactyl/node_modules/babel-loader/lib/index.js!/var/www/trexzactyl/resources/scripts/components/server/features/Features.tsx
<s> [webpack.Progress] 68% building 1953/2020 modules 67 active /var/www/trexzactyl/node_modules/babel-loader/lib/index.js!/var/www/trexzactyl/resources/scripts/components/server/features/Features.tsx
<s> [webpack.Progress] 67% building 1953/2021 modules 68 active /var/www/trexzactyl/node_modules/babel-loader/lib/index.js!/var/www/trexzactyl/resources/scripts/components/server/schedules/ScheduleRow.tsx
<s> [webpack.Progress] 68% building 1954/2021 modules 67 active /var/www/trexzactyl/node_modules/babel-loader/lib/index.js!/var/www/trexzactyl/resources/scripts/components/server/schedules/ScheduleRow.tsx
<s> [webpack.Progress] 68% building 1955/2021 modules 66 active /var/www/trexzactyl/node_modules/babel-loader/lib/index.js!/var/www/trexzactyl/resources/scripts/components/server/schedules/ScheduleRow.tsx
<s> [webpack.Progress] 68% building 1955/2022 modules 67 active /var/www/trexzactyl/node_modules/babel-loader/lib/index.js!/var/www/trexzactyl/resources/scripts/api/swr/getServerBackups.ts
<s> [webpack.Progress] 68% building 1956/2022 modules 66 active /var/www/trexzactyl/node_modules/babel-loader/lib/index.js!/var/www/trexzactyl/resources/scripts/api/swr/getServerBackups.ts
<s> [webpack.Progress] 68% building 1956/2023 modules 67 active /var/www/trexzactyl/node_modules/babel-loader/lib/index.js!/var/www/trexzactyl/resources/scripts/components/server/backups/CreateBackupButton.tsx
<s> [webpack.Progress] 68% building 1957/2023 modules 66 active /var/www/trexzactyl/node_modules/babel-loader/lib/index.js!/var/www/trexzactyl/resources/scripts/components/server/backups/CreateBackupButton.tsx
<s> [webpack.Progress] 68% building 1957/2024 modules 67 active /var/www/trexzactyl/node_modules/babel-loader/lib/index.js!/var/www/trexzactyl/resources/scripts/api/server/setSelectedDockerImage.ts
<s> [webpack.Progress] 67% building 1957/2025 modules 68 active /var/www/trexzactyl/node_modules/babel-loader/lib/index.js!/var/www/trexzactyl/resources/scripts/api/swr/getServerStartup.ts
<s> [webpack.Progress] 68% building 1958/2025 modules 67 active /var/www/trexzactyl/node_modules/babel-loader/lib/index.js!/var/www/trexzactyl/resources/scripts/api/swr/getServerStartup.ts
<s> [webpack.Progress] 67% building 1958/2026 modules 68 active /var/www/trexzactyl/node_modules/babel-loader/lib/index.js!/var/www/trexzactyl/resources/scripts/components/server/backups/BackupRow.tsx
<s> [webpack.Progress] 68% building 1959/2026 modules 67 active /var/www/trexzactyl/node_modules/babel-loader/lib/index.js!/var/www/trexzactyl/resources/scripts/components/server/backups/BackupRow.tsx
<s> [webpack.Progress] 68% building 1960/2026 modules 66 active /var/www/trexzactyl/node_modules/babel-loader/lib/index.js!/var/www/trexzactyl/resources/scripts/components/server/backups/BackupRow.tsx
<s> [webpack.Progress] 68% building 1961/2026 modules 65 active /var/www/trexzactyl/node_modules/babel-loader/lib/index.js!/var/www/trexzactyl/resources/scripts/components/server/backups/BackupRow.tsx
<s> [webpack.Progress] 68% building 1962/2026 modules 64 active /var/www/trexzactyl/node_modules/babel-loader/lib/index.js!/var/www/trexzactyl/resources/scripts/components/server/backups/BackupRow.tsx
<s> [webpack.Progress] 68% building 1962/2027 modules 65 active /var/www/trexzactyl/node_modules/babel-loader/lib/index.js!/var/www/trexzactyl/resources/scripts/modes.ts
<s> [webpack.Progress] 68% building 1963/2027 modules 64 active /var/www/trexzactyl/node_modules/babel-loader/lib/index.js!/var/www/trexzactyl/resources/scripts/modes.ts
<s> [webpack.Progress] 68% building 1964/2027 modules 63 active /var/www/trexzactyl/node_modules/babel-loader/lib/index.js!/var/www/trexzactyl/resources/scripts/modes.ts
<s> [webpack.Progress] 68% building 1964/2028 modules 64 active /var/www/trexzactyl/node_modules/babel-loader/lib/index.js!/var/www/trexzactyl/resources/scripts/api/swr/getServerAllocations.ts
<s> [webpack.Progress] 68% building 1965/2028 modules 63 active /var/www/trexzactyl/node_modules/babel-loader/lib/index.js!/var/www/trexzactyl/resources/scripts/api/swr/getServerAllocations.ts
<s> [webpack.Progress] 68% building 1966/2028 modules 62 active /var/www/trexzactyl/node_modules/babel-loader/lib/index.js!/var/www/trexzactyl/resources/scripts/api/swr/getServerAllocations.ts
<s> [webpack.Progress] 68% building 1967/2028 modules 61 active /var/www/trexzactyl/node_modules/babel-loader/lib/index.js!/var/www/trexzactyl/resources/scripts/api/swr/getServerAllocations.ts
<s> [webpack.Progress] 68% building 1967/2029 modules 62 active /var/www/trexzactyl/node_modules/babel-loader/lib/index.js!/var/www/trexzactyl/resources/scripts/components/elements/Pagination.tsx
<s> [webpack.Progress] 68% building 1968/2029 modules 61 active /var/www/trexzactyl/node_modules/babel-loader/lib/index.js!/var/www/trexzactyl/resources/scripts/components/elements/Pagination.tsx
<s> [webpack.Progress] 68% building 1969/2029 modules 60 active /var/www/trexzactyl/node_modules/babel-loader/lib/index.js!/var/www/trexzactyl/resources/scripts/components/elements/Pagination.tsx
<s> [webpack.Progress] 68% building 1970/2029 modules 59 active /var/www/trexzactyl/node_modules/babel-loader/lib/index.js!/var/www/trexzactyl/resources/scripts/components/elements/Pagination.tsx
<s> [webpack.Progress] 68% building 1970/2030 modules 60 active /var/www/trexzactyl/node_modules/babel-loader/lib/index.js!/var/www/trexzactyl/resources/scripts/components/server/startup/VariableBox.tsx
<s> [webpack.Progress] 68% building 1971/2030 modules 59 active /var/www/trexzactyl/node_modules/babel-loader/lib/index.js!/var/www/trexzactyl/resources/scripts/components/server/startup/VariableBox.tsx
<s> [webpack.Progress] 68% building 1972/2030 modules 58 active /var/www/trexzactyl/node_modules/babel-loader/lib/index.js!/var/www/trexzactyl/resources/scripts/components/server/startup/VariableBox.tsx
<s> [webpack.Progress] 68% building 1973/2030 modules 57 active /var/www/trexzactyl/node_modules/babel-loader/lib/index.js!/var/www/trexzactyl/resources/scripts/components/server/startup/VariableBox.tsx
<s> [webpack.Progress] 68% building 1974/2030 modules 56 active /var/www/trexzactyl/node_modules/babel-loader/lib/index.js!/var/www/trexzactyl/resources/scripts/components/server/startup/VariableBox.tsx
<s> [webpack.Progress] 68% building 1975/2030 modules 55 active /var/www/trexzactyl/node_modules/babel-loader/lib/index.js!/var/www/trexzactyl/resources/scripts/components/server/startup/VariableBox.tsx
<s> [webpack.Progress] 68% building 1976/2030 modules 54 active /var/www/trexzactyl/node_modules/babel-loader/lib/index.js!/var/www/trexzactyl/resources/scripts/components/server/startup/VariableBox.tsx
<s> [webpack.Progress] 68% building 1977/2030 modules 53 active /var/www/trexzactyl/node_modules/babel-loader/lib/index.js!/var/www/trexzactyl/resources/scripts/components/server/startup/VariableBox.tsx
<s> [webpack.Progress] 68% building 1977/2031 modules 54 active /var/www/trexzactyl/node_modules/babel-loader/lib/index.js!/var/www/trexzactyl/resources/scripts/api/server/editServer.ts
<s> [webpack.Progress] 68% building 1977/2032 modules 55 active /var/www/trexzactyl/node_modules/babel-loader/lib/index.js!/var/www/trexzactyl/resources/scripts/api/server/activity.ts
<s> [webpack.Progress] 68% building 1978/2032 modules 54 active /var/www/trexzactyl/node_modules/babel-loader/lib/index.js!/var/www/trexzactyl/resources/scripts/api/server/activity.ts
<s> [webpack.Progress] 68% building 1978/2033 modules 55 active /var/www/trexzactyl/node_modules/babel-loader/lib/index.js!/var/www/trexzactyl/resources/scripts/api/server/getWebsocketToken.ts
<s> [webpack.Progress] 68% building 1979/2033 modules 54 active /var/www/trexzactyl/node_modules/babel-loader/lib/index.js!/var/www/trexzactyl/resources/scripts/api/server/getWebsocketToken.ts
<s> [webpack.Progress] 68% building 1980/2033 modules 53 active /var/www/trexzactyl/node_modules/babel-loader/lib/index.js!/var/www/trexzactyl/resources/scripts/api/server/getWebsocketToken.ts
<s> [webpack.Progress] 68% building 1980/2034 modules 54 active /var/www/trexzactyl/node_modules/babel-loader/lib/index.js!/var/www/trexzactyl/resources/scripts/components/elements/CodemirrorEditor.tsx
<s> [webpack.Progress] 68% building 1981/2034 modules 53 active /var/www/trexzactyl/node_modules/babel-loader/lib/index.js!/var/www/trexzactyl/resources/scripts/components/elements/CodemirrorEditor.tsx
<s> [webpack.Progress] 68% building 1981/2035 modules 54 active /var/www/trexzactyl/node_modules/babel-loader/lib/index.js!/var/www/trexzactyl/resources/scripts/components/server/files/FileNameModal.tsx
<s> [webpack.Progress] 68% building 1981/2036 modules 55 active /var/www/trexzactyl/node_modules/source-map-loader/dist/cjs.js!/var/www/trexzactyl/node_modules/lodash-es/_castSlice.js
<s> [webpack.Progress] 68% building 1981/2037 modules 56 active /var/www/trexzactyl/node_modules/babel-loader/lib/index.js!/var/www/trexzactyl/resources/scripts/api/server/files/saveFileContents.ts
<s> [webpack.Progress] 68% building 1981/2038 modules 57 active /var/www/trexzactyl/node_modules/babel-loader/lib/index.js!/var/www/trexzactyl/resources/scripts/api/server/files/getFileContents.ts
<s> [webpack.Progress] 68% building 1982/2038 modules 56 active /var/www/trexzactyl/node_modules/babel-loader/lib/index.js!/var/www/trexzactyl/resources/scripts/api/server/files/getFileContents.ts
<s> [webpack.Progress] 68% building 1983/2038 modules 55 active /var/www/trexzactyl/node_modules/babel-loader/lib/index.js!/var/www/trexzactyl/resources/scripts/api/server/files/getFileContents.ts
<s> [webpack.Progress] 68% building 1984/2038 modules 54 active /var/www/trexzactyl/node_modules/babel-loader/lib/index.js!/var/www/trexzactyl/resources/scripts/api/server/files/getFileContents.ts
<s> [webpack.Progress] 68% building 1985/2038 modules 53 active /var/www/trexzactyl/node_modules/babel-loader/lib/index.js!/var/www/trexzactyl/resources/scripts/api/server/files/getFileContents.ts
<s> [webpack.Progress] 68% building 1986/2038 modules 52 active /var/www/trexzactyl/node_modules/babel-loader/lib/index.js!/var/www/trexzactyl/resources/scripts/api/server/files/getFileContents.ts
<s> [webpack.Progress] 68% building 1987/2038 modules 51 active /var/www/trexzactyl/node_modules/babel-loader/lib/index.js!/var/www/trexzactyl/resources/scripts/api/server/files/getFileContents.ts
<s> [webpack.Progress] 68% building 1987/2039 modules 52 active /var/www/trexzactyl/node_modules/babel-loader/lib/index.js!/var/www/trexzactyl/resources/scripts/plugins/Websocket.ts
<s> [webpack.Progress] 68% building 1988/2039 modules 51 active /var/www/trexzactyl/node_modules/babel-loader/lib/index.js!/var/www/trexzactyl/resources/scripts/plugins/Websocket.ts
<s> [webpack.Progress] 68% building 1989/2039 modules 50 active /var/www/trexzactyl/node_modules/babel-loader/lib/index.js!/var/www/trexzactyl/resources/scripts/plugins/Websocket.ts
<s> [webpack.Progress] 68% building 1990/2039 modules 49 active /var/www/trexzactyl/node_modules/babel-loader/lib/index.js!/var/www/trexzactyl/resources/scripts/plugins/Websocket.ts
<s> [webpack.Progress] 68% building 1991/2039 modules 48 active /var/www/trexzactyl/node_modules/babel-loader/lib/index.js!/var/www/trexzactyl/resources/scripts/plugins/Websocket.ts
<s> [webpack.Progress] 68% building 1992/2039 modules 47 active /var/www/trexzactyl/node_modules/babel-loader/lib/index.js!/var/www/trexzactyl/resources/scripts/plugins/Websocket.ts
<s> [webpack.Progress] 68% building 1992/2040 modules 48 active /var/www/trexzactyl/node_modules/babel-loader/lib/index.js!/var/www/trexzactyl/resources/scripts/api/server/network/createServerAllocation.ts
<s> [webpack.Progress] 68% building 1993/2040 modules 47 active /var/www/trexzactyl/node_modules/babel-loader/lib/index.js!/var/www/trexzactyl/resources/scripts/api/server/network/createServerAllocation.ts
<s> [webpack.Progress] 68% building 1994/2040 modules 46 active /var/www/trexzactyl/node_modules/babel-loader/lib/index.js!/var/www/trexzactyl/resources/scripts/api/server/network/createServerAllocation.ts
<s> [webpack.Progress] 68% building 1994/2041 modules 47 active /var/www/trexzactyl/node_modules/babel-loader/lib/index.js!/var/www/trexzactyl/resources/scripts/components/server/network/AllocationRow.tsx
<s> [webpack.Progress] 68% building 1995/2041 modules 46 active /var/www/trexzactyl/node_modules/babel-loader/lib/index.js!/var/www/trexzactyl/resources/scripts/components/server/network/AllocationRow.tsx
<s> [webpack.Progress] 68% building 1995/2042 modules 47 active /var/www/trexzactyl/node_modules/babel-loader/lib/index.js!/var/www/trexzactyl/resources/scripts/components/server/users/AddSubuserButton.tsx
<s> [webpack.Progress] 68% building 1996/2042 modules 46 active /var/www/trexzactyl/node_modules/babel-loader/lib/index.js!/var/www/trexzactyl/resources/scripts/components/server/users/AddSubuserButton.tsx
<s> [webpack.Progress] 68% building 1997/2042 modules 45 active /var/www/trexzactyl/node_modules/babel-loader/lib/index.js!/var/www/trexzactyl/resources/scripts/components/server/users/AddSubuserButton.tsx
<s> [webpack.Progress] 68% building 1998/2042 modules 44 active /var/www/trexzactyl/node_modules/babel-loader/lib/index.js!/var/www/trexzactyl/resources/scripts/components/server/users/AddSubuserButton.tsx
<s> [webpack.Progress] 68% building 1999/2042 modules 43 active /var/www/trexzactyl/node_modules/babel-loader/lib/index.js!/var/www/trexzactyl/resources/scripts/components/server/users/AddSubuserButton.tsx
<s> [webpack.Progress] 68% building 2000/2042 modules 42 active /var/www/trexzactyl/node_modules/babel-loader/lib/index.js!/var/www/trexzactyl/resources/scripts/components/server/users/AddSubuserButton.tsx
<s> [webpack.Progress] 68% building 2001/2042 modules 41 active /var/www/trexzactyl/node_modules/babel-loader/lib/index.js!/var/www/trexzactyl/resources/scripts/components/server/users/AddSubuserButton.tsx
<s> [webpack.Progress] 68% building 2001/2043 modules 42 active /var/www/trexzactyl/node_modules/babel-loader/lib/index.js!/var/www/trexzactyl/resources/scripts/api/server/users/getServerSubusers.ts
<s> [webpack.Progress] 68% building 2002/2043 modules 41 active /var/www/trexzactyl/node_modules/babel-loader/lib/index.js!/var/www/trexzactyl/resources/scripts/api/server/users/getServerSubusers.ts
<s> [webpack.Progress] 68% building 2002/2044 modules 42 active /var/www/trexzactyl/node_modules/babel-loader/lib/index.js!/var/www/trexzactyl/resources/scripts/plugins/useWebsocketEvent.ts
<s> [webpack.Progress] 68% building 2003/2044 modules 41 active /var/www/trexzactyl/node_modules/babel-loader/lib/index.js!/var/www/trexzactyl/resources/scripts/plugins/useWebsocketEvent.ts
<s> [webpack.Progress] 68% building 2004/2044 modules 40 active /var/www/trexzactyl/node_modules/babel-loader/lib/index.js!/var/www/trexzactyl/resources/scripts/plugins/useWebsocketEvent.ts
<s> [webpack.Progress] 68% building 2005/2044 modules 39 active /var/www/trexzactyl/node_modules/babel-loader/lib/index.js!/var/www/trexzactyl/resources/scripts/plugins/useWebsocketEvent.ts
<s> [webpack.Progress] 68% building 2006/2044 modules 38 active /var/www/trexzactyl/node_modules/babel-loader/lib/index.js!/var/www/trexzactyl/resources/scripts/plugins/useWebsocketEvent.ts
<s> [webpack.Progress] 68% building 2006/2045 modules 39 active /var/www/trexzactyl/node_modules/babel-loader/lib/index.js!/var/www/trexzactyl/resources/scripts/components/server/users/UserRow.tsx
<s> [webpack.Progress] 68% building 2007/2045 modules 38 active /var/www/trexzactyl/node_modules/babel-loader/lib/index.js!/var/www/trexzactyl/resources/scripts/components/server/users/UserRow.tsx
<s> [webpack.Progress] 68% building 2008/2045 modules 37 active /var/www/trexzactyl/node_modules/babel-loader/lib/index.js!/var/www/trexzactyl/resources/scripts/components/server/users/UserRow.tsx
<s> [webpack.Progress] 68% building 2009/2045 modules 36 active /var/www/trexzactyl/node_modules/babel-loader/lib/index.js!/var/www/trexzactyl/resources/scripts/components/server/users/UserRow.tsx
<s> [webpack.Progress] 68% building 2010/2045 modules 35 active /var/www/trexzactyl/node_modules/babel-loader/lib/index.js!/var/www/trexzactyl/resources/scripts/components/server/users/UserRow.tsx
<s> [webpack.Progress] 69% building 2011/2045 modules 34 active /var/www/trexzactyl/node_modules/babel-loader/lib/index.js!/var/www/trexzactyl/resources/scripts/components/server/users/UserRow.tsx
<s> [webpack.Progress] 69% building 2012/2045 modules 33 active /var/www/trexzactyl/node_modules/babel-loader/lib/index.js!/var/www/trexzactyl/resources/scripts/components/server/users/UserRow.tsx
<s> [webpack.Progress] 69% building 2013/2045 modules 32 active /var/www/trexzactyl/node_modules/babel-loader/lib/index.js!/var/www/trexzactyl/resources/scripts/components/server/users/UserRow.tsx
<s> [webpack.Progress] 69% building 2013/2046 modules 33 active /var/www/trexzactyl/node_modules/source-map-loader/dist/cjs.js!/var/www/trexzactyl/node_modules/lodash-es/_basePropertyOf.js
<s> [webpack.Progress] 69% building 2013/2047 modules 34 active /var/www/trexzactyl/node_modules/source-map-loader/dist/cjs.js!/var/www/trexzactyl/node_modules/axios/lib/platform/browser/index.js
<s> [webpack.Progress] 69% building 2014/2047 modules 33 active /var/www/trexzactyl/node_modules/source-map-loader/dist/cjs.js!/var/www/trexzactyl/node_modules/axios/lib/platform/browser/index.js
<s> [webpack.Progress] 69% building 2015/2047 modules 32 active /var/www/trexzactyl/node_modules/source-map-loader/dist/cjs.js!/var/www/trexzactyl/node_modules/axios/lib/platform/browser/index.js
<s> [webpack.Progress] 69% building 2016/2047 modules 31 active /var/www/trexzactyl/node_modules/source-map-loader/dist/cjs.js!/var/www/trexzactyl/node_modules/axios/lib/platform/browser/index.js
<s> [webpack.Progress] 69% building 2017/2047 modules 30 active /var/www/trexzactyl/node_modules/source-map-loader/dist/cjs.js!/var/www/trexzactyl/node_modules/axios/lib/platform/browser/index.js
<s> [webpack.Progress] 69% building 2018/2047 modules 29 active /var/www/trexzactyl/node_modules/source-map-loader/dist/cjs.js!/var/www/trexzactyl/node_modules/axios/lib/platform/browser/index.js
<s> [webpack.Progress] 69% building 2019/2047 modules 28 active /var/www/trexzactyl/node_modules/source-map-loader/dist/cjs.js!/var/www/trexzactyl/node_modules/axios/lib/platform/browser/index.js
<s> [webpack.Progress] 69% building 2020/2047 modules 27 active /var/www/trexzactyl/node_modules/source-map-loader/dist/cjs.js!/var/www/trexzactyl/node_modules/axios/lib/platform/browser/index.js
<s> [webpack.Progress] 69% building 2020/2048 modules 28 active /var/www/trexzactyl/node_modules/babel-loader/lib/index.js!/var/www/trexzactyl/resources/scripts/api/server/plugins/getPlugins.ts
<s> [webpack.Progress] 69% building 2020/2049 modules 29 active /var/www/trexzactyl/node_modules/babel-loader/lib/index.js!/var/www/trexzactyl/resources/scripts/api/server/plugins/installPlugin.ts
<s> [webpack.Progress] 69% building 2020/2050 modules 30 active /var/www/trexzactyl/node_modules/babel-loader/lib/index.js!/var/www/trexzactyl/resources/scripts/components/elements/TitledGreyBox.tsx
<s> [webpack.Progress] 69% building 2020/2051 modules 31 active /var/www/trexzactyl/node_modules/babel-loader/lib/index.js!/var/www/trexzactyl/resources/scripts/plugins/useWindowDimensions.ts
<s> [webpack.Progress] 69% building 2021/2051 modules 30 active /var/www/trexzactyl/node_modules/babel-loader/lib/index.js!/var/www/trexzactyl/resources/scripts/plugins/useWindowDimensions.ts
<s> [webpack.Progress] 69% building 2021/2052 modules 31 active /var/www/trexzactyl/node_modules/babel-loader/lib/index.js!/var/www/trexzactyl/resources/scripts/api/store/getResources.ts
<s> [webpack.Progress] 69% building 2021/2053 modules 32 active /var/www/trexzactyl/node_modules/babel-loader/lib/index.js!/var/www/trexzactyl/resources/scripts/api/store/purchaseResource.ts
<s> [webpack.Progress] 69% building 2022/2053 modules 31 active /var/www/trexzactyl/node_modules/babel-loader/lib/index.js!/var/www/trexzactyl/resources/scripts/api/store/purchaseResource.ts
<s> [webpack.Progress] 69% building 2022/2054 modules 32 active /var/www/trexzactyl/node_modules/source-map-loader/dist/cjs.js!/var/www/trexzactyl/node_modules/path-browserify/index.js
<s> [webpack.Progress] 69% building 2022/2055 modules 33 active /var/www/trexzactyl/node_modules/babel-loader/lib/index.js!/var/www/trexzactyl/resources/scripts/api/store/getCosts.ts
<s> [webpack.Progress] 69% building 2023/2055 modules 32 active /var/www/trexzactyl/node_modules/babel-loader/lib/index.js!/var/www/trexzactyl/resources/scripts/api/store/getCosts.ts
<s> [webpack.Progress] 69% building 2023/2056 modules 33 active /var/www/trexzactyl/node_modules/babel-loader/lib/index.js!/var/www/trexzactyl/resources/scripts/api/store/getNests.ts
<s> [webpack.Progress] 69% building 2023/2057 modules 34 active /var/www/trexzactyl/node_modules/babel-loader/lib/index.js!/var/www/trexzactyl/resources/scripts/api/store/getNodes.ts
<s> [webpack.Progress] 68% building 2023/2058 modules 35 active /var/www/trexzactyl/node_modules/babel-loader/lib/index.js!/var/www/trexzactyl/resources/scripts/api/store/createServer.ts
<s> [webpack.Progress] 68% building 2023/2059 modules 36 active /var/www/trexzactyl/node_modules/babel-loader/lib/index.js!/var/www/trexzactyl/resources/scripts/api/store/getEggs.ts
<s> [webpack.Progress] 68% building 2024/2059 modules 35 active /var/www/trexzactyl/node_modules/babel-loader/lib/index.js!/var/www/trexzactyl/resources/scripts/api/store/getEggs.ts
<s> [webpack.Progress] 68% building 2024/2060 modules 36 active /var/www/trexzactyl/node_modules/babel-loader/lib/index.js!/var/www/trexzactyl/resources/scripts/components/store/forms/ManualPurchaseForm.tsx
<s> [webpack.Progress] 68% building 2024/2061 modules 37 active /var/www/trexzactyl/node_modules/babel-loader/lib/index.js!/var/www/trexzactyl/resources/scripts/components/store/forms/PaypalPurchaseForm.tsx
<s> [webpack.Progress] 68% building 2024/2062 modules 38 active /var/www/trexzactyl/node_modules/babel-loader/lib/index.js!/var/www/trexzactyl/resources/scripts/components/store/forms/StripePurchaseForm.tsx
<s> [webpack.Progress] 68% building 2024/2063 modules 39 active /var/www/trexzactyl/node_modules/source-map-loader/dist/cjs.js!/var/www/trexzactyl/node_modules/@motionone/easing/dist/cubic-bezier.es.js
<s> [webpack.Progress] 68% building 2025/2063 modules 38 active /var/www/trexzactyl/node_modules/source-map-loader/dist/cjs.js!/var/www/trexzactyl/node_modules/@motionone/easing/dist/cubic-bezier.es.js
<s> [webpack.Progress] 68% building 2025/2064 modules 39 active /var/www/trexzactyl/node_modules/babel-loader/lib/index.js!/var/www/trexzactyl/resources/scripts/api/server/files/loadDirectory.ts
<s> [webpack.Progress] 68% building 2026/2064 modules 38 active /var/www/trexzactyl/node_modules/babel-loader/lib/index.js!/var/www/trexzactyl/resources/scripts/api/server/files/loadDirectory.ts
<s> [webpack.Progress] 68% building 2026/2065 modules 39 active /var/www/trexzactyl/node_modules/babel-loader/lib/index.js!/var/www/trexzactyl/resources/scripts/api/server/deleteServer.ts
<s> [webpack.Progress] 68% building 2026/2066 modules 40 active /var/www/trexzactyl/node_modules/babel-loader/lib/index.js!/var/www/trexzactyl/resources/scripts/api/server/renewServer.ts
<s> [webpack.Progress] 68% building 2026/2067 modules 41 active /var/www/trexzactyl/node_modules/babel-loader/lib/index.js!/var/www/trexzactyl/resources/scripts/components/elements/store/StoreBanner.tsx
<s> [webpack.Progress] 68% building 2026/2068 modules 42 active /var/www/trexzactyl/node_modules/babel-loader/lib/index.js!/var/www/trexzactyl/resources/scripts/components/elements/store/ResourceBar.tsx
<s> [webpack.Progress] 68% building 2026/2069 modules 43 active /var/www/trexzactyl/node_modules/babel-loader/lib/index.js!/var/www/trexzactyl/resources/scripts/components/elements/store/PurchaseBox.tsx
<s> [webpack.Progress] 68% building 2026/2070 modules 44 active /var/www/trexzactyl/node_modules/style-loader/dist/cjs.js!/var/www/trexzactyl/node_modules/css-loader/dist/cjs.js??ref--7-1!/var/www/trexzactyl/node_modules/postcss-loader/dist/cjs.js??ref--7-2!/var/www/trexzactyl/resources/scripts/components/server/console/style.module.css
<s> [webpack.Progress] 68% building 2027/2070 modules 43 active /var/www/trexzactyl/node_modules/babel-loader/lib/index.js!/var/www/trexzactyl/resources/scripts/components/elements/store/PurchaseBox.tsx
<s> [webpack.Progress] 68% building 2027/2071 modules 44 active /var/www/trexzactyl/node_modules/css-loader/dist/cjs.js??ref--7-1!/var/www/trexzactyl/node_modules/postcss-loader/dist/cjs.js??ref--7-2!/var/www/trexzactyl/resources/scripts/components/server/console/style.module.css
<s> [webpack.Progress] 68% building 2028/2071 modules 43 active /var/www/trexzactyl/node_modules/css-loader/dist/cjs.js??ref--7-1!/var/www/trexzactyl/node_modules/postcss-loader/dist/cjs.js??ref--7-2!/var/www/trexzactyl/resources/scripts/components/server/console/style.module.css
<s> [webpack.Progress] 68% building 2028/2072 modules 44 active /var/www/trexzactyl/node_modules/babel-loader/lib/index.js!/var/www/trexzactyl/resources/scripts/api/server/schedules/createOrUpdateSchedule.ts
<s> [webpack.Progress] 68% building 2028/2073 modules 45 active /var/www/trexzactyl/node_modules/babel-loader/lib/index.js!/var/www/trexzactyl/resources/scripts/components/elements/store/StoreError.tsx
<s> [webpack.Progress] 68% building 2028/2074 modules 46 active /var/www/trexzactyl/node_modules/babel-loader/lib/index.js!/var/www/trexzactyl/resources/scripts/api/server/schedules/deleteScheduleTask.ts
<s> [webpack.Progress] 68% building 2028/2075 modules 47 active /var/www/trexzactyl/node_modules/babel-loader/lib/index.js!/var/www/trexzactyl/resources/scripts/state/server/schedules.ts
<s> [webpack.Progress] 68% building 2028/2076 modules 48 active /var/www/trexzactyl/node_modules/babel-loader/lib/index.js!/var/www/trexzactyl/resources/scripts/state/server/subusers.ts
<s> [webpack.Progress] 68% building 2028/2077 modules 49 active /var/www/trexzactyl/node_modules/babel-loader/lib/index.js!/var/www/trexzactyl/resources/scripts/plugins/usePersistedState.ts
<s> [webpack.Progress] 68% building 2029/2077 modules 48 active /var/www/trexzactyl/node_modules/babel-loader/lib/index.js!/var/www/trexzactyl/resources/scripts/plugins/usePersistedState.ts
<s> [webpack.Progress] 68% building 2029/2078 modules 49 active /var/www/trexzactyl/node_modules/babel-loader/lib/index.js!/var/www/trexzactyl/resources/scripts/api/server/files/createDirectory.ts
<s> [webpack.Progress] 68% building 2030/2078 modules 48 active /var/www/trexzactyl/node_modules/babel-loader/lib/index.js!/var/www/trexzactyl/resources/scripts/api/server/files/createDirectory.ts
<s> [webpack.Progress] 68% building 2030/2079 modules 49 active /var/www/trexzactyl/node_modules/babel-loader/lib/index.js!/var/www/trexzactyl/resources/scripts/components/tickets/forms/NewMessageDialog.tsx
<s> [webpack.Progress] 68% building 2031/2079 modules 48 active /var/www/trexzactyl/node_modules/babel-loader/lib/index.js!/var/www/trexzactyl/resources/scripts/components/tickets/forms/NewMessageDialog.tsx
<s> [webpack.Progress] 68% building 2031/2080 modules 49 active /var/www/trexzactyl/node_modules/babel-loader/lib/index.js!/var/www/trexzactyl/resources/scripts/api/server/files/compressFiles.ts
<s> [webpack.Progress] 68% building 2031/2081 modules 50 active /var/www/trexzactyl/node_modules/babel-loader/lib/index.js!/var/www/trexzactyl/resources/scripts/api/server/files/deleteFiles.ts
<s> [webpack.Progress] 68% building 2031/2082 modules 51 active /var/www/trexzactyl/node_modules/babel-loader/lib/index.js!/var/www/trexzactyl/resources/scripts/api/server/files/pullFile.ts
<s> [webpack.Progress] 68% building 2031/2083 modules 52 active /var/www/trexzactyl/node_modules/babel-loader/lib/index.js!/var/www/trexzactyl/resources/scripts/api/server/files/getFileUploadUrl.ts
<s> [webpack.Progress] 68% building 2031/2084 modules 53 active /var/www/trexzactyl/node_modules/babel-loader/lib/index.js!/var/www/trexzactyl/resources/scripts/api/server/renameServer.ts
<s> [webpack.Progress] 68% building 2032/2084 modules 52 active /var/www/trexzactyl/node_modules/babel-loader/lib/index.js!/var/www/trexzactyl/resources/scripts/api/server/renameServer.ts
<s> [webpack.Progress] 68% building 2033/2084 modules 51 active /var/www/trexzactyl/node_modules/babel-loader/lib/index.js!/var/www/trexzactyl/resources/scripts/api/server/renameServer.ts
<s> [webpack.Progress] 68% building 2034/2084 modules 50 active /var/www/trexzactyl/node_modules/babel-loader/lib/index.js!/var/www/trexzactyl/resources/scripts/api/server/renameServer.ts
<s> [webpack.Progress] 68% building 2034/2085 modules 51 active /var/www/trexzactyl/node_modules/source-map-loader/dist/cjs.js!/var/www/trexzactyl/node_modules/@motionone/easing/dist/steps.es.js
<s> [webpack.Progress] 68% building 2035/2085 modules 50 active /var/www/trexzactyl/node_modules/source-map-loader/dist/cjs.js!/var/www/trexzactyl/node_modules/@motionone/easing/dist/steps.es.js
<s> [webpack.Progress] 68% building 2035/2086 modules 51 active /var/www/trexzactyl/node_modules/babel-loader/lib/index.js!/var/www/trexzactyl/resources/scripts/components/elements/ProgressBar.tsx
<s> [webpack.Progress] 68% building 2036/2086 modules 50 active /var/www/trexzactyl/node_modules/babel-loader/lib/index.js!/var/www/trexzactyl/resources/scripts/components/elements/ProgressBar.tsx
<s> [webpack.Progress] 68% building 2037/2086 modules 49 active /var/www/trexzactyl/node_modules/babel-loader/lib/index.js!/var/www/trexzactyl/resources/scripts/components/elements/ProgressBar.tsx
<s> [webpack.Progress] 68% building 2038/2086 modules 48 active /var/www/trexzactyl/node_modules/babel-loader/lib/index.js!/var/www/trexzactyl/resources/scripts/components/elements/ProgressBar.tsx
<s> [webpack.Progress] 68% building 2039/2086 modules 47 active /var/www/trexzactyl/node_modules/babel-loader/lib/index.js!/var/www/trexzactyl/resources/scripts/components/elements/ProgressBar.tsx
<s> [webpack.Progress] 68% building 2039/2087 modules 48 active /var/www/trexzactyl/node_modules/babel-loader/lib/index.js!/var/www/trexzactyl/resources/scripts/components/server/schedules/TaskDetailsModal.tsx
<s> [webpack.Progress] 68% building 2039/2088 modules 49 active /var/www/trexzactyl/node_modules/babel-loader/lib/index.js!/var/www/trexzactyl/resources/scripts/components/server/schedules/ScheduleCheatsheetCards.tsx
<s> [webpack.Progress] 68% building 2039/2089 modules 50 active /var/www/trexzactyl/node_modules/babel-loader/lib/index.js!/var/www/trexzactyl/resources/scripts/api/server/reinstallServer.ts
<s> [webpack.Progress] 68% building 2039/2090 modules 51 active /var/www/trexzactyl/node_modules/babel-loader/lib/index.js!/var/www/trexzactyl/resources/scripts/api/server/changeBackground.ts
<s> [webpack.Progress] 68% building 2039/2091 modules 52 active /var/www/trexzactyl/node_modules/babel-loader/lib/index.js!/var/www/trexzactyl/resources/scripts/components/server/console/chart.ts
<s> [webpack.Progress] 68% building 2039/2092 modules 53 active /var/www/trexzactyl/node_modules/babel-loader/lib/index.js!/var/www/trexzactyl/resources/scripts/components/elements/FormikSwitch.tsx
<s> [webpack.Progress] 68% building 2039/2093 modules 54 active /var/www/trexzactyl/node_modules/babel-loader/lib/index.js!/var/www/trexzactyl/resources/scripts/components/elements/Switch.tsx
<s> [webpack.Progress] 68% building 2040/2093 modules 53 active /var/www/trexzactyl/node_modules/babel-loader/lib/index.js!/var/www/trexzactyl/resources/scripts/components/elements/Switch.tsx
<s> [webpack.Progress] 68% building 2040/2094 modules 54 active /var/www/trexzactyl/node_modules/babel-loader/lib/index.js!/var/www/trexzactyl/resources/scripts/components/server/console/RenewalInfo.tsx
<s> [webpack.Progress] 68% building 2041/2094 modules 53 active /var/www/trexzactyl/node_modules/babel-loader/lib/index.js!/var/www/trexzactyl/resources/scripts/components/server/console/RenewalInfo.tsx
<s> [webpack.Progress] 68% building 2042/2094 modules 52 active /var/www/trexzactyl/node_modules/babel-loader/lib/index.js!/var/www/trexzactyl/resources/scripts/components/server/console/RenewalInfo.tsx
<s> [webpack.Progress] 68% building 2043/2094 modules 51 active /var/www/trexzactyl/node_modules/babel-loader/lib/index.js!/var/www/trexzactyl/resources/scripts/components/server/console/RenewalInfo.tsx
<s> [webpack.Progress] 68% building 2043/2095 modules 52 active /var/www/trexzactyl/node_modules/source-map-loader/dist/cjs.js!/var/www/trexzactyl/node_modules/react-i18next/dist/es/unescape.js
<s> [webpack.Progress] 68% building 2043/2096 modules 53 active /var/www/trexzactyl/node_modules/babel-loader/lib/index.js!/var/www/trexzactyl/resources/scripts/components/server/features/index.ts
<s> [webpack.Progress] 68% building 2043/2097 modules 54 active /var/www/trexzactyl/node_modules/babel-loader/lib/index.js!/var/www/trexzactyl/resources/scripts/components/server/files/RenameFileModal.tsx
<s> [webpack.Progress] 68% building 2044/2097 modules 53 active /var/www/trexzactyl/node_modules/babel-loader/lib/index.js!/var/www/trexzactyl/resources/scripts/components/server/files/RenameFileModal.tsx
<s> [webpack.Progress] 68% building 2045/2097 modules 52 active /var/www/trexzactyl/node_modules/babel-loader/lib/index.js!/var/www/trexzactyl/resources/scripts/components/server/files/RenameFileModal.tsx
<s> [webpack.Progress] 68% building 2046/2097 modules 51 active /var/www/trexzactyl/node_modules/babel-loader/lib/index.js!/var/www/trexzactyl/resources/scripts/components/server/files/RenameFileModal.tsx
<s> [webpack.Progress] 68% building 2046/2098 modules 52 active /var/www/trexzactyl/node_modules/source-map-loader/dist/cjs.js!/var/www/trexzactyl/node_modules/@babel/runtime/helpers/createClass.js
<s> [webpack.Progress] 68% building 2046/2099 modules 53 active /var/www/trexzactyl/node_modules/source-map-loader/dist/cjs.js!/var/www/trexzactyl/node_modules/react-i18next/dist/es/utils.js
<s> [webpack.Progress] 68% building 2047/2099 modules 52 active /var/www/trexzactyl/node_modules/source-map-loader/dist/cjs.js!/var/www/trexzactyl/node_modules/react-i18next/dist/es/utils.js
<s> [webpack.Progress] 68% building 2047/2100 modules 53 active /var/www/trexzactyl/node_modules/babel-loader/lib/index.js!/var/www/trexzactyl/resources/scripts/components/server/UptimeDuration.tsx
<s> [webpack.Progress] 68% building 2048/2100 modules 52 active /var/www/trexzactyl/node_modules/babel-loader/lib/index.js!/var/www/trexzactyl/resources/scripts/components/server/UptimeDuration.tsx
<s> [webpack.Progress] 68% building 2048/2101 modules 53 active /var/www/trexzactyl/node_modules/babel-loader/lib/index.js!/var/www/trexzactyl/resources/scripts/components/server/files/FileDropdownMenu.tsx
<s> [webpack.Progress] 68% building 2049/2101 modules 52 active /var/www/trexzactyl/node_modules/babel-loader/lib/index.js!/var/www/trexzactyl/resources/scripts/components/server/files/FileDropdownMenu.tsx
<s> [webpack.Progress] 68% building 2050/2101 modules 51 active /var/www/trexzactyl/node_modules/babel-loader/lib/index.js!/var/www/trexzactyl/resources/scripts/components/server/files/FileDropdownMenu.tsx
<s> [webpack.Progress] 68% building 2050/2102 modules 52 active /var/www/trexzactyl/node_modules/style-loader/dist/cjs.js!/var/www/trexzactyl/node_modules/css-loader/dist/cjs.js??ref--7-1!/var/www/trexzactyl/node_modules/postcss-loader/dist/cjs.js??ref--7-2!/var/www/trexzactyl/node_modules/xterm/css/xterm.css
<s> [webpack.Progress] 68% building 2051/2102 modules 51 active /var/www/trexzactyl/node_modules/babel-loader/lib/index.js!/var/www/trexzactyl/resources/scripts/components/server/files/FileDropdownMenu.tsx
<s> [webpack.Progress] 68% building 2051/2103 modules 52 active /var/www/trexzactyl/node_modules/css-loader/dist/cjs.js??ref--7-1!/var/www/trexzactyl/node_modules/postcss-loader/dist/cjs.js??ref--7-2!/var/www/trexzactyl/node_modules/xterm/css/xterm.css
<s> [webpack.Progress] 68% building 2052/2103 modules 51 active /var/www/trexzactyl/node_modules/css-loader/dist/cjs.js??ref--7-1!/var/www/trexzactyl/node_modules/postcss-loader/dist/cjs.js??ref--7-2!/var/www/trexzactyl/node_modules/xterm/css/xterm.css
<s> [webpack.Progress] 68% building 2052/2104 modules 52 active /var/www/trexzactyl/node_modules/babel-loader/lib/index.js!/var/www/trexzactyl/resources/scripts/components/server/console/ChartBlock.tsx
<s> [webpack.Progress] 68% building 2053/2104 modules 51 active /var/www/trexzactyl/node_modules/babel-loader/lib/index.js!/var/www/trexzactyl/resources/scripts/components/server/console/ChartBlock.tsx
<s> [webpack.Progress] 68% building 2054/2104 modules 50 active /var/www/trexzactyl/node_modules/babel-loader/lib/index.js!/var/www/trexzactyl/resources/scripts/components/server/console/ChartBlock.tsx
<s> [webpack.Progress] 68% building 2055/2104 modules 49 active /var/www/trexzactyl/node_modules/babel-loader/lib/index.js!/var/www/trexzactyl/resources/scripts/components/server/console/ChartBlock.tsx
<s> [webpack.Progress] 68% building 2055/2105 modules 50 active /var/www/trexzactyl/node_modules/babel-loader/lib/index.js!/var/www/trexzactyl/resources/scripts/state/server/files.ts
<s> [webpack.Progress] 68% building 2055/2106 modules 51 active /var/www/trexzactyl/node_modules/source-map-loader/dist/cjs.js!/var/www/trexzactyl/node_modules/lodash-es/_baseSlice.js
<s> [webpack.Progress] 68% building 2056/2106 modules 50 active /var/www/trexzactyl/node_modules/source-map-loader/dist/cjs.js!/var/www/trexzactyl/node_modules/lodash-es/_baseSlice.js
<s> [webpack.Progress] 68% building 2057/2106 modules 49 active /var/www/trexzactyl/node_modules/source-map-loader/dist/cjs.js!/var/www/trexzactyl/node_modules/lodash-es/_baseSlice.js
<s> [webpack.Progress] 68% building 2057/2107 modules 50 active /var/www/trexzactyl/node_modules/babel-loader/lib/index.js!/var/www/trexzactyl/resources/scripts/api/server/backups/createServerBackup.ts
<s> [webpack.Progress] 68% building 2057/2108 modules 51 active /var/www/trexzactyl/node_modules/babel-loader/lib/index.js!/var/www/trexzactyl/resources/scripts/state/server/socket.ts
<s> [webpack.Progress] 68% building 2058/2108 modules 50 active /var/www/trexzactyl/node_modules/babel-loader/lib/index.js!/var/www/trexzactyl/resources/scripts/state/server/socket.ts
<s> [webpack.Progress] 68% building 2059/2108 modules 49 active /var/www/trexzactyl/node_modules/babel-loader/lib/index.js!/var/www/trexzactyl/resources/scripts/state/server/socket.ts
<s> [webpack.Progress] 68% building 2060/2108 modules 48 active /var/www/trexzactyl/node_modules/babel-loader/lib/index.js!/var/www/trexzactyl/resources/scripts/state/server/socket.ts
<s> [webpack.Progress] 68% building 2061/2108 modules 47 active /var/www/trexzactyl/node_modules/babel-loader/lib/index.js!/var/www/trexzactyl/resources/scripts/state/server/socket.ts
<s> [webpack.Progress] 68% building 2061/2109 modules 48 active /var/www/trexzactyl/node_modules/babel-loader/lib/index.js!/var/www/trexzactyl/resources/scripts/api/server/updateStartupVariable.ts
<s> [webpack.Progress] 68% building 2062/2109 modules 47 active /var/www/trexzactyl/node_modules/babel-loader/lib/index.js!/var/www/trexzactyl/resources/scripts/api/server/updateStartupVariable.ts
<s> [webpack.Progress] 68% building 2063/2109 modules 46 active /var/www/trexzactyl/node_modules/babel-loader/lib/index.js!/var/www/trexzactyl/resources/scripts/api/server/updateStartupVariable.ts
<s> [webpack.Progress] 68% building 2064/2109 modules 45 active /var/www/trexzactyl/node_modules/babel-loader/lib/index.js!/var/www/trexzactyl/resources/scripts/api/server/updateStartupVariable.ts
<s> [webpack.Progress] 68% building 2065/2109 modules 44 active /var/www/trexzactyl/node_modules/babel-loader/lib/index.js!/var/www/trexzactyl/resources/scripts/api/server/updateStartupVariable.ts
<s> [webpack.Progress] 68% building 2066/2109 modules 43 active /var/www/trexzactyl/node_modules/babel-loader/lib/index.js!/var/www/trexzactyl/resources/scripts/api/server/updateStartupVariable.ts
<s> [webpack.Progress] 68% building 2066/2110 modules 44 active /var/www/trexzactyl/node_modules/babel-loader/lib/index.js!/var/www/trexzactyl/resources/scripts/components/server/backups/BackupContextMenu.tsx
<s> [webpack.Progress] 68% building 2067/2110 modules 43 active /var/www/trexzactyl/node_modules/babel-loader/lib/index.js!/var/www/trexzactyl/resources/scripts/components/server/backups/BackupContextMenu.tsx
<s> [webpack.Progress] 68% building 2068/2110 modules 42 active /var/www/trexzactyl/node_modules/babel-loader/lib/index.js!/var/www/trexzactyl/resources/scripts/components/server/backups/BackupContextMenu.tsx
<s> [webpack.Progress] 68% building 2069/2110 modules 41 active /var/www/trexzactyl/node_modules/babel-loader/lib/index.js!/var/www/trexzactyl/resources/scripts/components/server/backups/BackupContextMenu.tsx
<s> [webpack.Progress] 68% building 2070/2110 modules 40 active /var/www/trexzactyl/node_modules/babel-loader/lib/index.js!/var/www/trexzactyl/resources/scripts/components/server/backups/BackupContextMenu.tsx
<s> [webpack.Progress] 68% building 2071/2110 modules 39 active /var/www/trexzactyl/node_modules/babel-loader/lib/index.js!/var/www/trexzactyl/resources/scripts/components/server/backups/BackupContextMenu.tsx
<s> [webpack.Progress] 68% building 2071/2111 modules 40 active /var/www/trexzactyl/node_modules/babel-loader/lib/index.js!/var/www/trexzactyl/resources/scripts/components/server/console/ConsoleShareContainer.tsx
<s> [webpack.Progress] 68% building 2071/2112 modules 41 active /var/www/trexzactyl/node_modules/babel-loader/lib/index.js!/var/www/trexzactyl/resources/scripts/components/server/console/StatBlock.tsx
<s> [webpack.Progress] 68% building 2072/2112 modules 40 active /var/www/trexzactyl/node_modules/babel-loader/lib/index.js!/var/www/trexzactyl/resources/scripts/components/server/console/StatBlock.tsx
<s> [webpack.Progress] 68% building 2073/2112 modules 39 active /var/www/trexzactyl/node_modules/babel-loader/lib/index.js!/var/www/trexzactyl/resources/scripts/components/server/console/StatBlock.tsx
<s> [webpack.Progress] 68% building 2074/2112 modules 38 active /var/www/trexzactyl/node_modules/babel-loader/lib/index.js!/var/www/trexzactyl/resources/scripts/components/server/console/StatBlock.tsx
<s> [webpack.Progress] 68% building 2075/2112 modules 37 active /var/www/trexzactyl/node_modules/babel-loader/lib/index.js!/var/www/trexzactyl/resources/scripts/components/server/console/StatBlock.tsx
<s> [webpack.Progress] 68% building 2076/2112 modules 36 active /var/www/trexzactyl/node_modules/babel-loader/lib/index.js!/var/www/trexzactyl/resources/scripts/components/server/console/StatBlock.tsx
<s> [webpack.Progress] 68% building 2076/2113 modules 37 active /var/www/trexzactyl/node_modules/babel-loader/lib/index.js!/var/www/trexzactyl/resources/scripts/api/server/network/setPrimaryServerAllocation.ts
<s> [webpack.Progress] 68% building 2077/2113 modules 36 active /var/www/trexzactyl/node_modules/babel-loader/lib/index.js!/var/www/trexzactyl/resources/scripts/api/server/network/setPrimaryServerAllocation.ts
<s> [webpack.Progress] 69% building 2078/2113 modules 35 active /var/www/trexzactyl/node_modules/babel-loader/lib/index.js!/var/www/trexzactyl/resources/scripts/api/server/network/setPrimaryServerAllocation.ts
<s> [webpack.Progress] 69% building 2079/2113 modules 34 active /var/www/trexzactyl/node_modules/babel-loader/lib/index.js!/var/www/trexzactyl/resources/scripts/api/server/network/setPrimaryServerAllocation.ts
<s> [webpack.Progress] 69% building 2080/2113 modules 33 active /var/www/trexzactyl/node_modules/babel-loader/lib/index.js!/var/www/trexzactyl/resources/scripts/api/server/network/setPrimaryServerAllocation.ts
<s> [webpack.Progress] 69% building 2080/2114 modules 34 active /var/www/trexzactyl/node_modules/babel-loader/lib/index.js!/var/www/trexzactyl/resources/scripts/api/server/network/setServerAllocationNotes.ts
<s> [webpack.Progress] 69% building 2081/2114 modules 33 active /var/www/trexzactyl/node_modules/babel-loader/lib/index.js!/var/www/trexzactyl/resources/scripts/api/server/network/setServerAllocationNotes.ts
<s> [webpack.Progress] 69% building 2082/2114 modules 32 active /var/www/trexzactyl/node_modules/babel-loader/lib/index.js!/var/www/trexzactyl/resources/scripts/api/server/network/setServerAllocationNotes.ts
<s> [webpack.Progress] 69% building 2083/2114 modules 31 active /var/www/trexzactyl/node_modules/babel-loader/lib/index.js!/var/www/trexzactyl/resources/scripts/api/server/network/setServerAllocationNotes.ts
<s> [webpack.Progress] 69% building 2084/2114 modules 30 active /var/www/trexzactyl/node_modules/babel-loader/lib/index.js!/var/www/trexzactyl/resources/scripts/api/server/network/setServerAllocationNotes.ts
<s> [webpack.Progress] 69% building 2085/2114 modules 29 active /var/www/trexzactyl/node_modules/babel-loader/lib/index.js!/var/www/trexzactyl/resources/scripts/api/server/network/setServerAllocationNotes.ts
<s> [webpack.Progress] 69% building 2086/2114 modules 28 active /var/www/trexzactyl/node_modules/babel-loader/lib/index.js!/var/www/trexzactyl/resources/scripts/api/server/network/setServerAllocationNotes.ts
<s> [webpack.Progress] 69% building 2087/2114 modules 27 active /var/www/trexzactyl/node_modules/babel-loader/lib/index.js!/var/www/trexzactyl/resources/scripts/api/server/network/setServerAllocationNotes.ts
<s> [webpack.Progress] 69% building 2088/2114 modules 26 active /var/www/trexzactyl/node_modules/babel-loader/lib/index.js!/var/www/trexzactyl/resources/scripts/api/server/network/setServerAllocationNotes.ts
<s> [webpack.Progress] 69% building 2089/2114 modules 25 active /var/www/trexzactyl/node_modules/babel-loader/lib/index.js!/var/www/trexzactyl/resources/scripts/api/server/network/setServerAllocationNotes.ts
<s> [webpack.Progress] 69% building 2090/2114 modules 24 active /var/www/trexzactyl/node_modules/babel-loader/lib/index.js!/var/www/trexzactyl/resources/scripts/api/server/network/setServerAllocationNotes.ts
<s> [webpack.Progress] 69% building 2091/2114 modules 23 active /var/www/trexzactyl/node_modules/babel-loader/lib/index.js!/var/www/trexzactyl/resources/scripts/api/server/network/setServerAllocationNotes.ts
<s> [webpack.Progress] 69% building 2092/2114 modules 22 active /var/www/trexzactyl/node_modules/babel-loader/lib/index.js!/var/www/trexzactyl/resources/scripts/api/server/network/setServerAllocationNotes.ts
<s> [webpack.Progress] 69% building 2093/2114 modules 21 active /var/www/trexzactyl/node_modules/babel-loader/lib/index.js!/var/www/trexzactyl/resources/scripts/api/server/network/setServerAllocationNotes.ts
<s> [webpack.Progress] 69% building 2094/2114 modules 20 active /var/www/trexzactyl/node_modules/babel-loader/lib/index.js!/var/www/trexzactyl/resources/scripts/api/server/network/setServerAllocationNotes.ts
<s> [webpack.Progress] 69% building 2094/2115 modules 21 active /var/www/trexzactyl/node_modules/babel-loader/lib/index.js!/var/www/trexzactyl/resources/scripts/components/server/users/EditSubuserModal.tsx
<s> [webpack.Progress] 69% building 2095/2115 modules 20 active /var/www/trexzactyl/node_modules/babel-loader/lib/index.js!/var/www/trexzactyl/resources/scripts/components/server/users/EditSubuserModal.tsx
<s> [webpack.Progress] 69% building 2096/2115 modules 19 active /var/www/trexzactyl/node_modules/babel-loader/lib/index.js!/var/www/trexzactyl/resources/scripts/components/server/users/EditSubuserModal.tsx
<s> [webpack.Progress] 69% building 2096/2116 modules 20 active /var/www/trexzactyl/node_modules/babel-loader/lib/index.js!/var/www/trexzactyl/resources/scripts/components/server/network/DeleteAllocationButton.tsx
<s> [webpack.Progress] 69% building 2097/2116 modules 19 active /var/www/trexzactyl/node_modules/babel-loader/lib/index.js!/var/www/trexzactyl/resources/scripts/components/server/network/DeleteAllocationButton.tsx
<s> [webpack.Progress] 69% building 2097/2117 modules 20 active /var/www/trexzactyl/node_modules/babel-loader/lib/index.js!/var/www/trexzactyl/resources/scripts/components/server/users/RemoveSubuserButton.tsx
<s> [webpack.Progress] 69% building 2098/2117 modules 19 active /var/www/trexzactyl/node_modules/babel-loader/lib/index.js!/var/www/trexzactyl/resources/scripts/components/server/users/RemoveSubuserButton.tsx
<s> [webpack.Progress] 69% building 2099/2117 modules 18 active /var/www/trexzactyl/node_modules/babel-loader/lib/index.js!/var/www/trexzactyl/resources/scripts/components/server/users/RemoveSubuserButton.tsx
<s> [webpack.Progress] 69% building 2100/2117 modules 17 active /var/www/trexzactyl/node_modules/babel-loader/lib/index.js!/var/www/trexzactyl/resources/scripts/components/server/users/RemoveSubuserButton.tsx
<s> [webpack.Progress] 69% building 2101/2117 modules 16 active /var/www/trexzactyl/node_modules/babel-loader/lib/index.js!/var/www/trexzactyl/resources/scripts/components/server/users/RemoveSubuserButton.tsx
<s> [webpack.Progress] 69% building 2101/2118 modules 17 active /var/www/trexzactyl/node_modules/babel-loader/lib/index.js!/var/www/trexzactyl/resources/scripts/components/elements/Icon.tsx
<s> [webpack.Progress] 69% building 2102/2118 modules 16 active /var/www/trexzactyl/node_modules/babel-loader/lib/index.js!/var/www/trexzactyl/resources/scripts/components/elements/Icon.tsx
<s> [webpack.Progress] 69% building 2103/2118 modules 15 active /var/www/trexzactyl/node_modules/babel-loader/lib/index.js!/var/www/trexzactyl/resources/scripts/components/elements/Icon.tsx
<s> [webpack.Progress] 69% building 2104/2118 modules 14 active /var/www/trexzactyl/node_modules/babel-loader/lib/index.js!/var/www/trexzactyl/resources/scripts/components/elements/Icon.tsx
<s> [webpack.Progress] 69% building 2105/2118 modules 13 active /var/www/trexzactyl/node_modules/babel-loader/lib/index.js!/var/www/trexzactyl/resources/scripts/components/elements/Icon.tsx
<s> [webpack.Progress] 69% building 2106/2118 modules 12 active /var/www/trexzactyl/node_modules/babel-loader/lib/index.js!/var/www/trexzactyl/resources/scripts/components/elements/Icon.tsx
<s> [webpack.Progress] 69% building 2106/2119 modules 13 active /var/www/trexzactyl/node_modules/source-map-loader/dist/cjs.js!/var/www/trexzactyl/node_modules/events/events.js
<s> [webpack.Progress] 69% building 2107/2119 modules 12 active /var/www/trexzactyl/node_modules/source-map-loader/dist/cjs.js!/var/www/trexzactyl/node_modules/events/events.js
<s> [webpack.Progress] 69% building 2107/2120 modules 13 active /var/www/trexzactyl/node_modules/babel-loader/lib/index.js!/var/www/trexzactyl/resources/scripts/api/store/gateways/stripe.ts
<s> [webpack.Progress] 69% building 2107/2121 modules 14 active /var/www/trexzactyl/node_modules/babel-loader/lib/index.js!/var/www/trexzactyl/resources/scripts/api/store/gateways/paypal.ts
<s> [webpack.Progress] 69% building 2108/2121 modules 13 active /var/www/trexzactyl/node_modules/babel-loader/lib/index.js!/var/www/trexzactyl/resources/scripts/api/store/gateways/paypal.ts
<s> [webpack.Progress] 69% building 2109/2121 modules 12 active /var/www/trexzactyl/node_modules/babel-loader/lib/index.js!/var/www/trexzactyl/resources/scripts/api/store/gateways/paypal.ts
<s> [webpack.Progress] 69% building 2110/2121 modules 11 active /var/www/trexzactyl/node_modules/babel-loader/lib/index.js!/var/www/trexzactyl/resources/scripts/api/store/gateways/paypal.ts
<s> [webpack.Progress] 69% building 2110/2122 modules 12 active /var/www/trexzactyl/node_modules/source-map-loader/dist/cjs.js!/var/www/trexzactyl/node_modules/axios/lib/platform/browser/classes/FormData.js
<s> [webpack.Progress] 69% building 2110/2123 modules 13 active /var/www/trexzactyl/node_modules/source-map-loader/dist/cjs.js!/var/www/trexzactyl/node_modules/axios/lib/platform/browser/classes/URLSearchParams.js
<s> [webpack.Progress] 69% building 2110/2124 modules 14 active /var/www/trexzactyl/node_modules/babel-loader/lib/index.js!/var/www/trexzactyl/resources/scripts/api/server/schedules/createOrUpdateScheduleTask.ts
<s> [webpack.Progress] 69% building 2110/2125 modules 15 active /var/www/trexzactyl/node_modules/babel-loader/lib/index.js!/var/www/trexzactyl/resources/scripts/lib/helpers.ts
<s> [webpack.Progress] 69% building 2110/2126 modules 16 active /var/www/trexzactyl/node_modules/babel-loader/lib/index.js!/var/www/trexzactyl/resources/scripts/components/elements/StoreContainer.tsx
<s> [webpack.Progress] 69% building 2111/2126 modules 15 active /var/www/trexzactyl/node_modules/babel-loader/lib/index.js!/var/www/trexzactyl/resources/scripts/components/elements/StoreContainer.tsx
<s> [webpack.Progress] 69% building 2111/2127 modules 16 active /var/www/trexzactyl/node_modules/babel-loader/lib/index.js!/var/www/trexzactyl/resources/scripts/api/server/files/renameFiles.ts
<s> [webpack.Progress] 69% building 2112/2127 modules 15 active /var/www/trexzactyl/node_modules/babel-loader/lib/index.js!/var/www/trexzactyl/resources/scripts/api/server/files/renameFiles.ts
<s> [webpack.Progress] 69% building 2112/2128 modules 16 active /var/www/trexzactyl/node_modules/source-map-loader/dist/cjs.js!/var/www/trexzactyl/node_modules/html-parse-stringify/dist/html-parse-stringify.module.js
<s> [webpack.Progress] 69% building 2112/2129 modules 17 active /var/www/trexzactyl/node_modules/style-loader/dist/cjs.js!/var/www/trexzactyl/node_modules/css-loader/dist/cjs.js??ref--7-1!/var/www/trexzactyl/node_modules/postcss-loader/dist/cjs.js??ref--7-2!/var/www/trexzactyl/node_modules/codemirror/addon/search/matchesonscrollbar.css
<s> [webpack.Progress] 69% building 2113/2129 modules 16 active /var/www/trexzactyl/node_modules/source-map-loader/dist/cjs.js!/var/www/trexzactyl/node_modules/html-parse-stringify/dist/html-parse-stringify.module.js
<s> [webpack.Progress] 69% building 2113/2130 modules 17 active /var/www/trexzactyl/node_modules/css-loader/dist/cjs.js??ref--7-1!/var/www/trexzactyl/node_modules/postcss-loader/dist/cjs.js??ref--7-2!/var/www/trexzactyl/node_modules/codemirror/addon/search/matchesonscrollbar.css
<s> [webpack.Progress] 69% building 2113/2131 modules 18 active /var/www/trexzactyl/node_modules/style-loader/dist/cjs.js!/var/www/trexzactyl/node_modules/css-loader/dist/cjs.js??ref--7-1!/var/www/trexzactyl/node_modules/postcss-loader/dist/cjs.js??ref--7-2!/var/www/trexzactyl/node_modules/codemirror/addon/scroll/simplescrollbars.css
<s> [webpack.Progress] 69% building 2114/2131 modules 17 active /var/www/trexzactyl/node_modules/css-loader/dist/cjs.js??ref--7-1!/var/www/trexzactyl/node_modules/postcss-loader/dist/cjs.js??ref--7-2!/var/www/trexzactyl/node_modules/codemirror/addon/search/matchesonscrollbar.css
<s> [webpack.Progress] 69% building 2114/2132 modules 18 active /var/www/trexzactyl/node_modules/css-loader/dist/cjs.js??ref--7-1!/var/www/trexzactyl/node_modules/postcss-loader/dist/cjs.js??ref--7-2!/var/www/trexzactyl/node_modules/codemirror/addon/scroll/simplescrollbars.css
<s> [webpack.Progress] 69% building 2114/2133 modules 19 active /var/www/trexzactyl/node_modules/babel-loader/lib/index.js!/var/www/trexzactyl/resources/scripts/api/server/files/getFileDownloadUrl.ts
<s> [webpack.Progress] 69% building 2115/2133 modules 18 active /var/www/trexzactyl/node_modules/babel-loader/lib/index.js!/var/www/trexzactyl/resources/scripts/api/server/files/getFileDownloadUrl.ts
<s> [webpack.Progress] 69% building 2115/2134 modules 19 active /var/www/trexzactyl/node_modules/source-map-loader/dist/cjs.js!/var/www/trexzactyl/node_modules/xterm-addon-search-bar/lib/xterm-addon-search-bar.esm.js
<s> [webpack.Progress] 69% building 2115/2135 modules 20 active /var/www/trexzactyl/node_modules/source-map-loader/dist/cjs.js!/var/www/trexzactyl/node_modules/@preact/signals-react/dist/signals.module.js
<s> [webpack.Progress] 69% building 2115/2136 modules 21 active /var/www/trexzactyl/node_modules/babel-loader/lib/index.js!/var/www/trexzactyl/resources/scripts/components/server/features/SteamDiskSpaceFeature.tsx
<s> [webpack.Progress] 69% building 2115/2137 modules 22 active /var/www/trexzactyl/node_modules/source-map-loader/dist/cjs.js!/var/www/trexzactyl/node_modules/xterm-addon-search/lib/xterm-addon-search.js
<s> [webpack.Progress] 69% building 2115/2138 modules 23 active /var/www/trexzactyl/node_modules/source-map-loader/dist/cjs.js!/var/www/trexzactyl/node_modules/xterm-addon-web-links/lib/xterm-addon-web-links.js
<s> [webpack.Progress] 69% building 2115/2139 modules 24 active /var/www/trexzactyl/node_modules/source-map-loader/dist/cjs.js!/var/www/trexzactyl/node_modules/xterm/lib/xterm.js
<s> [webpack.Progress] 69% building 2116/2139 modules 23 active /var/www/trexzactyl/node_modules/source-map-loader/dist/cjs.js!/var/www/trexzactyl/node_modules/xterm/lib/xterm.js
<s> [webpack.Progress] 69% building 2116/2140 modules 24 active /var/www/trexzactyl/node_modules/babel-loader/lib/index.js!/var/www/trexzactyl/resources/scripts/components/server/features/PIDLimitModalFeature.tsx
<s> [webpack.Progress] 69% building 2117/2140 modules 23 active /var/www/trexzactyl/node_modules/babel-loader/lib/index.js!/var/www/trexzactyl/resources/scripts/components/server/features/PIDLimitModalFeature.tsx
<s> [webpack.Progress] 69% building 2117/2141 modules 24 active /var/www/trexzactyl/node_modules/babel-loader/lib/index.js!/var/www/trexzactyl/resources/scripts/api/server/files/decompressFiles.ts
<s> [webpack.Progress] 69% building 2117/2142 modules 25 active /var/www/trexzactyl/node_modules/babel-loader/lib/index.js!/var/www/trexzactyl/resources/scripts/components/server/features/GSLTokenModalFeature.tsx
<s> [webpack.Progress] 69% building 2117/2143 modules 26 active /var/www/trexzactyl/node_modules/babel-loader/lib/index.js!/var/www/trexzactyl/resources/scripts/components/server/features/JavaVersionModalFeature.tsx
<s> [webpack.Progress] 69% building 2117/2144 modules 27 active /var/www/trexzactyl/node_modules/babel-loader/lib/index.js!/var/www/trexzactyl/resources/scripts/api/server/files/copyFile.ts
<s> [webpack.Progress] 69% building 2118/2144 modules 26 active /var/www/trexzactyl/node_modules/babel-loader/lib/index.js!/var/www/trexzactyl/resources/scripts/api/server/files/copyFile.ts
<s> [webpack.Progress] 69% building 2118/2145 modules 27 active /var/www/trexzactyl/node_modules/babel-loader/lib/index.js!/var/www/trexzactyl/resources/scripts/components/server/files/ChmodFileModal.tsx
<s> [webpack.Progress] 69% building 2118/2146 modules 28 active /var/www/trexzactyl/node_modules/style-loader/dist/cjs.js!/var/www/trexzactyl/node_modules/css-loader/dist/cjs.js??ref--7-1!/var/www/trexzactyl/node_modules/postcss-loader/dist/cjs.js??ref--7-2!/var/www/trexzactyl/node_modules/codemirror/addon/fold/foldgutter.css
<s> [webpack.Progress] 69% building 2119/2146 modules 27 active /var/www/trexzactyl/node_modules/babel-loader/lib/index.js!/var/www/trexzactyl/resources/scripts/components/server/files/ChmodFileModal.tsx
<s> [webpack.Progress] 69% building 2119/2147 modules 28 active /var/www/trexzactyl/node_modules/css-loader/dist/cjs.js??ref--7-1!/var/www/trexzactyl/node_modules/postcss-loader/dist/cjs.js??ref--7-2!/var/www/trexzactyl/node_modules/codemirror/addon/fold/foldgutter.css
<s> [webpack.Progress] 69% building 2119/2148 modules 29 active /var/www/trexzactyl/node_modules/source-map-loader/dist/cjs.js!/var/www/trexzactyl/node_modules/@fortawesome/free-solid-svg-icons/index.es.js
<s> [webpack.Progress] 69% building 2119/2149 modules 30 active /var/www/trexzactyl/node_modules/source-map-loader/dist/cjs.js!/var/www/trexzactyl/node_modules/react-chartjs-2/dist/index.js
<s> [webpack.Progress] 69% building 2119/2150 modules 31 active /var/www/trexzactyl/node_modules/source-map-loader/dist/cjs.js!/var/www/trexzactyl/node_modules/xterm-addon-fit/lib/xterm-addon-fit.js
<s> [webpack.Progress] 69% building 2119/2151 modules 32 active /var/www/trexzactyl/node_modules/source-map-loader/dist/cjs.js!/var/www/trexzactyl/node_modules/redux-devtools-extension/index.js
<s> [webpack.Progress] 69% building 2119/2152 modules 33 active /var/www/trexzactyl/node_modules/babel-loader/lib/index.js!/var/www/trexzactyl/resources/scripts/components/elements/DropdownMenu.tsx
<s> [webpack.Progress] 69% building 2119/2153 modules 34 active /var/www/trexzactyl/node_modules/babel-loader/lib/index.js!/var/www/trexzactyl/resources/scripts/components/server/features/eula/EulaModalFeature.tsx
<s> [webpack.Progress] 69% building 2120/2153 modules 33 active /var/www/trexzactyl/node_modules/babel-loader/lib/index.js!/var/www/trexzactyl/resources/scripts/components/server/features/eula/EulaModalFeature.tsx
<s> [webpack.Progress] 69% building 2120/2154 modules 34 active /var/www/trexzactyl/node_modules/babel-loader/lib/index.js!/var/www/trexzactyl/resources/scripts/api/server/backups/getBackupDownloadUrl.ts
<s> [webpack.Progress] 69% building 2120/2155 modules 35 active /var/www/trexzactyl/node_modules/babel-loader/lib/index.js!/var/www/trexzactyl/resources/scripts/api/server/backups/deleteBackup.ts
<s> [webpack.Progress] 69% building 2121/2155 modules 34 active /var/www/trexzactyl/node_modules/babel-loader/lib/index.js!/var/www/trexzactyl/resources/scripts/api/server/backups/deleteBackup.ts
<s> [webpack.Progress] 69% building 2122/2155 modules 33 active /var/www/trexzactyl/node_modules/babel-loader/lib/index.js!/var/www/trexzactyl/resources/scripts/api/server/backups/deleteBackup.ts
<s> [webpack.Progress] 69% building 2122/2156 modules 34 active /var/www/trexzactyl/node_modules/source-map-loader/dist/cjs.js!/var/www/trexzactyl/node_modules/shallowequal/index.js
<s> [webpack.Progress] 69% building 2122/2157 modules 35 active /var/www/trexzactyl/node_modules/source-map-loader/dist/cjs.js!/var/www/trexzactyl/node_modules/codemirror/mode/htmlembedded/htmlembedded.js
<s> [webpack.Progress] 68% building 2122/2158 modules 36 active /var/www/trexzactyl/node_modules/source-map-loader/dist/cjs.js!/var/www/trexzactyl/node_modules/codemirror/mode/properties/properties.js
<s> [webpack.Progress] 68% building 2122/2159 modules 37 active /var/www/trexzactyl/node_modules/source-map-loader/dist/cjs.js!/var/www/trexzactyl/node_modules/codemirror/mode/handlebars/handlebars.js
<s> [webpack.Progress] 68% building 2122/2160 modules 38 active /var/www/trexzactyl/node_modules/source-map-loader/dist/cjs.js!/var/www/trexzactyl/node_modules/codemirror/mode/dockerfile/dockerfile.js
<s> [webpack.Progress] 68% building 2122/2161 modules 39 active /var/www/trexzactyl/node_modules/source-map-loader/dist/cjs.js!/var/www/trexzactyl/node_modules/codemirror/mode/javascript/javascript.js
<s> [webpack.Progress] 68% building 2122/2162 modules 40 active /var/www/trexzactyl/node_modules/source-map-loader/dist/cjs.js!/var/www/trexzactyl/node_modules/codemirror/mode/htmlmixed/htmlmixed.js
<s> [webpack.Progress] 68% building 2122/2163 modules 41 active /var/www/trexzactyl/node_modules/source-map-loader/dist/cjs.js!/var/www/trexzactyl/node_modules/codemirror/mode/protobuf/protobuf.js
<s> [webpack.Progress] 68% building 2122/2164 modules 42 active /var/www/trexzactyl/node_modules/source-map-loader/dist/cjs.js!/var/www/trexzactyl/node_modules/codemirror/mode/brainfuck/brainfuck.js
<s> [webpack.Progress] 68% building 2122/2165 modules 43 active /var/www/trexzactyl/node_modules/source-map-loader/dist/cjs.js!/var/www/trexzactyl/node_modules/codemirror/mode/markdown/markdown.js
<s> [webpack.Progress] 68% building 2122/2166 modules 44 active /var/www/trexzactyl/node_modules/source-map-loader/dist/cjs.js!/var/www/trexzactyl/node_modules/codemirror/mode/smarty/smarty.js
<s> [webpack.Progress] 68% building 2122/2167 modules 45 active /var/www/trexzactyl/node_modules/source-map-loader/dist/cjs.js!/var/www/trexzactyl/node_modules/codemirror/mode/python/python.js
<s> [webpack.Progress] 68% building 2122/2168 modules 46 active /var/www/trexzactyl/node_modules/source-map-loader/dist/cjs.js!/var/www/trexzactyl/node_modules/codemirror/mode/erlang/erlang.js
<s> [webpack.Progress] 68% building 2122/2169 modules 47 active /var/www/trexzactyl/node_modules/source-map-loader/dist/cjs.js!/var/www/trexzactyl/node_modules/codemirror/mode/swift/swift.js
<s> [webpack.Progress] 68% building 2122/2170 modules 48 active /var/www/trexzactyl/node_modules/source-map-loader/dist/cjs.js!/var/www/trexzactyl/node_modules/codemirror/mode/nginx/nginx.js
<s> [webpack.Progress] 68% building 2122/2171 modules 49 active /var/www/trexzactyl/node_modules/source-map-loader/dist/cjs.js!/var/www/trexzactyl/node_modules/codemirror/mode/shell/shell.js
<s> [webpack.Progress] 68% building 2122/2172 modules 50 active /var/www/trexzactyl/node_modules/source-map-loader/dist/cjs.js!/var/www/trexzactyl/node_modules/codemirror/mode/yaml/yaml.js
<s> [webpack.Progress] 68% building 2122/2173 modules 51 active /var/www/trexzactyl/node_modules/source-map-loader/dist/cjs.js!/var/www/trexzactyl/node_modules/codemirror/mode/clike/clike.js
<s> [webpack.Progress] 68% building 2122/2174 modules 52 active /var/www/trexzactyl/node_modules/source-map-loader/dist/cjs.js!/var/www/trexzactyl/node_modules/codemirror/mode/twig/twig.js
<s> [webpack.Progress] 68% building 2122/2175 modules 53 active /var/www/trexzactyl/node_modules/source-map-loader/dist/cjs.js!/var/www/trexzactyl/node_modules/codemirror/mode/julia/julia.js
<s> [webpack.Progress] 68% building 2122/2176 modules 54 active /var/www/trexzactyl/node_modules/source-map-loader/dist/cjs.js!/var/www/trexzactyl/node_modules/codemirror/mode/sass/sass.js
<s> [webpack.Progress] 68% building 2122/2177 modules 55 active /var/www/trexzactyl/node_modules/source-map-loader/dist/cjs.js!/var/www/trexzactyl/node_modules/codemirror/mode/rust/rust.js
<s> [webpack.Progress] 68% building 2122/2178 modules 56 active /var/www/trexzactyl/node_modules/source-map-loader/dist/cjs.js!/var/www/trexzactyl/node_modules/codemirror/mode/ruby/ruby.js
<s> [webpack.Progress] 68% building 2122/2179 modules 57 active /var/www/trexzactyl/node_modules/source-map-loader/dist/cjs.js!/var/www/trexzactyl/node_modules/codemirror/mode/toml/toml.js
<s> [webpack.Progress] 68% building 2122/2180 modules 58 active /var/www/trexzactyl/node_modules/source-map-loader/dist/cjs.js!/var/www/trexzactyl/node_modules/codemirror/mode/perl/perl.js
<s> [webpack.Progress] 68% building 2122/2181 modules 59 active /var/www/trexzactyl/node_modules/source-map-loader/dist/cjs.js!/var/www/trexzactyl/node_modules/codemirror/mode/http/http.js
<s> [webpack.Progress] 68% building 2122/2182 modules 60 active /var/www/trexzactyl/node_modules/source-map-loader/dist/cjs.js!/var/www/trexzactyl/node_modules/codemirror/mode/diff/diff.js
<s> [webpack.Progress] 68% building 2122/2183 modules 61 active /var/www/trexzactyl/node_modules/source-map-loader/dist/cjs.js!/var/www/trexzactyl/node_modules/codemirror/mode/xml/xml.js
<s> [webpack.Progress] 68% building 2122/2184 modules 62 active /var/www/trexzactyl/node_modules/source-map-loader/dist/cjs.js!/var/www/trexzactyl/node_modules/codemirror/mode/dart/dart.js
<s> [webpack.Progress] 68% building 2122/2185 modules 63 active /var/www/trexzactyl/node_modules/source-map-loader/dist/cjs.js!/var/www/trexzactyl/node_modules/codemirror/mode/vue/vue.js
<s> [webpack.Progress] 68% building 2122/2186 modules 64 active /var/www/trexzactyl/node_modules/source-map-loader/dist/cjs.js!/var/www/trexzactyl/node_modules/codemirror/mode/sql/sql.js
<s> [webpack.Progress] 68% building 2122/2187 modules 65 active /var/www/trexzactyl/node_modules/source-map-loader/dist/cjs.js!/var/www/trexzactyl/node_modules/codemirror/mode/rpm/rpm.js
<s> [webpack.Progress] 68% building 2122/2188 modules 66 active /var/www/trexzactyl/node_modules/source-map-loader/dist/cjs.js!/var/www/trexzactyl/node_modules/codemirror/mode/pug/pug.js
<s> [webpack.Progress] 68% building 2122/2189 modules 67 active /var/www/trexzactyl/node_modules/source-map-loader/dist/cjs.js!/var/www/trexzactyl/node_modules/codemirror/mode/php/php.js
<s> [webpack.Progress] 68% building 2122/2190 modules 68 active /var/www/trexzactyl/node_modules/source-map-loader/dist/cjs.js!/var/www/trexzactyl/node_modules/codemirror/mode/jsx/jsx.js
<s> [webpack.Progress] 68% building 2122/2191 modules 69 active /var/www/trexzactyl/node_modules/source-map-loader/dist/cjs.js!/var/www/trexzactyl/node_modules/codemirror/mode/lua/lua.js
<s> [webpack.Progress] 68% building 2122/2192 modules 70 active /var/www/trexzactyl/node_modules/source-map-loader/dist/cjs.js!/var/www/trexzactyl/node_modules/codemirror/mode/gfm/gfm.js
<s> [webpack.Progress] 68% building 2122/2193 modules 71 active /var/www/trexzactyl/node_modules/source-map-loader/dist/cjs.js!/var/www/trexzactyl/node_modules/codemirror/mode/css/css.js
<s> [webpack.Progress] 68% building 2122/2194 modules 72 active /var/www/trexzactyl/node_modules/source-map-loader/dist/cjs.js!/var/www/trexzactyl/node_modules/codemirror/mode/go/go.js
<s> [webpack.Progress] 68% building 2122/2195 modules 73 active /var/www/trexzactyl/node_modules/source-map-loader/dist/cjs.js!/var/www/trexzactyl/node_modules/codemirror/addon/search/matchesonscrollbar.js
<s> [webpack.Progress] 67% building 2122/2196 modules 74 active /var/www/trexzactyl/node_modules/source-map-loader/dist/cjs.js!/var/www/trexzactyl/node_modules/codemirror/addon/search/match-highlighter.js
<s> [webpack.Progress] 67% building 2122/2197 modules 75 active /var/www/trexzactyl/node_modules/source-map-loader/dist/cjs.js!/var/www/trexzactyl/node_modules/codemirror/addon/scroll/annotatescrollbar.js
<s> [webpack.Progress] 67% building 2122/2198 modules 76 active /var/www/trexzactyl/node_modules/source-map-loader/dist/cjs.js!/var/www/trexzactyl/node_modules/codemirror/addon/scroll/scrollpastend.js
<s> [webpack.Progress] 67% building 2122/2199 modules 77 active /var/www/trexzactyl/node_modules/source-map-loader/dist/cjs.js!/var/www/trexzactyl/node_modules/codemirror/addon/scroll/simplescrollbars.js
<s> [webpack.Progress] 67% building 2122/2200 modules 78 active /var/www/trexzactyl/node_modules/source-map-loader/dist/cjs.js!/var/www/trexzactyl/node_modules/codemirror/addon/search/searchcursor.js
<s> [webpack.Progress] 67% building 2122/2201 modules 79 active /var/www/trexzactyl/node_modules/source-map-loader/dist/cjs.js!/var/www/trexzactyl/node_modules/codemirror/addon/search/jump-to-line.js
<s> [webpack.Progress] 67% building 2123/2201 modules 78 active /var/www/trexzactyl/node_modules/source-map-loader/dist/cjs.js!/var/www/trexzactyl/node_modules/codemirror/addon/search/jump-to-line.js
<s> [webpack.Progress] 67% building 2123/2202 modules 79 active /var/www/trexzactyl/node_modules/source-map-loader/dist/cjs.js!/var/www/trexzactyl/node_modules/codemirror/addon/hint/javascript-hint.js
<s> [webpack.Progress] 67% building 2124/2202 modules 78 active /var/www/trexzactyl/node_modules/source-map-loader/dist/cjs.js!/var/www/trexzactyl/node_modules/codemirror/addon/hint/javascript-hint.js
<s> [webpack.Progress] 67% building 2125/2202 modules 77 active /var/www/trexzactyl/node_modules/source-map-loader/dist/cjs.js!/var/www/trexzactyl/node_modules/codemirror/addon/hint/javascript-hint.js
<s> [webpack.Progress] 67% building 2126/2202 modules 76 active /var/www/trexzactyl/node_modules/source-map-loader/dist/cjs.js!/var/www/trexzactyl/node_modules/codemirror/addon/hint/javascript-hint.js
<s> [webpack.Progress] 67% building 2127/2202 modules 75 active /var/www/trexzactyl/node_modules/source-map-loader/dist/cjs.js!/var/www/trexzactyl/node_modules/codemirror/addon/hint/javascript-hint.js
<s> [webpack.Progress] 67% building 2127/2203 modules 76 active /var/www/trexzactyl/node_modules/source-map-loader/dist/cjs.js!/var/www/trexzactyl/node_modules/styled-components/node_modules/@emotion/is-prop-valid/dist/emotion-is-prop-valid.esm.js
<s> [webpack.Progress] 67% building 2127/2204 modules 77 active /var/www/trexzactyl/node_modules/source-map-loader/dist/cjs.js!/var/www/trexzactyl/node_modules/styled-components/node_modules/@emotion/unitless/dist/unitless.browser.esm.js
<s> [webpack.Progress] 67% building 2128/2204 modules 76 active /var/www/trexzactyl/node_modules/source-map-loader/dist/cjs.js!/var/www/trexzactyl/node_modules/styled-components/node_modules/@emotion/unitless/dist/unitless.browser.esm.js
<s> [webpack.Progress] 67% building 2128/2205 modules 77 active /var/www/trexzactyl/node_modules/babel-loader/lib/index.js!/var/www/trexzactyl/resources/scripts/api/server/network/deleteServerAllocation.ts
<s> [webpack.Progress] 67% building 2128/2206 modules 78 active /var/www/trexzactyl/node_modules/babel-loader/lib/index.js!/var/www/trexzactyl/resources/scripts/api/server/users/deleteSubuser.ts
<s> [webpack.Progress] 67% building 2128/2207 modules 79 active /var/www/trexzactyl/node_modules/source-map-loader/dist/cjs.js!/var/www/trexzactyl/node_modules/@emotion/stylis/dist/stylis.browser.esm.js
<s> [webpack.Progress] 67% building 2129/2207 modules 78 active /var/www/trexzactyl/node_modules/source-map-loader/dist/cjs.js!/var/www/trexzactyl/node_modules/@emotion/stylis/dist/stylis.browser.esm.js
<s> [webpack.Progress] 67% building 2129/2208 modules 79 active /var/www/trexzactyl/node_modules/sockette/dist/sockette.mjs
<s> [webpack.Progress] 67% building 2129/2209 modules 80 active /var/www/trexzactyl/node_modules/babel-loader/lib/index.js!/var/www/trexzactyl/resources/scripts/components/server/users/SelectAllPermissions.tsx
<s> [webpack.Progress] 67% building 2129/2210 modules 81 active /var/www/trexzactyl/node_modules/babel-loader/lib/index.js!/var/www/trexzactyl/resources/scripts/components/server/users/PermissionTitleBox.tsx
<s> [webpack.Progress] 67% building 2129/2211 modules 82 active /var/www/trexzactyl/node_modules/babel-loader/lib/index.js!/var/www/trexzactyl/resources/scripts/api/server/users/createOrUpdateSubuser.ts
<s> [webpack.Progress] 67% building 2130/2211 modules 81 active /var/www/trexzactyl/node_modules/babel-loader/lib/index.js!/var/www/trexzactyl/resources/scripts/api/server/users/createOrUpdateSubuser.ts
<s> [webpack.Progress] 67% building 2131/2211 modules 80 active /var/www/trexzactyl/node_modules/babel-loader/lib/index.js!/var/www/trexzactyl/resources/scripts/api/server/users/createOrUpdateSubuser.ts
<s> [webpack.Progress] 67% building 2132/2211 modules 79 active /var/www/trexzactyl/node_modules/babel-loader/lib/index.js!/var/www/trexzactyl/resources/scripts/api/server/users/createOrUpdateSubuser.ts
<s> [webpack.Progress] 67% building 2132/2212 modules 80 active /var/www/trexzactyl/node_modules/style-loader/dist/cjs.js!/var/www/trexzactyl/node_modules/css-loader/dist/cjs.js??ref--7-1!/var/www/trexzactyl/node_modules/postcss-loader/dist/cjs.js??ref--7-2!/var/www/trexzactyl/node_modules/codemirror/addon/hint/show-hint.css
<s> [webpack.Progress] 67% building 2133/2212 modules 79 active /var/www/trexzactyl/node_modules/babel-loader/lib/index.js!/var/www/trexzactyl/resources/scripts/api/server/users/createOrUpdateSubuser.ts
<s> [webpack.Progress] 67% building 2133/2213 modules 80 active /var/www/trexzactyl/node_modules/css-loader/dist/cjs.js??ref--7-1!/var/www/trexzactyl/node_modules/postcss-loader/dist/cjs.js??ref--7-2!/var/www/trexzactyl/node_modules/codemirror/addon/hint/show-hint.css
<s> [webpack.Progress] 67% building 2134/2213 modules 79 active /var/www/trexzactyl/node_modules/css-loader/dist/cjs.js??ref--7-1!/var/www/trexzactyl/node_modules/postcss-loader/dist/cjs.js??ref--7-2!/var/www/trexzactyl/node_modules/codemirror/addon/hint/show-hint.css
<s> [webpack.Progress] 67% building 2135/2213 modules 78 active /var/www/trexzactyl/node_modules/css-loader/dist/cjs.js??ref--7-1!/var/www/trexzactyl/node_modules/postcss-loader/dist/cjs.js??ref--7-2!/var/www/trexzactyl/node_modules/codemirror/addon/hint/show-hint.css
<s> [webpack.Progress] 67% building 2136/2213 modules 77 active /var/www/trexzactyl/node_modules/css-loader/dist/cjs.js??ref--7-1!/var/www/trexzactyl/node_modules/postcss-loader/dist/cjs.js??ref--7-2!/var/www/trexzactyl/node_modules/codemirror/addon/hint/show-hint.css
<s> [webpack.Progress] 67% building 2137/2213 modules 76 active /var/www/trexzactyl/node_modules/css-loader/dist/cjs.js??ref--7-1!/var/www/trexzactyl/node_modules/postcss-loader/dist/cjs.js??ref--7-2!/var/www/trexzactyl/node_modules/codemirror/addon/hint/show-hint.css
<s> [webpack.Progress] 67% building 2138/2213 modules 75 active /var/www/trexzactyl/node_modules/css-loader/dist/cjs.js??ref--7-1!/var/www/trexzactyl/node_modules/postcss-loader/dist/cjs.js??ref--7-2!/var/www/trexzactyl/node_modules/codemirror/addon/hint/show-hint.css
<s> [webpack.Progress] 67% building 2139/2213 modules 74 active /var/www/trexzactyl/node_modules/css-loader/dist/cjs.js??ref--7-1!/var/www/trexzactyl/node_modules/postcss-loader/dist/cjs.js??ref--7-2!/var/www/trexzactyl/node_modules/codemirror/addon/hint/show-hint.css
<s> [webpack.Progress] 68% building 2140/2213 modules 73 active /var/www/trexzactyl/node_modules/css-loader/dist/cjs.js??ref--7-1!/var/www/trexzactyl/node_modules/postcss-loader/dist/cjs.js??ref--7-2!/var/www/trexzactyl/node_modules/codemirror/addon/hint/show-hint.css
<s> [webpack.Progress] 67% building 2140/2214 modules 74 active /var/www/trexzactyl/node_modules/babel-loader/lib/index.js!/var/www/trexzactyl/resources/scripts/components/server/users/PermissionRow.tsx
<s> [webpack.Progress] 68% building 2141/2214 modules 73 active /var/www/trexzactyl/node_modules/babel-loader/lib/index.js!/var/www/trexzactyl/resources/scripts/components/server/users/PermissionRow.tsx
<s> [webpack.Progress] 67% building 2141/2215 modules 74 active /var/www/trexzactyl/node_modules/style-loader/dist/cjs.js!/var/www/trexzactyl/node_modules/css-loader/dist/cjs.js??ref--7-1!/var/www/trexzactyl/node_modules/postcss-loader/dist/cjs.js??ref--7-2!/var/www/trexzactyl/node_modules/codemirror/addon/dialog/dialog.css
<s> [webpack.Progress] 68% building 2142/2215 modules 73 active /var/www/trexzactyl/node_modules/babel-loader/lib/index.js!/var/www/trexzactyl/resources/scripts/components/server/users/PermissionRow.tsx
<s> [webpack.Progress] 67% building 2142/2216 modules 74 active /var/www/trexzactyl/node_modules/css-loader/dist/cjs.js??ref--7-1!/var/www/trexzactyl/node_modules/postcss-loader/dist/cjs.js??ref--7-2!/var/www/trexzactyl/node_modules/codemirror/addon/dialog/dialog.css
<s> [webpack.Progress] 68% building 2143/2216 modules 73 active /var/www/trexzactyl/node_modules/css-loader/dist/cjs.js??ref--7-1!/var/www/trexzactyl/node_modules/postcss-loader/dist/cjs.js??ref--7-2!/var/www/trexzactyl/node_modules/codemirror/addon/dialog/dialog.css
<s> [webpack.Progress] 68% building 2144/2216 modules 72 active /var/www/trexzactyl/node_modules/css-loader/dist/cjs.js??ref--7-1!/var/www/trexzactyl/node_modules/postcss-loader/dist/cjs.js??ref--7-2!/var/www/trexzactyl/node_modules/codemirror/addon/dialog/dialog.css
<s> [webpack.Progress] 68% building 2145/2216 modules 71 active /var/www/trexzactyl/node_modules/css-loader/dist/cjs.js??ref--7-1!/var/www/trexzactyl/node_modules/postcss-loader/dist/cjs.js??ref--7-2!/var/www/trexzactyl/node_modules/codemirror/addon/dialog/dialog.css
<s> [webpack.Progress] 68% building 2146/2216 modules 70 active /var/www/trexzactyl/node_modules/css-loader/dist/cjs.js??ref--7-1!/var/www/trexzactyl/node_modules/postcss-loader/dist/cjs.js??ref--7-2!/var/www/trexzactyl/node_modules/codemirror/addon/dialog/dialog.css
<s> [webpack.Progress] 68% building 2147/2216 modules 69 active /var/www/trexzactyl/node_modules/css-loader/dist/cjs.js??ref--7-1!/var/www/trexzactyl/node_modules/postcss-loader/dist/cjs.js??ref--7-2!/var/www/trexzactyl/node_modules/codemirror/addon/dialog/dialog.css
<s> [webpack.Progress] 68% building 2148/2216 modules 68 active /var/www/trexzactyl/node_modules/css-loader/dist/cjs.js??ref--7-1!/var/www/trexzactyl/node_modules/postcss-loader/dist/cjs.js??ref--7-2!/var/www/trexzactyl/node_modules/codemirror/addon/dialog/dialog.css
<s> [webpack.Progress] 68% building 2149/2216 modules 67 active /var/www/trexzactyl/node_modules/css-loader/dist/cjs.js??ref--7-1!/var/www/trexzactyl/node_modules/postcss-loader/dist/cjs.js??ref--7-2!/var/www/trexzactyl/node_modules/codemirror/addon/dialog/dialog.css
<s> [webpack.Progress] 68% building 2150/2216 modules 66 active /var/www/trexzactyl/node_modules/css-loader/dist/cjs.js??ref--7-1!/var/www/trexzactyl/node_modules/postcss-loader/dist/cjs.js??ref--7-2!/var/www/trexzactyl/node_modules/codemirror/addon/dialog/dialog.css
<s> [webpack.Progress] 68% building 2151/2216 modules 65 active /var/www/trexzactyl/node_modules/css-loader/dist/cjs.js??ref--7-1!/var/www/trexzactyl/node_modules/postcss-loader/dist/cjs.js??ref--7-2!/var/www/trexzactyl/node_modules/codemirror/addon/dialog/dialog.css
<s> [webpack.Progress] 68% building 2152/2216 modules 64 active /var/www/trexzactyl/node_modules/css-loader/dist/cjs.js??ref--7-1!/var/www/trexzactyl/node_modules/postcss-loader/dist/cjs.js??ref--7-2!/var/www/trexzactyl/node_modules/codemirror/addon/dialog/dialog.css
<s> [webpack.Progress] 68% building 2153/2216 modules 63 active /var/www/trexzactyl/node_modules/css-loader/dist/cjs.js??ref--7-1!/var/www/trexzactyl/node_modules/postcss-loader/dist/cjs.js??ref--7-2!/var/www/trexzactyl/node_modules/codemirror/addon/dialog/dialog.css
<s> [webpack.Progress] 68% building 2154/2216 modules 62 active /var/www/trexzactyl/node_modules/css-loader/dist/cjs.js??ref--7-1!/var/www/trexzactyl/node_modules/postcss-loader/dist/cjs.js??ref--7-2!/var/www/trexzactyl/node_modules/codemirror/addon/dialog/dialog.css
<s> [webpack.Progress] 68% building 2155/2216 modules 61 active /var/www/trexzactyl/node_modules/css-loader/dist/cjs.js??ref--7-1!/var/www/trexzactyl/node_modules/postcss-loader/dist/cjs.js??ref--7-2!/var/www/trexzactyl/node_modules/codemirror/addon/dialog/dialog.css
<s> [webpack.Progress] 68% building 2156/2216 modules 60 active /var/www/trexzactyl/node_modules/css-loader/dist/cjs.js??ref--7-1!/var/www/trexzactyl/node_modules/postcss-loader/dist/cjs.js??ref--7-2!/var/www/trexzactyl/node_modules/codemirror/addon/dialog/dialog.css
<s> [webpack.Progress] 68% building 2157/2216 modules 59 active /var/www/trexzactyl/node_modules/css-loader/dist/cjs.js??ref--7-1!/var/www/trexzactyl/node_modules/postcss-loader/dist/cjs.js??ref--7-2!/var/www/trexzactyl/node_modules/codemirror/addon/dialog/dialog.css
<s> [webpack.Progress] 68% building 2158/2216 modules 58 active /var/www/trexzactyl/node_modules/css-loader/dist/cjs.js??ref--7-1!/var/www/trexzactyl/node_modules/postcss-loader/dist/cjs.js??ref--7-2!/var/www/trexzactyl/node_modules/codemirror/addon/dialog/dialog.css
<s> [webpack.Progress] 68% building 2159/2216 modules 57 active /var/www/trexzactyl/node_modules/css-loader/dist/cjs.js??ref--7-1!/var/www/trexzactyl/node_modules/postcss-loader/dist/cjs.js??ref--7-2!/var/www/trexzactyl/node_modules/codemirror/addon/dialog/dialog.css
<s> [webpack.Progress] 68% building 2160/2216 modules 56 active /var/www/trexzactyl/node_modules/css-loader/dist/cjs.js??ref--7-1!/var/www/trexzactyl/node_modules/postcss-loader/dist/cjs.js??ref--7-2!/var/www/trexzactyl/node_modules/codemirror/addon/dialog/dialog.css
<s> [webpack.Progress] 68% building 2161/2216 modules 55 active /var/www/trexzactyl/node_modules/css-loader/dist/cjs.js??ref--7-1!/var/www/trexzactyl/node_modules/postcss-loader/dist/cjs.js??ref--7-2!/var/www/trexzactyl/node_modules/codemirror/addon/dialog/dialog.css
<s> [webpack.Progress] 68% building 2162/2216 modules 54 active /var/www/trexzactyl/node_modules/css-loader/dist/cjs.js??ref--7-1!/var/www/trexzactyl/node_modules/postcss-loader/dist/cjs.js??ref--7-2!/var/www/trexzactyl/node_modules/codemirror/addon/dialog/dialog.css
<s> [webpack.Progress] 68% building 2163/2216 modules 53 active /var/www/trexzactyl/node_modules/css-loader/dist/cjs.js??ref--7-1!/var/www/trexzactyl/node_modules/postcss-loader/dist/cjs.js??ref--7-2!/var/www/trexzactyl/node_modules/codemirror/addon/dialog/dialog.css
<s> [webpack.Progress] 68% building 2164/2216 modules 52 active /var/www/trexzactyl/node_modules/css-loader/dist/cjs.js??ref--7-1!/var/www/trexzactyl/node_modules/postcss-loader/dist/cjs.js??ref--7-2!/var/www/trexzactyl/node_modules/codemirror/addon/dialog/dialog.css
<s> [webpack.Progress] 68% building 2165/2216 modules 51 active /var/www/trexzactyl/node_modules/css-loader/dist/cjs.js??ref--7-1!/var/www/trexzactyl/node_modules/postcss-loader/dist/cjs.js??ref--7-2!/var/www/trexzactyl/node_modules/codemirror/addon/dialog/dialog.css
<s> [webpack.Progress] 68% building 2166/2216 modules 50 active /var/www/trexzactyl/node_modules/css-loader/dist/cjs.js??ref--7-1!/var/www/trexzactyl/node_modules/postcss-loader/dist/cjs.js??ref--7-2!/var/www/trexzactyl/node_modules/codemirror/addon/dialog/dialog.css
<s> [webpack.Progress] 68% building 2167/2216 modules 49 active /var/www/trexzactyl/node_modules/css-loader/dist/cjs.js??ref--7-1!/var/www/trexzactyl/node_modules/postcss-loader/dist/cjs.js??ref--7-2!/var/www/trexzactyl/node_modules/codemirror/addon/dialog/dialog.css
<s> [webpack.Progress] 68% building 2168/2216 modules 48 active /var/www/trexzactyl/node_modules/css-loader/dist/cjs.js??ref--7-1!/var/www/trexzactyl/node_modules/postcss-loader/dist/cjs.js??ref--7-2!/var/www/trexzactyl/node_modules/codemirror/addon/dialog/dialog.css
<s> [webpack.Progress] 68% building 2169/2216 modules 47 active /var/www/trexzactyl/node_modules/css-loader/dist/cjs.js??ref--7-1!/var/www/trexzactyl/node_modules/postcss-loader/dist/cjs.js??ref--7-2!/var/www/trexzactyl/node_modules/codemirror/addon/dialog/dialog.css
<s> [webpack.Progress] 68% building 2170/2216 modules 46 active /var/www/trexzactyl/node_modules/css-loader/dist/cjs.js??ref--7-1!/var/www/trexzactyl/node_modules/postcss-loader/dist/cjs.js??ref--7-2!/var/www/trexzactyl/node_modules/codemirror/addon/dialog/dialog.css
<s> [webpack.Progress] 68% building 2171/2216 modules 45 active /var/www/trexzactyl/node_modules/css-loader/dist/cjs.js??ref--7-1!/var/www/trexzactyl/node_modules/postcss-loader/dist/cjs.js??ref--7-2!/var/www/trexzactyl/node_modules/codemirror/addon/dialog/dialog.css
<s> [webpack.Progress] 68% building 2172/2216 modules 44 active /var/www/trexzactyl/node_modules/css-loader/dist/cjs.js??ref--7-1!/var/www/trexzactyl/node_modules/postcss-loader/dist/cjs.js??ref--7-2!/var/www/trexzactyl/node_modules/codemirror/addon/dialog/dialog.css
<s> [webpack.Progress] 68% building 2173/2216 modules 43 active /var/www/trexzactyl/node_modules/css-loader/dist/cjs.js??ref--7-1!/var/www/trexzactyl/node_modules/postcss-loader/dist/cjs.js??ref--7-2!/var/www/trexzactyl/node_modules/codemirror/addon/dialog/dialog.css
<s> [webpack.Progress] 68% building 2174/2216 modules 42 active /var/www/trexzactyl/node_modules/css-loader/dist/cjs.js??ref--7-1!/var/www/trexzactyl/node_modules/postcss-loader/dist/cjs.js??ref--7-2!/var/www/trexzactyl/node_modules/codemirror/addon/dialog/dialog.css
<s> [webpack.Progress] 68% building 2175/2216 modules 41 active /var/www/trexzactyl/node_modules/css-loader/dist/cjs.js??ref--7-1!/var/www/trexzactyl/node_modules/postcss-loader/dist/cjs.js??ref--7-2!/var/www/trexzactyl/node_modules/codemirror/addon/dialog/dialog.css
<s> [webpack.Progress] 68% building 2176/2216 modules 40 active /var/www/trexzactyl/node_modules/css-loader/dist/cjs.js??ref--7-1!/var/www/trexzactyl/node_modules/postcss-loader/dist/cjs.js??ref--7-2!/var/www/trexzactyl/node_modules/codemirror/addon/dialog/dialog.css
<s> [webpack.Progress] 68% building 2177/2216 modules 39 active /var/www/trexzactyl/node_modules/css-loader/dist/cjs.js??ref--7-1!/var/www/trexzactyl/node_modules/postcss-loader/dist/cjs.js??ref--7-2!/var/www/trexzactyl/node_modules/codemirror/addon/dialog/dialog.css
<s> [webpack.Progress] 68% building 2178/2216 modules 38 active /var/www/trexzactyl/node_modules/css-loader/dist/cjs.js??ref--7-1!/var/www/trexzactyl/node_modules/postcss-loader/dist/cjs.js??ref--7-2!/var/www/trexzactyl/node_modules/codemirror/addon/dialog/dialog.css
<s> [webpack.Progress] 68% building 2179/2216 modules 37 active /var/www/trexzactyl/node_modules/css-loader/dist/cjs.js??ref--7-1!/var/www/trexzactyl/node_modules/postcss-loader/dist/cjs.js??ref--7-2!/var/www/trexzactyl/node_modules/codemirror/addon/dialog/dialog.css
<s> [webpack.Progress] 69% building 2180/2216 modules 36 active /var/www/trexzactyl/node_modules/css-loader/dist/cjs.js??ref--7-1!/var/www/trexzactyl/node_modules/postcss-loader/dist/cjs.js??ref--7-2!/var/www/trexzactyl/node_modules/codemirror/addon/dialog/dialog.css
<s> [webpack.Progress] 69% building 2181/2216 modules 35 active /var/www/trexzactyl/node_modules/css-loader/dist/cjs.js??ref--7-1!/var/www/trexzactyl/node_modules/postcss-loader/dist/cjs.js??ref--7-2!/var/www/trexzactyl/node_modules/codemirror/addon/dialog/dialog.css
<s> [webpack.Progress] 69% building 2182/2216 modules 34 active /var/www/trexzactyl/node_modules/css-loader/dist/cjs.js??ref--7-1!/var/www/trexzactyl/node_modules/postcss-loader/dist/cjs.js??ref--7-2!/var/www/trexzactyl/node_modules/codemirror/addon/dialog/dialog.css
<s> [webpack.Progress] 69% building 2183/2216 modules 33 active /var/www/trexzactyl/node_modules/css-loader/dist/cjs.js??ref--7-1!/var/www/trexzactyl/node_modules/postcss-loader/dist/cjs.js??ref--7-2!/var/www/trexzactyl/node_modules/codemirror/addon/dialog/dialog.css
<s> [webpack.Progress] 69% building 2184/2216 modules 32 active /var/www/trexzactyl/node_modules/css-loader/dist/cjs.js??ref--7-1!/var/www/trexzactyl/node_modules/postcss-loader/dist/cjs.js??ref--7-2!/var/www/trexzactyl/node_modules/codemirror/addon/dialog/dialog.css
<s> [webpack.Progress] 69% building 2185/2216 modules 31 active /var/www/trexzactyl/node_modules/css-loader/dist/cjs.js??ref--7-1!/var/www/trexzactyl/node_modules/postcss-loader/dist/cjs.js??ref--7-2!/var/www/trexzactyl/node_modules/codemirror/addon/dialog/dialog.css
<s> [webpack.Progress] 69% building 2186/2216 modules 30 active /var/www/trexzactyl/node_modules/css-loader/dist/cjs.js??ref--7-1!/var/www/trexzactyl/node_modules/postcss-loader/dist/cjs.js??ref--7-2!/var/www/trexzactyl/node_modules/codemirror/addon/dialog/dialog.css
<s> [webpack.Progress] 69% building 2187/2216 modules 29 active /var/www/trexzactyl/node_modules/css-loader/dist/cjs.js??ref--7-1!/var/www/trexzactyl/node_modules/postcss-loader/dist/cjs.js??ref--7-2!/var/www/trexzactyl/node_modules/codemirror/addon/dialog/dialog.css
<s> [webpack.Progress] 69% building 2188/2216 modules 28 active /var/www/trexzactyl/node_modules/css-loader/dist/cjs.js??ref--7-1!/var/www/trexzactyl/node_modules/postcss-loader/dist/cjs.js??ref--7-2!/var/www/trexzactyl/node_modules/codemirror/addon/dialog/dialog.css
<s> [webpack.Progress] 69% building 2189/2216 modules 27 active /var/www/trexzactyl/node_modules/css-loader/dist/cjs.js??ref--7-1!/var/www/trexzactyl/node_modules/postcss-loader/dist/cjs.js??ref--7-2!/var/www/trexzactyl/node_modules/codemirror/addon/dialog/dialog.css
<s> [webpack.Progress] 69% building 2190/2216 modules 26 active /var/www/trexzactyl/node_modules/css-loader/dist/cjs.js??ref--7-1!/var/www/trexzactyl/node_modules/postcss-loader/dist/cjs.js??ref--7-2!/var/www/trexzactyl/node_modules/codemirror/addon/dialog/dialog.css
<s> [webpack.Progress] 69% building 2191/2216 modules 25 active /var/www/trexzactyl/node_modules/css-loader/dist/cjs.js??ref--7-1!/var/www/trexzactyl/node_modules/postcss-loader/dist/cjs.js??ref--7-2!/var/www/trexzactyl/node_modules/codemirror/addon/dialog/dialog.css
<s> [webpack.Progress] 69% building 2192/2216 modules 24 active /var/www/trexzactyl/node_modules/css-loader/dist/cjs.js??ref--7-1!/var/www/trexzactyl/node_modules/postcss-loader/dist/cjs.js??ref--7-2!/var/www/trexzactyl/node_modules/codemirror/addon/dialog/dialog.css
<s> [webpack.Progress] 69% building 2193/2216 modules 23 active /var/www/trexzactyl/node_modules/css-loader/dist/cjs.js??ref--7-1!/var/www/trexzactyl/node_modules/postcss-loader/dist/cjs.js??ref--7-2!/var/www/trexzactyl/node_modules/codemirror/addon/dialog/dialog.css
<s> [webpack.Progress] 69% building 2194/2216 modules 22 active /var/www/trexzactyl/node_modules/css-loader/dist/cjs.js??ref--7-1!/var/www/trexzactyl/node_modules/postcss-loader/dist/cjs.js??ref--7-2!/var/www/trexzactyl/node_modules/codemirror/addon/dialog/dialog.css
<s> [webpack.Progress] 69% building 2195/2216 modules 21 active /var/www/trexzactyl/node_modules/css-loader/dist/cjs.js??ref--7-1!/var/www/trexzactyl/node_modules/postcss-loader/dist/cjs.js??ref--7-2!/var/www/trexzactyl/node_modules/codemirror/addon/dialog/dialog.css
<s> [webpack.Progress] 69% building 2195/2217 modules 22 active /var/www/trexzactyl/node_modules/style-loader/dist/cjs.js!/var/www/trexzactyl/node_modules/css-loader/dist/cjs.js??ref--7-1!/var/www/trexzactyl/node_modules/postcss-loader/dist/cjs.js??ref--7-2!/var/www/trexzactyl/node_modules/codemirror/theme/ayu-mirage.css
<s> [webpack.Progress] 69% building 2196/2217 modules 21 active /var/www/trexzactyl/node_modules/css-loader/dist/cjs.js??ref--7-1!/var/www/trexzactyl/node_modules/postcss-loader/dist/cjs.js??ref--7-2!/var/www/trexzactyl/node_modules/codemirror/addon/dialog/dialog.css
<s> [webpack.Progress] 69% building 2196/2218 modules 22 active /var/www/trexzactyl/node_modules/css-loader/dist/cjs.js??ref--7-1!/var/www/trexzactyl/node_modules/postcss-loader/dist/cjs.js??ref--7-2!/var/www/trexzactyl/node_modules/codemirror/theme/ayu-mirage.css
<s> [webpack.Progress] 69% building 2197/2218 modules 21 active /var/www/trexzactyl/node_modules/css-loader/dist/cjs.js??ref--7-1!/var/www/trexzactyl/node_modules/postcss-loader/dist/cjs.js??ref--7-2!/var/www/trexzactyl/node_modules/codemirror/theme/ayu-mirage.css
<s> [webpack.Progress] 69% building 2197/2219 modules 22 active /var/www/trexzactyl/node_modules/source-map-loader/dist/cjs.js!/var/www/trexzactyl/node_modules/codemirror/addon/fold/markdown-fold.js
<s> [webpack.Progress] 69% building 2198/2219 modules 21 active /var/www/trexzactyl/node_modules/source-map-loader/dist/cjs.js!/var/www/trexzactyl/node_modules/codemirror/addon/fold/markdown-fold.js
<s> [webpack.Progress] 69% building 2199/2219 modules 20 active /var/www/trexzactyl/node_modules/source-map-loader/dist/cjs.js!/var/www/trexzactyl/node_modules/codemirror/addon/fold/markdown-fold.js
<s> [webpack.Progress] 69% building 2200/2219 modules 19 active /var/www/trexzactyl/node_modules/source-map-loader/dist/cjs.js!/var/www/trexzactyl/node_modules/codemirror/addon/fold/markdown-fold.js
<s> [webpack.Progress] 69% building 2200/2220 modules 20 active /var/www/trexzactyl/node_modules/source-map-loader/dist/cjs.js!/var/www/trexzactyl/node_modules/codemirror/addon/fold/comment-fold.js
<s> [webpack.Progress] 69% building 2201/2220 modules 19 active /var/www/trexzactyl/node_modules/source-map-loader/dist/cjs.js!/var/www/trexzactyl/node_modules/codemirror/addon/fold/comment-fold.js
<s> [webpack.Progress] 69% building 2202/2220 modules 18 active /var/www/trexzactyl/node_modules/source-map-loader/dist/cjs.js!/var/www/trexzactyl/node_modules/codemirror/addon/fold/comment-fold.js
<s> [webpack.Progress] 69% building 2203/2220 modules 17 active /var/www/trexzactyl/node_modules/source-map-loader/dist/cjs.js!/var/www/trexzactyl/node_modules/codemirror/addon/fold/comment-fold.js
<s> [webpack.Progress] 69% building 2203/2221 modules 18 active /var/www/trexzactyl/node_modules/babel-loader/lib/index.js!/var/www/trexzactyl/resources/scripts/api/server/files/chmodFiles.ts
<s> [webpack.Progress] 69% building 2204/2221 modules 17 active /var/www/trexzactyl/node_modules/babel-loader/lib/index.js!/var/www/trexzactyl/resources/scripts/api/server/files/chmodFiles.ts
<s> [webpack.Progress] 69% building 2204/2222 modules 18 active /var/www/trexzactyl/node_modules/source-map-loader/dist/cjs.js!/var/www/trexzactyl/node_modules/codemirror/addon/fold/indent-fold.js
<s> [webpack.Progress] 69% building 2204/2223 modules 19 active /var/www/trexzactyl/node_modules/chart.js/dist/chart.mjs
<s> [webpack.Progress] 69% building 2204/2224 modules 20 active /var/www/trexzactyl/node_modules/source-map-loader/dist/cjs.js!/var/www/trexzactyl/node_modules/codemirror/addon/fold/brace-fold.js
<s> [webpack.Progress] 69% building 2204/2225 modules 21 active /var/www/trexzactyl/node_modules/source-map-loader/dist/cjs.js!/var/www/trexzactyl/node_modules/codemirror/addon/fold/foldgutter.js
<s> [webpack.Progress] 69% building 2205/2225 modules 20 active /var/www/trexzactyl/node_modules/source-map-loader/dist/cjs.js!/var/www/trexzactyl/node_modules/codemirror/addon/fold/foldgutter.js
<s> [webpack.Progress] 69% building 2206/2225 modules 19 active /var/www/trexzactyl/node_modules/source-map-loader/dist/cjs.js!/var/www/trexzactyl/node_modules/codemirror/addon/fold/foldgutter.js
<s> [webpack.Progress] 69% building 2206/2226 modules 20 active /var/www/trexzactyl/node_modules/source-map-loader/dist/cjs.js!/var/www/trexzactyl/node_modules/codemirror/addon/edit/matchbrackets.js
<s> [webpack.Progress] 69% building 2206/2227 modules 21 active /var/www/trexzactyl/node_modules/source-map-loader/dist/cjs.js!/var/www/trexzactyl/node_modules/codemirror/addon/edit/closebrackets.js
<s> [webpack.Progress] 69% building 2206/2228 modules 22 active /var/www/trexzactyl/node_modules/source-map-loader/dist/cjs.js!/var/www/trexzactyl/node_modules/codemirror/addon/edit/trailingspace.js
<s> [webpack.Progress] 69% building 2206/2229 modules 23 active /var/www/trexzactyl/node_modules/source-map-loader/dist/cjs.js!/var/www/trexzactyl/node_modules/codemirror/addon/hint/show-hint.js
<s> [webpack.Progress] 69% building 2206/2230 modules 24 active /var/www/trexzactyl/node_modules/deepmerge-ts/dist/node/index.mjs
<s> [webpack.Progress] 69% building 2206/2231 modules 25 active /var/www/trexzactyl/node_modules/source-map-loader/dist/cjs.js!/var/www/trexzactyl/node_modules/codemirror/addon/hint/html-hint.js
<s> [webpack.Progress] 69% building 2206/2232 modules 26 active /var/www/trexzactyl/node_modules/source-map-loader/dist/cjs.js!/var/www/trexzactyl/node_modules/codemirror/addon/edit/matchtags.js
<s> [webpack.Progress] 69% building 2206/2233 modules 27 active /var/www/trexzactyl/node_modules/source-map-loader/dist/cjs.js!/var/www/trexzactyl/node_modules/uuid/dist/esm-browser/index.js
<s> [webpack.Progress] 69% building 2207/2233 modules 26 active /var/www/trexzactyl/node_modules/source-map-loader/dist/cjs.js!/var/www/trexzactyl/node_modules/uuid/dist/esm-browser/index.js
<s> [webpack.Progress] 69% building 2207/2234 modules 27 active /var/www/trexzactyl/node_modules/source-map-loader/dist/cjs.js!/var/www/trexzactyl/node_modules/codemirror/addon/search/search.js
<s> [webpack.Progress] 69% building 2207/2235 modules 28 active /var/www/trexzactyl/node_modules/source-map-loader/dist/cjs.js!/var/www/trexzactyl/node_modules/codemirror/addon/dialog/dialog.js
<s> [webpack.Progress] 69% building 2207/2236 modules 29 active /var/www/trexzactyl/node_modules/source-map-loader/dist/cjs.js!/var/www/trexzactyl/node_modules/codemirror/addon/hint/xml-hint.js
<s> [webpack.Progress] 69% building 2207/2237 modules 30 active /var/www/trexzactyl/node_modules/source-map-loader/dist/cjs.js!/var/www/trexzactyl/node_modules/codemirror/addon/hint/sql-hint.js
<s> [webpack.Progress] 69% building 2208/2237 modules 29 active /var/www/trexzactyl/node_modules/source-map-loader/dist/cjs.js!/var/www/trexzactyl/node_modules/codemirror/addon/hint/sql-hint.js
<s> [webpack.Progress] 69% building 2209/2237 modules 28 active /var/www/trexzactyl/node_modules/source-map-loader/dist/cjs.js!/var/www/trexzactyl/node_modules/codemirror/addon/hint/sql-hint.js
<s> [webpack.Progress] 69% building 2209/2238 modules 29 active /var/www/trexzactyl/node_modules/babel-loader/lib/index.js!/var/www/trexzactyl/resources/scripts/api/server/backups/index.ts
<s> [webpack.Progress] 69% building 2210/2238 modules 28 active /var/www/trexzactyl/node_modules/babel-loader/lib/index.js!/var/www/trexzactyl/resources/scripts/api/server/backups/index.ts
<s> [webpack.Progress] 69% building 2210/2239 modules 29 active /var/www/trexzactyl/node_modules/source-map-loader/dist/cjs.js!/var/www/trexzactyl/node_modules/codemirror/addon/hint/css-hint.js
<s> [webpack.Progress] 69% building 2210/2240 modules 30 active /var/www/trexzactyl/node_modules/source-map-loader/dist/cjs.js!/var/www/trexzactyl/node_modules/use-fit-text/dist/index.js
<s> [webpack.Progress] 69% building 2210/2241 modules 31 active /var/www/trexzactyl/node_modules/source-map-loader/dist/cjs.js!/var/www/trexzactyl/node_modules/codemirror/addon/fold/xml-fold.js
<s> [webpack.Progress] 69% building 2210/2242 modules 32 active /var/www/trexzactyl/node_modules/source-map-loader/dist/cjs.js!/var/www/trexzactyl/node_modules/codemirror/addon/fold/foldcode.js
<s> [webpack.Progress] 69% building 2211/2242 modules 31 active /var/www/trexzactyl/node_modules/source-map-loader/dist/cjs.js!/var/www/trexzactyl/node_modules/codemirror/addon/fold/foldcode.js
<s> [webpack.Progress] 69% building 2212/2242 modules 30 active /var/www/trexzactyl/node_modules/source-map-loader/dist/cjs.js!/var/www/trexzactyl/node_modules/codemirror/addon/fold/foldcode.js
<s> [webpack.Progress] 69% building 2213/2242 modules 29 active /var/www/trexzactyl/node_modules/source-map-loader/dist/cjs.js!/var/www/trexzactyl/node_modules/codemirror/addon/fold/foldcode.js
<s> [webpack.Progress] 69% building 2214/2242 modules 28 active /var/www/trexzactyl/node_modules/source-map-loader/dist/cjs.js!/var/www/trexzactyl/node_modules/codemirror/addon/fold/foldcode.js
<s> [webpack.Progress] 69% building 2215/2242 modules 27 active /var/www/trexzactyl/node_modules/source-map-loader/dist/cjs.js!/var/www/trexzactyl/node_modules/codemirror/addon/fold/foldcode.js
<s> [webpack.Progress] 69% building 2216/2242 modules 26 active /var/www/trexzactyl/node_modules/source-map-loader/dist/cjs.js!/var/www/trexzactyl/node_modules/codemirror/addon/fold/foldcode.js
<s> [webpack.Progress] 69% building 2216/2243 modules 27 active /var/www/trexzactyl/node_modules/style-loader/dist/cjs.js!/var/www/trexzactyl/node_modules/css-loader/dist/cjs.js??ref--7-1!/var/www/trexzactyl/node_modules/postcss-loader/dist/cjs.js??ref--7-2!/var/www/trexzactyl/node_modules/codemirror/lib/codemirror.css
<s> [webpack.Progress] 69% building 2217/2243 modules 26 active /var/www/trexzactyl/node_modules/source-map-loader/dist/cjs.js!/var/www/trexzactyl/node_modules/codemirror/addon/fold/foldcode.js
<s> [webpack.Progress] 69% building 2217/2244 modules 27 active /var/www/trexzactyl/node_modules/css-loader/dist/cjs.js??ref--7-1!/var/www/trexzactyl/node_modules/postcss-loader/dist/cjs.js??ref--7-2!/var/www/trexzactyl/node_modules/codemirror/lib/codemirror.css
<s> [webpack.Progress] 69% building 2217/2245 modules 28 active /var/www/trexzactyl/node_modules/source-map-loader/dist/cjs.js!/var/www/trexzactyl/node_modules/codemirror/lib/codemirror.js
<s> [webpack.Progress] 69% building 2217/2246 modules 29 active /var/www/trexzactyl/node_modules/source-map-loader/dist/cjs.js!/var/www/trexzactyl/node_modules/codemirror/addon/mode/multiplex.js
<s> [webpack.Progress] 69% building 2217/2247 modules 30 active /var/www/trexzactyl/node_modules/source-map-loader/dist/cjs.js!/var/www/trexzactyl/node_modules/codemirror/addon/mode/overlay.js
<s> [webpack.Progress] 69% building 2218/2247 modules 29 active /var/www/trexzactyl/node_modules/source-map-loader/dist/cjs.js!/var/www/trexzactyl/node_modules/codemirror/addon/mode/overlay.js
<s> [webpack.Progress] 69% building 2218/2248 modules 30 active /var/www/trexzactyl/node_modules/source-map-loader/dist/cjs.js!/var/www/trexzactyl/node_modules/codemirror/addon/mode/simple.js
<s> [webpack.Progress] 69% building 2218/2249 modules 31 active /var/www/trexzactyl/node_modules/source-map-loader/dist/cjs.js!/var/www/trexzactyl/node_modules/codemirror/mode/stylus/stylus.js
<s> [webpack.Progress] 69% building 2218/2250 modules 32 active /var/www/trexzactyl/node_modules/source-map-loader/dist/cjs.js!/var/www/trexzactyl/node_modules/strip-ansi/index.js
<s> [webpack.Progress] 69% building 2219/2250 modules 31 active /var/www/trexzactyl/node_modules/source-map-loader/dist/cjs.js!/var/www/trexzactyl/node_modules/strip-ansi/index.js
<s> [webpack.Progress] 69% building 2220/2250 modules 30 active /var/www/trexzactyl/node_modules/source-map-loader/dist/cjs.js!/var/www/trexzactyl/node_modules/strip-ansi/index.js
<s> [webpack.Progress] 69% building 2221/2250 modules 29 active /var/www/trexzactyl/node_modules/source-map-loader/dist/cjs.js!/var/www/trexzactyl/node_modules/strip-ansi/index.js
<s> [webpack.Progress] 69% building 2222/2250 modules 28 active /var/www/trexzactyl/node_modules/source-map-loader/dist/cjs.js!/var/www/trexzactyl/node_modules/strip-ansi/index.js
<s> [webpack.Progress] 69% building 2222/2251 modules 29 active /var/www/trexzactyl/node_modules/source-map-loader/dist/cjs.js!/var/www/trexzactyl/node_modules/codemirror/mode/meta.js
<s> [webpack.Progress] 69% building 2223/2251 modules 28 active /var/www/trexzactyl/node_modules/source-map-loader/dist/cjs.js!/var/www/trexzactyl/node_modules/codemirror/mode/meta.js
<s> [webpack.Progress] 69% building 2224/2251 modules 27 active /var/www/trexzactyl/node_modules/source-map-loader/dist/cjs.js!/var/www/trexzactyl/node_modules/codemirror/mode/meta.js
<s> [webpack.Progress] 69% building 2225/2251 modules 26 active /var/www/trexzactyl/node_modules/source-map-loader/dist/cjs.js!/var/www/trexzactyl/node_modules/codemirror/mode/meta.js
<s> [webpack.Progress] 69% building 2225/2252 modules 27 active /var/www/trexzactyl/node_modules/source-map-loader/dist/cjs.js!/var/www/trexzactyl/node_modules/codemirror/mode/coffeescript/coffeescript.js
<s> [webpack.Progress] 69% building 2226/2252 modules 26 active /var/www/trexzactyl/node_modules/source-map-loader/dist/cjs.js!/var/www/trexzactyl/node_modules/codemirror/mode/coffeescript/coffeescript.js
<s> [webpack.Progress] 69% building 2226/2253 modules 27 active /var/www/trexzactyl/node_modules/source-map-loader/dist/cjs.js!/var/www/trexzactyl/node_modules/react/jsx-dev-runtime.js
<s> [webpack.Progress] 69% building 2227/2253 modules 26 active /var/www/trexzactyl/node_modules/source-map-loader/dist/cjs.js!/var/www/trexzactyl/node_modules/react/jsx-dev-runtime.js
<s> [webpack.Progress] 69% building 2228/2253 modules 25 active /var/www/trexzactyl/node_modules/source-map-loader/dist/cjs.js!/var/www/trexzactyl/node_modules/react/jsx-dev-runtime.js
<s> [webpack.Progress] 69% building 2229/2253 modules 24 active /var/www/trexzactyl/node_modules/source-map-loader/dist/cjs.js!/var/www/trexzactyl/node_modules/react/jsx-dev-runtime.js
<s> [webpack.Progress] 69% building 2229/2254 modules 25 active /var/www/trexzactyl/node_modules/source-map-loader/dist/cjs.js!/var/www/trexzactyl/node_modules/react/jsx-runtime.js
<s> [webpack.Progress] 69% building 2230/2254 modules 24 active /var/www/trexzactyl/node_modules/source-map-loader/dist/cjs.js!/var/www/trexzactyl/node_modules/react/jsx-runtime.js
<s> [webpack.Progress] 69% building 2230/2255 modules 25 active /var/www/trexzactyl/node_modules/babel-loader/lib/index.js!/var/www/trexzactyl/resources/scripts/components/elements/Checkbox.tsx
<s> [webpack.Progress] 69% building 2231/2255 modules 24 active /var/www/trexzactyl/node_modules/babel-loader/lib/index.js!/var/www/trexzactyl/resources/scripts/components/elements/Checkbox.tsx
<s> [webpack.Progress] 69% building 2232/2255 modules 23 active /var/www/trexzactyl/node_modules/babel-loader/lib/index.js!/var/www/trexzactyl/resources/scripts/components/elements/Checkbox.tsx
<s> [webpack.Progress] 69% building 2232/2256 modules 24 active /var/www/trexzactyl/node_modules/source-map-loader/dist/cjs.js!/var/www/trexzactyl/node_modules/uuid/dist/esm-browser/v1.js
<s> [webpack.Progress] 69% building 2232/2257 modules 25 active /var/www/trexzactyl/node_modules/source-map-loader/dist/cjs.js!/var/www/trexzactyl/node_modules/uuid/dist/esm-browser/v3.js
<s> [webpack.Progress] 69% building 2232/2258 modules 26 active /var/www/trexzactyl/node_modules/source-map-loader/dist/cjs.js!/var/www/trexzactyl/node_modules/uuid/dist/esm-browser/v4.js
<s> [webpack.Progress] 69% building 2232/2259 modules 27 active /var/www/trexzactyl/node_modules/source-map-loader/dist/cjs.js!/var/www/trexzactyl/node_modules/uuid/dist/esm-browser/nil.js
<s> [webpack.Progress] 69% building 2232/2260 modules 28 active /var/www/trexzactyl/node_modules/source-map-loader/dist/cjs.js!/var/www/trexzactyl/node_modules/uuid/dist/esm-browser/v5.js
<s> [webpack.Progress] 69% building 2232/2261 modules 29 active /var/www/trexzactyl/node_modules/source-map-loader/dist/cjs.js!/var/www/trexzactyl/node_modules/uuid/dist/esm-browser/version.js
<s> [webpack.Progress] 69% building 2232/2262 modules 30 active /var/www/trexzactyl/node_modules/source-map-loader/dist/cjs.js!/var/www/trexzactyl/node_modules/uuid/dist/esm-browser/stringify.js
<s> [webpack.Progress] 69% building 2232/2263 modules 31 active /var/www/trexzactyl/node_modules/source-map-loader/dist/cjs.js!/var/www/trexzactyl/node_modules/uuid/dist/esm-browser/validate.js
<s> [webpack.Progress] 69% building 2232/2264 modules 32 active /var/www/trexzactyl/node_modules/source-map-loader/dist/cjs.js!/var/www/trexzactyl/node_modules/uuid/dist/esm-browser/parse.js
<s> [webpack.Progress] 69% building 2233/2264 modules 31 active /var/www/trexzactyl/node_modules/source-map-loader/dist/cjs.js!/var/www/trexzactyl/node_modules/uuid/dist/esm-browser/parse.js
<s> [webpack.Progress] 69% building 2233/2265 modules 32 active /var/www/trexzactyl/node_modules/source-map-loader/dist/cjs.js!/var/www/trexzactyl/node_modules/codemirror/addon/edit/closetag.js
<s> [webpack.Progress] 69% building 2234/2265 modules 31 active /var/www/trexzactyl/node_modules/source-map-loader/dist/cjs.js!/var/www/trexzactyl/node_modules/codemirror/addon/edit/closetag.js
<s> [webpack.Progress] 69% building 2234/2266 modules 32 active /var/www/trexzactyl/node_modules/chart.js/dist/chunks/helpers.segment.mjs
<s> [webpack.Progress] 69% building 2235/2266 modules 31 active /var/www/trexzactyl/node_modules/chart.js/dist/chunks/helpers.segment.mjs
<s> [webpack.Progress] 69% building 2235/2267 modules 32 active /var/www/trexzactyl/node_modules/babel-loader/lib/index.js!/var/www/trexzactyl/resources/scripts/components/auth/LoginContainer.tsx
<s> [webpack.Progress] 69% building 2235/2268 modules 33 active /var/www/trexzactyl/node_modules/babel-loader/lib/index.js!/var/www/trexzactyl/resources/scripts/components/dashboard/DashboardContainer.tsx
<s> [webpack.Progress] 69% building 2235/2269 modules 34 active /var/www/trexzactyl/node_modules/babel-loader/lib/index.js!/var/www/trexzactyl/resources/scripts/components/dashboard/ReferralContainer.tsx
<s> [webpack.Progress] 69% building 2236/2269 modules 33 active /var/www/trexzactyl/node_modules/babel-loader/lib/index.js!/var/www/trexzactyl/resources/scripts/components/dashboard/ReferralContainer.tsx
<s> [webpack.Progress] 69% building 2237/2269 modules 32 active /var/www/trexzactyl/node_modules/babel-loader/lib/index.js!/var/www/trexzactyl/resources/scripts/components/dashboard/ReferralContainer.tsx
<s> [webpack.Progress] 69% building 2238/2269 modules 31 active /var/www/trexzactyl/node_modules/babel-loader/lib/index.js!/var/www/trexzactyl/resources/scripts/components/dashboard/ReferralContainer.tsx
<s> [webpack.Progress] 69% building 2239/2269 modules 30 active /var/www/trexzactyl/node_modules/babel-loader/lib/index.js!/var/www/trexzactyl/resources/scripts/components/dashboard/ReferralContainer.tsx
<s> [webpack.Progress] 69% building 2240/2269 modules 29 active /var/www/trexzactyl/node_modules/babel-loader/lib/index.js!/var/www/trexzactyl/resources/scripts/components/dashboard/ReferralContainer.tsx
<s> [webpack.Progress] 69% building 2241/2269 modules 28 active /var/www/trexzactyl/node_modules/babel-loader/lib/index.js!/var/www/trexzactyl/resources/scripts/components/dashboard/ReferralContainer.tsx
<s> [webpack.Progress] 69% building 2242/2269 modules 27 active /var/www/trexzactyl/node_modules/babel-loader/lib/index.js!/var/www/trexzactyl/resources/scripts/components/dashboard/ReferralContainer.tsx
<s> [webpack.Progress] 69% building 2243/2269 modules 26 active /var/www/trexzactyl/node_modules/babel-loader/lib/index.js!/var/www/trexzactyl/resources/scripts/components/dashboard/ReferralContainer.tsx
<s> [webpack.Progress] 69% building 2244/2269 modules 25 active /var/www/trexzactyl/node_modules/babel-loader/lib/index.js!/var/www/trexzactyl/resources/scripts/components/dashboard/ReferralContainer.tsx
<s> [webpack.Progress] 69% building 2244/2270 modules 26 active /var/www/trexzactyl/node_modules/source-map-loader/dist/cjs.js!/var/www/trexzactyl/node_modules/@babel/runtime/helpers/objectSpread2.js
<s> [webpack.Progress] 69% building 2244/2271 modules 27 active /var/www/trexzactyl/node_modules/source-map-loader/dist/cjs.js!/var/www/trexzactyl/node_modules/redux/es/redux.js
<s> [webpack.Progress] 69% building 2245/2271 modules 26 active /var/www/trexzactyl/node_modules/source-map-loader/dist/cjs.js!/var/www/trexzactyl/node_modules/redux/es/redux.js
<s> [webpack.Progress] 69% building 2245/2272 modules 27 active /var/www/trexzactyl/node_modules/source-map-loader/dist/cjs.js!/var/www/trexzactyl/node_modules/void-elements/index.js
<s> [webpack.Progress] 69% building 2246/2272 modules 26 active /var/www/trexzactyl/node_modules/source-map-loader/dist/cjs.js!/var/www/trexzactyl/node_modules/void-elements/index.js
<s> [webpack.Progress] 69% building 2246/2273 modules 27 active /var/www/trexzactyl/node_modules/source-map-loader/dist/cjs.js!/var/www/trexzactyl/node_modules/styled-components/node_modules/@emotion/memoize/dist/emotion-memoize.esm.js
<s> [webpack.Progress] 69% building 2247/2273 modules 26 active /var/www/trexzactyl/node_modules/source-map-loader/dist/cjs.js!/var/www/trexzactyl/node_modules/styled-components/node_modules/@emotion/memoize/dist/emotion-memoize.esm.js
<s> [webpack.Progress] 69% building 2248/2273 modules 25 active /var/www/trexzactyl/node_modules/source-map-loader/dist/cjs.js!/var/www/trexzactyl/node_modules/styled-components/node_modules/@emotion/memoize/dist/emotion-memoize.esm.js
<s> [webpack.Progress] 69% building 2249/2273 modules 24 active /var/www/trexzactyl/node_modules/source-map-loader/dist/cjs.js!/var/www/trexzactyl/node_modules/styled-components/node_modules/@emotion/memoize/dist/emotion-memoize.esm.js
<s> [webpack.Progress] 69% building 2250/2273 modules 23 active /var/www/trexzactyl/node_modules/source-map-loader/dist/cjs.js!/var/www/trexzactyl/node_modules/styled-components/node_modules/@emotion/memoize/dist/emotion-memoize.esm.js
<s> [webpack.Progress] 69% building 2251/2273 modules 22 active /var/www/trexzactyl/node_modules/source-map-loader/dist/cjs.js!/var/www/trexzactyl/node_modules/styled-components/node_modules/@emotion/memoize/dist/emotion-memoize.esm.js
<s> [webpack.Progress] 69% building 2252/2273 modules 21 active /var/www/trexzactyl/node_modules/source-map-loader/dist/cjs.js!/var/www/trexzactyl/node_modules/styled-components/node_modules/@emotion/memoize/dist/emotion-memoize.esm.js
<s> [webpack.Progress] 69% building 2253/2273 modules 20 active /var/www/trexzactyl/node_modules/source-map-loader/dist/cjs.js!/var/www/trexzactyl/node_modules/styled-components/node_modules/@emotion/memoize/dist/emotion-memoize.esm.js
<s> [webpack.Progress] 69% building 2254/2273 modules 19 active /var/www/trexzactyl/node_modules/source-map-loader/dist/cjs.js!/var/www/trexzactyl/node_modules/styled-components/node_modules/@emotion/memoize/dist/emotion-memoize.esm.js
<s> [webpack.Progress] 69% building 2255/2273 modules 18 active /var/www/trexzactyl/node_modules/source-map-loader/dist/cjs.js!/var/www/trexzactyl/node_modules/styled-components/node_modules/@emotion/memoize/dist/emotion-memoize.esm.js
<s> [webpack.Progress] 69% building 2256/2273 modules 17 active /var/www/trexzactyl/node_modules/source-map-loader/dist/cjs.js!/var/www/trexzactyl/node_modules/styled-components/node_modules/@emotion/memoize/dist/emotion-memoize.esm.js
<s> [webpack.Progress] 69% building 2256/2274 modules 18 active /var/www/trexzactyl/node_modules/source-map-loader/dist/cjs.js!/var/www/trexzactyl/node_modules/react/cjs/react-jsx-dev-runtime.development.js
<s> [webpack.Progress] 69% building 2256/2275 modules 19 active /var/www/trexzactyl/node_modules/source-map-loader/dist/cjs.js!/var/www/trexzactyl/node_modules/react/cjs/react-jsx-runtime.development.js
<s> [webpack.Progress] 69% building 2257/2275 modules 18 active /var/www/trexzactyl/node_modules/source-map-loader/dist/cjs.js!/var/www/trexzactyl/node_modules/react/cjs/react-jsx-runtime.development.js
<s> [webpack.Progress] 69% building 2257/2276 modules 19 active /var/www/trexzactyl/node_modules/source-map-loader/dist/cjs.js!/var/www/trexzactyl/node_modules/@preact/signals-core/dist/signals-core.module.js
<s> [webpack.Progress] 69% building 2258/2276 modules 18 active /var/www/trexzactyl/node_modules/source-map-loader/dist/cjs.js!/var/www/trexzactyl/node_modules/@preact/signals-core/dist/signals-core.module.js
<s> [webpack.Progress] 69% building 2259/2276 modules 17 active /var/www/trexzactyl/node_modules/source-map-loader/dist/cjs.js!/var/www/trexzactyl/node_modules/@preact/signals-core/dist/signals-core.module.js
<s> [webpack.Progress] 69% building 2260/2276 modules 16 active /var/www/trexzactyl/node_modules/source-map-loader/dist/cjs.js!/var/www/trexzactyl/node_modules/@preact/signals-core/dist/signals-core.module.js
<s> [webpack.Progress] 69% building 2260/2277 modules 17 active /var/www/trexzactyl/node_modules/source-map-loader/dist/cjs.js!/var/www/trexzactyl/node_modules/uuid/dist/esm-browser/rng.js
<s> [webpack.Progress] 69% building 2260/2278 modules 18 active /var/www/trexzactyl/node_modules/source-map-loader/dist/cjs.js!/var/www/trexzactyl/node_modules/uuid/dist/esm-browser/v35.js
<s> [webpack.Progress] 69% building 2260/2279 modules 19 active /var/www/trexzactyl/node_modules/source-map-loader/dist/cjs.js!/var/www/trexzactyl/node_modules/uuid/dist/esm-browser/md5.js
<s> [webpack.Progress] 69% building 2260/2280 modules 20 active /var/www/trexzactyl/node_modules/source-map-loader/dist/cjs.js!/var/www/trexzactyl/node_modules/uuid/dist/esm-browser/sha1.js
<s> [webpack.Progress] 69% building 2260/2281 modules 21 active /var/www/trexzactyl/node_modules/source-map-loader/dist/cjs.js!/var/www/trexzactyl/node_modules/uuid/dist/esm-browser/regex.js
<s> [webpack.Progress] 69% building 2261/2281 modules 20 active /var/www/trexzactyl/node_modules/source-map-loader/dist/cjs.js!/var/www/trexzactyl/node_modules/uuid/dist/esm-browser/regex.js
<s> [webpack.Progress] 69% building 2262/2281 modules 19 active /var/www/trexzactyl/node_modules/source-map-loader/dist/cjs.js!/var/www/trexzactyl/node_modules/uuid/dist/esm-browser/regex.js
<s> [webpack.Progress] 69% building 2263/2281 modules 18 active /var/www/trexzactyl/node_modules/source-map-loader/dist/cjs.js!/var/www/trexzactyl/node_modules/uuid/dist/esm-browser/regex.js
<s> [webpack.Progress] 69% building 2264/2281 modules 17 active /var/www/trexzactyl/node_modules/source-map-loader/dist/cjs.js!/var/www/trexzactyl/node_modules/uuid/dist/esm-browser/regex.js
<s> [webpack.Progress] 69% building 2265/2281 modules 16 active /var/www/trexzactyl/node_modules/source-map-loader/dist/cjs.js!/var/www/trexzactyl/node_modules/uuid/dist/esm-browser/regex.js
<s> [webpack.Progress] 69% building 2266/2281 modules 15 active /var/www/trexzactyl/node_modules/source-map-loader/dist/cjs.js!/var/www/trexzactyl/node_modules/uuid/dist/esm-browser/regex.js
<s> [webpack.Progress] 69% building 2266/2282 modules 16 active /var/www/trexzactyl/node_modules/babel-loader/lib/index.js!/var/www/trexzactyl/resources/scripts/api/account/deleteReferralCode.ts
<s> [webpack.Progress] 69% building 2266/2283 modules 17 active /var/www/trexzactyl/node_modules/babel-loader/lib/index.js!/var/www/trexzactyl/resources/scripts/api/account/createReferralCode.ts
<s> [webpack.Progress] 69% building 2266/2284 modules 18 active /var/www/trexzactyl/node_modules/babel-loader/lib/index.js!/var/www/trexzactyl/resources/scripts/api/account/getReferralActivity.ts
<s> [webpack.Progress] 69% building 2266/2285 modules 19 active /var/www/trexzactyl/node_modules/babel-loader/lib/index.js!/var/www/trexzactyl/resources/scripts/api/account/getReferralCodes.ts
<s> [webpack.Progress] 69% building 2266/2286 modules 20 active /var/www/trexzactyl/node_modules/babel-loader/lib/index.js!/var/www/trexzactyl/resources/scripts/components/dashboard/ServerRow.tsx
<s> [webpack.Progress] 69% building 2266/2287 modules 21 active /var/www/trexzactyl/node_modules/babel-loader/lib/index.js!/var/www/trexzactyl/resources/scripts/components/dashboard/OverviewStats.tsx
<s> [webpack.Progress] 69% building 2266/2288 modules 22 active /var/www/trexzactyl/node_modules/source-map-loader/dist/cjs.js!/var/www/trexzactyl/node_modules/redux-thunk/es/index.js
<s> [webpack.Progress] 69% building 2266/2289 modules 23 active /var/www/trexzactyl/node_modules/source-map-loader/dist/cjs.js!/var/www/trexzactyl/node_modules/immer/dist/immer.esm.js
<s> [webpack.Progress] 69% building 2267/2289 modules 22 active /var/www/trexzactyl/node_modules/source-map-loader/dist/cjs.js!/var/www/trexzactyl/node_modules/immer/dist/immer.esm.js
<s> [webpack.Progress] 69% building 2268/2289 modules 21 active /var/www/trexzactyl/node_modules/source-map-loader/dist/cjs.js!/var/www/trexzactyl/node_modules/immer/dist/immer.esm.js
<s> [webpack.Progress] 69% building 2269/2289 modules 20 active /var/www/trexzactyl/node_modules/source-map-loader/dist/cjs.js!/var/www/trexzactyl/node_modules/immer/dist/immer.esm.js
<s> [webpack.Progress] 69% building 2270/2289 modules 19 active /var/www/trexzactyl/node_modules/source-map-loader/dist/cjs.js!/var/www/trexzactyl/node_modules/immer/dist/immer.esm.js
<s> [webpack.Progress] 69% building 2271/2289 modules 18 active /var/www/trexzactyl/node_modules/source-map-loader/dist/cjs.js!/var/www/trexzactyl/node_modules/immer/dist/immer.esm.js
<s> [webpack.Progress] 69% building 2271/2290 modules 19 active /var/www/trexzactyl/node_modules/source-map-loader/dist/cjs.js!/var/www/trexzactyl/node_modules/@babel/runtime/helpers/esm/objectSpread2.js
<s> [webpack.Progress] 69% building 2272/2290 modules 18 active /var/www/trexzactyl/node_modules/source-map-loader/dist/cjs.js!/var/www/trexzactyl/node_modules/@babel/runtime/helpers/esm/objectSpread2.js
<s> [webpack.Progress] 69% building 2273/2290 modules 17 active /var/www/trexzactyl/node_modules/source-map-loader/dist/cjs.js!/var/www/trexzactyl/node_modules/@babel/runtime/helpers/esm/objectSpread2.js
<s> [webpack.Progress] 69% building 2274/2290 modules 16 active /var/www/trexzactyl/node_modules/source-map-loader/dist/cjs.js!/var/www/trexzactyl/node_modules/@babel/runtime/helpers/esm/objectSpread2.js
<s> [webpack.Progress] 69% building 2275/2290 modules 15 active /var/www/trexzactyl/node_modules/source-map-loader/dist/cjs.js!/var/www/trexzactyl/node_modules/@babel/runtime/helpers/esm/objectSpread2.js
<s> [webpack.Progress] 69% building 2275/2291 modules 16 active /var/www/trexzactyl/node_modules/source-map-loader/dist/cjs.js!/var/www/trexzactyl/node_modules/fast-deep-equal/es6/index.js
<s> [webpack.Progress] 69% building 2276/2291 modules 15 active /var/www/trexzactyl/node_modules/source-map-loader/dist/cjs.js!/var/www/trexzactyl/node_modules/fast-deep-equal/es6/index.js
<s> [webpack.Progress] 69% building 2277/2291 modules 14 active /var/www/trexzactyl/node_modules/source-map-loader/dist/cjs.js!/var/www/trexzactyl/node_modules/fast-deep-equal/es6/index.js
<s> [webpack.Progress] 69% building 2278/2291 modules 13 active /var/www/trexzactyl/node_modules/source-map-loader/dist/cjs.js!/var/www/trexzactyl/node_modules/fast-deep-equal/es6/index.js
<s> [webpack.Progress] 69% building 2279/2291 modules 12 active /var/www/trexzactyl/node_modules/source-map-loader/dist/cjs.js!/var/www/trexzactyl/node_modules/fast-deep-equal/es6/index.js
<s> [webpack.Progress] 69% building 2280/2291 modules 11 active /var/www/trexzactyl/node_modules/source-map-loader/dist/cjs.js!/var/www/trexzactyl/node_modules/fast-deep-equal/es6/index.js
<s> [webpack.Progress] 69% building 2280/2292 modules 12 active /var/www/trexzactyl/node_modules/source-map-loader/dist/cjs.js!/var/www/trexzactyl/node_modules/resize-observer-polyfill/dist/ResizeObserver.es.js
<s> [webpack.Progress] 69% building 2280/2293 modules 13 active /var/www/trexzactyl/node_modules/babel-loader/lib/index.js!/var/www/trexzactyl/resources/scripts/api/server/getServerResourceUsage.ts
<s> [webpack.Progress] 69% building 2280/2294 modules 14 active /var/www/trexzactyl/node_modules/babel-loader/lib/index.js!/var/www/trexzactyl/resources/scripts/api/account/getLatestActivity.ts
<s> [webpack.Progress] 69% building 2281/2294 modules 13 active /var/www/trexzactyl/node_modules/babel-loader/lib/index.js!/var/www/trexzactyl/resources/scripts/api/account/getLatestActivity.ts
<s> [webpack.Progress] 69% building 2281/2295 modules 14 active /var/www/trexzactyl/node_modules/source-map-loader/dist/cjs.js!/var/www/trexzactyl/node_modules/strip-ansi/node_modules/ansi-regex/index.js
<s> [webpack.Progress] 69% building 2282/2295 modules 13 active /var/www/trexzactyl/node_modules/source-map-loader/dist/cjs.js!/var/www/trexzactyl/node_modules/strip-ansi/node_modules/ansi-regex/index.js
<s> [webpack.Progress] 69% building 2283/2295 modules 12 active /var/www/trexzactyl/node_modules/source-map-loader/dist/cjs.js!/var/www/trexzactyl/node_modules/strip-ansi/node_modules/ansi-regex/index.js
<s> [webpack.Progress] 69% building 2284/2295 modules 11 active /var/www/trexzactyl/node_modules/source-map-loader/dist/cjs.js!/var/www/trexzactyl/node_modules/strip-ansi/node_modules/ansi-regex/index.js
<s> [webpack.Progress] 69% building 2285/2295 modules 10 active /var/www/trexzactyl/node_modules/source-map-loader/dist/cjs.js!/var/www/trexzactyl/node_modules/strip-ansi/node_modules/ansi-regex/index.js
<s> [webpack.Progress] 69% building 2286/2295 modules 9 active /var/www/trexzactyl/node_modules/css-loader/dist/cjs.js??ref--7-1!/var/www/trexzactyl/node_modules/postcss-loader/dist/cjs.js??ref--7-2!/var/www/trexzactyl/node_modules/codemirror/lib/codemirror.css
<s> [webpack.Progress] 69% building 2287/2295 modules 8 active /var/www/trexzactyl/node_modules/css-loader/dist/cjs.js??ref--7-1!/var/www/trexzactyl/node_modules/postcss-loader/dist/cjs.js??ref--7-2!/var/www/trexzactyl/node_modules/codemirror/lib/codemirror.css
<s> [webpack.Progress] 69% building 2288/2295 modules 7 active /var/www/trexzactyl/node_modules/css-loader/dist/cjs.js??ref--7-1!/var/www/trexzactyl/node_modules/postcss-loader/dist/cjs.js??ref--7-2!/var/www/trexzactyl/node_modules/codemirror/lib/codemirror.css
<s> [webpack.Progress] 69% building 2289/2295 modules 6 active /var/www/trexzactyl/node_modules/css-loader/dist/cjs.js??ref--7-1!/var/www/trexzactyl/node_modules/postcss-loader/dist/cjs.js??ref--7-2!/var/www/trexzactyl/node_modules/codemirror/lib/codemirror.css
<s> [webpack.Progress] 69% building 2290/2295 modules 5 active /var/www/trexzactyl/node_modules/css-loader/dist/cjs.js??ref--7-1!/var/www/trexzactyl/node_modules/postcss-loader/dist/cjs.js??ref--7-2!/var/www/trexzactyl/node_modules/codemirror/lib/codemirror.css
<s> [webpack.Progress] 69% building 2291/2295 modules 4 active /var/www/trexzactyl/node_modules/css-loader/dist/cjs.js??ref--7-1!/var/www/trexzactyl/node_modules/postcss-loader/dist/cjs.js??ref--7-2!/var/www/trexzactyl/node_modules/codemirror/lib/codemirror.css
<s> [webpack.Progress] 69% building 2292/2295 modules 3 active /var/www/trexzactyl/node_modules/css-loader/dist/cjs.js??ref--7-1!/var/www/trexzactyl/node_modules/postcss-loader/dist/cjs.js??ref--7-2!/var/www/trexzactyl/node_modules/codemirror/lib/codemirror.css
<s> [webpack.Progress] 69% building 2293/2295 modules 2 active /var/www/trexzactyl/node_modules/css-loader/dist/cjs.js??ref--7-1!/var/www/trexzactyl/node_modules/postcss-loader/dist/cjs.js??ref--7-2!/var/www/trexzactyl/node_modules/codemirror/addon/dialog/dialog.css
<s> [webpack.Progress] 69% building 2294/2295 modules 1 active /var/www/trexzactyl/node_modules/css-loader/dist/cjs.js??ref--7-1!/var/www/trexzactyl/node_modules/postcss-loader/dist/cjs.js??ref--7-2!/var/www/trexzactyl/node_modules/codemirror/addon/dialog/dialog.css
<s> [webpack.Progress] 70% building 2295/2295 modules 0 active 
<s> [webpack.Progress] 70% building 2295/2295 modules 0 active 
<s> [webpack.Progress] 70% finish module graph
<s> [webpack.Progress] 70% finish module graph FlagDependencyExportsPlugin
<s> [webpack.Progress] 70% sealing
<s> [webpack.Progress] 70% sealing WarnCaseSensitiveModulesPlugin
<s> [webpack.Progress] 72% basic dependencies optimization
<s> [webpack.Progress] 72% dependencies optimization
<s> [webpack.Progress] 72% dependencies optimization FlagDependencyUsagePlugin
<s> [webpack.Progress] 73% advanced dependencies optimization
<s> [webpack.Progress] 73% after dependencies optimization
<s> [webpack.Progress] 71% chunk graph
<s> [webpack.Progress] 71% after chunk graph
<s> [webpack.Progress] 71% after chunk graph WebAssemblyModulesPlugin
<s> [webpack.Progress] 74% optimizing
<s> [webpack.Progress] 74% basic module optimization
<s> [webpack.Progress] 75% module optimization
<s> [webpack.Progress] 75% advanced module optimization
<s> [webpack.Progress] 76% after module optimization
<s> [webpack.Progress] 76% basic chunk optimization
<s> [webpack.Progress] 76% basic chunk optimization EnsureChunkConditionsPlugin
<s> [webpack.Progress] 76% basic chunk optimization RemoveEmptyChunksPlugin
<s> [webpack.Progress] 76% basic chunk optimization MergeDuplicateChunksPlugin
<s> [webpack.Progress] 77% chunk optimization
<s> [webpack.Progress] 77% advanced chunk optimization
<s> [webpack.Progress] 77% advanced chunk optimization SplitChunksPlugin
<s> [webpack.Progress] 77% advanced chunk optimization RemoveEmptyChunksPlugin
<s> [webpack.Progress] 77% after chunk optimization
<s> [webpack.Progress] 78% module and chunk tree optimization
<s> [webpack.Progress] 78% after module and chunk tree optimization
<s> [webpack.Progress] 79% basic chunk modules optimization
<s> [webpack.Progress] 80% chunk modules optimization
<s> [webpack.Progress] 80% advanced chunk modules optimization
<s> [webpack.Progress] 81% after chunk modules optimization
<s> [webpack.Progress] 81% module reviving
<s> [webpack.Progress] 81% module reviving RecordIdsPlugin
<s> [webpack.Progress] 82% module order optimization
<s> [webpack.Progress] 82% advanced module order optimization
<s> [webpack.Progress] 83% before module ids
<s> [webpack.Progress] 83% before module ids NamedModulesPlugin
<s> [webpack.Progress] 83% module ids
<s> [webpack.Progress] 84% module id optimization
<s> [webpack.Progress] 84% module id optimization
<s> [webpack.Progress] 85% chunk reviving
<s> [webpack.Progress] 85% chunk reviving RecordIdsPlugin
<s> [webpack.Progress] 85% chunk order optimization
<s> [webpack.Progress] 85% chunk order optimization OccurrenceOrderChunkIdsPlugin
<s> [webpack.Progress] 86% before chunk ids
<s> [webpack.Progress] 86% before chunk ids NamedChunksPlugin
<s> [webpack.Progress] 86% chunk id optimization
<s> [webpack.Progress] 87% after chunk id optimization
<s> [webpack.Progress] 87% record modules
<s> [webpack.Progress] 87% record modules RecordIdsPlugin
<s> [webpack.Progress] 87% record chunks
<s> [webpack.Progress] 87% record chunks RecordIdsPlugin
<s> [webpack.Progress] 88% hashing
<s> [webpack.Progress] 88% after hashing
<s> [webpack.Progress] 89% record hash
<s> [webpack.Progress] 89% module assets processing
<s> [webpack.Progress] 90% chunk assets processing
<s> [webpack.Progress] 90% additional chunk assets processing
<s> [webpack.Progress] 91% recording
<s> [webpack.Progress] 92% additional asset processing
<s> [webpack.Progress] 92% chunk asset optimization
<s> [webpack.Progress] 93% after chunk asset optimization
<s> [webpack.Progress] 93% asset optimization
<s> [webpack.Progress] 94% after asset optimization
<s> [webpack.Progress] 94% after seal
<s> [webpack.Progress] 95% emitting
<s> [webpack.Progress] 95% emitting WebpackAssetsManifest
<s> [webpack.Progress] 98% after emitting
<s> [webpack.Progress] 98% after emitting WebpackAssetsManifest
<s> [webpack.Progress] 98% after emitting SizeLimitsPlugin
<s> [webpack.Progress] 100% 

Hash: 767ca5456b44551895a2
Version: webpack 4.47.0
Time: 34965ms
Built at: 01/29/2026 8:48:50 AM
             Asset      Size  Chunks                                Chunk Names
     0.767ca545.js  20.2 KiB       0  [emitted] [immutable]         
     1.767ca545.js  25.2 KiB       1  [emitted] [immutable]         
     2.767ca545.js  26.2 KiB       2  [emitted] [immutable]         
     3.767ca545.js  21.5 KiB       3  [emitted] [immutable]         
     4.767ca545.js  19.3 KiB       4  [emitted] [immutable]         
bundle.767ca545.js  28.4 MiB    main  [emitted] [immutable]  [big]  main
     manifest.json  45 bytes          [emitted]                     
Entrypoint main [big] = bundle.767ca545.js
[./node_modules/css-loader/dist/cjs.js?!./node_modules/postcss-loader/dist/cjs.js?!./resources/scripts/assets/tailwind.css] ./node_modules/css-loader/dist/cjs.js??ref--7-1!./node_modules/postcss-loader/dist/cjs.js??ref--7-2!./resources/scripts/assets/tailwind.css 101 KiB {main} [built]
[./node_modules/webpack/buildin/module.js] (webpack)/buildin/module.js 497 bytes {main} [built]
[./resources/scripts/api/account/earnCredits.ts] 183 bytes {main} [built]
[./resources/scripts/api/http.ts] 3.96 KiB {main} [built]
[./resources/scripts/api/interceptors.ts] 769 bytes {main} [built]
[./resources/scripts/assets/css/GlobalStylesheet.ts] 1.52 KiB {main} [built]
[./resources/scripts/assets/tailwind.css] 410 bytes {main} [built]
[./resources/scripts/i18n.ts] 1.08 KiB {main} [built]
[./resources/scripts/index.tsx] 270 bytes {main} [built]
[./resources/scripts/routers/AuthenticationRouter.tsx] 2.39 KiB {main} [built]
[./resources/scripts/routers/DashboardRouter.tsx] 6.52 KiB {main} [built]
[./resources/scripts/routers/IndexRouter.tsx] 3.19 KiB {main} [built]
[./resources/scripts/routers/ServerRouter.tsx] 18.7 KiB {main} [built]
[./resources/scripts/routers/StoreRouter.tsx] 3.25 KiB {main} [built]
[./resources/scripts/state/index.ts] 418 bytes {main} [built]
    + 2280 hidden modules

ERROR in ./resources/scripts/components/auth/LoginContainer.tsx
Module build failed (from ./node_modules/babel-loader/lib/index.js):
MacroError: /var/www/trexzactyl/resources/scripts/components/auth/LoginContainer.tsx: 

✕ shadow-blue-500/10 was not found

Try one of these classes:
shadow-sm ["0 1px 2px 0 rgba(0, 0, 0, 0.05)"] / shadow ["0 1px 3px 0 rgba(0, 0, 0, 0.1), 0 1px 2px 0 rgba(0, 0, 0, 0.06)"]
shadow-md ["0 4px 6px -1px rgba(0, 0, 0, 0.1), 0 2px 4px -1px rgba(0, 0, 0, 0.06)"]
shadow-lg ["0 10px 15px -3px rgba(0, 0, 0, 0.1), 0 4px 6px -2px rgba(0, 0, 0, 0.05)"]
shadow-xl ["0 20px 25px -5px rgba(0, 0, 0, 0.1), 0 10px 10px -5px rgba(0, 0, 0, 0.04)"]
shadow-2xl ["0 25px 50px -12px rgba(0, 0, 0, 0.25)"] / shadow-inner ["inset 0 2px 4px 0 rgba(0, 0, 0, 0.06)"]
shadow-none ["none"]

    at errorSuggestions (/var/www/trexzactyl/node_modules/twin.macro/macro.js:7338:13)
    at boxShadow (/var/www/trexzactyl/node_modules/twin.macro/macro.js:4678:12)
    at callPlugin (/var/www/trexzactyl/node_modules/twin.macro/macro.js:7371:10)
    at handleCorePlugins (/var/www/trexzactyl/node_modules/twin.macro/macro.js:7430:10)
    at Object.corePlugin (/var/www/trexzactyl/node_modules/twin.macro/macro.js:7790:40)
    at /var/www/trexzactyl/node_modules/twin.macro/macro.js:7816:32
    at Array.reduce (<anonymous>)
    at getStyleData (/var/www/trexzactyl/node_modules/twin.macro/macro.js:7715:24)
    at /var/www/trexzactyl/node_modules/twin.macro/macro.js:8002:15
    at Array.forEach (<anonymous>)
    at handleTwFunction (/var/www/trexzactyl/node_modules/twin.macro/macro.js:7963:27)
    at twinMacro (/var/www/trexzactyl/node_modules/twin.macro/macro.js:8486:5)
    at macroWrapper (/var/www/trexzactyl/node_modules/twin.macro/node_modules/babel-plugin-macros/dist/index.js:63:12)
    at applyMacros (/var/www/trexzactyl/node_modules/babel-plugin-macros/dist/index.js:226:14)
    at ImportDeclaration (/var/www/trexzactyl/node_modules/babel-plugin-macros/dist/index.js:110:28)
    at NodePath._call (/var/www/trexzactyl/node_modules/@babel/traverse/lib/path/context.js:49:20)
    at NodePath.call (/var/www/trexzactyl/node_modules/@babel/traverse/lib/path/context.js:39:18)
    at NodePath.visit (/var/www/trexzactyl/node_modules/@babel/traverse/lib/path/context.js:88:31)
    at TraversalContext.visitQueue (/var/www/trexzactyl/node_modules/@babel/traverse/lib/context.js:91:16)
    at TraversalContext.visitMultiple (/var/www/trexzactyl/node_modules/@babel/traverse/lib/context.js:62:17)
    at TraversalContext.visit (/var/www/trexzactyl/node_modules/@babel/traverse/lib/context.js:113:19)
    at traverseNode (/var/www/trexzactyl/node_modules/@babel/traverse/lib/traverse-node.js:131:17)
    at traverse (/var/www/trexzactyl/node_modules/@babel/traverse/lib/index.js:53:34)
    at NodePath.traverse (/var/www/trexzactyl/node_modules/@babel/traverse/lib/path/index.js:120:24)
    at PluginPass.Program (/var/www/trexzactyl/node_modules/babel-plugin-macros/dist/index.js:91:18)
    at newFn (/var/www/trexzactyl/node_modules/@babel/traverse/lib/visitors.js:170:14)
    at NodePath._call (/var/www/trexzactyl/node_modules/@babel/traverse/lib/path/context.js:49:20)
    at NodePath.call (/var/www/trexzactyl/node_modules/@babel/traverse/lib/path/context.js:39:18)
    at NodePath.visit (/var/www/trexzactyl/node_modules/@babel/traverse/lib/path/context.js:88:31)
    at TraversalContext.visitQueue (/var/www/trexzactyl/node_modules/@babel/traverse/lib/context.js:91:16)
    at TraversalContext.visitSingle (/var/www/trexzactyl/node_modules/@babel/traverse/lib/context.js:66:19)
    at TraversalContext.visit (/var/www/trexzactyl/node_modules/@babel/traverse/lib/context.js:115:19)
    at traverseNode (/var/www/trexzactyl/node_modules/@babel/traverse/lib/traverse-node.js:131:17)
    at traverse (/var/www/trexzactyl/node_modules/@babel/traverse/lib/index.js:53:34)
    at transformFile (/var/www/trexzactyl/node_modules/@babel/core/lib/transformation/index.js:80:31)
    at transformFile.next (<anonymous>)
    at run (/var/www/trexzactyl/node_modules/@babel/core/lib/transformation/index.js:25:12)
    at run.next (<anonymous>)
    at transform (/var/www/trexzactyl/node_modules/@babel/core/lib/transform.js:22:33)
    at transform.next (<anonymous>)
    at step (/var/www/trexzactyl/node_modules/gensync/index.js:261:32)
    at /var/www/trexzactyl/node_modules/gensync/index.js:273:13
    at async.call.result.err.err (/var/www/trexzactyl/node_modules/gensync/index.js:223:11)
 @ ./resources/scripts/routers/AuthenticationRouter.tsx 5:0-62 32:15-29
 @ ./resources/scripts/routers/IndexRouter.tsx
 @ ./resources/scripts/components/App.tsx
 @ ./resources/scripts/index.tsx
